--- Starting Multi-Seed Training for Seeds: [9018] ---

=======================================================
  Training Seed 9018 on Device: cuda
=======================================================
Seed 9018 | Epoch 05/1220 | Avg R: 0.0073 | Val Loss: 0.0018 | KL: 0.0059 | LinErr: 0.907 | YawErr: 0.691 | |A|: 0.114 | R>0: 77.19% | Done: 0.36% | Sigma: 0.373 | Steps: 819200 | Time: 65.1s
Seed 9018 | Epoch 10/1220 | Avg R: 0.0114 | Val Loss: 0.0011 | KL: 0.0069 | LinErr: 0.869 | YawErr: 0.629 | |A|: 0.116 | R>0: 96.06% | Done: 0.06% | Sigma: 0.368 | Steps: 1638400 | Time: 125.0s
Seed 9018 | Epoch 15/1220 | Avg R: 0.0136 | Val Loss: 0.0009 | KL: 0.0072 | LinErr: 0.845 | YawErr: 0.570 | |A|: 0.118 | R>0: 99.17% | Done: 0.01% | Sigma: 0.361 | Steps: 2457600 | Time: 184.6s
Seed 9018 | Epoch 20/1220 | Avg R: 0.0151 | Val Loss: 0.0008 | KL: 0.0084 | LinErr: 0.820 | YawErr: 0.520 | |A|: 0.121 | R>0: 99.64% | Done: 0.01% | Sigma: 0.353 | Steps: 3276800 | Time: 244.0s
Seed 9018 | Epoch 25/1220 | Avg R: 0.0160 | Val Loss: 0.0007 | KL: 0.0088 | LinErr: 0.802 | YawErr: 0.492 | |A|: 0.124 | R>0: 99.78% | Done: 0.00% | Sigma: 0.346 | Steps: 4096000 | Time: 304.3s
Seed 9018 | Epoch 30/1220 | Avg R: 0.0167 | Val Loss: 0.0007 | KL: 0.0098 | LinErr: 0.785 | YawErr: 0.475 | |A|: 0.129 | R>0: 99.87% | Done: 0.00% | Sigma: 0.339 | Steps: 4915200 | Time: 364.2s
Seed 9018 | Epoch 35/1220 | Avg R: 0.0174 | Val Loss: 0.0007 | KL: 0.0104 | LinErr: 0.767 | YawErr: 0.455 | |A|: 0.133 | R>0: 99.86% | Done: 0.00% | Sigma: 0.333 | Steps: 5734400 | Time: 424.2s
Seed 9018 | Epoch 40/1220 | Avg R: 0.0180 | Val Loss: 0.0006 | KL: 0.0111 | LinErr: 0.756 | YawErr: 0.445 | |A|: 0.139 | R>0: 99.88% | Done: 0.00% | Sigma: 0.327 | Steps: 6553600 | Time: 484.3s
Seed 9018 | Epoch 45/1220 | Avg R: 0.0183 | Val Loss: 0.0006 | KL: 0.0124 | LinErr: 0.756 | YawErr: 0.427 | |A|: 0.146 | R>0: 99.85% | Done: 0.00% | Sigma: 0.322 | Steps: 7372800 | Time: 544.4s
Seed 9018 | Epoch 50/1220 | Avg R: 0.0187 | Val Loss: 0.0006 | KL: 0.0124 | LinErr: 0.745 | YawErr: 0.419 | |A|: 0.153 | R>0: 99.84% | Done: 0.00% | Sigma: 0.318 | Steps: 8192000 | Time: 604.5s
Seed 9018 | Epoch 55/1220 | Avg R: 0.0156 | Val Loss: 0.0005 | KL: 0.0135 | LinErr: 0.861 | YawErr: 0.562 | |A|: 0.159 | R>0: 99.59% | Done: 0.00% | Sigma: 0.314 | Steps: 9011200 | Time: 664.6s
Seed 9018 | Epoch 60/1220 | Avg R: 0.0159 | Val Loss: 0.0005 | KL: 0.0154 | LinErr: 0.858 | YawErr: 0.553 | |A|: 0.173 | R>0: 99.50% | Done: 0.01% | Sigma: 0.310 | Steps: 9830400 | Time: 725.4s
Seed 9018 | Epoch 65/1220 | Avg R: 0.0166 | Val Loss: 0.0005 | KL: 0.0149 | LinErr: 0.838 | YawErr: 0.521 | |A|: 0.181 | R>0: 99.56% | Done: 0.00% | Sigma: 0.307 | Steps: 10649600 | Time: 785.9s
Seed 9018 | Epoch 70/1220 | Avg R: 0.0172 | Val Loss: 0.0006 | KL: 0.0166 | LinErr: 0.815 | YawErr: 0.512 | |A|: 0.186 | R>0: 99.51% | Done: 0.00% | Sigma: 0.304 | Steps: 11468800 | Time: 845.8s
Seed 9018 | Epoch 75/1220 | Avg R: 0.0178 | Val Loss: 0.0005 | KL: 0.0155 | LinErr: 0.798 | YawErr: 0.466 | |A|: 0.190 | R>0: 99.63% | Done: 0.00% | Sigma: 0.302 | Steps: 12288000 | Time: 906.2s
Seed 9018 | Epoch 80/1220 | Avg R: 0.0183 | Val Loss: 0.0006 | KL: 0.0146 | LinErr: 0.783 | YawErr: 0.450 | |A|: 0.193 | R>0: 99.57% | Done: 0.00% | Sigma: 0.300 | Steps: 13107200 | Time: 965.2s
Seed 9018 | Epoch 85/1220 | Avg R: 0.0187 | Val Loss: 0.0006 | KL: 0.0149 | LinErr: 0.767 | YawErr: 0.437 | |A|: 0.191 | R>0: 99.61% | Done: 0.00% | Sigma: 0.300 | Steps: 13926400 | Time: 1025.7s
Seed 9018 | Epoch 90/1220 | Avg R: 0.0192 | Val Loss: 0.0006 | KL: 0.0156 | LinErr: 0.755 | YawErr: 0.417 | |A|: 0.194 | R>0: 99.55% | Done: 0.00% | Sigma: 0.298 | Steps: 14745600 | Time: 1086.1s
Seed 9018 | Epoch 95/1220 | Avg R: 0.0192 | Val Loss: 0.0005 | KL: 0.0156 | LinErr: 0.755 | YawErr: 0.433 | |A|: 0.195 | R>0: 99.33% | Done: 0.00% | Sigma: 0.297 | Steps: 15564800 | Time: 1146.1s
Seed 9018 | Epoch 100/1220 | Avg R: 0.0195 | Val Loss: 0.0006 | KL: 0.0160 | LinErr: 0.742 | YawErr: 0.410 | |A|: 0.199 | R>0: 99.34% | Done: 0.00% | Sigma: 0.296 | Steps: 16384000 | Time: 1206.7s
Seed 9018 | Epoch 105/1220 | Avg R: 0.0160 | Val Loss: 0.0005 | KL: 0.0179 | LinErr: 0.859 | YawErr: 0.589 | |A|: 0.215 | R>0: 97.92% | Done: 0.01% | Sigma: 0.296 | Steps: 17203200 | Time: 1266.2s
Seed 9018 | Epoch 110/1220 | Avg R: 0.0163 | Val Loss: 0.0005 | KL: 0.0196 | LinErr: 0.857 | YawErr: 0.565 | |A|: 0.226 | R>0: 98.14% | Done: 0.01% | Sigma: 0.295 | Steps: 18022400 | Time: 1326.6s
Seed 9018 | Epoch 115/1220 | Avg R: 0.0170 | Val Loss: 0.0005 | KL: 0.0169 | LinErr: 0.836 | YawErr: 0.526 | |A|: 0.227 | R>0: 98.46% | Done: 0.00% | Sigma: 0.295 | Steps: 18841600 | Time: 1387.1s
Seed 9018 | Epoch 120/1220 | Avg R: 0.0174 | Val Loss: 0.0005 | KL: 0.0187 | LinErr: 0.813 | YawErr: 0.511 | |A|: 0.237 | R>0: 98.30% | Done: 0.00% | Sigma: 0.294 | Steps: 19660800 | Time: 1447.7s
Seed 9018 | Epoch 125/1220 | Avg R: 0.0180 | Val Loss: 0.0005 | KL: 0.0178 | LinErr: 0.796 | YawErr: 0.468 | |A|: 0.234 | R>0: 98.40% | Done: 0.00% | Sigma: 0.293 | Steps: 20480000 | Time: 1507.9s
Seed 9018 | Epoch 130/1220 | Avg R: 0.0184 | Val Loss: 0.0005 | KL: 0.0184 | LinErr: 0.780 | YawErr: 0.443 | |A|: 0.238 | R>0: 98.53% | Done: 0.00% | Sigma: 0.294 | Steps: 21299200 | Time: 1568.5s
Seed 9018 | Epoch 135/1220 | Avg R: 0.0188 | Val Loss: 0.0006 | KL: 0.0182 | LinErr: 0.765 | YawErr: 0.431 | |A|: 0.235 | R>0: 98.69% | Done: 0.00% | Sigma: 0.295 | Steps: 22118400 | Time: 1628.0s
Seed 9018 | Epoch 140/1220 | Avg R: 0.0192 | Val Loss: 0.0006 | KL: 0.0164 | LinErr: 0.752 | YawErr: 0.399 | |A|: 0.237 | R>0: 98.70% | Done: 0.00% | Sigma: 0.296 | Steps: 22937600 | Time: 1685.5s
Seed 9018 | Epoch 145/1220 | Avg R: 0.0192 | Val Loss: 0.0005 | KL: 0.0184 | LinErr: 0.751 | YawErr: 0.392 | |A|: 0.239 | R>0: 98.58% | Done: 0.00% | Sigma: 0.296 | Steps: 23756800 | Time: 1746.0s
Seed 9018 | Epoch 150/1220 | Avg R: 0.0194 | Val Loss: 0.0005 | KL: 0.0181 | LinErr: 0.739 | YawErr: 0.407 | |A|: 0.236 | R>0: 98.46% | Done: 0.00% | Sigma: 0.296 | Steps: 24576000 | Time: 1805.1s
Seed 9018 | Epoch 155/1220 | Avg R: 0.0163 | Val Loss: 0.0005 | KL: 0.0197 | LinErr: 0.854 | YawErr: 0.495 | |A|: 0.266 | R>0: 97.03% | Done: 0.00% | Sigma: 0.296 | Steps: 25395200 | Time: 1864.6s
Seed 9018 | Epoch 160/1220 | Avg R: 0.0164 | Val Loss: 0.0005 | KL: 0.0208 | LinErr: 0.852 | YawErr: 0.520 | |A|: 0.266 | R>0: 97.09% | Done: 0.01% | Sigma: 0.297 | Steps: 26214400 | Time: 1923.7s
Seed 9018 | Epoch 165/1220 | Avg R: 0.0168 | Val Loss: 0.0005 | KL: 0.0203 | LinErr: 0.836 | YawErr: 0.511 | |A|: 0.272 | R>0: 97.29% | Done: 0.01% | Sigma: 0.299 | Steps: 27033600 | Time: 1982.2s
Seed 9018 | Epoch 170/1220 | Avg R: 0.0175 | Val Loss: 0.0005 | KL: 0.0208 | LinErr: 0.814 | YawErr: 0.466 | |A|: 0.270 | R>0: 97.67% | Done: 0.01% | Sigma: 0.299 | Steps: 27852800 | Time: 2042.6s
Seed 9018 | Epoch 175/1220 | Avg R: 0.0180 | Val Loss: 0.0004 | KL: 0.0187 | LinErr: 0.792 | YawErr: 0.447 | |A|: 0.271 | R>0: 97.91% | Done: 0.00% | Sigma: 0.301 | Steps: 28672000 | Time: 2102.7s
Seed 9018 | Epoch 180/1220 | Avg R: 0.0181 | Val Loss: 0.0005 | KL: 0.0199 | LinErr: 0.779 | YawErr: 0.447 | |A|: 0.269 | R>0: 97.71% | Done: 0.00% | Sigma: 0.302 | Steps: 29491200 | Time: 2163.0s
Seed 9018 | Epoch 185/1220 | Avg R: 0.0184 | Val Loss: 0.0005 | KL: 0.0217 | LinErr: 0.763 | YawErr: 0.425 | |A|: 0.266 | R>0: 97.60% | Done: 0.01% | Sigma: 0.303 | Steps: 30310400 | Time: 2222.6s
Seed 9018 | Epoch 190/1220 | Avg R: 0.0186 | Val Loss: 0.0005 | KL: 0.0201 | LinErr: 0.751 | YawErr: 0.409 | |A|: 0.268 | R>0: 97.35% | Done: 0.01% | Sigma: 0.305 | Steps: 31129600 | Time: 2282.2s
Seed 9018 | Epoch 195/1220 | Avg R: 0.0187 | Val Loss: 0.0005 | KL: 0.0195 | LinErr: 0.752 | YawErr: 0.381 | |A|: 0.269 | R>0: 97.54% | Done: 0.01% | Sigma: 0.306 | Steps: 31948800 | Time: 2339.4s
Seed 9018 | Epoch 200/1220 | Avg R: 0.0189 | Val Loss: 0.0005 | KL: 0.0215 | LinErr: 0.745 | YawErr: 0.394 | |A|: 0.263 | R>0: 97.70% | Done: 0.01% | Sigma: 0.306 | Steps: 32768000 | Time: 2399.6s
Seed 9018 | Epoch 205/1220 | Avg R: 0.0167 | Val Loss: 0.0004 | KL: 0.0201 | LinErr: 0.848 | YawErr: 0.398 | |A|: 0.289 | R>0: 97.36% | Done: 0.00% | Sigma: 0.307 | Steps: 33587200 | Time: 2459.6s
Seed 9018 | Epoch 210/1220 | Avg R: 0.0163 | Val Loss: 0.0005 | KL: 0.0215 | LinErr: 0.843 | YawErr: 0.498 | |A|: 0.294 | R>0: 96.23% | Done: 0.01% | Sigma: 0.308 | Steps: 34406400 | Time: 2517.8s
Seed 9018 | Epoch 215/1220 | Avg R: 0.0167 | Val Loss: 0.0005 | KL: 0.0210 | LinErr: 0.829 | YawErr: 0.491 | |A|: 0.296 | R>0: 96.12% | Done: 0.01% | Sigma: 0.309 | Steps: 35225600 | Time: 2576.0s
Seed 9018 | Epoch 220/1220 | Avg R: 0.0173 | Val Loss: 0.0005 | KL: 0.0208 | LinErr: 0.805 | YawErr: 0.456 | |A|: 0.294 | R>0: 96.45% | Done: 0.01% | Sigma: 0.310 | Steps: 36044800 | Time: 2634.2s
Seed 9018 | Epoch 225/1220 | Avg R: 0.0177 | Val Loss: 0.0004 | KL: 0.0213 | LinErr: 0.788 | YawErr: 0.432 | |A|: 0.296 | R>0: 96.94% | Done: 0.01% | Sigma: 0.311 | Steps: 36864000 | Time: 2693.6s
Seed 9018 | Epoch 230/1220 | Avg R: 0.0181 | Val Loss: 0.0005 | KL: 0.0206 | LinErr: 0.773 | YawErr: 0.430 | |A|: 0.292 | R>0: 97.07% | Done: 0.00% | Sigma: 0.312 | Steps: 37683200 | Time: 2752.5s
Seed 9018 | Epoch 235/1220 | Avg R: 0.0185 | Val Loss: 0.0005 | KL: 0.0196 | LinErr: 0.758 | YawErr: 0.379 | |A|: 0.289 | R>0: 97.24% | Done: 0.01% | Sigma: 0.314 | Steps: 38502400 | Time: 2811.9s
Seed 9018 | Epoch 240/1220 | Avg R: 0.0188 | Val Loss: 0.0005 | KL: 0.0206 | LinErr: 0.749 | YawErr: 0.376 | |A|: 0.286 | R>0: 97.20% | Done: 0.00% | Sigma: 0.316 | Steps: 39321600 | Time: 2871.3s
Seed 9018 | Epoch 245/1220 | Avg R: 0.0189 | Val Loss: 0.0005 | KL: 0.0213 | LinErr: 0.744 | YawErr: 0.343 | |A|: 0.296 | R>0: 97.34% | Done: 0.00% | Sigma: 0.317 | Steps: 40140800 | Time: 2929.2s
Seed 9018 | Epoch 250/1220 | Avg R: 0.0189 | Val Loss: 0.0005 | KL: 0.0221 | LinErr: 0.743 | YawErr: 0.352 | |A|: 0.298 | R>0: 97.16% | Done: 0.01% | Sigma: 0.318 | Steps: 40960000 | Time: 2986.9s
Seed 9018 | Epoch 255/1220 | Avg R: 0.0167 | Val Loss: 0.0004 | KL: 0.0196 | LinErr: 0.844 | YawErr: 0.368 | |A|: 0.322 | R>0: 96.60% | Done: 0.01% | Sigma: 0.318 | Steps: 41779200 | Time: 3044.1s
Seed 9018 | Epoch 260/1220 | Avg R: 0.0164 | Val Loss: 0.0005 | KL: 0.0195 | LinErr: 0.837 | YawErr: 0.458 | |A|: 0.323 | R>0: 95.37% | Done: 0.01% | Sigma: 0.320 | Steps: 42598400 | Time: 3099.4s
Seed 9018 | Epoch 265/1220 | Avg R: 0.0169 | Val Loss: 0.0004 | KL: 0.0216 | LinErr: 0.823 | YawErr: 0.417 | |A|: 0.318 | R>0: 95.75% | Done: 0.01% | Sigma: 0.321 | Steps: 43417600 | Time: 3156.0s
Seed 9018 | Epoch 270/1220 | Avg R: 0.0173 | Val Loss: 0.0005 | KL: 0.0184 | LinErr: 0.801 | YawErr: 0.407 | |A|: 0.316 | R>0: 95.87% | Done: 0.00% | Sigma: 0.322 | Steps: 44236800 | Time: 3214.4s
Seed 9018 | Epoch 275/1220 | Avg R: 0.0178 | Val Loss: 0.0004 | KL: 0.0212 | LinErr: 0.783 | YawErr: 0.383 | |A|: 0.315 | R>0: 96.51% | Done: 0.00% | Sigma: 0.323 | Steps: 45056000 | Time: 3272.8s
Seed 9018 | Epoch 280/1220 | Avg R: 0.0180 | Val Loss: 0.0005 | KL: 0.0185 | LinErr: 0.771 | YawErr: 0.370 | |A|: 0.311 | R>0: 96.64% | Done: 0.00% | Sigma: 0.324 | Steps: 45875200 | Time: 3330.4s
Seed 9018 | Epoch 285/1220 | Avg R: 0.0185 | Val Loss: 0.0005 | KL: 0.0189 | LinErr: 0.754 | YawErr: 0.340 | |A|: 0.316 | R>0: 96.82% | Done: 0.00% | Sigma: 0.324 | Steps: 46694400 | Time: 3387.3s
Seed 9018 | Epoch 290/1220 | Avg R: 0.0186 | Val Loss: 0.0005 | KL: 0.0180 | LinErr: 0.744 | YawErr: 0.339 | |A|: 0.322 | R>0: 96.77% | Done: 0.00% | Sigma: 0.325 | Steps: 47513600 | Time: 3442.0s
Seed 9018 | Epoch 295/1220 | Avg R: 0.0186 | Val Loss: 0.0005 | KL: 0.0168 | LinErr: 0.746 | YawErr: 0.315 | |A|: 0.327 | R>0: 96.95% | Done: 0.01% | Sigma: 0.328 | Steps: 48332800 | Time: 3500.1s
Seed 9018 | Epoch 300/1220 | Avg R: 0.0188 | Val Loss: 0.0006 | KL: 0.0206 | LinErr: 0.741 | YawErr: 0.313 | |A|: 0.330 | R>0: 97.04% | Done: 0.01% | Sigma: 0.328 | Steps: 49152000 | Time: 3556.1s
Seed 9018 | Epoch 305/1220 | Avg R: 0.0167 | Val Loss: 0.0004 | KL: 0.0217 | LinErr: 0.837 | YawErr: 0.312 | |A|: 0.355 | R>0: 96.37% | Done: 0.01% | Sigma: 0.330 | Steps: 49971200 | Time: 3614.1s
Seed 9018 | Epoch 310/1220 | Avg R: 0.0163 | Val Loss: 0.0005 | KL: 0.0163 | LinErr: 0.836 | YawErr: 0.387 | |A|: 0.353 | R>0: 95.23% | Done: 0.01% | Sigma: 0.331 | Steps: 50790400 | Time: 3670.6s
Seed 9018 | Epoch 315/1220 | Avg R: 0.0169 | Val Loss: 0.0005 | KL: 0.0195 | LinErr: 0.819 | YawErr: 0.376 | |A|: 0.352 | R>0: 95.27% | Done: 0.00% | Sigma: 0.333 | Steps: 51609600 | Time: 3726.4s
Seed 9018 | Epoch 320/1220 | Avg R: 0.0173 | Val Loss: 0.0005 | KL: 0.0230 | LinErr: 0.800 | YawErr: 0.364 | |A|: 0.351 | R>0: 95.73% | Done: 0.01% | Sigma: 0.335 | Steps: 52428800 | Time: 3785.7s
Seed 9018 | Epoch 325/1220 | Avg R: 0.0177 | Val Loss: 0.0004 | KL: 0.0159 | LinErr: 0.784 | YawErr: 0.336 | |A|: 0.352 | R>0: 95.94% | Done: 0.00% | Sigma: 0.336 | Steps: 53248000 | Time: 3842.7s
Seed 9018 | Epoch 330/1220 | Avg R: 0.0181 | Val Loss: 0.0005 | KL: 0.0221 | LinErr: 0.766 | YawErr: 0.329 | |A|: 0.350 | R>0: 96.38% | Done: 0.00% | Sigma: 0.338 | Steps: 54067200 | Time: 3903.2s
Seed 9018 | Epoch 335/1220 | Avg R: 0.0185 | Val Loss: 0.0005 | KL: 0.0194 | LinErr: 0.754 | YawErr: 0.294 | |A|: 0.349 | R>0: 96.88% | Done: 0.00% | Sigma: 0.340 | Steps: 54886400 | Time: 3960.0s
Seed 9018 | Epoch 340/1220 | Avg R: 0.0186 | Val Loss: 0.0005 | KL: 0.0216 | LinErr: 0.748 | YawErr: 0.300 | |A|: 0.343 | R>0: 96.67% | Done: 0.00% | Sigma: 0.341 | Steps: 55705600 | Time: 4016.9s
Seed 9018 | Epoch 345/1220 | Avg R: 0.0187 | Val Loss: 0.0005 | KL: 0.0175 | LinErr: 0.747 | YawErr: 0.276 | |A|: 0.349 | R>0: 97.12% | Done: 0.01% | Sigma: 0.342 | Steps: 56524800 | Time: 4075.2s
Seed 9018 | Epoch 350/1220 | Avg R: 0.0188 | Val Loss: 0.0005 | KL: 0.0229 | LinErr: 0.742 | YawErr: 0.270 | |A|: 0.346 | R>0: 96.79% | Done: 0.01% | Sigma: 0.344 | Steps: 57344000 | Time: 4133.7s
Seed 9018 | Epoch 355/1220 | Avg R: 0.0167 | Val Loss: 0.0004 | KL: 0.0178 | LinErr: 0.841 | YawErr: 0.297 | |A|: 0.367 | R>0: 95.91% | Done: 0.00% | Sigma: 0.345 | Steps: 58163200 | Time: 4190.1s
Seed 9018 | Epoch 360/1220 | Avg R: 0.0165 | Val Loss: 0.0005 | KL: 0.0187 | LinErr: 0.840 | YawErr: 0.327 | |A|: 0.371 | R>0: 94.80% | Done: 0.00% | Sigma: 0.346 | Steps: 58982400 | Time: 4245.6s
Seed 9018 | Epoch 365/1220 | Avg R: 0.0169 | Val Loss: 0.0005 | KL: 0.0210 | LinErr: 0.815 | YawErr: 0.333 | |A|: 0.367 | R>0: 95.22% | Done: 0.00% | Sigma: 0.348 | Steps: 59801600 | Time: 4303.5s
Seed 9018 | Epoch 370/1220 | Avg R: 0.0174 | Val Loss: 0.0005 | KL: 0.0227 | LinErr: 0.797 | YawErr: 0.313 | |A|: 0.363 | R>0: 95.77% | Done: 0.00% | Sigma: 0.349 | Steps: 60620800 | Time: 4361.5s
Seed 9018 | Epoch 375/1220 | Avg R: 0.0179 | Val Loss: 0.0004 | KL: 0.0212 | LinErr: 0.777 | YawErr: 0.290 | |A|: 0.360 | R>0: 96.19% | Done: 0.00% | Sigma: 0.350 | Steps: 61440000 | Time: 4421.8s
Seed 9018 | Epoch 380/1220 | Avg R: 0.0182 | Val Loss: 0.0005 | KL: 0.0224 | LinErr: 0.763 | YawErr: 0.271 | |A|: 0.363 | R>0: 96.33% | Done: 0.01% | Sigma: 0.353 | Steps: 62259200 | Time: 4481.3s
Seed 9018 | Epoch 385/1220 | Avg R: 0.0186 | Val Loss: 0.0005 | KL: 0.0222 | LinErr: 0.746 | YawErr: 0.252 | |A|: 0.360 | R>0: 96.75% | Done: 0.00% | Sigma: 0.355 | Steps: 63078400 | Time: 4537.8s
Seed 9018 | Epoch 390/1220 | Avg R: 0.0187 | Val Loss: 0.0005 | KL: 0.0191 | LinErr: 0.746 | YawErr: 0.252 | |A|: 0.355 | R>0: 96.69% | Done: 0.01% | Sigma: 0.356 | Steps: 63897600 | Time: 4593.4s
Seed 9018 | Epoch 395/1220 | Avg R: 0.0189 | Val Loss: 0.0004 | KL: 0.0215 | LinErr: 0.744 | YawErr: 0.249 | |A|: 0.358 | R>0: 96.99% | Done: 0.00% | Sigma: 0.356 | Steps: 64716800 | Time: 4651.2s
Seed 9018 | Epoch 400/1220 | Avg R: 0.0189 | Val Loss: 0.0005 | KL: 0.0205 | LinErr: 0.738 | YawErr: 0.249 | |A|: 0.356 | R>0: 97.17% | Done: 0.01% | Sigma: 0.357 | Steps: 65536000 | Time: 4707.2s
Seed 9018 | Epoch 405/1220 | Avg R: 0.0168 | Val Loss: 0.0004 | KL: 0.0198 | LinErr: 0.837 | YawErr: 0.244 | |A|: 0.372 | R>0: 96.65% | Done: 0.00% | Sigma: 0.358 | Steps: 66355200 | Time: 4764.1s
Seed 9018 | Epoch 410/1220 | Avg R: 0.0166 | Val Loss: 0.0005 | KL: 0.0201 | LinErr: 0.834 | YawErr: 0.274 | |A|: 0.377 | R>0: 95.68% | Done: 0.01% | Sigma: 0.359 | Steps: 67174400 | Time: 4819.6s
Seed 9018 | Epoch 415/1220 | Avg R: 0.0170 | Val Loss: 0.0005 | KL: 0.0220 | LinErr: 0.817 | YawErr: 0.272 | |A|: 0.373 | R>0: 95.62% | Done: 0.01% | Sigma: 0.361 | Steps: 67993600 | Time: 4877.4s
Seed 9018 | Epoch 420/1220 | Avg R: 0.0176 | Val Loss: 0.0005 | KL: 0.0226 | LinErr: 0.792 | YawErr: 0.252 | |A|: 0.375 | R>0: 96.23% | Done: 0.00% | Sigma: 0.363 | Steps: 68812800 | Time: 4934.5s
Seed 9018 | Epoch 425/1220 | Avg R: 0.0180 | Val Loss: 0.0004 | KL: 0.0213 | LinErr: 0.778 | YawErr: 0.249 | |A|: 0.372 | R>0: 96.42% | Done: 0.00% | Sigma: 0.365 | Steps: 69632000 | Time: 4993.2s
Seed 9018 | Epoch 430/1220 | Avg R: 0.0183 | Val Loss: 0.0005 | KL: 0.0181 | LinErr: 0.761 | YawErr: 0.234 | |A|: 0.366 | R>0: 96.83% | Done: 0.00% | Sigma: 0.365 | Steps: 70451200 | Time: 5048.8s
Seed 9018 | Epoch 435/1220 | Avg R: 0.0186 | Val Loss: 0.0005 | KL: 0.0217 | LinErr: 0.748 | YawErr: 0.227 | |A|: 0.366 | R>0: 97.07% | Done: 0.00% | Sigma: 0.368 | Steps: 71270400 | Time: 5108.6s
Seed 9018 | Epoch 440/1220 | Avg R: 0.0188 | Val Loss: 0.0005 | KL: 0.0184 | LinErr: 0.743 | YawErr: 0.228 | |A|: 0.364 | R>0: 97.06% | Done: 0.01% | Sigma: 0.370 | Steps: 72089600 | Time: 5164.6s
Seed 9018 | Epoch 445/1220 | Avg R: 0.0188 | Val Loss: 0.0004 | KL: 0.0210 | LinErr: 0.745 | YawErr: 0.220 | |A|: 0.364 | R>0: 97.01% | Done: 0.01% | Sigma: 0.371 | Steps: 72908800 | Time: 5222.5s
Seed 9018 | Epoch 450/1220 | Avg R: 0.0189 | Val Loss: 0.0005 | KL: 0.0220 | LinErr: 0.741 | YawErr: 0.223 | |A|: 0.361 | R>0: 96.96% | Done: 0.00% | Sigma: 0.372 | Steps: 73728000 | Time: 5280.2s
Seed 9018 | Epoch 455/1220 | Avg R: 0.0169 | Val Loss: 0.0004 | KL: 0.0201 | LinErr: 0.834 | YawErr: 0.232 | |A|: 0.384 | R>0: 96.10% | Done: 0.00% | Sigma: 0.373 | Steps: 74547200 | Time: 5336.8s
Seed 9018 | Epoch 460/1220 | Avg R: 0.0169 | Val Loss: 0.0005 | KL: 0.0197 | LinErr: 0.829 | YawErr: 0.238 | |A|: 0.386 | R>0: 95.52% | Done: 0.00% | Sigma: 0.374 | Steps: 75366400 | Time: 5393.1s
Seed 9018 | Epoch 465/1220 | Avg R: 0.0173 | Val Loss: 0.0005 | KL: 0.0221 | LinErr: 0.810 | YawErr: 0.239 | |A|: 0.381 | R>0: 95.79% | Done: 0.01% | Sigma: 0.377 | Steps: 76185600 | Time: 5451.2s
Seed 9018 | Epoch 470/1220 | Avg R: 0.0178 | Val Loss: 0.0005 | KL: 0.0216 | LinErr: 0.789 | YawErr: 0.229 | |A|: 0.380 | R>0: 96.25% | Done: 0.01% | Sigma: 0.379 | Steps: 77004800 | Time: 5510.8s
Seed 9018 | Epoch 475/1220 | Avg R: 0.0182 | Val Loss: 0.0004 | KL: 0.0221 | LinErr: 0.773 | YawErr: 0.224 | |A|: 0.376 | R>0: 96.43% | Done: 0.01% | Sigma: 0.381 | Steps: 77824000 | Time: 5571.1s
Seed 9018 | Epoch 480/1220 | Avg R: 0.0184 | Val Loss: 0.0005 | KL: 0.0190 | LinErr: 0.757 | YawErr: 0.218 | |A|: 0.375 | R>0: 96.53% | Done: 0.01% | Sigma: 0.384 | Steps: 78643200 | Time: 5628.2s
Seed 9018 | Epoch 485/1220 | Avg R: 0.0187 | Val Loss: 0.0005 | KL: 0.0164 | LinErr: 0.747 | YawErr: 0.204 | |A|: 0.369 | R>0: 97.00% | Done: 0.01% | Sigma: 0.385 | Steps: 79462400 | Time: 5686.3s
Seed 9018 | Epoch 490/1220 | Avg R: 0.0188 | Val Loss: 0.0005 | KL: 0.0204 | LinErr: 0.744 | YawErr: 0.202 | |A|: 0.368 | R>0: 97.02% | Done: 0.00% | Sigma: 0.386 | Steps: 80281600 | Time: 5741.7s
Seed 9018 | Epoch 495/1220 | Avg R: 0.0190 | Val Loss: 0.0004 | KL: 0.0213 | LinErr: 0.746 | YawErr: 0.197 | |A|: 0.370 | R>0: 97.31% | Done: 0.00% | Sigma: 0.387 | Steps: 81100800 | Time: 5801.0s
Seed 9018 | Epoch 500/1220 | Avg R: 0.0191 | Val Loss: 0.0005 | KL: 0.0223 | LinErr: 0.737 | YawErr: 0.198 | |A|: 0.367 | R>0: 97.27% | Done: 0.00% | Sigma: 0.388 | Steps: 81920000 | Time: 5860.3s
Seed 9018 | Epoch 505/1220 | Avg R: 0.0171 | Val Loss: 0.0005 | KL: 0.0157 | LinErr: 0.831 | YawErr: 0.216 | |A|: 0.381 | R>0: 96.17% | Done: 0.00% | Sigma: 0.390 | Steps: 82739200 | Time: 5918.4s
Seed 9018 | Epoch 510/1220 | Avg R: 0.0172 | Val Loss: 0.0005 | KL: 0.0198 | LinErr: 0.825 | YawErr: 0.207 | |A|: 0.386 | R>0: 95.92% | Done: 0.01% | Sigma: 0.391 | Steps: 83558400 | Time: 5973.3s
Seed 9018 | Epoch 515/1220 | Avg R: 0.0176 | Val Loss: 0.0004 | KL: 0.0223 | LinErr: 0.807 | YawErr: 0.204 | |A|: 0.386 | R>0: 96.22% | Done: 0.00% | Sigma: 0.394 | Steps: 84377600 | Time: 6030.9s
Seed 9018 | Epoch 520/1220 | Avg R: 0.0181 | Val Loss: 0.0005 | KL: 0.0211 | LinErr: 0.784 | YawErr: 0.200 | |A|: 0.385 | R>0: 96.62% | Done: 0.00% | Sigma: 0.395 | Steps: 85196800 | Time: 6088.4s
Seed 9018 | Epoch 525/1220 | Avg R: 0.0183 | Val Loss: 0.0004 | KL: 0.0228 | LinErr: 0.765 | YawErr: 0.195 | |A|: 0.384 | R>0: 96.59% | Done: 0.01% | Sigma: 0.397 | Steps: 86016000 | Time: 6147.6s
Seed 9018 | Epoch 530/1220 | Avg R: 0.0186 | Val Loss: 0.0005 | KL: 0.0228 | LinErr: 0.755 | YawErr: 0.189 | |A|: 0.386 | R>0: 96.74% | Done: 0.01% | Sigma: 0.400 | Steps: 86835200 | Time: 6205.9s
Seed 9018 | Epoch 535/1220 | Avg R: 0.0190 | Val Loss: 0.0005 | KL: 0.0211 | LinErr: 0.742 | YawErr: 0.181 | |A|: 0.381 | R>0: 97.06% | Done: 0.00% | Sigma: 0.403 | Steps: 87654400 | Time: 6265.4s
Seed 9018 | Epoch 540/1220 | Avg R: 0.0190 | Val Loss: 0.0005 | KL: 0.0165 | LinErr: 0.740 | YawErr: 0.180 | |A|: 0.380 | R>0: 97.21% | Done: 0.01% | Sigma: 0.406 | Steps: 88473600 | Time: 6323.5s
Seed 9018 | Epoch 545/1220 | Avg R: 0.0191 | Val Loss: 0.0004 | KL: 0.0208 | LinErr: 0.744 | YawErr: 0.176 | |A|: 0.385 | R>0: 97.32% | Done: 0.01% | Sigma: 0.408 | Steps: 89292800 | Time: 6382.9s
Seed 9018 | Epoch 550/1220 | Avg R: 0.0192 | Val Loss: 0.0005 | KL: 0.0209 | LinErr: 0.733 | YawErr: 0.175 | |A|: 0.383 | R>0: 97.50% | Done: 0.01% | Sigma: 0.410 | Steps: 90112000 | Time: 6442.5s
Seed 9018 | Epoch 555/1220 | Avg R: 0.0172 | Val Loss: 0.0005 | KL: 0.0205 | LinErr: 0.822 | YawErr: 0.192 | |A|: 0.401 | R>0: 96.06% | Done: 0.01% | Sigma: 0.412 | Steps: 90931200 | Time: 6499.6s
Seed 9018 | Epoch 560/1220 | Avg R: 0.0174 | Val Loss: 0.0005 | KL: 0.0227 | LinErr: 0.815 | YawErr: 0.190 | |A|: 0.403 | R>0: 96.18% | Done: 0.01% | Sigma: 0.415 | Steps: 91750400 | Time: 6556.5s
Seed 9018 | Epoch 565/1220 | Avg R: 0.0178 | Val Loss: 0.0005 | KL: 0.0217 | LinErr: 0.800 | YawErr: 0.182 | |A|: 0.399 | R>0: 96.54% | Done: 0.01% | Sigma: 0.417 | Steps: 92569600 | Time: 6616.3s
Seed 9018 | Epoch 570/1220 | Avg R: 0.0182 | Val Loss: 0.0005 | KL: 0.0226 | LinErr: 0.778 | YawErr: 0.183 | |A|: 0.397 | R>0: 96.74% | Done: 0.00% | Sigma: 0.419 | Steps: 93388800 | Time: 6674.4s
Seed 9018 | Epoch 575/1220 | Avg R: 0.0185 | Val Loss: 0.0004 | KL: 0.0208 | LinErr: 0.762 | YawErr: 0.179 | |A|: 0.397 | R>0: 96.90% | Done: 0.01% | Sigma: 0.422 | Steps: 94208000 | Time: 6733.7s
Seed 9018 | Epoch 580/1220 | Avg R: 0.0187 | Val Loss: 0.0005 | KL: 0.0228 | LinErr: 0.749 | YawErr: 0.178 | |A|: 0.396 | R>0: 97.07% | Done: 0.01% | Sigma: 0.426 | Steps: 95027200 | Time: 6791.4s
Seed 9018 | Epoch 585/1220 | Avg R: 0.0191 | Val Loss: 0.0004 | KL: 0.0218 | LinErr: 0.738 | YawErr: 0.171 | |A|: 0.396 | R>0: 97.39% | Done: 0.00% | Sigma: 0.430 | Steps: 95846400 | Time: 6851.4s
Seed 9018 | Epoch 590/1220 | Avg R: 0.0192 | Val Loss: 0.0005 | KL: 0.0198 | LinErr: 0.735 | YawErr: 0.172 | |A|: 0.393 | R>0: 97.47% | Done: 0.00% | Sigma: 0.434 | Steps: 96665600 | Time: 6910.2s
Seed 9018 | Epoch 595/1220 | Avg R: 0.0191 | Val Loss: 0.0004 | KL: 0.0206 | LinErr: 0.735 | YawErr: 0.172 | |A|: 0.391 | R>0: 97.41% | Done: 0.00% | Sigma: 0.436 | Steps: 97484800 | Time: 6966.0s
Seed 9018 | Epoch 600/1220 | Avg R: 0.0193 | Val Loss: 0.0005 | KL: 0.0167 | LinErr: 0.725 | YawErr: 0.167 | |A|: 0.387 | R>0: 97.49% | Done: 0.00% | Sigma: 0.437 | Steps: 98304000 | Time: 7024.1s
Seed 9018 | Epoch 605/1220 | Avg R: 0.0174 | Val Loss: 0.0004 | KL: 0.0230 | LinErr: 0.814 | YawErr: 0.187 | |A|: 0.400 | R>0: 96.35% | Done: 0.00% | Sigma: 0.438 | Steps: 99123200 | Time: 7082.1s
Seed 9018 | Epoch 610/1220 | Avg R: 0.0176 | Val Loss: 0.0005 | KL: 0.0214 | LinErr: 0.808 | YawErr: 0.177 | |A|: 0.400 | R>0: 96.68% | Done: 0.00% | Sigma: 0.441 | Steps: 99942400 | Time: 7139.6s
Seed 9018 | Epoch 615/1220 | Avg R: 0.0181 | Val Loss: 0.0005 | KL: 0.0169 | LinErr: 0.789 | YawErr: 0.174 | |A|: 0.398 | R>0: 97.12% | Done: 0.00% | Sigma: 0.442 | Steps: 100761600 | Time: 7197.7s
Seed 9018 | Epoch 620/1220 | Avg R: 0.0183 | Val Loss: 0.0005 | KL: 0.0218 | LinErr: 0.764 | YawErr: 0.175 | |A|: 0.396 | R>0: 96.95% | Done: 0.01% | Sigma: 0.444 | Steps: 101580800 | Time: 7253.8s
Seed 9018 | Epoch 625/1220 | Avg R: 0.0186 | Val Loss: 0.0005 | KL: 0.0174 | LinErr: 0.748 | YawErr: 0.170 | |A|: 0.394 | R>0: 97.01% | Done: 0.00% | Sigma: 0.446 | Steps: 102400000 | Time: 7309.9s
Seed 9018 | Epoch 630/1220 | Avg R: 0.0188 | Val Loss: 0.0006 | KL: 0.0184 | LinErr: 0.737 | YawErr: 0.171 | |A|: 0.394 | R>0: 97.25% | Done: 0.01% | Sigma: 0.449 | Steps: 103219200 | Time: 7365.5s
Seed 9018 | Epoch 635/1220 | Avg R: 0.0191 | Val Loss: 0.0005 | KL: 0.0213 | LinErr: 0.728 | YawErr: 0.168 | |A|: 0.387 | R>0: 97.52% | Done: 0.00% | Sigma: 0.452 | Steps: 104038400 | Time: 7423.7s
Seed 9018 | Epoch 640/1220 | Avg R: 0.0195 | Val Loss: 0.0005 | KL: 0.0218 | LinErr: 0.723 | YawErr: 0.160 | |A|: 0.389 | R>0: 97.73% | Done: 0.01% | Sigma: 0.455 | Steps: 104857600 | Time: 7483.0s
Seed 9018 | Epoch 645/1220 | Avg R: 0.0194 | Val Loss: 0.0005 | KL: 0.0174 | LinErr: 0.721 | YawErr: 0.163 | |A|: 0.386 | R>0: 97.70% | Done: 0.00% | Sigma: 0.457 | Steps: 105676800 | Time: 7540.3s
Seed 9018 | Epoch 650/1220 | Avg R: 0.0196 | Val Loss: 0.0005 | KL: 0.0164 | LinErr: 0.712 | YawErr: 0.158 | |A|: 0.387 | R>0: 97.90% | Done: 0.00% | Sigma: 0.457 | Steps: 106496000 | Time: 7595.7s
Seed 9018 | Epoch 655/1220 | Avg R: 0.0176 | Val Loss: 0.0005 | KL: 0.0190 | LinErr: 0.796 | YawErr: 0.177 | |A|: 0.401 | R>0: 96.52% | Done: 0.00% | Sigma: 0.461 | Steps: 107315200 | Time: 7653.8s
Seed 9018 | Epoch 660/1220 | Avg R: 0.0178 | Val Loss: 0.0005 | KL: 0.0193 | LinErr: 0.791 | YawErr: 0.172 | |A|: 0.401 | R>0: 96.82% | Done: 0.00% | Sigma: 0.464 | Steps: 108134400 | Time: 7710.2s
Seed 9018 | Epoch 665/1220 | Avg R: 0.0182 | Val Loss: 0.0005 | KL: 0.0230 | LinErr: 0.772 | YawErr: 0.169 | |A|: 0.399 | R>0: 97.06% | Done: 0.00% | Sigma: 0.467 | Steps: 108953600 | Time: 7769.7s
Seed 9018 | Epoch 670/1220 | Avg R: 0.0186 | Val Loss: 0.0004 | KL: 0.0226 | LinErr: 0.753 | YawErr: 0.168 | |A|: 0.394 | R>0: 97.21% | Done: 0.01% | Sigma: 0.469 | Steps: 109772800 | Time: 7827.3s
Seed 9018 | Epoch 675/1220 | Avg R: 0.0189 | Val Loss: 0.0004 | KL: 0.0223 | LinErr: 0.731 | YawErr: 0.164 | |A|: 0.392 | R>0: 97.38% | Done: 0.01% | Sigma: 0.471 | Steps: 110592000 | Time: 7885.4s
Seed 9018 | Epoch 680/1220 | Avg R: 0.0192 | Val Loss: 0.0006 | KL: 0.0221 | LinErr: 0.710 | YawErr: 0.162 | |A|: 0.388 | R>0: 97.57% | Done: 0.01% | Sigma: 0.475 | Steps: 111411200 | Time: 7943.9s
Seed 9018 | Epoch 685/1220 | Avg R: 0.0194 | Val Loss: 0.0005 | KL: 0.0234 | LinErr: 0.698 | YawErr: 0.163 | |A|: 0.381 | R>0: 97.77% | Done: 0.01% | Sigma: 0.478 | Steps: 112230400 | Time: 8001.5s
Seed 9018 | Epoch 690/1220 | Avg R: 0.0196 | Val Loss: 0.0006 | KL: 0.0188 | LinErr: 0.692 | YawErr: 0.162 | |A|: 0.383 | R>0: 97.79% | Done: 0.01% | Sigma: 0.480 | Steps: 113049600 | Time: 8058.3s
Seed 9018 | Epoch 695/1220 | Avg R: 0.0196 | Val Loss: 0.0005 | KL: 0.0218 | LinErr: 0.691 | YawErr: 0.162 | |A|: 0.384 | R>0: 97.95% | Done: 0.01% | Sigma: 0.483 | Steps: 113868800 | Time: 8116.9s
Seed 9018 | Epoch 700/1220 | Avg R: 0.0198 | Val Loss: 0.0006 | KL: 0.0227 | LinErr: 0.673 | YawErr: 0.161 | |A|: 0.379 | R>0: 98.01% | Done: 0.01% | Sigma: 0.485 | Steps: 114688000 | Time: 8174.1s
Seed 9018 | Epoch 705/1220 | Avg R: 0.0180 | Val Loss: 0.0005 | KL: 0.0283 | LinErr: 0.760 | YawErr: 0.171 | |A|: 0.392 | R>0: 96.93% | Done: 0.01% | Sigma: 0.488 | Steps: 115507200 | Time: 8232.2s
Seed 9018 | Epoch 710/1220 | Avg R: 0.0182 | Val Loss: 0.0005 | KL: 0.0234 | LinErr: 0.745 | YawErr: 0.171 | |A|: 0.389 | R>0: 97.29% | Done: 0.01% | Sigma: 0.492 | Steps: 116326400 | Time: 8291.2s
Seed 9018 | Epoch 715/1220 | Avg R: 0.0187 | Val Loss: 0.0005 | KL: 0.0238 | LinErr: 0.718 | YawErr: 0.169 | |A|: 0.386 | R>0: 97.31% | Done: 0.01% | Sigma: 0.494 | Steps: 117145600 | Time: 8347.1s
Seed 9018 | Epoch 720/1220 | Avg R: 0.0191 | Val Loss: 0.0005 | KL: 0.0229 | LinErr: 0.685 | YawErr: 0.169 | |A|: 0.380 | R>0: 97.45% | Done: 0.01% | Sigma: 0.496 | Steps: 117964800 | Time: 8403.2s
Seed 9018 | Epoch 725/1220 | Avg R: 0.0196 | Val Loss: 0.0005 | KL: 0.0240 | LinErr: 0.656 | YawErr: 0.166 | |A|: 0.378 | R>0: 97.69% | Done: 0.01% | Sigma: 0.499 | Steps: 118784000 | Time: 8461.6s
Seed 9018 | Epoch 730/1220 | Avg R: 0.0200 | Val Loss: 0.0006 | KL: 0.0205 | LinErr: 0.631 | YawErr: 0.166 | |A|: 0.374 | R>0: 97.90% | Done: 0.01% | Sigma: 0.500 | Steps: 119603200 | Time: 8516.9s
Seed 9018 | Epoch 735/1220 | Avg R: 0.0203 | Val Loss: 0.0006 | KL: 0.0168 | LinErr: 0.614 | YawErr: 0.164 | |A|: 0.371 | R>0: 97.91% | Done: 0.01% | Sigma: 0.501 | Steps: 120422400 | Time: 8572.9s
Seed 9018 | Epoch 740/1220 | Avg R: 0.0205 | Val Loss: 0.0006 | KL: 0.0162 | LinErr: 0.599 | YawErr: 0.165 | |A|: 0.369 | R>0: 98.21% | Done: 0.01% | Sigma: 0.502 | Steps: 121241600 | Time: 8627.4s
Seed 9018 | Epoch 745/1220 | Avg R: 0.0206 | Val Loss: 0.0005 | KL: 0.0234 | LinErr: 0.594 | YawErr: 0.164 | |A|: 0.370 | R>0: 98.09% | Done: 0.01% | Sigma: 0.503 | Steps: 122060800 | Time: 8683.0s
Seed 9018 | Epoch 750/1220 | Avg R: 0.0209 | Val Loss: 0.0007 | KL: 0.0193 | LinErr: 0.576 | YawErr: 0.160 | |A|: 0.366 | R>0: 98.33% | Done: 0.01% | Sigma: 0.504 | Steps: 122880000 | Time: 8738.8s
Seed 9018 | Epoch 755/1220 | Avg R: 0.0189 | Val Loss: 0.0006 | KL: 0.0167 | LinErr: 0.676 | YawErr: 0.168 | |A|: 0.378 | R>0: 97.48% | Done: 0.01% | Sigma: 0.506 | Steps: 123699200 | Time: 8795.0s
Seed 9018 | Epoch 760/1220 | Avg R: 0.0192 | Val Loss: 0.0006 | KL: 0.0179 | LinErr: 0.655 | YawErr: 0.171 | |A|: 0.377 | R>0: 97.62% | Done: 0.01% | Sigma: 0.508 | Steps: 124518400 | Time: 8850.1s
Seed 9018 | Epoch 765/1220 | Avg R: 0.0197 | Val Loss: 0.0005 | KL: 0.0201 | LinErr: 0.628 | YawErr: 0.168 | |A|: 0.375 | R>0: 97.81% | Done: 0.01% | Sigma: 0.509 | Steps: 125337600 | Time: 8905.4s
Seed 9018 | Epoch 770/1220 | Avg R: 0.0202 | Val Loss: 0.0006 | KL: 0.0218 | LinErr: 0.594 | YawErr: 0.167 | |A|: 0.372 | R>0: 97.96% | Done: 0.01% | Sigma: 0.511 | Steps: 126156800 | Time: 8960.9s
Seed 9018 | Epoch 775/1220 | Avg R: 0.0207 | Val Loss: 0.0006 | KL: 0.0241 | LinErr: 0.567 | YawErr: 0.165 | |A|: 0.371 | R>0: 98.25% | Done: 0.01% | Sigma: 0.514 | Steps: 126976000 | Time: 9018.0s
Seed 9018 | Epoch 780/1220 | Avg R: 0.0211 | Val Loss: 0.0006 | KL: 0.0213 | LinErr: 0.535 | YawErr: 0.164 | |A|: 0.367 | R>0: 98.25% | Done: 0.02% | Sigma: 0.515 | Steps: 127795200 | Time: 9072.1s
Seed 9018 | Epoch 785/1220 | Avg R: 0.0216 | Val Loss: 0.0006 | KL: 0.0178 | LinErr: 0.503 | YawErr: 0.162 | |A|: 0.362 | R>0: 98.36% | Done: 0.01% | Sigma: 0.517 | Steps: 128614400 | Time: 9127.2s
Seed 9018 | Epoch 790/1220 | Avg R: 0.0218 | Val Loss: 0.0006 | KL: 0.0202 | LinErr: 0.490 | YawErr: 0.159 | |A|: 0.363 | R>0: 98.39% | Done: 0.01% | Sigma: 0.518 | Steps: 129433600 | Time: 9181.6s
Seed 9018 | Epoch 795/1220 | Avg R: 0.0220 | Val Loss: 0.0006 | KL: 0.0229 | LinErr: 0.475 | YawErr: 0.158 | |A|: 0.359 | R>0: 98.57% | Done: 0.01% | Sigma: 0.519 | Steps: 130252800 | Time: 9235.9s
Seed 9018 | Epoch 800/1220 | Avg R: 0.0222 | Val Loss: 0.0007 | KL: 0.0169 | LinErr: 0.459 | YawErr: 0.158 | |A|: 0.357 | R>0: 98.67% | Done: 0.01% | Sigma: 0.520 | Steps: 131072000 | Time: 9290.6s
Seed 9018 | Epoch 805/1220 | Avg R: 0.0202 | Val Loss: 0.0006 | KL: 0.0136 | LinErr: 0.566 | YawErr: 0.167 | |A|: 0.369 | R>0: 98.08% | Done: 0.01% | Sigma: 0.522 | Steps: 131891200 | Time: 9345.3s
Seed 9018 | Epoch 810/1220 | Avg R: 0.0207 | Val Loss: 0.0006 | KL: 0.0218 | LinErr: 0.521 | YawErr: 0.165 | |A|: 0.372 | R>0: 97.95% | Done: 0.01% | Sigma: 0.525 | Steps: 132710400 | Time: 9400.2s
Seed 9018 | Epoch 815/1220 | Avg R: 0.0212 | Val Loss: 0.0006 | KL: 0.0175 | LinErr: 0.479 | YawErr: 0.162 | |A|: 0.366 | R>0: 98.18% | Done: 0.01% | Sigma: 0.526 | Steps: 133529600 | Time: 9454.0s
Seed 9018 | Epoch 820/1220 | Avg R: 0.0217 | Val Loss: 0.0006 | KL: 0.0190 | LinErr: 0.448 | YawErr: 0.162 | |A|: 0.363 | R>0: 98.20% | Done: 0.02% | Sigma: 0.527 | Steps: 134348800 | Time: 9508.1s
Seed 9018 | Epoch 825/1220 | Avg R: 0.0221 | Val Loss: 0.0006 | KL: 0.0199 | LinErr: 0.426 | YawErr: 0.158 | |A|: 0.363 | R>0: 98.47% | Done: 0.01% | Sigma: 0.528 | Steps: 135168000 | Time: 9561.7s
Seed 9018 | Epoch 830/1220 | Avg R: 0.0223 | Val Loss: 0.0006 | KL: 0.0182 | LinErr: 0.407 | YawErr: 0.158 | |A|: 0.362 | R>0: 98.28% | Done: 0.02% | Sigma: 0.530 | Steps: 135987200 | Time: 9617.6s
Seed 9018 | Epoch 835/1220 | Avg R: 0.0227 | Val Loss: 0.0006 | KL: 0.0188 | LinErr: 0.384 | YawErr: 0.155 | |A|: 0.358 | R>0: 98.57% | Done: 0.01% | Sigma: 0.532 | Steps: 136806400 | Time: 9677.1s
Seed 9018 | Epoch 840/1220 | Avg R: 0.0230 | Val Loss: 0.0006 | KL: 0.2854 | LinErr: 0.373 | YawErr: 0.153 | |A|: 0.357 | R>0: 98.66% | Done: 0.01% | Sigma: 0.535 | Steps: 137625600 | Time: 9733.1s
Seed 9018 | Epoch 845/1220 | Avg R: 0.0231 | Val Loss: 0.0006 | KL: 0.0135 | LinErr: 0.367 | YawErr: 0.150 | |A|: 0.356 | R>0: 98.70% | Done: 0.01% | Sigma: 0.535 | Steps: 138444800 | Time: 9790.3s
Seed 9018 | Epoch 850/1220 | Avg R: 0.0232 | Val Loss: 0.0007 | KL: 0.0131 | LinErr: 0.358 | YawErr: 0.151 | |A|: 0.356 | R>0: 98.81% | Done: 0.01% | Sigma: 0.536 | Steps: 139264000 | Time: 9845.1s
Seed 9018 | Epoch 855/1220 | Avg R: 0.0216 | Val Loss: 0.0006 | KL: 0.0146 | LinErr: 0.431 | YawErr: 0.159 | |A|: 0.365 | R>0: 98.33% | Done: 0.01% | Sigma: 0.537 | Steps: 140083200 | Time: 9901.4s
Seed 9018 | Epoch 860/1220 | Avg R: 0.0221 | Val Loss: 0.0007 | KL: 0.0173 | LinErr: 0.391 | YawErr: 0.159 | |A|: 0.364 | R>0: 98.19% | Done: 0.02% | Sigma: 0.537 | Steps: 140902400 | Time: 9954.8s
Seed 9018 | Epoch 865/1220 | Avg R: 0.0225 | Val Loss: 0.0006 | KL: 0.0167 | LinErr: 0.364 | YawErr: 0.159 | |A|: 0.361 | R>0: 98.11% | Done: 0.03% | Sigma: 0.539 | Steps: 141721600 | Time: 10010.7s
Seed 9018 | Epoch 870/1220 | Avg R: 0.0229 | Val Loss: 0.0006 | KL: 0.0149 | LinErr: 0.340 | YawErr: 0.156 | |A|: 0.359 | R>0: 98.42% | Done: 0.02% | Sigma: 0.541 | Steps: 142540800 | Time: 10068.5s
Seed 9018 | Epoch 875/1220 | Avg R: 0.0233 | Val Loss: 0.0006 | KL: 0.0154 | LinErr: 0.319 | YawErr: 0.153 | |A|: 0.358 | R>0: 98.58% | Done: 0.01% | Sigma: 0.541 | Steps: 143360000 | Time: 10127.4s
Seed 9018 | Epoch 880/1220 | Avg R: 0.0236 | Val Loss: 0.0007 | KL: 0.0094 | LinErr: 0.301 | YawErr: 0.152 | |A|: 0.356 | R>0: 98.62% | Done: 0.01% | Sigma: 0.543 | Steps: 144179200 | Time: 10183.5s
Seed 9018 | Epoch 885/1220 | Avg R: 0.0239 | Val Loss: 0.0006 | KL: 0.0228 | LinErr: 0.289 | YawErr: 0.152 | |A|: 0.354 | R>0: 98.74% | Done: 0.01% | Sigma: 0.543 | Steps: 144998400 | Time: 10236.9s
Seed 9018 | Epoch 890/1220 | Avg R: 0.0241 | Val Loss: 0.0007 | KL: 0.0236 | LinErr: 0.277 | YawErr: 0.148 | |A|: 0.352 | R>0: 98.96% | Done: 0.00% | Sigma: 0.543 | Steps: 145817600 | Time: 10290.4s
Seed 9018 | Epoch 895/1220 | Avg R: 0.0240 | Val Loss: 0.0007 | KL: 0.0191 | LinErr: 0.274 | YawErr: 0.148 | |A|: 0.351 | R>0: 98.69% | Done: 0.01% | Sigma: 0.543 | Steps: 146636800 | Time: 10343.8s
Seed 9018 | Epoch 900/1220 | Avg R: 0.0242 | Val Loss: 0.0007 | KL: 0.0174 | LinErr: 0.270 | YawErr: 0.149 | |A|: 0.348 | R>0: 98.84% | Done: 0.01% | Sigma: 0.544 | Steps: 147456000 | Time: 10397.3s
Seed 9018 | Epoch 905/1220 | Avg R: 0.0229 | Val Loss: 0.0005 | KL: 0.0150 | LinErr: 0.335 | YawErr: 0.155 | |A|: 0.354 | R>0: 98.61% | Done: 0.01% | Sigma: 0.544 | Steps: 148275200 | Time: 10452.6s
Seed 9018 | Epoch 910/1220 | Avg R: 0.0234 | Val Loss: 0.0007 | KL: 0.0098 | LinErr: 0.299 | YawErr: 0.152 | |A|: 0.356 | R>0: 98.52% | Done: 0.01% | Sigma: 0.544 | Steps: 149094400 | Time: 10507.0s
Seed 9018 | Epoch 915/1220 | Avg R: 0.0237 | Val Loss: 0.0006 | KL: 0.0124 | LinErr: 0.280 | YawErr: 0.150 | |A|: 0.354 | R>0: 98.59% | Done: 0.01% | Sigma: 0.545 | Steps: 149913600 | Time: 10562.4s
Seed 9018 | Epoch 920/1220 | Avg R: 0.0241 | Val Loss: 0.0006 | KL: 0.0108 | LinErr: 0.261 | YawErr: 0.147 | |A|: 0.354 | R>0: 98.75% | Done: 0.01% | Sigma: 0.547 | Steps: 150732800 | Time: 10618.8s
Seed 9018 | Epoch 925/1220 | Avg R: 0.0243 | Val Loss: 0.0006 | KL: 0.0079 | LinErr: 0.254 | YawErr: 0.146 | |A|: 0.350 | R>0: 98.88% | Done: 0.01% | Sigma: 0.547 | Steps: 151552000 | Time: 10673.2s
Seed 9018 | Epoch 930/1220 | Avg R: 0.0246 | Val Loss: 0.0006 | KL: 0.0153 | LinErr: 0.243 | YawErr: 0.144 | |A|: 0.351 | R>0: 99.00% | Done: 0.00% | Sigma: 0.548 | Steps: 152371200 | Time: 10729.2s
Seed 9018 | Epoch 935/1220 | Avg R: 0.0248 | Val Loss: 0.0006 | KL: 0.0189 | LinErr: 0.234 | YawErr: 0.144 | |A|: 0.350 | R>0: 98.99% | Done: 0.01% | Sigma: 0.548 | Steps: 153190400 | Time: 10783.9s
Seed 9018 | Epoch 940/1220 | Avg R: 0.0248 | Val Loss: 0.0006 | KL: 0.0106 | LinErr: 0.226 | YawErr: 0.145 | |A|: 0.351 | R>0: 99.00% | Done: 0.00% | Sigma: 0.548 | Steps: 154009600 | Time: 10837.2s
Seed 9018 | Epoch 945/1220 | Avg R: 0.0248 | Val Loss: 0.0005 | KL: 0.0185 | LinErr: 0.224 | YawErr: 0.143 | |A|: 0.350 | R>0: 98.98% | Done: 0.01% | Sigma: 0.548 | Steps: 154828800 | Time: 10891.0s
Seed 9018 | Epoch 950/1220 | Avg R: 0.0250 | Val Loss: 0.0006 | KL: 0.0195 | LinErr: 0.219 | YawErr: 0.142 | |A|: 0.350 | R>0: 99.11% | Done: 0.00% | Sigma: 0.549 | Steps: 155648000 | Time: 10946.5s
Seed 9018 | Epoch 955/1220 | Avg R: 0.0237 | Val Loss: 0.0006 | KL: 0.0163 | LinErr: 0.277 | YawErr: 0.147 | |A|: 0.358 | R>0: 98.79% | Done: 0.01% | Sigma: 0.549 | Steps: 156467200 | Time: 11000.6s
Seed 9018 | Epoch 960/1220 | Avg R: 0.0241 | Val Loss: 0.0006 | KL: 0.0124 | LinErr: 0.252 | YawErr: 0.146 | |A|: 0.359 | R>0: 98.59% | Done: 0.01% | Sigma: 0.549 | Steps: 157286400 | Time: 11053.9s
Seed 9018 | Epoch 965/1220 | Avg R: 0.0243 | Val Loss: 0.0006 | KL: 0.0190 | LinErr: 0.238 | YawErr: 0.145 | |A|: 0.356 | R>0: 98.79% | Done: 0.01% | Sigma: 0.549 | Steps: 158105600 | Time: 11107.4s
Seed 9018 | Epoch 970/1220 | Avg R: 0.0247 | Val Loss: 0.0006 | KL: 0.0199 | LinErr: 0.221 | YawErr: 0.144 | |A|: 0.356 | R>0: 98.97% | Done: 0.01% | Sigma: 0.549 | Steps: 158924800 | Time: 11161.0s
Seed 9018 | Epoch 975/1220 | Avg R: 0.0248 | Val Loss: 0.0006 | KL: 0.0115 | LinErr: 0.218 | YawErr: 0.144 | |A|: 0.358 | R>0: 98.88% | Done: 0.01% | Sigma: 0.549 | Steps: 159744000 | Time: 11214.8s
Seed 9018 | Epoch 980/1220 | Avg R: 0.0251 | Val Loss: 0.0005 | KL: 0.0550 | LinErr: 0.211 | YawErr: 0.143 | |A|: 0.355 | R>0: 99.09% | Done: 0.01% | Sigma: 0.549 | Steps: 160563200 | Time: 11270.1s
Seed 9018 | Epoch 985/1220 | Avg R: 0.0252 | Val Loss: 0.0006 | KL: 0.0120 | LinErr: 0.211 | YawErr: 0.143 | |A|: 0.353 | R>0: 99.07% | Done: 0.01% | Sigma: 0.550 | Steps: 161382400 | Time: 11325.4s
Seed 9018 | Epoch 990/1220 | Avg R: 0.0253 | Val Loss: 0.0006 | KL: 0.0163 | LinErr: 0.206 | YawErr: 0.141 | |A|: 0.352 | R>0: 99.13% | Done: 0.01% | Sigma: 0.550 | Steps: 162201600 | Time: 11379.1s
Seed 9018 | Epoch 995/1220 | Avg R: 0.0254 | Val Loss: 0.0006 | KL: 0.0129 | LinErr: 0.207 | YawErr: 0.140 | |A|: 0.352 | R>0: 99.24% | Done: 0.01% | Sigma: 0.550 | Steps: 163020800 | Time: 11432.7s
Seed 9018 | Epoch 1000/1220 | Avg R: 0.0255 | Val Loss: 0.0007 | KL: 0.0136 | LinErr: 0.205 | YawErr: 0.141 | |A|: 0.352 | R>0: 99.13% | Done: 0.01% | Sigma: 0.553 | Steps: 163840000 | Time: 11490.0s
Seed 9018 | Epoch 1005/1220 | Avg R: 0.0244 | Val Loss: 0.0005 | KL: 0.0107 | LinErr: 0.250 | YawErr: 0.144 | |A|: 0.357 | R>0: 98.98% | Done: 0.01% | Sigma: 0.554 | Steps: 164659200 | Time: 11545.1s
Seed 9018 | Epoch 1010/1220 | Avg R: 0.0248 | Val Loss: 0.0006 | KL: 0.0165 | LinErr: 0.221 | YawErr: 0.143 | |A|: 0.357 | R>0: 98.93% | Done: 0.01% | Sigma: 0.554 | Steps: 165478400 | Time: 11598.9s
Seed 9018 | Epoch 1015/1220 | Avg R: 0.0250 | Val Loss: 0.0005 | KL: 0.0117 | LinErr: 0.209 | YawErr: 0.139 | |A|: 0.356 | R>0: 99.12% | Done: 0.00% | Sigma: 0.554 | Steps: 166297600 | Time: 11652.3s
Seed 9018 | Epoch 1020/1220 | Avg R: 0.0252 | Val Loss: 0.0006 | KL: 0.0129 | LinErr: 0.199 | YawErr: 0.140 | |A|: 0.356 | R>0: 99.12% | Done: 0.00% | Sigma: 0.555 | Steps: 167116800 | Time: 11706.8s
Seed 9018 | Epoch 1025/1220 | Avg R: 0.0254 | Val Loss: 0.0006 | KL: 0.0125 | LinErr: 0.191 | YawErr: 0.138 | |A|: 0.355 | R>0: 99.14% | Done: 0.00% | Sigma: 0.555 | Steps: 167936000 | Time: 11760.7s
Seed 9018 | Epoch 1030/1220 | Avg R: 0.0255 | Val Loss: 0.0005 | KL: 0.0122 | LinErr: 0.186 | YawErr: 0.137 | |A|: 0.354 | R>0: 98.97% | Done: 0.01% | Sigma: 0.555 | Steps: 168755200 | Time: 11814.9s
Seed 9018 | Epoch 1035/1220 | Avg R: 0.0256 | Val Loss: 0.0006 | KL: 0.0158 | LinErr: 0.187 | YawErr: 0.138 | |A|: 0.352 | R>0: 99.12% | Done: 0.01% | Sigma: 0.555 | Steps: 169574400 | Time: 11868.6s
Seed 9018 | Epoch 1040/1220 | Avg R: 0.0257 | Val Loss: 0.0006 | KL: 0.0146 | LinErr: 0.184 | YawErr: 0.137 | |A|: 0.353 | R>0: 99.22% | Done: 0.01% | Sigma: 0.556 | Steps: 170393600 | Time: 11922.3s
Seed 9018 | Epoch 1045/1220 | Avg R: 0.0257 | Val Loss: 0.0006 | KL: 0.0116 | LinErr: 0.186 | YawErr: 0.136 | |A|: 0.351 | R>0: 99.18% | Done: 0.01% | Sigma: 0.556 | Steps: 171212800 | Time: 11976.0s
Seed 9018 | Epoch 1050/1220 | Avg R: 0.0257 | Val Loss: 0.0007 | KL: 0.0187 | LinErr: 0.185 | YawErr: 0.138 | |A|: 0.352 | R>0: 99.04% | Done: 0.01% | Sigma: 0.556 | Steps: 172032000 | Time: 12031.1s
Seed 9018 | Epoch 1055/1220 | Avg R: 0.0246 | Val Loss: 0.0006 | KL: 0.0163 | LinErr: 0.235 | YawErr: 0.140 | |A|: 0.358 | R>0: 98.88% | Done: 0.00% | Sigma: 0.557 | Steps: 172851200 | Time: 12086.3s
Seed 9018 | Epoch 1060/1220 | Avg R: 0.0250 | Val Loss: 0.0006 | KL: 0.0143 | LinErr: 0.215 | YawErr: 0.140 | |A|: 0.358 | R>0: 98.91% | Done: 0.00% | Sigma: 0.557 | Steps: 173670400 | Time: 12139.7s
Seed 9018 | Epoch 1065/1220 | Avg R: 0.0252 | Val Loss: 0.0006 | KL: 0.0155 | LinErr: 0.202 | YawErr: 0.139 | |A|: 0.357 | R>0: 99.02% | Done: 0.01% | Sigma: 0.557 | Steps: 174489600 | Time: 12193.4s
Seed 9018 | Epoch 1070/1220 | Avg R: 0.0255 | Val Loss: 0.0006 | KL: 0.0187 | LinErr: 0.193 | YawErr: 0.137 | |A|: 0.357 | R>0: 99.06% | Done: 0.01% | Sigma: 0.557 | Steps: 175308800 | Time: 12246.9s
Seed 9018 | Epoch 1075/1220 | Avg R: 0.0256 | Val Loss: 0.0006 | KL: 0.0149 | LinErr: 0.188 | YawErr: 0.135 | |A|: 0.357 | R>0: 99.11% | Done: 0.00% | Sigma: 0.557 | Steps: 176128000 | Time: 12300.3s
Seed 9018 | Epoch 1080/1220 | Avg R: 0.0257 | Val Loss: 0.0005 | KL: 0.0175 | LinErr: 0.185 | YawErr: 0.137 | |A|: 0.356 | R>0: 99.11% | Done: 0.01% | Sigma: 0.558 | Steps: 176947200 | Time: 12355.2s
Seed 9018 | Epoch 1085/1220 | Avg R: 0.0258 | Val Loss: 0.0006 | KL: 0.0103 | LinErr: 0.181 | YawErr: 0.135 | |A|: 0.355 | R>0: 99.21% | Done: 0.00% | Sigma: 0.558 | Steps: 177766400 | Time: 12409.6s
Seed 9018 | Epoch 1090/1220 | Avg R: 0.0260 | Val Loss: 0.0006 | KL: 0.0132 | LinErr: 0.173 | YawErr: 0.136 | |A|: 0.353 | R>0: 99.29% | Done: 0.00% | Sigma: 0.558 | Steps: 178585600 | Time: 12463.9s
Seed 9018 | Epoch 1095/1220 | Avg R: 0.0260 | Val Loss: 0.0006 | KL: 0.0136 | LinErr: 0.176 | YawErr: 0.135 | |A|: 0.355 | R>0: 99.27% | Done: 0.00% | Sigma: 0.558 | Steps: 179404800 | Time: 12518.8s
Seed 9018 | Epoch 1100/1220 | Avg R: 0.0260 | Val Loss: 0.0007 | KL: 0.0091 | LinErr: 0.178 | YawErr: 0.135 | |A|: 0.352 | R>0: 99.32% | Done: 0.00% | Sigma: 0.559 | Steps: 180224000 | Time: 12575.3s
Seed 9018 | Epoch 1105/1220 | Avg R: 0.0250 | Val Loss: 0.0006 | KL: 0.0157 | LinErr: 0.212 | YawErr: 0.138 | |A|: 0.357 | R>0: 99.03% | Done: 0.00% | Sigma: 0.559 | Steps: 181043200 | Time: 12628.7s
Seed 9018 | Epoch 1110/1220 | Avg R: 0.0254 | Val Loss: 0.0006 | KL: 0.0137 | LinErr: 0.188 | YawErr: 0.136 | |A|: 0.359 | R>0: 99.07% | Done: 0.01% | Sigma: 0.559 | Steps: 181862400 | Time: 12682.8s
Seed 9018 | Epoch 1115/1220 | Avg R: 0.0256 | Val Loss: 0.0006 | KL: 0.0159 | LinErr: 0.179 | YawErr: 0.135 | |A|: 0.359 | R>0: 99.09% | Done: 0.00% | Sigma: 0.559 | Steps: 182681600 | Time: 12737.2s
Seed 9018 | Epoch 1120/1220 | Avg R: 0.0258 | Val Loss: 0.0006 | KL: 0.0083 | LinErr: 0.173 | YawErr: 0.134 | |A|: 0.358 | R>0: 99.25% | Done: 0.00% | Sigma: 0.559 | Steps: 183500800 | Time: 12790.9s
Seed 9018 | Epoch 1125/1220 | Avg R: 0.0259 | Val Loss: 0.0005 | KL: 0.0159 | LinErr: 0.173 | YawErr: 0.133 | |A|: 0.358 | R>0: 99.26% | Done: 0.00% | Sigma: 0.559 | Steps: 184320000 | Time: 12845.9s
Seed 9018 | Epoch 1130/1220 | Avg R: 0.0260 | Val Loss: 0.0006 | KL: 0.0105 | LinErr: 0.172 | YawErr: 0.133 | |A|: 0.358 | R>0: 99.29% | Done: 0.00% | Sigma: 0.559 | Steps: 185139200 | Time: 12899.6s
Seed 9018 | Epoch 1135/1220 | Avg R: 0.0261 | Val Loss: 0.0005 | KL: 0.0187 | LinErr: 0.169 | YawErr: 0.133 | |A|: 0.357 | R>0: 99.29% | Done: 0.01% | Sigma: 0.560 | Steps: 185958400 | Time: 12955.2s
Seed 9018 | Epoch 1140/1220 | Avg R: 0.0262 | Val Loss: 0.0006 | KL: 0.0106 | LinErr: 0.166 | YawErr: 0.132 | |A|: 0.357 | R>0: 99.29% | Done: 0.00% | Sigma: 0.560 | Steps: 186777600 | Time: 13009.0s
Seed 9018 | Epoch 1145/1220 | Avg R: 0.0262 | Val Loss: 0.0006 | KL: 0.0081 | LinErr: 0.169 | YawErr: 0.132 | |A|: 0.356 | R>0: 99.34% | Done: 0.00% | Sigma: 0.560 | Steps: 187596800 | Time: 13066.3s
Seed 9018 | Epoch 1150/1220 | Avg R: 0.0263 | Val Loss: 0.0006 | KL: 0.0704 | LinErr: 0.167 | YawErr: 0.132 | |A|: 0.355 | R>0: 99.39% | Done: 0.00% | Sigma: 0.561 | Steps: 188416000 | Time: 13121.3s
Seed 9018 | Epoch 1155/1220 | Avg R: 0.0253 | Val Loss: 0.0006 | KL: 0.0121 | LinErr: 0.202 | YawErr: 0.135 | |A|: 0.361 | R>0: 99.16% | Done: 0.00% | Sigma: 0.561 | Steps: 189235200 | Time: 13174.8s
Seed 9018 | Epoch 1160/1220 | Avg R: 0.0257 | Val Loss: 0.0006 | KL: 0.2151 | LinErr: 0.179 | YawErr: 0.134 | |A|: 0.361 | R>0: 99.22% | Done: 0.00% | Sigma: 0.561 | Steps: 190054400 | Time: 13228.2s
Seed 9018 | Epoch 1165/1220 | Avg R: 0.0260 | Val Loss: 0.0005 | KL: 0.0096 | LinErr: 0.169 | YawErr: 0.132 | |A|: 0.359 | R>0: 99.35% | Done: 0.00% | Sigma: 0.561 | Steps: 190873600 | Time: 13284.4s
Seed 9018 | Epoch 1170/1220 | Avg R: 0.0261 | Val Loss: 0.0005 | KL: 0.0095 | LinErr: 0.167 | YawErr: 0.133 | |A|: 0.360 | R>0: 99.34% | Done: 0.00% | Sigma: 0.561 | Steps: 191692800 | Time: 13337.7s
Seed 9018 | Epoch 1175/1220 | Avg R: 0.0261 | Val Loss: 0.0006 | KL: 0.0187 | LinErr: 0.168 | YawErr: 0.135 | |A|: 0.358 | R>0: 99.30% | Done: 0.01% | Sigma: 0.562 | Steps: 192512000 | Time: 13390.7s
Seed 9018 | Epoch 1180/1220 | Avg R: 0.0262 | Val Loss: 0.0006 | KL: 0.0158 | LinErr: 0.167 | YawErr: 0.133 | |A|: 0.359 | R>0: 99.27% | Done: 0.00% | Sigma: 0.561 | Steps: 193331200 | Time: 13444.1s
Seed 9018 | Epoch 1185/1220 | Avg R: 0.0263 | Val Loss: 0.0005 | KL: 0.0203 | LinErr: 0.164 | YawErr: 0.133 | |A|: 0.357 | R>0: 99.33% | Done: 0.00% | Sigma: 0.561 | Steps: 194150400 | Time: 13497.8s
Seed 9018 | Epoch 1190/1220 | Avg R: 0.0263 | Val Loss: 0.0005 | KL: 0.0193 | LinErr: 0.159 | YawErr: 0.133 | |A|: 0.356 | R>0: 99.35% | Done: 0.00% | Sigma: 0.561 | Steps: 194969600 | Time: 13551.5s
Seed 9018 | Epoch 1195/1220 | Avg R: 0.0263 | Val Loss: 0.0006 | KL: 0.0178 | LinErr: 0.163 | YawErr: 0.132 | |A|: 0.356 | R>0: 99.37% | Done: 0.00% | Sigma: 0.561 | Steps: 195788800 | Time: 13604.9s
Seed 9018 | Epoch 1200/1220 | Avg R: 0.0263 | Val Loss: 0.0006 | KL: 0.0197 | LinErr: 0.160 | YawErr: 0.133 | |A|: 0.356 | R>0: 99.30% | Done: 0.00% | Sigma: 0.561 | Steps: 196608000 | Time: 13658.2s
Seed 9018 | Epoch 1205/1220 | Avg R: 0.0254 | Val Loss: 0.0005 | KL: 0.0157 | LinErr: 0.185 | YawErr: 0.135 | |A|: 0.361 | R>0: 99.11% | Done: 0.01% | Sigma: 0.562 | Steps: 197427200 | Time: 13712.0s
Seed 9018 | Epoch 1210/1220 | Avg R: 0.0258 | Val Loss: 0.0006 | KL: 0.0272 | LinErr: 0.166 | YawErr: 0.132 | |A|: 0.360 | R>0: 99.23% | Done: 0.00% | Sigma: 0.562 | Steps: 198246400 | Time: 13765.1s
Seed 9018 | Epoch 1215/1220 | Avg R: 0.0260 | Val Loss: 0.0005 | KL: 0.0089 | LinErr: 0.161 | YawErr: 0.132 | |A|: 0.360 | R>0: 99.22% | Done: 0.00% | Sigma: 0.562 | Steps: 199065600 | Time: 13818.7s
Seed 9018 | Epoch 1220/1220 | Avg R: 0.0262 | Val Loss: 0.0005 | KL: 0.0125 | LinErr: 0.156 | YawErr: 0.131 | |A|: 0.360 | R>0: 99.30% | Done: 0.00% | Sigma: 0.561 | Steps: 199884800 | Time: 13872.3s
Saved Checkpoint: checkpoints/ppo_v2/ppo_seed9018.pt

=======================================================
  All 1 Seeds Complete! Total Wall Time: 13880.8s
  Results saved to: checkpoints/ppo_v2/ppo_multi_seed_results.json
=======================================================
