--- Starting Multi-Seed Training for Seeds: [13027] ---

=======================================================
  Training Seed 13027 on Device: cuda
=======================================================
Seed 13027 | Epoch 05/760 | Avg R: 0.0062 | Val Loss: 0.0070 | KL: 0.0164 | LinErr: 0.942 | YawErr: 0.728 | |A|: 0.120 | R>0: 75.23% | Done: 0.00% | Sigma: 0.370 | Steps: 1310720 | Time: 15.9s
Seed 13027 | Epoch 10/760 | Avg R: 0.0046 | Val Loss: 0.0057 | KL: 0.0143 | LinErr: 0.945 | YawErr: 0.829 | |A|: 0.173 | R>0: 58.34% | Done: 0.00% | Sigma: 0.372 | Steps: 2621440 | Time: 24.3s
Seed 13027 | Epoch 15/760 | Avg R: 0.0032 | Val Loss: 0.0144 | KL: 0.0173 | LinErr: 1.016 | YawErr: 0.981 | |A|: 0.237 | R>0: 40.36% | Done: 0.52% | Sigma: 0.379 | Steps: 3932160 | Time: 34.3s
Seed 13027 | Epoch 20/760 | Avg R: 0.0022 | Val Loss: 0.0111 | KL: 0.0108 | LinErr: 1.076 | YawErr: 0.942 | |A|: 0.256 | R>0: 29.31% | Done: 2.23% | Sigma: 0.390 | Steps: 5242880 | Time: 46.2s
Seed 13027 | Epoch 25/760 | Avg R: 0.0024 | Val Loss: 0.0025 | KL: 0.0122 | LinErr: 1.107 | YawErr: 0.965 | |A|: 0.264 | R>0: 31.50% | Done: 2.82% | Sigma: 0.394 | Steps: 6553600 | Time: 57.7s
Seed 13027 | Epoch 30/760 | Avg R: 0.0026 | Val Loss: 0.0018 | KL: 0.0138 | LinErr: 1.123 | YawErr: 1.180 | |A|: 0.285 | R>0: 34.48% | Done: 2.81% | Sigma: 0.396 | Steps: 7864320 | Time: 69.5s
Seed 13027 | Epoch 35/760 | Avg R: 0.0020 | Val Loss: 0.0015 | KL: 0.0130 | LinErr: 1.145 | YawErr: 1.470 | |A|: 0.306 | R>0: 27.51% | Done: 2.55% | Sigma: 0.397 | Steps: 9175040 | Time: 80.8s
Seed 13027 | Epoch 40/760 | Avg R: 0.0013 | Val Loss: 0.0008 | KL: 0.0149 | LinErr: 1.193 | YawErr: 1.740 | |A|: 0.309 | R>0: 18.66% | Done: 3.00% | Sigma: 0.403 | Steps: 10485760 | Time: 92.5s
Seed 13027 | Epoch 45/760 | Avg R: 0.0016 | Val Loss: 0.0008 | KL: 0.0168 | LinErr: 1.174 | YawErr: 1.689 | |A|: 0.285 | R>0: 23.18% | Done: 3.55% | Sigma: 0.407 | Steps: 11796480 | Time: 101.8s
Seed 13027 | Epoch 50/760 | Avg R: 0.0029 | Val Loss: 0.0006 | KL: 0.0172 | LinErr: 1.078 | YawErr: 1.448 | |A|: 0.266 | R>0: 39.61% | Done: 2.85% | Sigma: 0.407 | Steps: 13107200 | Time: 109.8s
Seed 13027 | Epoch 55/760 | Avg R: 0.0037 | Val Loss: 0.0004 | KL: 0.0143 | LinErr: 1.011 | YawErr: 0.974 | |A|: 0.266 | R>0: 50.07% | Done: 1.77% | Sigma: 0.405 | Steps: 14417920 | Time: 119.5s
Seed 13027 | Epoch 60/760 | Avg R: 0.0049 | Val Loss: 0.0002 | KL: 0.0155 | LinErr: 0.964 | YawErr: 0.694 | |A|: 0.272 | R>0: 60.19% | Done: 1.10% | Sigma: 0.396 | Steps: 15728640 | Time: 130.9s
Seed 13027 | Epoch 65/760 | Avg R: 0.0061 | Val Loss: 0.0001 | KL: 0.0144 | LinErr: 0.932 | YawErr: 0.605 | |A|: 0.274 | R>0: 69.60% | Done: 0.65% | Sigma: 0.384 | Steps: 17039360 | Time: 142.6s
Seed 13027 | Epoch 70/760 | Avg R: 0.0074 | Val Loss: 0.0001 | KL: 0.0145 | LinErr: 0.902 | YawErr: 0.546 | |A|: 0.274 | R>0: 76.59% | Done: 0.47% | Sigma: 0.372 | Steps: 18350080 | Time: 154.0s
Seed 13027 | Epoch 75/760 | Avg R: 0.0087 | Val Loss: 0.0001 | KL: 0.0146 | LinErr: 0.899 | YawErr: 0.489 | |A|: 0.279 | R>0: 80.67% | Done: 0.43% | Sigma: 0.358 | Steps: 19660800 | Time: 165.7s
Seed 13027 | Epoch 80/760 | Avg R: 0.0097 | Val Loss: 0.0001 | KL: 0.0154 | LinErr: 0.907 | YawErr: 0.454 | |A|: 0.288 | R>0: 82.40% | Done: 0.62% | Sigma: 0.344 | Steps: 20971520 | Time: 177.1s
Seed 13027 | Epoch 85/760 | Avg R: 0.0108 | Val Loss: 0.0001 | KL: 0.0164 | LinErr: 0.902 | YawErr: 0.414 | |A|: 0.293 | R>0: 86.05% | Done: 0.68% | Sigma: 0.332 | Steps: 22282240 | Time: 188.2s
Seed 13027 | Epoch 90/760 | Avg R: 0.0118 | Val Loss: 0.0001 | KL: 0.0158 | LinErr: 0.888 | YawErr: 0.394 | |A|: 0.294 | R>0: 90.37% | Done: 0.47% | Sigma: 0.318 | Steps: 23592960 | Time: 199.5s
Seed 13027 | Epoch 95/760 | Avg R: 0.0121 | Val Loss: 0.0001 | KL: 0.0164 | LinErr: 0.880 | YawErr: 0.416 | |A|: 0.292 | R>0: 92.13% | Done: 0.26% | Sigma: 0.307 | Steps: 24903680 | Time: 211.2s
Seed 13027 | Epoch 100/760 | Avg R: 0.0123 | Val Loss: 0.0001 | KL: 0.0168 | LinErr: 0.872 | YawErr: 0.435 | |A|: 0.288 | R>0: 92.64% | Done: 0.18% | Sigma: 0.297 | Steps: 26214400 | Time: 222.6s
Seed 13027 | Epoch 105/760 | Avg R: 0.0125 | Val Loss: 0.0001 | KL: 0.0181 | LinErr: 0.870 | YawErr: 0.449 | |A|: 0.285 | R>0: 92.89% | Done: 0.19% | Sigma: 0.288 | Steps: 27525120 | Time: 234.4s
Seed 13027 | Epoch 110/760 | Avg R: 0.0129 | Val Loss: 0.0001 | KL: 0.0195 | LinErr: 0.869 | YawErr: 0.434 | |A|: 0.285 | R>0: 94.20% | Done: 0.20% | Sigma: 0.281 | Steps: 28835840 | Time: 245.8s
Seed 13027 | Epoch 115/760 | Avg R: 0.0131 | Val Loss: 0.0001 | KL: 0.0204 | LinErr: 0.865 | YawErr: 0.450 | |A|: 0.284 | R>0: 95.23% | Done: 0.16% | Sigma: 0.274 | Steps: 30146560 | Time: 257.7s
Seed 13027 | Epoch 120/760 | Avg R: 0.0134 | Val Loss: 0.0001 | KL: 0.0216 | LinErr: 0.864 | YawErr: 0.462 | |A|: 0.282 | R>0: 95.93% | Done: 0.11% | Sigma: 0.268 | Steps: 31457280 | Time: 269.1s
Seed 13027 | Epoch 125/760 | Avg R: 0.0136 | Val Loss: 0.0001 | KL: 0.0227 | LinErr: 0.862 | YawErr: 0.466 | |A|: 0.283 | R>0: 96.40% | Done: 0.08% | Sigma: 0.262 | Steps: 32768000 | Time: 280.9s
Seed 13027 | Epoch 130/760 | Avg R: 0.0137 | Val Loss: 0.0001 | KL: 0.0225 | LinErr: 0.861 | YawErr: 0.497 | |A|: 0.282 | R>0: 96.78% | Done: 0.06% | Sigma: 0.258 | Steps: 34078720 | Time: 291.3s
Seed 13027 | Epoch 135/760 | Avg R: 0.0139 | Val Loss: 0.0001 | KL: 0.0215 | LinErr: 0.858 | YawErr: 0.510 | |A|: 0.282 | R>0: 97.48% | Done: 0.06% | Sigma: 0.255 | Steps: 35389440 | Time: 301.5s
Seed 13027 | Epoch 140/760 | Avg R: 0.0140 | Val Loss: 0.0001 | KL: 0.0228 | LinErr: 0.859 | YawErr: 0.512 | |A|: 0.276 | R>0: 98.05% | Done: 0.04% | Sigma: 0.252 | Steps: 36700160 | Time: 312.6s
Seed 13027 | Epoch 145/760 | Avg R: 0.0146 | Val Loss: 0.0001 | KL: 0.0231 | LinErr: 0.852 | YawErr: 0.450 | |A|: 0.268 | R>0: 98.35% | Done: 0.04% | Sigma: 0.250 | Steps: 38010880 | Time: 322.6s
Seed 13027 | Epoch 150/760 | Avg R: 0.0150 | Val Loss: 0.0001 | KL: 0.0188 | LinErr: 0.844 | YawErr: 0.408 | |A|: 0.264 | R>0: 98.63% | Done: 0.01% | Sigma: 0.248 | Steps: 39321600 | Time: 332.6s
Seed 13027 | Epoch 155/760 | Avg R: 0.0149 | Val Loss: 0.0001 | KL: 0.0226 | LinErr: 0.841 | YawErr: 0.444 | |A|: 0.261 | R>0: 98.48% | Done: 0.02% | Sigma: 0.246 | Steps: 40632320 | Time: 342.5s
Seed 13027 | Epoch 160/760 | Avg R: 0.0150 | Val Loss: 0.0001 | KL: 0.0229 | LinErr: 0.836 | YawErr: 0.444 | |A|: 0.258 | R>0: 98.32% | Done: 0.01% | Sigma: 0.244 | Steps: 41943040 | Time: 352.8s
Seed 13027 | Epoch 165/760 | Avg R: 0.0154 | Val Loss: 0.0001 | KL: 0.0197 | LinErr: 0.834 | YawErr: 0.417 | |A|: 0.252 | R>0: 98.24% | Done: 0.01% | Sigma: 0.243 | Steps: 43253760 | Time: 361.7s
Seed 13027 | Epoch 170/760 | Avg R: 0.0155 | Val Loss: 0.0001 | KL: 0.0176 | LinErr: 0.833 | YawErr: 0.416 | |A|: 0.246 | R>0: 98.42% | Done: 0.00% | Sigma: 0.242 | Steps: 44564480 | Time: 370.8s
Seed 13027 | Epoch 175/760 | Avg R: 0.0159 | Val Loss: 0.0001 | KL: 0.0209 | LinErr: 0.830 | YawErr: 0.392 | |A|: 0.244 | R>0: 98.64% | Done: 0.00% | Sigma: 0.240 | Steps: 45875200 | Time: 379.7s
Seed 13027 | Epoch 180/760 | Avg R: 0.0161 | Val Loss: 0.0001 | KL: 0.0213 | LinErr: 0.827 | YawErr: 0.363 | |A|: 0.245 | R>0: 98.61% | Done: 0.00% | Sigma: 0.239 | Steps: 47185920 | Time: 389.7s
Seed 13027 | Epoch 185/760 | Avg R: 0.0163 | Val Loss: 0.0001 | KL: 0.0234 | LinErr: 0.827 | YawErr: 0.340 | |A|: 0.247 | R>0: 98.51% | Done: 0.00% | Sigma: 0.238 | Steps: 48496640 | Time: 399.0s
Seed 13027 | Epoch 190/760 | Avg R: 0.0166 | Val Loss: 0.0001 | KL: 0.0195 | LinErr: 0.824 | YawErr: 0.319 | |A|: 0.246 | R>0: 98.48% | Done: 0.00% | Sigma: 0.235 | Steps: 49807360 | Time: 409.5s
Seed 13027 | Epoch 195/760 | Avg R: 0.0167 | Val Loss: 0.0001 | KL: 0.0205 | LinErr: 0.819 | YawErr: 0.305 | |A|: 0.248 | R>0: 98.30% | Done: 0.00% | Sigma: 0.234 | Steps: 51118080 | Time: 419.7s
Seed 13027 | Epoch 200/760 | Avg R: 0.0167 | Val Loss: 0.0001 | KL: 0.0196 | LinErr: 0.815 | YawErr: 0.313 | |A|: 0.250 | R>0: 98.10% | Done: 0.00% | Sigma: 0.233 | Steps: 52428800 | Time: 428.0s
Seed 13027 | Epoch 205/760 | Avg R: 0.0165 | Val Loss: 0.0001 | KL: 0.0195 | LinErr: 0.815 | YawErr: 0.327 | |A|: 0.246 | R>0: 98.22% | Done: 0.00% | Sigma: 0.233 | Steps: 53739520 | Time: 437.3s
Seed 13027 | Epoch 210/760 | Avg R: 0.0169 | Val Loss: 0.0001 | KL: 0.0209 | LinErr: 0.813 | YawErr: 0.274 | |A|: 0.247 | R>0: 98.57% | Done: 0.01% | Sigma: 0.232 | Steps: 55050240 | Time: 445.7s
Seed 13027 | Epoch 215/760 | Avg R: 0.0171 | Val Loss: 0.0001 | KL: 0.0200 | LinErr: 0.811 | YawErr: 0.250 | |A|: 0.249 | R>0: 98.43% | Done: 0.01% | Sigma: 0.231 | Steps: 56360960 | Time: 454.5s
Seed 13027 | Epoch 220/760 | Avg R: 0.0172 | Val Loss: 0.0001 | KL: 0.0169 | LinErr: 0.806 | YawErr: 0.243 | |A|: 0.253 | R>0: 98.23% | Done: 0.01% | Sigma: 0.230 | Steps: 57671680 | Time: 463.9s
Seed 13027 | Epoch 225/760 | Avg R: 0.0171 | Val Loss: 0.0001 | KL: 0.0234 | LinErr: 0.799 | YawErr: 0.251 | |A|: 0.255 | R>0: 98.32% | Done: 0.00% | Sigma: 0.229 | Steps: 58982400 | Time: 472.8s
Seed 13027 | Epoch 230/760 | Avg R: 0.0171 | Val Loss: 0.0001 | KL: 0.0207 | LinErr: 0.794 | YawErr: 0.260 | |A|: 0.258 | R>0: 98.19% | Done: 0.01% | Sigma: 0.228 | Steps: 60293120 | Time: 481.5s
Seed 13027 | Epoch 235/760 | Avg R: 0.0169 | Val Loss: 0.0001 | KL: 0.0227 | LinErr: 0.795 | YawErr: 0.270 | |A|: 0.259 | R>0: 97.94% | Done: 0.00% | Sigma: 0.228 | Steps: 61603840 | Time: 489.9s
Seed 13027 | Epoch 240/760 | Avg R: 0.0171 | Val Loss: 0.0001 | KL: 0.0193 | LinErr: 0.793 | YawErr: 0.253 | |A|: 0.260 | R>0: 97.88% | Done: 0.01% | Sigma: 0.228 | Steps: 62914560 | Time: 498.4s
Seed 13027 | Epoch 245/760 | Avg R: 0.0173 | Val Loss: 0.0001 | KL: 0.0206 | LinErr: 0.790 | YawErr: 0.230 | |A|: 0.262 | R>0: 97.89% | Done: 0.01% | Sigma: 0.228 | Steps: 64225280 | Time: 507.4s
Seed 13027 | Epoch 250/760 | Avg R: 0.0171 | Val Loss: 0.0002 | KL: 0.0182 | LinErr: 0.785 | YawErr: 0.274 | |A|: 0.263 | R>0: 97.50% | Done: 0.01% | Sigma: 0.228 | Steps: 65536000 | Time: 515.8s
Seed 13027 | Epoch 255/760 | Avg R: 0.0175 | Val Loss: 0.0001 | KL: 0.0233 | LinErr: 0.783 | YawErr: 0.237 | |A|: 0.263 | R>0: 97.75% | Done: 0.01% | Sigma: 0.228 | Steps: 66846720 | Time: 524.6s
Seed 13027 | Epoch 260/760 | Avg R: 0.0175 | Val Loss: 0.0002 | KL: 0.0213 | LinErr: 0.782 | YawErr: 0.227 | |A|: 0.267 | R>0: 97.52% | Done: 0.01% | Sigma: 0.227 | Steps: 68157440 | Time: 533.3s
Seed 13027 | Epoch 265/760 | Avg R: 0.0174 | Val Loss: 0.0001 | KL: 0.0219 | LinErr: 0.782 | YawErr: 0.220 | |A|: 0.274 | R>0: 97.64% | Done: 0.01% | Sigma: 0.227 | Steps: 69468160 | Time: 541.9s
Seed 13027 | Epoch 270/760 | Avg R: 0.0171 | Val Loss: 0.0001 | KL: 0.0218 | LinErr: 0.783 | YawErr: 0.252 | |A|: 0.277 | R>0: 97.19% | Done: 0.01% | Sigma: 0.227 | Steps: 70778880 | Time: 550.8s
Seed 13027 | Epoch 275/760 | Avg R: 0.0171 | Val Loss: 0.0001 | KL: 0.0190 | LinErr: 0.780 | YawErr: 0.252 | |A|: 0.275 | R>0: 97.23% | Done: 0.03% | Sigma: 0.228 | Steps: 72089600 | Time: 559.3s
Seed 13027 | Epoch 280/760 | Avg R: 0.0175 | Val Loss: 0.0001 | KL: 0.0225 | LinErr: 0.776 | YawErr: 0.217 | |A|: 0.276 | R>0: 97.63% | Done: 0.02% | Sigma: 0.228 | Steps: 73400320 | Time: 567.9s
Seed 13027 | Epoch 285/760 | Avg R: 0.0174 | Val Loss: 0.0002 | KL: 0.0225 | LinErr: 0.774 | YawErr: 0.233 | |A|: 0.277 | R>0: 97.52% | Done: 0.02% | Sigma: 0.228 | Steps: 74711040 | Time: 576.8s
Seed 13027 | Epoch 290/760 | Avg R: 0.0175 | Val Loss: 0.0001 | KL: 0.0232 | LinErr: 0.770 | YawErr: 0.235 | |A|: 0.279 | R>0: 97.51% | Done: 0.01% | Sigma: 0.228 | Steps: 76021760 | Time: 585.5s
Seed 13027 | Epoch 295/760 | Avg R: 0.0176 | Val Loss: 0.0001 | KL: 0.0199 | LinErr: 0.768 | YawErr: 0.225 | |A|: 0.278 | R>0: 97.60% | Done: 0.01% | Sigma: 0.228 | Steps: 77332480 | Time: 594.5s
Seed 13027 | Epoch 300/760 | Avg R: 0.0176 | Val Loss: 0.0001 | KL: 0.0173 | LinErr: 0.767 | YawErr: 0.227 | |A|: 0.277 | R>0: 97.69% | Done: 0.01% | Sigma: 0.228 | Steps: 78643200 | Time: 603.0s
Seed 13027 | Epoch 305/760 | Avg R: 0.0177 | Val Loss: 0.0001 | KL: 0.0191 | LinErr: 0.763 | YawErr: 0.228 | |A|: 0.279 | R>0: 97.68% | Done: 0.01% | Sigma: 0.227 | Steps: 79953920 | Time: 611.6s
Seed 13027 | Epoch 310/760 | Avg R: 0.0177 | Val Loss: 0.0001 | KL: 0.0218 | LinErr: 0.764 | YawErr: 0.221 | |A|: 0.280 | R>0: 97.87% | Done: 0.01% | Sigma: 0.228 | Steps: 81264640 | Time: 620.8s
Seed 13027 | Epoch 315/760 | Avg R: 0.0178 | Val Loss: 0.0001 | KL: 0.0227 | LinErr: 0.760 | YawErr: 0.217 | |A|: 0.281 | R>0: 97.89% | Done: 0.00% | Sigma: 0.227 | Steps: 82575360 | Time: 629.3s
Seed 13027 | Epoch 320/760 | Avg R: 0.0178 | Val Loss: 0.0002 | KL: 0.0174 | LinErr: 0.754 | YawErr: 0.235 | |A|: 0.281 | R>0: 97.68% | Done: 0.01% | Sigma: 0.227 | Steps: 83886080 | Time: 637.7s
Seed 13027 | Epoch 325/760 | Avg R: 0.0179 | Val Loss: 0.0002 | KL: 0.0218 | LinErr: 0.749 | YawErr: 0.234 | |A|: 0.281 | R>0: 97.82% | Done: 0.01% | Sigma: 0.227 | Steps: 85196800 | Time: 646.5s
Seed 13027 | Epoch 330/760 | Avg R: 0.0181 | Val Loss: 0.0001 | KL: 0.0205 | LinErr: 0.748 | YawErr: 0.214 | |A|: 0.281 | R>0: 98.07% | Done: 0.01% | Sigma: 0.227 | Steps: 86507520 | Time: 655.0s
Seed 13027 | Epoch 335/760 | Avg R: 0.0182 | Val Loss: 0.0002 | KL: 0.0199 | LinErr: 0.745 | YawErr: 0.203 | |A|: 0.282 | R>0: 98.24% | Done: 0.00% | Sigma: 0.227 | Steps: 87818240 | Time: 663.9s
Seed 13027 | Epoch 340/760 | Avg R: 0.0180 | Val Loss: 0.0002 | KL: 0.0185 | LinErr: 0.742 | YawErr: 0.218 | |A|: 0.284 | R>0: 97.86% | Done: 0.00% | Sigma: 0.227 | Steps: 89128960 | Time: 673.0s
Seed 13027 | Epoch 345/760 | Avg R: 0.0181 | Val Loss: 0.0002 | KL: 0.0206 | LinErr: 0.742 | YawErr: 0.206 | |A|: 0.286 | R>0: 97.94% | Done: 0.00% | Sigma: 0.227 | Steps: 90439680 | Time: 681.6s
Seed 13027 | Epoch 350/760 | Avg R: 0.0181 | Val Loss: 0.0001 | KL: 0.0222 | LinErr: 0.740 | YawErr: 0.206 | |A|: 0.286 | R>0: 97.84% | Done: 0.00% | Sigma: 0.227 | Steps: 91750400 | Time: 690.5s
Seed 13027 | Epoch 355/760 | Avg R: 0.0183 | Val Loss: 0.0001 | KL: 0.0208 | LinErr: 0.738 | YawErr: 0.209 | |A|: 0.288 | R>0: 97.77% | Done: 0.01% | Sigma: 0.226 | Steps: 93061120 | Time: 699.0s
Seed 13027 | Epoch 360/760 | Avg R: 0.0183 | Val Loss: 0.0002 | KL: 0.0190 | LinErr: 0.737 | YawErr: 0.201 | |A|: 0.289 | R>0: 97.77% | Done: 0.01% | Sigma: 0.226 | Steps: 94371840 | Time: 707.8s
Seed 13027 | Epoch 365/760 | Avg R: 0.0185 | Val Loss: 0.0002 | KL: 0.0169 | LinErr: 0.729 | YawErr: 0.202 | |A|: 0.289 | R>0: 97.91% | Done: 0.01% | Sigma: 0.226 | Steps: 95682560 | Time: 716.2s
Seed 13027 | Epoch 370/760 | Avg R: 0.0185 | Val Loss: 0.0002 | KL: 0.0216 | LinErr: 0.723 | YawErr: 0.211 | |A|: 0.289 | R>0: 97.98% | Done: 0.01% | Sigma: 0.226 | Steps: 96993280 | Time: 724.5s
Seed 13027 | Epoch 375/760 | Avg R: 0.0186 | Val Loss: 0.0002 | KL: 0.0210 | LinErr: 0.720 | YawErr: 0.209 | |A|: 0.288 | R>0: 98.09% | Done: 0.01% | Sigma: 0.226 | Steps: 98304000 | Time: 733.2s
Seed 13027 | Epoch 380/760 | Avg R: 0.0187 | Val Loss: 0.0002 | KL: 0.0227 | LinErr: 0.716 | YawErr: 0.204 | |A|: 0.287 | R>0: 98.26% | Done: 0.01% | Sigma: 0.227 | Steps: 99614720 | Time: 741.7s
Seed 13027 | Epoch 385/760 | Avg R: 0.0187 | Val Loss: 0.0002 | KL: 0.0215 | LinErr: 0.710 | YawErr: 0.214 | |A|: 0.287 | R>0: 98.17% | Done: 0.01% | Sigma: 0.227 | Steps: 100925440 | Time: 750.0s
Seed 13027 | Epoch 390/760 | Avg R: 0.0189 | Val Loss: 0.0002 | KL: 0.0231 | LinErr: 0.702 | YawErr: 0.213 | |A|: 0.286 | R>0: 98.24% | Done: 0.01% | Sigma: 0.227 | Steps: 102236160 | Time: 758.8s
Seed 13027 | Epoch 395/760 | Avg R: 0.0190 | Val Loss: 0.0002 | KL: 0.0187 | LinErr: 0.699 | YawErr: 0.206 | |A|: 0.287 | R>0: 98.26% | Done: 0.01% | Sigma: 0.228 | Steps: 103546880 | Time: 767.0s
Seed 13027 | Epoch 400/760 | Avg R: 0.0191 | Val Loss: 0.0002 | KL: 0.0222 | LinErr: 0.689 | YawErr: 0.199 | |A|: 0.288 | R>0: 98.25% | Done: 0.01% | Sigma: 0.228 | Steps: 104857600 | Time: 775.7s
Seed 13027 | Epoch 405/760 | Avg R: 0.0191 | Val Loss: 0.0002 | KL: 0.0215 | LinErr: 0.681 | YawErr: 0.206 | |A|: 0.290 | R>0: 98.08% | Done: 0.01% | Sigma: 0.228 | Steps: 106168320 | Time: 784.3s
Seed 13027 | Epoch 410/760 | Avg R: 0.0191 | Val Loss: 0.0002 | KL: 0.0209 | LinErr: 0.675 | YawErr: 0.208 | |A|: 0.291 | R>0: 97.90% | Done: 0.01% | Sigma: 0.229 | Steps: 107479040 | Time: 792.9s
Seed 13027 | Epoch 415/760 | Avg R: 0.0193 | Val Loss: 0.0003 | KL: 0.0215 | LinErr: 0.665 | YawErr: 0.205 | |A|: 0.290 | R>0: 97.80% | Done: 0.01% | Sigma: 0.230 | Steps: 108789760 | Time: 802.3s
Seed 13027 | Epoch 420/760 | Avg R: 0.0195 | Val Loss: 0.0002 | KL: 0.0221 | LinErr: 0.655 | YawErr: 0.194 | |A|: 0.291 | R>0: 97.95% | Done: 0.01% | Sigma: 0.231 | Steps: 110100480 | Time: 811.0s
Seed 13027 | Epoch 425/760 | Avg R: 0.0196 | Val Loss: 0.0002 | KL: 0.0208 | LinErr: 0.642 | YawErr: 0.199 | |A|: 0.292 | R>0: 97.88% | Done: 0.01% | Sigma: 0.232 | Steps: 111411200 | Time: 820.3s
Seed 13027 | Epoch 430/760 | Avg R: 0.0197 | Val Loss: 0.0002 | KL: 0.0231 | LinErr: 0.632 | YawErr: 0.199 | |A|: 0.293 | R>0: 97.69% | Done: 0.01% | Sigma: 0.232 | Steps: 112721920 | Time: 829.2s
Seed 13027 | Epoch 435/760 | Avg R: 0.0198 | Val Loss: 0.0002 | KL: 0.0258 | LinErr: 0.621 | YawErr: 0.210 | |A|: 0.294 | R>0: 97.64% | Done: 0.01% | Sigma: 0.233 | Steps: 114032640 | Time: 838.0s
Seed 13027 | Epoch 440/760 | Avg R: 0.0201 | Val Loss: 0.0002 | KL: 0.0215 | LinErr: 0.610 | YawErr: 0.201 | |A|: 0.297 | R>0: 97.79% | Done: 0.01% | Sigma: 0.233 | Steps: 115343360 | Time: 846.9s
Seed 13027 | Epoch 445/760 | Avg R: 0.0203 | Val Loss: 0.0002 | KL: 0.0212 | LinErr: 0.604 | YawErr: 0.191 | |A|: 0.298 | R>0: 98.17% | Done: 0.01% | Sigma: 0.233 | Steps: 116654080 | Time: 855.5s
Seed 13027 | Epoch 450/760 | Avg R: 0.0205 | Val Loss: 0.0002 | KL: 0.0139 | LinErr: 0.598 | YawErr: 0.185 | |A|: 0.298 | R>0: 98.26% | Done: 0.01% | Sigma: 0.233 | Steps: 117964800 | Time: 864.1s
Seed 13027 | Epoch 455/760 | Avg R: 0.0206 | Val Loss: 0.0002 | KL: 0.0221 | LinErr: 0.590 | YawErr: 0.183 | |A|: 0.300 | R>0: 98.28% | Done: 0.01% | Sigma: 0.233 | Steps: 119275520 | Time: 873.0s
Seed 13027 | Epoch 460/760 | Avg R: 0.0206 | Val Loss: 0.0002 | KL: 0.0206 | LinErr: 0.587 | YawErr: 0.192 | |A|: 0.301 | R>0: 98.11% | Done: 0.01% | Sigma: 0.234 | Steps: 120586240 | Time: 881.6s
Seed 13027 | Epoch 465/760 | Avg R: 0.0206 | Val Loss: 0.0002 | KL: 0.0210 | LinErr: 0.581 | YawErr: 0.193 | |A|: 0.303 | R>0: 98.24% | Done: 0.01% | Sigma: 0.234 | Steps: 121896960 | Time: 890.5s
Seed 13027 | Epoch 470/760 | Avg R: 0.0207 | Val Loss: 0.0002 | KL: 0.0216 | LinErr: 0.575 | YawErr: 0.177 | |A|: 0.302 | R>0: 98.41% | Done: 0.01% | Sigma: 0.234 | Steps: 123207680 | Time: 899.0s
Seed 13027 | Epoch 475/760 | Avg R: 0.0209 | Val Loss: 0.0002 | KL: 0.0222 | LinErr: 0.564 | YawErr: 0.171 | |A|: 0.304 | R>0: 98.41% | Done: 0.01% | Sigma: 0.235 | Steps: 124518400 | Time: 907.5s
Seed 13027 | Epoch 480/760 | Avg R: 0.0208 | Val Loss: 0.0002 | KL: 0.0191 | LinErr: 0.558 | YawErr: 0.175 | |A|: 0.304 | R>0: 98.35% | Done: 0.01% | Sigma: 0.235 | Steps: 125829120 | Time: 916.4s
Seed 13027 | Epoch 485/760 | Avg R: 0.0209 | Val Loss: 0.0002 | KL: 0.0210 | LinErr: 0.549 | YawErr: 0.186 | |A|: 0.301 | R>0: 98.15% | Done: 0.01% | Sigma: 0.236 | Steps: 127139840 | Time: 924.7s
Seed 13027 | Epoch 490/760 | Avg R: 0.0211 | Val Loss: 0.0002 | KL: 0.0197 | LinErr: 0.540 | YawErr: 0.178 | |A|: 0.301 | R>0: 98.35% | Done: 0.01% | Sigma: 0.236 | Steps: 128450560 | Time: 933.1s
Seed 13027 | Epoch 495/760 | Avg R: 0.0212 | Val Loss: 0.0002 | KL: 0.0185 | LinErr: 0.529 | YawErr: 0.181 | |A|: 0.300 | R>0: 98.31% | Done: 0.01% | Sigma: 0.236 | Steps: 129761280 | Time: 941.8s
Seed 13027 | Epoch 500/760 | Avg R: 0.0213 | Val Loss: 0.0002 | KL: 0.0217 | LinErr: 0.520 | YawErr: 0.176 | |A|: 0.300 | R>0: 98.41% | Done: 0.01% | Sigma: 0.237 | Steps: 131072000 | Time: 950.1s
Seed 13027 | Epoch 505/760 | Avg R: 0.0215 | Val Loss: 0.0002 | KL: 0.0207 | LinErr: 0.506 | YawErr: 0.172 | |A|: 0.301 | R>0: 98.37% | Done: 0.01% | Sigma: 0.238 | Steps: 132382720 | Time: 958.8s
Seed 13027 | Epoch 510/760 | Avg R: 0.0215 | Val Loss: 0.0002 | KL: 0.0193 | LinErr: 0.501 | YawErr: 0.176 | |A|: 0.303 | R>0: 98.28% | Done: 0.01% | Sigma: 0.238 | Steps: 133693440 | Time: 967.1s
Seed 13027 | Epoch 515/760 | Avg R: 0.0216 | Val Loss: 0.0002 | KL: 0.0201 | LinErr: 0.489 | YawErr: 0.174 | |A|: 0.305 | R>0: 98.37% | Done: 0.01% | Sigma: 0.239 | Steps: 135004160 | Time: 975.5s
Seed 13027 | Epoch 520/760 | Avg R: 0.0216 | Val Loss: 0.0002 | KL: 0.0198 | LinErr: 0.481 | YawErr: 0.173 | |A|: 0.307 | R>0: 98.24% | Done: 0.01% | Sigma: 0.239 | Steps: 136314880 | Time: 984.3s
Seed 13027 | Epoch 525/760 | Avg R: 0.0218 | Val Loss: 0.0002 | KL: 0.0197 | LinErr: 0.477 | YawErr: 0.175 | |A|: 0.307 | R>0: 98.19% | Done: 0.01% | Sigma: 0.240 | Steps: 137625600 | Time: 992.6s
Seed 13027 | Epoch 530/760 | Avg R: 0.0219 | Val Loss: 0.0002 | KL: 0.0220 | LinErr: 0.472 | YawErr: 0.178 | |A|: 0.308 | R>0: 98.17% | Done: 0.01% | Sigma: 0.240 | Steps: 138936320 | Time: 1001.0s
Seed 13027 | Epoch 535/760 | Avg R: 0.0220 | Val Loss: 0.0002 | KL: 0.0210 | LinErr: 0.465 | YawErr: 0.171 | |A|: 0.307 | R>0: 98.28% | Done: 0.01% | Sigma: 0.240 | Steps: 140247040 | Time: 1009.7s
Seed 13027 | Epoch 540/760 | Avg R: 0.0222 | Val Loss: 0.0002 | KL: 0.0222 | LinErr: 0.459 | YawErr: 0.171 | |A|: 0.307 | R>0: 98.38% | Done: 0.01% | Sigma: 0.241 | Steps: 141557760 | Time: 1017.9s
Seed 13027 | Epoch 545/760 | Avg R: 0.0215 | Val Loss: 0.0002 | KL: 0.0215 | LinErr: 0.482 | YawErr: 0.184 | |A|: 0.300 | R>0: 97.83% | Done: 0.01% | Sigma: 0.242 | Steps: 142868480 | Time: 1026.6s
Seed 13027 | Epoch 550/760 | Avg R: 0.0204 | Val Loss: 0.0002 | KL: 0.0162 | LinErr: 0.534 | YawErr: 0.188 | |A|: 0.292 | R>0: 97.67% | Done: 0.01% | Sigma: 0.243 | Steps: 144179200 | Time: 1035.1s
Seed 13027 | Epoch 555/760 | Avg R: 0.0200 | Val Loss: 0.0002 | KL: 0.0227 | LinErr: 0.562 | YawErr: 0.186 | |A|: 0.292 | R>0: 97.96% | Done: 0.01% | Sigma: 0.243 | Steps: 145489920 | Time: 1043.8s
Seed 13027 | Epoch 560/760 | Avg R: 0.0200 | Val Loss: 0.0002 | KL: 0.0250 | LinErr: 0.572 | YawErr: 0.179 | |A|: 0.295 | R>0: 98.26% | Done: 0.01% | Sigma: 0.245 | Steps: 146800640 | Time: 1053.9s
Seed 13027 | Epoch 565/760 | Avg R: 0.0203 | Val Loss: 0.0002 | KL: 0.0198 | LinErr: 0.557 | YawErr: 0.170 | |A|: 0.301 | R>0: 98.50% | Done: 0.01% | Sigma: 0.246 | Steps: 148111360 | Time: 1062.3s
Seed 13027 | Epoch 570/760 | Avg R: 0.0206 | Val Loss: 0.0002 | KL: 0.0190 | LinErr: 0.535 | YawErr: 0.170 | |A|: 0.306 | R>0: 98.45% | Done: 0.01% | Sigma: 0.247 | Steps: 149422080 | Time: 1070.9s
Seed 13027 | Epoch 575/760 | Avg R: 0.0208 | Val Loss: 0.0002 | KL: 0.0210 | LinErr: 0.512 | YawErr: 0.175 | |A|: 0.309 | R>0: 98.26% | Done: 0.01% | Sigma: 0.247 | Steps: 150732800 | Time: 1079.2s
Seed 13027 | Epoch 580/760 | Avg R: 0.0209 | Val Loss: 0.0002 | KL: 0.0238 | LinErr: 0.502 | YawErr: 0.178 | |A|: 0.310 | R>0: 98.28% | Done: 0.01% | Sigma: 0.248 | Steps: 152043520 | Time: 1087.4s
Seed 13027 | Epoch 585/760 | Avg R: 0.0209 | Val Loss: 0.0002 | KL: 0.0215 | LinErr: 0.500 | YawErr: 0.174 | |A|: 0.309 | R>0: 98.28% | Done: 0.01% | Sigma: 0.248 | Steps: 153354240 | Time: 1096.0s
Seed 13027 | Epoch 590/760 | Avg R: 0.0208 | Val Loss: 0.0002 | KL: 0.0222 | LinErr: 0.492 | YawErr: 0.178 | |A|: 0.311 | R>0: 98.18% | Done: 0.01% | Sigma: 0.249 | Steps: 154664960 | Time: 1104.3s
Seed 13027 | Epoch 595/760 | Avg R: 0.0210 | Val Loss: 0.0002 | KL: 0.0184 | LinErr: 0.477 | YawErr: 0.172 | |A|: 0.313 | R>0: 98.25% | Done: 0.01% | Sigma: 0.249 | Steps: 155975680 | Time: 1112.5s
Seed 13027 | Epoch 600/760 | Avg R: 0.0214 | Val Loss: 0.0002 | KL: 0.0131 | LinErr: 0.458 | YawErr: 0.167 | |A|: 0.315 | R>0: 98.44% | Done: 0.01% | Sigma: 0.249 | Steps: 157286400 | Time: 1121.1s
Seed 13027 | Epoch 605/760 | Avg R: 0.0216 | Val Loss: 0.0002 | KL: 0.0206 | LinErr: 0.444 | YawErr: 0.168 | |A|: 0.315 | R>0: 98.29% | Done: 0.01% | Sigma: 0.250 | Steps: 158597120 | Time: 1129.3s
Seed 13027 | Epoch 610/760 | Avg R: 0.0217 | Val Loss: 0.0002 | KL: 0.0225 | LinErr: 0.439 | YawErr: 0.170 | |A|: 0.317 | R>0: 98.30% | Done: 0.02% | Sigma: 0.251 | Steps: 159907840 | Time: 1138.0s
Seed 13027 | Epoch 615/760 | Avg R: 0.0219 | Val Loss: 0.0002 | KL: 0.0197 | LinErr: 0.433 | YawErr: 0.162 | |A|: 0.315 | R>0: 98.56% | Done: 0.01% | Sigma: 0.252 | Steps: 161218560 | Time: 1146.2s
Seed 13027 | Epoch 620/760 | Avg R: 0.0220 | Val Loss: 0.0002 | KL: 0.0204 | LinErr: 0.428 | YawErr: 0.160 | |A|: 0.317 | R>0: 98.44% | Done: 0.01% | Sigma: 0.252 | Steps: 162529280 | Time: 1154.5s
Seed 13027 | Epoch 625/760 | Avg R: 0.0222 | Val Loss: 0.0002 | KL: 0.0224 | LinErr: 0.417 | YawErr: 0.158 | |A|: 0.320 | R>0: 98.61% | Done: 0.01% | Sigma: 0.253 | Steps: 163840000 | Time: 1163.1s
Seed 13027 | Epoch 630/760 | Avg R: 0.0223 | Val Loss: 0.0002 | KL: 0.0213 | LinErr: 0.404 | YawErr: 0.160 | |A|: 0.321 | R>0: 98.60% | Done: 0.01% | Sigma: 0.253 | Steps: 165150720 | Time: 1171.4s
Seed 13027 | Epoch 635/760 | Avg R: 0.0225 | Val Loss: 0.0002 | KL: 0.0195 | LinErr: 0.394 | YawErr: 0.157 | |A|: 0.324 | R>0: 98.55% | Done: 0.02% | Sigma: 0.254 | Steps: 166461440 | Time: 1179.7s
Seed 13027 | Epoch 640/760 | Avg R: 0.0226 | Val Loss: 0.0002 | KL: 0.0233 | LinErr: 0.384 | YawErr: 0.157 | |A|: 0.322 | R>0: 98.52% | Done: 0.01% | Sigma: 0.254 | Steps: 167772160 | Time: 1188.3s
Seed 13027 | Epoch 645/760 | Avg R: 0.0227 | Val Loss: 0.0002 | KL: 0.0223 | LinErr: 0.373 | YawErr: 0.157 | |A|: 0.321 | R>0: 98.49% | Done: 0.02% | Sigma: 0.255 | Steps: 169082880 | Time: 1196.6s
Seed 13027 | Epoch 650/760 | Avg R: 0.0229 | Val Loss: 0.0002 | KL: 0.0196 | LinErr: 0.364 | YawErr: 0.152 | |A|: 0.322 | R>0: 98.70% | Done: 0.01% | Sigma: 0.255 | Steps: 170393600 | Time: 1205.3s
Seed 13027 | Epoch 655/760 | Avg R: 0.0231 | Val Loss: 0.0002 | KL: 0.0209 | LinErr: 0.359 | YawErr: 0.149 | |A|: 0.324 | R>0: 98.75% | Done: 0.01% | Sigma: 0.256 | Steps: 171704320 | Time: 1213.5s
Seed 13027 | Epoch 660/760 | Avg R: 0.0232 | Val Loss: 0.0002 | KL: 0.0204 | LinErr: 0.349 | YawErr: 0.145 | |A|: 0.324 | R>0: 98.79% | Done: 0.02% | Sigma: 0.257 | Steps: 173015040 | Time: 1222.0s
Seed 13027 | Epoch 665/760 | Avg R: 0.0233 | Val Loss: 0.0002 | KL: 0.0194 | LinErr: 0.339 | YawErr: 0.146 | |A|: 0.324 | R>0: 98.67% | Done: 0.02% | Sigma: 0.257 | Steps: 174325760 | Time: 1230.7s
Seed 13027 | Epoch 670/760 | Avg R: 0.0235 | Val Loss: 0.0002 | KL: 0.0209 | LinErr: 0.330 | YawErr: 0.145 | |A|: 0.323 | R>0: 98.83% | Done: 0.02% | Sigma: 0.258 | Steps: 175636480 | Time: 1239.0s
Seed 13027 | Epoch 675/760 | Avg R: 0.0236 | Val Loss: 0.0002 | KL: 0.0218 | LinErr: 0.322 | YawErr: 0.143 | |A|: 0.323 | R>0: 98.80% | Done: 0.02% | Sigma: 0.258 | Steps: 176947200 | Time: 1247.7s
Seed 13027 | Epoch 680/760 | Avg R: 0.0238 | Val Loss: 0.0002 | KL: 0.0213 | LinErr: 0.318 | YawErr: 0.140 | |A|: 0.325 | R>0: 98.82% | Done: 0.01% | Sigma: 0.259 | Steps: 178257920 | Time: 1256.2s
Seed 13027 | Epoch 685/760 | Avg R: 0.0240 | Val Loss: 0.0002 | KL: 0.0209 | LinErr: 0.311 | YawErr: 0.141 | |A|: 0.326 | R>0: 98.75% | Done: 0.02% | Sigma: 0.260 | Steps: 179568640 | Time: 1264.7s
Seed 13027 | Epoch 690/760 | Avg R: 0.0241 | Val Loss: 0.0002 | KL: 0.0168 | LinErr: 0.304 | YawErr: 0.138 | |A|: 0.326 | R>0: 98.80% | Done: 0.01% | Sigma: 0.260 | Steps: 180879360 | Time: 1273.6s
Seed 13027 | Epoch 695/760 | Avg R: 0.0242 | Val Loss: 0.0002 | KL: 0.0215 | LinErr: 0.301 | YawErr: 0.140 | |A|: 0.326 | R>0: 98.86% | Done: 0.01% | Sigma: 0.261 | Steps: 182190080 | Time: 1282.0s
Seed 13027 | Epoch 700/760 | Avg R: 0.0244 | Val Loss: 0.0002 | KL: 0.0226 | LinErr: 0.294 | YawErr: 0.136 | |A|: 0.327 | R>0: 98.91% | Done: 0.01% | Sigma: 0.261 | Steps: 183500800 | Time: 1290.4s
Seed 13027 | Epoch 705/760 | Avg R: 0.0244 | Val Loss: 0.0002 | KL: 0.0165 | LinErr: 0.290 | YawErr: 0.136 | |A|: 0.329 | R>0: 98.89% | Done: 0.02% | Sigma: 0.262 | Steps: 184811520 | Time: 1299.1s
Seed 13027 | Epoch 710/760 | Avg R: 0.0246 | Val Loss: 0.0002 | KL: 0.0180 | LinErr: 0.284 | YawErr: 0.134 | |A|: 0.328 | R>0: 99.00% | Done: 0.01% | Sigma: 0.262 | Steps: 186122240 | Time: 1307.4s
Seed 13027 | Epoch 715/760 | Avg R: 0.0247 | Val Loss: 0.0002 | KL: 0.0188 | LinErr: 0.281 | YawErr: 0.134 | |A|: 0.329 | R>0: 98.95% | Done: 0.02% | Sigma: 0.263 | Steps: 187432960 | Time: 1316.3s
Seed 13027 | Epoch 720/760 | Avg R: 0.0248 | Val Loss: 0.0002 | KL: 0.0205 | LinErr: 0.272 | YawErr: 0.135 | |A|: 0.328 | R>0: 98.90% | Done: 0.01% | Sigma: 0.264 | Steps: 188743680 | Time: 1324.7s
Seed 13027 | Epoch 725/760 | Avg R: 0.0249 | Val Loss: 0.0002 | KL: 0.0218 | LinErr: 0.266 | YawErr: 0.131 | |A|: 0.327 | R>0: 99.08% | Done: 0.02% | Sigma: 0.265 | Steps: 190054400 | Time: 1333.2s
Seed 13027 | Epoch 730/760 | Avg R: 0.0249 | Val Loss: 0.0002 | KL: 0.0216 | LinErr: 0.260 | YawErr: 0.131 | |A|: 0.328 | R>0: 99.04% | Done: 0.02% | Sigma: 0.265 | Steps: 191365120 | Time: 1342.0s
Seed 13027 | Epoch 735/760 | Avg R: 0.0250 | Val Loss: 0.0002 | KL: 0.0204 | LinErr: 0.257 | YawErr: 0.133 | |A|: 0.328 | R>0: 98.99% | Done: 0.02% | Sigma: 0.266 | Steps: 192675840 | Time: 1350.3s
Seed 13027 | Epoch 740/760 | Avg R: 0.0252 | Val Loss: 0.0002 | KL: 0.0199 | LinErr: 0.249 | YawErr: 0.131 | |A|: 0.327 | R>0: 99.07% | Done: 0.01% | Sigma: 0.267 | Steps: 193986560 | Time: 1358.6s
Seed 13027 | Epoch 745/760 | Avg R: 0.0253 | Val Loss: 0.0002 | KL: 0.0179 | LinErr: 0.244 | YawErr: 0.131 | |A|: 0.328 | R>0: 99.08% | Done: 0.01% | Sigma: 0.268 | Steps: 195297280 | Time: 1367.2s
Seed 13027 | Epoch 750/760 | Avg R: 0.0254 | Val Loss: 0.0002 | KL: 0.0169 | LinErr: 0.238 | YawErr: 0.128 | |A|: 0.328 | R>0: 99.09% | Done: 0.01% | Sigma: 0.269 | Steps: 196608000 | Time: 1375.6s
Seed 13027 | Epoch 755/760 | Avg R: 0.0253 | Val Loss: 0.0002 | KL: 0.0230 | LinErr: 0.233 | YawErr: 0.129 | |A|: 0.328 | R>0: 99.04% | Done: 0.01% | Sigma: 0.269 | Steps: 197918720 | Time: 1384.4s
Seed 13027 | Epoch 760/760 | Avg R: 0.0256 | Val Loss: 0.0002 | KL: 0.0229 | LinErr: 0.229 | YawErr: 0.128 | |A|: 0.328 | R>0: 99.13% | Done: 0.01% | Sigma: 0.270 | Steps: 199229440 | Time: 1392.6s
Saved Checkpoint: checkpoints/ppo_v2/ppo_seed13027.pt

=======================================================
  All 1 Seeds Complete! Total Wall Time: 1400.5s
  Results saved to: checkpoints/ppo_v2/ppo_multi_seed_results.json
=======================================================
