--- Starting Multi-Seed Training for Seeds: [9033] ---

=======================================================
  Training Seed 9033 on Device: cuda
=======================================================
Seed 9033 | Epoch 05/1220 | Avg R: 0.0069 | Val Loss: 0.0029 | KL: 0.0064 | LinErr: 0.892 | YawErr: 0.691 | |A|: 0.115 | R>0: 74.15% | Done: 0.33% | Sigma: 0.375 | Steps: 819200 | Time: 61.5s
Seed 9033 | Epoch 10/1220 | Avg R: 0.0111 | Val Loss: 0.0012 | KL: 0.0071 | LinErr: 0.855 | YawErr: 0.635 | |A|: 0.119 | R>0: 95.49% | Done: 0.06% | Sigma: 0.372 | Steps: 1638400 | Time: 117.2s
Seed 9033 | Epoch 15/1220 | Avg R: 0.0133 | Val Loss: 0.0009 | KL: 0.0070 | LinErr: 0.827 | YawErr: 0.585 | |A|: 0.121 | R>0: 98.97% | Done: 0.01% | Sigma: 0.364 | Steps: 2457600 | Time: 173.4s
Seed 9033 | Epoch 20/1220 | Avg R: 0.0146 | Val Loss: 0.0009 | KL: 0.0079 | LinErr: 0.812 | YawErr: 0.536 | |A|: 0.122 | R>0: 99.57% | Done: 0.00% | Sigma: 0.356 | Steps: 3276800 | Time: 229.3s
Seed 9033 | Epoch 25/1220 | Avg R: 0.0155 | Val Loss: 0.0007 | KL: 0.0085 | LinErr: 0.796 | YawErr: 0.502 | |A|: 0.124 | R>0: 99.69% | Done: 0.00% | Sigma: 0.349 | Steps: 4096000 | Time: 285.4s
Seed 9033 | Epoch 30/1220 | Avg R: 0.0163 | Val Loss: 0.0008 | KL: 0.0091 | LinErr: 0.785 | YawErr: 0.483 | |A|: 0.124 | R>0: 99.83% | Done: 0.00% | Sigma: 0.342 | Steps: 4915200 | Time: 341.6s
Seed 9033 | Epoch 35/1220 | Avg R: 0.0168 | Val Loss: 0.0007 | KL: 0.0097 | LinErr: 0.776 | YawErr: 0.468 | |A|: 0.124 | R>0: 99.85% | Done: 0.00% | Sigma: 0.336 | Steps: 5734400 | Time: 397.8s
Seed 9033 | Epoch 40/1220 | Avg R: 0.0174 | Val Loss: 0.0007 | KL: 0.0110 | LinErr: 0.765 | YawErr: 0.455 | |A|: 0.129 | R>0: 99.87% | Done: 0.00% | Sigma: 0.330 | Steps: 6553600 | Time: 453.9s
Seed 9033 | Epoch 45/1220 | Avg R: 0.0178 | Val Loss: 0.0006 | KL: 0.0115 | LinErr: 0.760 | YawErr: 0.452 | |A|: 0.134 | R>0: 99.82% | Done: 0.00% | Sigma: 0.325 | Steps: 7372800 | Time: 510.1s
Seed 9033 | Epoch 50/1220 | Avg R: 0.0183 | Val Loss: 0.0006 | KL: 0.0115 | LinErr: 0.752 | YawErr: 0.427 | |A|: 0.137 | R>0: 99.88% | Done: 0.00% | Sigma: 0.320 | Steps: 8192000 | Time: 566.7s
Seed 9033 | Epoch 55/1220 | Avg R: 0.0152 | Val Loss: 0.0005 | KL: 0.0135 | LinErr: 0.857 | YawErr: 0.564 | |A|: 0.148 | R>0: 99.50% | Done: 0.01% | Sigma: 0.317 | Steps: 9011200 | Time: 623.3s
Seed 9033 | Epoch 60/1220 | Avg R: 0.0158 | Val Loss: 0.0006 | KL: 0.0141 | LinErr: 0.845 | YawErr: 0.563 | |A|: 0.156 | R>0: 99.54% | Done: 0.00% | Sigma: 0.311 | Steps: 9830400 | Time: 680.2s
Seed 9033 | Epoch 65/1220 | Avg R: 0.0166 | Val Loss: 0.0005 | KL: 0.0147 | LinErr: 0.822 | YawErr: 0.539 | |A|: 0.159 | R>0: 99.62% | Done: 0.01% | Sigma: 0.308 | Steps: 10649600 | Time: 736.6s
Seed 9033 | Epoch 70/1220 | Avg R: 0.0172 | Val Loss: 0.0005 | KL: 0.0143 | LinErr: 0.808 | YawErr: 0.516 | |A|: 0.162 | R>0: 99.65% | Done: 0.01% | Sigma: 0.304 | Steps: 11468800 | Time: 793.2s
Seed 9033 | Epoch 75/1220 | Avg R: 0.0177 | Val Loss: 0.0005 | KL: 0.0152 | LinErr: 0.795 | YawErr: 0.485 | |A|: 0.165 | R>0: 99.67% | Done: 0.00% | Sigma: 0.301 | Steps: 12288000 | Time: 850.0s
Seed 9033 | Epoch 80/1220 | Avg R: 0.0182 | Val Loss: 0.0006 | KL: 0.0151 | LinErr: 0.783 | YawErr: 0.461 | |A|: 0.171 | R>0: 99.66% | Done: 0.00% | Sigma: 0.299 | Steps: 13107200 | Time: 906.6s
Seed 9033 | Epoch 85/1220 | Avg R: 0.0185 | Val Loss: 0.0006 | KL: 0.0152 | LinErr: 0.774 | YawErr: 0.445 | |A|: 0.179 | R>0: 99.65% | Done: 0.00% | Sigma: 0.298 | Steps: 13926400 | Time: 963.7s
Seed 9033 | Epoch 90/1220 | Avg R: 0.0187 | Val Loss: 0.0006 | KL: 0.0177 | LinErr: 0.763 | YawErr: 0.445 | |A|: 0.186 | R>0: 99.56% | Done: 0.00% | Sigma: 0.298 | Steps: 14745600 | Time: 1019.8s
Seed 9033 | Epoch 95/1220 | Avg R: 0.0189 | Val Loss: 0.0005 | KL: 0.0159 | LinErr: 0.758 | YawErr: 0.444 | |A|: 0.194 | R>0: 99.47% | Done: 0.00% | Sigma: 0.299 | Steps: 15564800 | Time: 1076.7s
Seed 9033 | Epoch 100/1220 | Avg R: 0.0192 | Val Loss: 0.0006 | KL: 0.0149 | LinErr: 0.752 | YawErr: 0.418 | |A|: 0.193 | R>0: 99.44% | Done: 0.00% | Sigma: 0.298 | Steps: 16384000 | Time: 1133.4s
Seed 9033 | Epoch 105/1220 | Avg R: 0.0161 | Val Loss: 0.0005 | KL: 0.0170 | LinErr: 0.853 | YawErr: 0.548 | |A|: 0.206 | R>0: 98.88% | Done: 0.00% | Sigma: 0.296 | Steps: 17203200 | Time: 1189.9s
Seed 9033 | Epoch 110/1220 | Avg R: 0.0164 | Val Loss: 0.0005 | KL: 0.0181 | LinErr: 0.841 | YawErr: 0.565 | |A|: 0.220 | R>0: 98.78% | Done: 0.00% | Sigma: 0.295 | Steps: 18022400 | Time: 1246.6s
Seed 9033 | Epoch 115/1220 | Avg R: 0.0171 | Val Loss: 0.0005 | KL: 0.0184 | LinErr: 0.819 | YawErr: 0.520 | |A|: 0.224 | R>0: 98.89% | Done: 0.00% | Sigma: 0.294 | Steps: 18841600 | Time: 1303.0s
Seed 9033 | Epoch 120/1220 | Avg R: 0.0176 | Val Loss: 0.0005 | KL: 0.0164 | LinErr: 0.806 | YawErr: 0.487 | |A|: 0.227 | R>0: 98.96% | Done: 0.00% | Sigma: 0.294 | Steps: 19660800 | Time: 1360.1s
Seed 9033 | Epoch 125/1220 | Avg R: 0.0179 | Val Loss: 0.0005 | KL: 0.0177 | LinErr: 0.793 | YawErr: 0.479 | |A|: 0.235 | R>0: 98.72% | Done: 0.00% | Sigma: 0.294 | Steps: 20480000 | Time: 1416.3s
Seed 9033 | Epoch 130/1220 | Avg R: 0.0183 | Val Loss: 0.0006 | KL: 0.0179 | LinErr: 0.782 | YawErr: 0.448 | |A|: 0.232 | R>0: 98.94% | Done: 0.00% | Sigma: 0.295 | Steps: 21299200 | Time: 1472.8s
Seed 9033 | Epoch 135/1220 | Avg R: 0.0186 | Val Loss: 0.0005 | KL: 0.0174 | LinErr: 0.772 | YawErr: 0.442 | |A|: 0.223 | R>0: 98.86% | Done: 0.00% | Sigma: 0.296 | Steps: 22118400 | Time: 1529.4s
Seed 9033 | Epoch 140/1220 | Avg R: 0.0189 | Val Loss: 0.0006 | KL: 0.0181 | LinErr: 0.759 | YawErr: 0.426 | |A|: 0.232 | R>0: 98.90% | Done: 0.00% | Sigma: 0.298 | Steps: 22937600 | Time: 1585.5s
Seed 9033 | Epoch 145/1220 | Avg R: 0.0190 | Val Loss: 0.0005 | KL: 0.0176 | LinErr: 0.757 | YawErr: 0.430 | |A|: 0.235 | R>0: 98.42% | Done: 0.00% | Sigma: 0.298 | Steps: 23756800 | Time: 1641.5s
Seed 9033 | Epoch 150/1220 | Avg R: 0.0194 | Val Loss: 0.0005 | KL: 0.0176 | LinErr: 0.749 | YawErr: 0.389 | |A|: 0.231 | R>0: 98.86% | Done: 0.00% | Sigma: 0.299 | Steps: 24576000 | Time: 1698.5s
Seed 9033 | Epoch 155/1220 | Avg R: 0.0159 | Val Loss: 0.0004 | KL: 0.0199 | LinErr: 0.848 | YawErr: 0.605 | |A|: 0.247 | R>0: 96.98% | Done: 0.01% | Sigma: 0.299 | Steps: 25395200 | Time: 1754.8s
Seed 9033 | Epoch 160/1220 | Avg R: 0.0164 | Val Loss: 0.0005 | KL: 0.0203 | LinErr: 0.838 | YawErr: 0.529 | |A|: 0.261 | R>0: 97.35% | Done: 0.01% | Sigma: 0.300 | Steps: 26214400 | Time: 1811.3s
Seed 9033 | Epoch 165/1220 | Avg R: 0.0170 | Val Loss: 0.0005 | KL: 0.0197 | LinErr: 0.817 | YawErr: 0.508 | |A|: 0.264 | R>0: 97.50% | Done: 0.01% | Sigma: 0.301 | Steps: 27033600 | Time: 1867.8s
Seed 9033 | Epoch 170/1220 | Avg R: 0.0176 | Val Loss: 0.0005 | KL: 0.0196 | LinErr: 0.801 | YawErr: 0.475 | |A|: 0.261 | R>0: 97.80% | Done: 0.00% | Sigma: 0.301 | Steps: 27852800 | Time: 1923.8s
Seed 9033 | Epoch 175/1220 | Avg R: 0.0178 | Val Loss: 0.0005 | KL: 0.0202 | LinErr: 0.789 | YawErr: 0.469 | |A|: 0.260 | R>0: 97.64% | Done: 0.00% | Sigma: 0.302 | Steps: 28672000 | Time: 1979.8s
Seed 9033 | Epoch 180/1220 | Avg R: 0.0181 | Val Loss: 0.0005 | KL: 0.0204 | LinErr: 0.779 | YawErr: 0.437 | |A|: 0.261 | R>0: 97.73% | Done: 0.01% | Sigma: 0.303 | Steps: 29491200 | Time: 2036.6s
Seed 9033 | Epoch 185/1220 | Avg R: 0.0185 | Val Loss: 0.0005 | KL: 0.0194 | LinErr: 0.768 | YawErr: 0.436 | |A|: 0.252 | R>0: 97.93% | Done: 0.00% | Sigma: 0.304 | Steps: 30310400 | Time: 2093.1s
Seed 9033 | Epoch 190/1220 | Avg R: 0.0188 | Val Loss: 0.0005 | KL: 0.0193 | LinErr: 0.758 | YawErr: 0.413 | |A|: 0.256 | R>0: 97.98% | Done: 0.00% | Sigma: 0.305 | Steps: 31129600 | Time: 2149.9s
Seed 9033 | Epoch 195/1220 | Avg R: 0.0190 | Val Loss: 0.0005 | KL: 0.0188 | LinErr: 0.752 | YawErr: 0.406 | |A|: 0.258 | R>0: 97.77% | Done: 0.00% | Sigma: 0.306 | Steps: 31948800 | Time: 2205.2s
Seed 9033 | Epoch 200/1220 | Avg R: 0.0192 | Val Loss: 0.0005 | KL: 0.0203 | LinErr: 0.745 | YawErr: 0.397 | |A|: 0.258 | R>0: 97.98% | Done: 0.00% | Sigma: 0.307 | Steps: 32768000 | Time: 2262.0s
Seed 9033 | Epoch 205/1220 | Avg R: 0.0163 | Val Loss: 0.0004 | KL: 0.0218 | LinErr: 0.839 | YawErr: 0.515 | |A|: 0.277 | R>0: 96.52% | Done: 0.00% | Sigma: 0.308 | Steps: 33587200 | Time: 2319.0s
Seed 9033 | Epoch 210/1220 | Avg R: 0.0165 | Val Loss: 0.0005 | KL: 0.0208 | LinErr: 0.832 | YawErr: 0.507 | |A|: 0.283 | R>0: 96.59% | Done: 0.00% | Sigma: 0.309 | Steps: 34406400 | Time: 2374.6s
Seed 9033 | Epoch 215/1220 | Avg R: 0.0171 | Val Loss: 0.0005 | KL: 0.0212 | LinErr: 0.812 | YawErr: 0.476 | |A|: 0.289 | R>0: 96.66% | Done: 0.01% | Sigma: 0.310 | Steps: 35225600 | Time: 2430.8s
Seed 9033 | Epoch 220/1220 | Avg R: 0.0176 | Val Loss: 0.0005 | KL: 0.0214 | LinErr: 0.798 | YawErr: 0.439 | |A|: 0.290 | R>0: 97.11% | Done: 0.00% | Sigma: 0.310 | Steps: 36044800 | Time: 2486.2s
Seed 9033 | Epoch 225/1220 | Avg R: 0.0178 | Val Loss: 0.0004 | KL: 0.0197 | LinErr: 0.786 | YawErr: 0.437 | |A|: 0.288 | R>0: 97.20% | Done: 0.00% | Sigma: 0.312 | Steps: 36864000 | Time: 2542.2s
Seed 9033 | Epoch 230/1220 | Avg R: 0.0182 | Val Loss: 0.0005 | KL: 0.0214 | LinErr: 0.775 | YawErr: 0.408 | |A|: 0.293 | R>0: 97.02% | Done: 0.01% | Sigma: 0.312 | Steps: 37683200 | Time: 2598.3s
Seed 9033 | Epoch 235/1220 | Avg R: 0.0185 | Val Loss: 0.0005 | KL: 0.0196 | LinErr: 0.765 | YawErr: 0.390 | |A|: 0.291 | R>0: 97.29% | Done: 0.00% | Sigma: 0.313 | Steps: 38502400 | Time: 2655.0s
Seed 9033 | Epoch 240/1220 | Avg R: 0.0187 | Val Loss: 0.0005 | KL: 0.0208 | LinErr: 0.754 | YawErr: 0.394 | |A|: 0.288 | R>0: 97.25% | Done: 0.01% | Sigma: 0.315 | Steps: 39321600 | Time: 2711.4s
Seed 9033 | Epoch 245/1220 | Avg R: 0.0189 | Val Loss: 0.0004 | KL: 0.0194 | LinErr: 0.749 | YawErr: 0.380 | |A|: 0.285 | R>0: 97.44% | Done: 0.00% | Sigma: 0.316 | Steps: 40140800 | Time: 2766.6s
Seed 9033 | Epoch 250/1220 | Avg R: 0.0191 | Val Loss: 0.0005 | KL: 0.0174 | LinErr: 0.744 | YawErr: 0.359 | |A|: 0.292 | R>0: 97.42% | Done: 0.00% | Sigma: 0.317 | Steps: 40960000 | Time: 2821.6s
Seed 9033 | Epoch 255/1220 | Avg R: 0.0164 | Val Loss: 0.0004 | KL: 0.0208 | LinErr: 0.830 | YawErr: 0.434 | |A|: 0.316 | R>0: 95.76% | Done: 0.00% | Sigma: 0.318 | Steps: 41779200 | Time: 2876.5s
Seed 9033 | Epoch 260/1220 | Avg R: 0.0165 | Val Loss: 0.0005 | KL: 0.0225 | LinErr: 0.824 | YawErr: 0.441 | |A|: 0.317 | R>0: 96.03% | Done: 0.01% | Sigma: 0.319 | Steps: 42598400 | Time: 2931.7s
Seed 9033 | Epoch 265/1220 | Avg R: 0.0169 | Val Loss: 0.0005 | KL: 0.0174 | LinErr: 0.805 | YawErr: 0.448 | |A|: 0.321 | R>0: 95.80% | Done: 0.01% | Sigma: 0.320 | Steps: 43417600 | Time: 2986.7s
Seed 9033 | Epoch 270/1220 | Avg R: 0.0173 | Val Loss: 0.0005 | KL: 0.0221 | LinErr: 0.795 | YawErr: 0.409 | |A|: 0.325 | R>0: 96.28% | Done: 0.01% | Sigma: 0.321 | Steps: 44236800 | Time: 3042.8s
Seed 9033 | Epoch 275/1220 | Avg R: 0.0178 | Val Loss: 0.0004 | KL: 0.0211 | LinErr: 0.780 | YawErr: 0.386 | |A|: 0.321 | R>0: 96.51% | Done: 0.00% | Sigma: 0.323 | Steps: 45056000 | Time: 3098.5s
Seed 9033 | Epoch 280/1220 | Avg R: 0.0180 | Val Loss: 0.0005 | KL: 0.0195 | LinErr: 0.771 | YawErr: 0.378 | |A|: 0.322 | R>0: 96.65% | Done: 0.00% | Sigma: 0.324 | Steps: 45875200 | Time: 3154.4s
Seed 9033 | Epoch 285/1220 | Avg R: 0.0183 | Val Loss: 0.0005 | KL: 0.0188 | LinErr: 0.762 | YawErr: 0.367 | |A|: 0.327 | R>0: 96.66% | Done: 0.01% | Sigma: 0.325 | Steps: 46694400 | Time: 3209.7s
Seed 9033 | Epoch 290/1220 | Avg R: 0.0187 | Val Loss: 0.0005 | KL: 0.0219 | LinErr: 0.751 | YawErr: 0.350 | |A|: 0.330 | R>0: 96.93% | Done: 0.00% | Sigma: 0.327 | Steps: 47513600 | Time: 3264.9s
Seed 9033 | Epoch 295/1220 | Avg R: 0.0187 | Val Loss: 0.0005 | KL: 0.0213 | LinErr: 0.747 | YawErr: 0.351 | |A|: 0.328 | R>0: 96.64% | Done: 0.00% | Sigma: 0.329 | Steps: 48332800 | Time: 3320.9s
Seed 9033 | Epoch 300/1220 | Avg R: 0.0190 | Val Loss: 0.0005 | KL: 0.0189 | LinErr: 0.735 | YawErr: 0.327 | |A|: 0.326 | R>0: 96.83% | Done: 0.01% | Sigma: 0.330 | Steps: 49152000 | Time: 3375.6s
Seed 9033 | Epoch 305/1220 | Avg R: 0.0167 | Val Loss: 0.0004 | KL: 0.0181 | LinErr: 0.827 | YawErr: 0.376 | |A|: 0.346 | R>0: 95.93% | Done: 0.01% | Sigma: 0.331 | Steps: 49971200 | Time: 3431.5s
Seed 9033 | Epoch 310/1220 | Avg R: 0.0167 | Val Loss: 0.0005 | KL: 0.0174 | LinErr: 0.821 | YawErr: 0.416 | |A|: 0.349 | R>0: 95.50% | Done: 0.00% | Sigma: 0.332 | Steps: 50790400 | Time: 3486.3s
Seed 9033 | Epoch 315/1220 | Avg R: 0.0172 | Val Loss: 0.0005 | KL: 0.0221 | LinErr: 0.801 | YawErr: 0.395 | |A|: 0.351 | R>0: 95.64% | Done: 0.00% | Sigma: 0.335 | Steps: 51609600 | Time: 3542.4s
Seed 9033 | Epoch 320/1220 | Avg R: 0.0175 | Val Loss: 0.0004 | KL: 0.0225 | LinErr: 0.788 | YawErr: 0.372 | |A|: 0.349 | R>0: 95.60% | Done: 0.00% | Sigma: 0.337 | Steps: 52428800 | Time: 3598.4s
Seed 9033 | Epoch 325/1220 | Avg R: 0.0180 | Val Loss: 0.0004 | KL: 0.0211 | LinErr: 0.775 | YawErr: 0.329 | |A|: 0.346 | R>0: 96.44% | Done: 0.00% | Sigma: 0.338 | Steps: 53248000 | Time: 3653.6s
Seed 9033 | Epoch 330/1220 | Avg R: 0.0183 | Val Loss: 0.0005 | KL: 0.0215 | LinErr: 0.766 | YawErr: 0.336 | |A|: 0.341 | R>0: 96.37% | Done: 0.00% | Sigma: 0.340 | Steps: 54067200 | Time: 3709.6s
Seed 9033 | Epoch 335/1220 | Avg R: 0.0185 | Val Loss: 0.0005 | KL: 0.0199 | LinErr: 0.757 | YawErr: 0.327 | |A|: 0.341 | R>0: 96.74% | Done: 0.00% | Sigma: 0.341 | Steps: 54886400 | Time: 3765.3s
Seed 9033 | Epoch 340/1220 | Avg R: 0.0187 | Val Loss: 0.0005 | KL: 0.0187 | LinErr: 0.749 | YawErr: 0.313 | |A|: 0.341 | R>0: 96.73% | Done: 0.00% | Sigma: 0.343 | Steps: 55705600 | Time: 3820.5s
Seed 9033 | Epoch 345/1220 | Avg R: 0.0188 | Val Loss: 0.0005 | KL: 0.0189 | LinErr: 0.744 | YawErr: 0.302 | |A|: 0.336 | R>0: 96.60% | Done: 0.01% | Sigma: 0.343 | Steps: 56524800 | Time: 3874.8s
Seed 9033 | Epoch 350/1220 | Avg R: 0.0191 | Val Loss: 0.0005 | KL: 0.0203 | LinErr: 0.737 | YawErr: 0.285 | |A|: 0.336 | R>0: 96.99% | Done: 0.00% | Sigma: 0.344 | Steps: 57344000 | Time: 3929.7s
Seed 9033 | Epoch 355/1220 | Avg R: 0.0167 | Val Loss: 0.0004 | KL: 0.0222 | LinErr: 0.826 | YawErr: 0.328 | |A|: 0.361 | R>0: 95.34% | Done: 0.01% | Sigma: 0.346 | Steps: 58163200 | Time: 3985.4s
Seed 9033 | Epoch 360/1220 | Avg R: 0.0168 | Val Loss: 0.0005 | KL: 0.0224 | LinErr: 0.816 | YawErr: 0.350 | |A|: 0.362 | R>0: 95.17% | Done: 0.01% | Sigma: 0.347 | Steps: 58982400 | Time: 4040.6s
Seed 9033 | Epoch 365/1220 | Avg R: 0.0173 | Val Loss: 0.0005 | KL: 0.0182 | LinErr: 0.798 | YawErr: 0.344 | |A|: 0.362 | R>0: 95.47% | Done: 0.01% | Sigma: 0.349 | Steps: 59801600 | Time: 4096.2s
Seed 9033 | Epoch 370/1220 | Avg R: 0.0177 | Val Loss: 0.0005 | KL: 0.0165 | LinErr: 0.781 | YawErr: 0.325 | |A|: 0.359 | R>0: 96.08% | Done: 0.00% | Sigma: 0.350 | Steps: 60620800 | Time: 4151.7s
Seed 9033 | Epoch 375/1220 | Avg R: 0.0179 | Val Loss: 0.0004 | KL: 0.0215 | LinErr: 0.770 | YawErr: 0.324 | |A|: 0.356 | R>0: 96.07% | Done: 0.00% | Sigma: 0.353 | Steps: 61440000 | Time: 4207.8s
Seed 9033 | Epoch 380/1220 | Avg R: 0.0182 | Val Loss: 0.0005 | KL: 0.0216 | LinErr: 0.766 | YawErr: 0.302 | |A|: 0.357 | R>0: 96.16% | Done: 0.01% | Sigma: 0.354 | Steps: 62259200 | Time: 4262.6s
Seed 9033 | Epoch 385/1220 | Avg R: 0.0186 | Val Loss: 0.0005 | KL: 0.0209 | LinErr: 0.755 | YawErr: 0.293 | |A|: 0.360 | R>0: 96.72% | Done: 0.00% | Sigma: 0.357 | Steps: 63078400 | Time: 4318.4s
Seed 9033 | Epoch 390/1220 | Avg R: 0.0187 | Val Loss: 0.0005 | KL: 0.0190 | LinErr: 0.745 | YawErr: 0.280 | |A|: 0.360 | R>0: 96.73% | Done: 0.01% | Sigma: 0.359 | Steps: 63897600 | Time: 4373.1s
Seed 9033 | Epoch 395/1220 | Avg R: 0.0189 | Val Loss: 0.0005 | KL: 0.0150 | LinErr: 0.744 | YawErr: 0.265 | |A|: 0.362 | R>0: 96.88% | Done: 0.01% | Sigma: 0.361 | Steps: 64716800 | Time: 4428.8s
Seed 9033 | Epoch 400/1220 | Avg R: 0.0191 | Val Loss: 0.0005 | KL: 0.0198 | LinErr: 0.736 | YawErr: 0.262 | |A|: 0.354 | R>0: 97.09% | Done: 0.01% | Sigma: 0.363 | Steps: 65536000 | Time: 4484.7s
Seed 9033 | Epoch 405/1220 | Avg R: 0.0169 | Val Loss: 0.0004 | KL: 0.0184 | LinErr: 0.824 | YawErr: 0.295 | |A|: 0.374 | R>0: 95.89% | Done: 0.00% | Sigma: 0.364 | Steps: 66355200 | Time: 4540.0s
Seed 9033 | Epoch 410/1220 | Avg R: 0.0171 | Val Loss: 0.0005 | KL: 0.0221 | LinErr: 0.817 | YawErr: 0.295 | |A|: 0.374 | R>0: 95.75% | Done: 0.00% | Sigma: 0.366 | Steps: 67174400 | Time: 4595.6s
Seed 9033 | Epoch 415/1220 | Avg R: 0.0175 | Val Loss: 0.0005 | KL: 0.0137 | LinErr: 0.797 | YawErr: 0.291 | |A|: 0.377 | R>0: 95.82% | Done: 0.00% | Sigma: 0.366 | Steps: 67993600 | Time: 4649.8s
Seed 9033 | Epoch 420/1220 | Avg R: 0.0179 | Val Loss: 0.0005 | KL: 0.0194 | LinErr: 0.780 | YawErr: 0.271 | |A|: 0.377 | R>0: 95.99% | Done: 0.00% | Sigma: 0.367 | Steps: 68812800 | Time: 4704.2s
Seed 9033 | Epoch 425/1220 | Avg R: 0.0181 | Val Loss: 0.0005 | KL: 0.0180 | LinErr: 0.772 | YawErr: 0.261 | |A|: 0.374 | R>0: 96.30% | Done: 0.01% | Sigma: 0.370 | Steps: 69632000 | Time: 4760.6s
Seed 9033 | Epoch 430/1220 | Avg R: 0.0182 | Val Loss: 0.0005 | KL: 0.0212 | LinErr: 0.763 | YawErr: 0.249 | |A|: 0.374 | R>0: 96.44% | Done: 0.00% | Sigma: 0.372 | Steps: 70451200 | Time: 4816.4s
Seed 9033 | Epoch 435/1220 | Avg R: 0.0186 | Val Loss: 0.0005 | KL: 0.0222 | LinErr: 0.751 | YawErr: 0.234 | |A|: 0.370 | R>0: 96.99% | Done: 0.00% | Sigma: 0.375 | Steps: 71270400 | Time: 4872.2s
Seed 9033 | Epoch 440/1220 | Avg R: 0.0189 | Val Loss: 0.0005 | KL: 0.0222 | LinErr: 0.747 | YawErr: 0.233 | |A|: 0.370 | R>0: 97.04% | Done: 0.00% | Sigma: 0.377 | Steps: 72089600 | Time: 4927.8s
Seed 9033 | Epoch 445/1220 | Avg R: 0.0189 | Val Loss: 0.0004 | KL: 0.0208 | LinErr: 0.744 | YawErr: 0.229 | |A|: 0.370 | R>0: 96.96% | Done: 0.00% | Sigma: 0.377 | Steps: 72908800 | Time: 4983.6s
Seed 9033 | Epoch 450/1220 | Avg R: 0.0190 | Val Loss: 0.0005 | KL: 0.0222 | LinErr: 0.736 | YawErr: 0.245 | |A|: 0.368 | R>0: 96.92% | Done: 0.00% | Sigma: 0.379 | Steps: 73728000 | Time: 5039.7s
Seed 9033 | Epoch 455/1220 | Avg R: 0.0170 | Val Loss: 0.0005 | KL: 0.0194 | LinErr: 0.816 | YawErr: 0.254 | |A|: 0.385 | R>0: 95.93% | Done: 0.00% | Sigma: 0.380 | Steps: 74547200 | Time: 5094.9s
Seed 9033 | Epoch 460/1220 | Avg R: 0.0171 | Val Loss: 0.0005 | KL: 0.0222 | LinErr: 0.811 | YawErr: 0.264 | |A|: 0.392 | R>0: 95.95% | Done: 0.00% | Sigma: 0.381 | Steps: 75366400 | Time: 5149.5s
Seed 9033 | Epoch 465/1220 | Avg R: 0.0175 | Val Loss: 0.0005 | KL: 0.0188 | LinErr: 0.793 | YawErr: 0.263 | |A|: 0.390 | R>0: 96.11% | Done: 0.00% | Sigma: 0.382 | Steps: 76185600 | Time: 5204.6s
Seed 9033 | Epoch 470/1220 | Avg R: 0.0180 | Val Loss: 0.0004 | KL: 0.0227 | LinErr: 0.778 | YawErr: 0.245 | |A|: 0.387 | R>0: 96.19% | Done: 0.00% | Sigma: 0.384 | Steps: 77004800 | Time: 5259.1s
Seed 9033 | Epoch 475/1220 | Avg R: 0.0182 | Val Loss: 0.0004 | KL: 0.0222 | LinErr: 0.763 | YawErr: 0.241 | |A|: 0.384 | R>0: 96.26% | Done: 0.00% | Sigma: 0.387 | Steps: 77824000 | Time: 5313.9s
Seed 9033 | Epoch 480/1220 | Avg R: 0.0185 | Val Loss: 0.0005 | KL: 0.0230 | LinErr: 0.760 | YawErr: 0.230 | |A|: 0.379 | R>0: 96.68% | Done: 0.01% | Sigma: 0.388 | Steps: 78643200 | Time: 5369.2s
Seed 9033 | Epoch 485/1220 | Avg R: 0.0188 | Val Loss: 0.0005 | KL: 0.0220 | LinErr: 0.753 | YawErr: 0.219 | |A|: 0.381 | R>0: 96.92% | Done: 0.00% | Sigma: 0.391 | Steps: 79462400 | Time: 5425.1s
Seed 9033 | Epoch 490/1220 | Avg R: 0.0190 | Val Loss: 0.0006 | KL: 0.0210 | LinErr: 0.743 | YawErr: 0.213 | |A|: 0.380 | R>0: 97.15% | Done: 0.00% | Sigma: 0.393 | Steps: 80281600 | Time: 5479.9s
Seed 9033 | Epoch 495/1220 | Avg R: 0.0190 | Val Loss: 0.0005 | KL: 0.0207 | LinErr: 0.738 | YawErr: 0.216 | |A|: 0.377 | R>0: 97.09% | Done: 0.00% | Sigma: 0.395 | Steps: 81100800 | Time: 5535.4s
Seed 9033 | Epoch 500/1220 | Avg R: 0.0191 | Val Loss: 0.0005 | KL: 0.0209 | LinErr: 0.733 | YawErr: 0.217 | |A|: 0.377 | R>0: 97.30% | Done: 0.01% | Sigma: 0.397 | Steps: 81920000 | Time: 5592.0s
Seed 9033 | Epoch 505/1220 | Avg R: 0.0171 | Val Loss: 0.0004 | KL: 0.0231 | LinErr: 0.807 | YawErr: 0.251 | |A|: 0.397 | R>0: 96.07% | Done: 0.00% | Sigma: 0.399 | Steps: 82739200 | Time: 5647.6s
Seed 9033 | Epoch 510/1220 | Avg R: 0.0173 | Val Loss: 0.0005 | KL: 0.0194 | LinErr: 0.799 | YawErr: 0.244 | |A|: 0.402 | R>0: 95.83% | Done: 0.01% | Sigma: 0.401 | Steps: 83558400 | Time: 5701.7s
Seed 9033 | Epoch 515/1220 | Avg R: 0.0176 | Val Loss: 0.0005 | KL: 0.0183 | LinErr: 0.781 | YawErr: 0.241 | |A|: 0.401 | R>0: 96.04% | Done: 0.01% | Sigma: 0.403 | Steps: 84377600 | Time: 5756.2s
Seed 9033 | Epoch 520/1220 | Avg R: 0.0179 | Val Loss: 0.0005 | KL: 0.0175 | LinErr: 0.767 | YawErr: 0.235 | |A|: 0.398 | R>0: 96.31% | Done: 0.01% | Sigma: 0.406 | Steps: 85196800 | Time: 5810.5s
Seed 9033 | Epoch 525/1220 | Avg R: 0.0181 | Val Loss: 0.0005 | KL: 0.0163 | LinErr: 0.759 | YawErr: 0.227 | |A|: 0.394 | R>0: 96.76% | Done: 0.01% | Sigma: 0.409 | Steps: 86016000 | Time: 5866.1s
Seed 9033 | Epoch 530/1220 | Avg R: 0.0185 | Val Loss: 0.0005 | KL: 0.0225 | LinErr: 0.754 | YawErr: 0.214 | |A|: 0.392 | R>0: 96.94% | Done: 0.01% | Sigma: 0.409 | Steps: 86835200 | Time: 5920.9s
Seed 9033 | Epoch 535/1220 | Avg R: 0.0187 | Val Loss: 0.0005 | KL: 0.0217 | LinErr: 0.743 | YawErr: 0.216 | |A|: 0.386 | R>0: 97.37% | Done: 0.01% | Sigma: 0.413 | Steps: 87654400 | Time: 5976.8s
Seed 9033 | Epoch 540/1220 | Avg R: 0.0190 | Val Loss: 0.0005 | KL: 0.0207 | LinErr: 0.736 | YawErr: 0.208 | |A|: 0.380 | R>0: 97.34% | Done: 0.01% | Sigma: 0.415 | Steps: 88473600 | Time: 6032.6s
Seed 9033 | Epoch 545/1220 | Avg R: 0.0191 | Val Loss: 0.0005 | KL: 0.0171 | LinErr: 0.734 | YawErr: 0.208 | |A|: 0.378 | R>0: 97.30% | Done: 0.00% | Sigma: 0.416 | Steps: 89292800 | Time: 6088.5s
Seed 9033 | Epoch 550/1220 | Avg R: 0.0193 | Val Loss: 0.0004 | KL: 0.0213 | LinErr: 0.723 | YawErr: 0.201 | |A|: 0.379 | R>0: 97.50% | Done: 0.01% | Sigma: 0.417 | Steps: 90112000 | Time: 6144.4s
Seed 9033 | Epoch 555/1220 | Avg R: 0.0173 | Val Loss: 0.0005 | KL: 0.0209 | LinErr: 0.796 | YawErr: 0.211 | |A|: 0.394 | R>0: 96.58% | Done: 0.01% | Sigma: 0.418 | Steps: 90931200 | Time: 6199.7s
Seed 9033 | Epoch 560/1220 | Avg R: 0.0175 | Val Loss: 0.0005 | KL: 0.0237 | LinErr: 0.792 | YawErr: 0.214 | |A|: 0.396 | R>0: 96.40% | Done: 0.01% | Sigma: 0.419 | Steps: 91750400 | Time: 6254.7s
Seed 9033 | Epoch 565/1220 | Avg R: 0.0179 | Val Loss: 0.0005 | KL: 0.0195 | LinErr: 0.771 | YawErr: 0.210 | |A|: 0.399 | R>0: 96.83% | Done: 0.01% | Sigma: 0.421 | Steps: 92569600 | Time: 6310.5s
Seed 9033 | Epoch 570/1220 | Avg R: 0.0182 | Val Loss: 0.0005 | KL: 0.0212 | LinErr: 0.753 | YawErr: 0.204 | |A|: 0.397 | R>0: 96.92% | Done: 0.01% | Sigma: 0.421 | Steps: 93388800 | Time: 6364.9s
Seed 9033 | Epoch 575/1220 | Avg R: 0.0183 | Val Loss: 0.0005 | KL: 0.0224 | LinErr: 0.741 | YawErr: 0.203 | |A|: 0.397 | R>0: 96.89% | Done: 0.01% | Sigma: 0.424 | Steps: 94208000 | Time: 6419.8s
Seed 9033 | Epoch 580/1220 | Avg R: 0.0186 | Val Loss: 0.0005 | KL: 0.0192 | LinErr: 0.729 | YawErr: 0.200 | |A|: 0.394 | R>0: 97.10% | Done: 0.01% | Sigma: 0.426 | Steps: 95027200 | Time: 6475.6s
Seed 9033 | Epoch 585/1220 | Avg R: 0.0188 | Val Loss: 0.0005 | KL: 0.0207 | LinErr: 0.721 | YawErr: 0.200 | |A|: 0.390 | R>0: 97.33% | Done: 0.00% | Sigma: 0.429 | Steps: 95846400 | Time: 6530.6s
Seed 9033 | Epoch 590/1220 | Avg R: 0.0191 | Val Loss: 0.0005 | KL: 0.0230 | LinErr: 0.708 | YawErr: 0.194 | |A|: 0.389 | R>0: 97.40% | Done: 0.01% | Sigma: 0.432 | Steps: 96665600 | Time: 6586.3s
Seed 9033 | Epoch 595/1220 | Avg R: 0.0193 | Val Loss: 0.0005 | KL: 0.0185 | LinErr: 0.700 | YawErr: 0.191 | |A|: 0.391 | R>0: 97.25% | Done: 0.01% | Sigma: 0.434 | Steps: 97484800 | Time: 6642.2s
Seed 9033 | Epoch 600/1220 | Avg R: 0.0195 | Val Loss: 0.0005 | KL: 0.0187 | LinErr: 0.686 | YawErr: 0.188 | |A|: 0.385 | R>0: 97.60% | Done: 0.01% | Sigma: 0.435 | Steps: 98304000 | Time: 6697.7s
Seed 9033 | Epoch 605/1220 | Avg R: 0.0176 | Val Loss: 0.0005 | KL: 0.0230 | LinErr: 0.764 | YawErr: 0.201 | |A|: 0.395 | R>0: 96.68% | Done: 0.01% | Sigma: 0.437 | Steps: 99123200 | Time: 6753.3s
Seed 9033 | Epoch 610/1220 | Avg R: 0.0179 | Val Loss: 0.0006 | KL: 0.0162 | LinErr: 0.747 | YawErr: 0.202 | |A|: 0.396 | R>0: 96.74% | Done: 0.01% | Sigma: 0.438 | Steps: 99942400 | Time: 6807.7s
Seed 9033 | Epoch 615/1220 | Avg R: 0.0183 | Val Loss: 0.0006 | KL: 0.0181 | LinErr: 0.728 | YawErr: 0.200 | |A|: 0.392 | R>0: 97.03% | Done: 0.00% | Sigma: 0.440 | Steps: 100761600 | Time: 6862.3s
Seed 9033 | Epoch 620/1220 | Avg R: 0.0187 | Val Loss: 0.0005 | KL: 0.0226 | LinErr: 0.717 | YawErr: 0.189 | |A|: 0.387 | R>0: 97.25% | Done: 0.01% | Sigma: 0.442 | Steps: 101580800 | Time: 6918.3s
Seed 9033 | Epoch 625/1220 | Avg R: 0.0189 | Val Loss: 0.0005 | KL: 0.0221 | LinErr: 0.697 | YawErr: 0.185 | |A|: 0.384 | R>0: 97.27% | Done: 0.01% | Sigma: 0.446 | Steps: 102400000 | Time: 6974.7s
Seed 9033 | Epoch 630/1220 | Avg R: 0.0193 | Val Loss: 0.0005 | KL: 0.0223 | LinErr: 0.679 | YawErr: 0.185 | |A|: 0.380 | R>0: 97.50% | Done: 0.00% | Sigma: 0.447 | Steps: 103219200 | Time: 7030.9s
Seed 9033 | Epoch 635/1220 | Avg R: 0.0196 | Val Loss: 0.0005 | KL: 0.0231 | LinErr: 0.659 | YawErr: 0.184 | |A|: 0.381 | R>0: 97.57% | Done: 0.01% | Sigma: 0.450 | Steps: 104038400 | Time: 7086.6s
Seed 9033 | Epoch 640/1220 | Avg R: 0.0198 | Val Loss: 0.0005 | KL: 0.0223 | LinErr: 0.642 | YawErr: 0.179 | |A|: 0.384 | R>0: 97.60% | Done: 0.01% | Sigma: 0.454 | Steps: 104857600 | Time: 7142.6s
Seed 9033 | Epoch 645/1220 | Avg R: 0.0201 | Val Loss: 0.0006 | KL: 0.0208 | LinErr: 0.626 | YawErr: 0.173 | |A|: 0.380 | R>0: 97.73% | Done: 0.01% | Sigma: 0.455 | Steps: 105676800 | Time: 7199.4s
Seed 9033 | Epoch 650/1220 | Avg R: 0.0204 | Val Loss: 0.0005 | KL: 0.0226 | LinErr: 0.614 | YawErr: 0.169 | |A|: 0.378 | R>0: 98.02% | Done: 0.00% | Sigma: 0.457 | Steps: 106496000 | Time: 7254.7s
Seed 9033 | Epoch 655/1220 | Avg R: 0.0185 | Val Loss: 0.0006 | KL: 0.0181 | LinErr: 0.698 | YawErr: 0.183 | |A|: 0.388 | R>0: 97.31% | Done: 0.01% | Sigma: 0.459 | Steps: 107315200 | Time: 7310.5s
Seed 9033 | Epoch 660/1220 | Avg R: 0.0188 | Val Loss: 0.0005 | KL: 0.0232 | LinErr: 0.676 | YawErr: 0.180 | |A|: 0.386 | R>0: 97.30% | Done: 0.01% | Sigma: 0.462 | Steps: 108134400 | Time: 7366.5s
Seed 9033 | Epoch 665/1220 | Avg R: 0.0192 | Val Loss: 0.0006 | KL: 0.0197 | LinErr: 0.647 | YawErr: 0.179 | |A|: 0.381 | R>0: 97.29% | Done: 0.02% | Sigma: 0.464 | Steps: 108953600 | Time: 7420.4s
Seed 9033 | Epoch 670/1220 | Avg R: 0.0197 | Val Loss: 0.0005 | KL: 0.0227 | LinErr: 0.630 | YawErr: 0.175 | |A|: 0.379 | R>0: 97.72% | Done: 0.01% | Sigma: 0.467 | Steps: 109772800 | Time: 7475.5s
Seed 9033 | Epoch 675/1220 | Avg R: 0.0199 | Val Loss: 0.0006 | KL: 0.0191 | LinErr: 0.614 | YawErr: 0.173 | |A|: 0.377 | R>0: 97.76% | Done: 0.01% | Sigma: 0.468 | Steps: 110592000 | Time: 7530.3s
Seed 9033 | Epoch 680/1220 | Avg R: 0.0203 | Val Loss: 0.0005 | KL: 0.0218 | LinErr: 0.597 | YawErr: 0.170 | |A|: 0.374 | R>0: 98.02% | Done: 0.01% | Sigma: 0.469 | Steps: 111411200 | Time: 7585.5s
Seed 9033 | Epoch 685/1220 | Avg R: 0.0205 | Val Loss: 0.0005 | KL: 0.0209 | LinErr: 0.579 | YawErr: 0.170 | |A|: 0.374 | R>0: 97.96% | Done: 0.01% | Sigma: 0.470 | Steps: 112230400 | Time: 7640.9s
Seed 9033 | Epoch 690/1220 | Avg R: 0.0208 | Val Loss: 0.0006 | KL: 0.0174 | LinErr: 0.559 | YawErr: 0.165 | |A|: 0.374 | R>0: 98.04% | Done: 0.01% | Sigma: 0.470 | Steps: 113049600 | Time: 7695.9s
Seed 9033 | Epoch 695/1220 | Avg R: 0.0209 | Val Loss: 0.0006 | KL: 0.0360 | LinErr: 0.551 | YawErr: 0.169 | |A|: 0.372 | R>0: 97.95% | Done: 0.01% | Sigma: 0.472 | Steps: 113868800 | Time: 7750.4s
Seed 9033 | Epoch 700/1220 | Avg R: 0.0211 | Val Loss: 0.0006 | KL: 0.0186 | LinErr: 0.539 | YawErr: 0.164 | |A|: 0.371 | R>0: 98.01% | Done: 0.01% | Sigma: 0.474 | Steps: 114688000 | Time: 7805.1s
Seed 9033 | Epoch 705/1220 | Avg R: 0.0194 | Val Loss: 0.0006 | KL: 0.0185 | LinErr: 0.616 | YawErr: 0.175 | |A|: 0.383 | R>0: 97.59% | Done: 0.01% | Sigma: 0.476 | Steps: 115507200 | Time: 7860.9s
Seed 9033 | Epoch 710/1220 | Avg R: 0.0197 | Val Loss: 0.0006 | KL: 0.0207 | LinErr: 0.590 | YawErr: 0.177 | |A|: 0.379 | R>0: 97.56% | Done: 0.01% | Sigma: 0.478 | Steps: 116326400 | Time: 7915.8s
Seed 9033 | Epoch 715/1220 | Avg R: 0.0202 | Val Loss: 0.0006 | KL: 0.0209 | LinErr: 0.557 | YawErr: 0.174 | |A|: 0.379 | R>0: 97.64% | Done: 0.01% | Sigma: 0.480 | Steps: 117145600 | Time: 7970.4s
Seed 9033 | Epoch 720/1220 | Avg R: 0.0206 | Val Loss: 0.0006 | KL: 0.0236 | LinErr: 0.539 | YawErr: 0.169 | |A|: 0.375 | R>0: 97.86% | Done: 0.01% | Sigma: 0.481 | Steps: 117964800 | Time: 8024.8s
Seed 9033 | Epoch 725/1220 | Avg R: 0.0208 | Val Loss: 0.0006 | KL: 0.0198 | LinErr: 0.522 | YawErr: 0.169 | |A|: 0.371 | R>0: 97.90% | Done: 0.01% | Sigma: 0.482 | Steps: 118784000 | Time: 8079.2s
Seed 9033 | Epoch 730/1220 | Avg R: 0.0212 | Val Loss: 0.0005 | KL: 0.0203 | LinErr: 0.497 | YawErr: 0.171 | |A|: 0.368 | R>0: 97.94% | Done: 0.01% | Sigma: 0.483 | Steps: 119603200 | Time: 8133.7s
Seed 9033 | Epoch 735/1220 | Avg R: 0.0213 | Val Loss: 0.0006 | KL: 0.0207 | LinErr: 0.484 | YawErr: 0.171 | |A|: 0.367 | R>0: 98.05% | Done: 0.01% | Sigma: 0.484 | Steps: 120422400 | Time: 8188.3s
Seed 9033 | Epoch 740/1220 | Avg R: 0.0216 | Val Loss: 0.0006 | KL: 0.0210 | LinErr: 0.466 | YawErr: 0.168 | |A|: 0.364 | R>0: 98.00% | Done: 0.01% | Sigma: 0.486 | Steps: 121241600 | Time: 8242.6s
Seed 9033 | Epoch 745/1220 | Avg R: 0.0218 | Val Loss: 0.0006 | KL: 0.0284 | LinErr: 0.452 | YawErr: 0.168 | |A|: 0.364 | R>0: 98.12% | Done: 0.01% | Sigma: 0.487 | Steps: 122060800 | Time: 8296.6s
Seed 9033 | Epoch 750/1220 | Avg R: 0.0221 | Val Loss: 0.0006 | KL: 0.0215 | LinErr: 0.440 | YawErr: 0.166 | |A|: 0.363 | R>0: 98.11% | Done: 0.01% | Sigma: 0.488 | Steps: 122880000 | Time: 8351.1s
Seed 9033 | Epoch 755/1220 | Avg R: 0.0204 | Val Loss: 0.0006 | KL: 0.0164 | LinErr: 0.521 | YawErr: 0.175 | |A|: 0.374 | R>0: 97.78% | Done: 0.01% | Sigma: 0.490 | Steps: 123699200 | Time: 8406.0s
Seed 9033 | Epoch 760/1220 | Avg R: 0.0208 | Val Loss: 0.0006 | KL: 0.0236 | LinErr: 0.492 | YawErr: 0.175 | |A|: 0.370 | R>0: 97.62% | Done: 0.02% | Sigma: 0.491 | Steps: 124518400 | Time: 8460.3s
Seed 9033 | Epoch 765/1220 | Avg R: 0.0212 | Val Loss: 0.0006 | KL: 0.0200 | LinErr: 0.469 | YawErr: 0.171 | |A|: 0.366 | R>0: 97.92% | Done: 0.02% | Sigma: 0.493 | Steps: 125337600 | Time: 8514.8s
Seed 9033 | Epoch 770/1220 | Avg R: 0.0215 | Val Loss: 0.0006 | KL: 0.0231 | LinErr: 0.456 | YawErr: 0.168 | |A|: 0.365 | R>0: 98.15% | Done: 0.01% | Sigma: 0.495 | Steps: 126156800 | Time: 8569.1s
Seed 9033 | Epoch 775/1220 | Avg R: 0.0218 | Val Loss: 0.0006 | KL: 0.0199 | LinErr: 0.439 | YawErr: 0.164 | |A|: 0.360 | R>0: 98.29% | Done: 0.01% | Sigma: 0.496 | Steps: 126976000 | Time: 8626.5s
Seed 9033 | Epoch 780/1220 | Avg R: 0.0221 | Val Loss: 0.0005 | KL: 0.0209 | LinErr: 0.416 | YawErr: 0.165 | |A|: 0.355 | R>0: 98.31% | Done: 0.01% | Sigma: 0.498 | Steps: 127795200 | Time: 8681.0s
Seed 9033 | Epoch 785/1220 | Avg R: 0.0223 | Val Loss: 0.0006 | KL: 0.0193 | LinErr: 0.400 | YawErr: 0.160 | |A|: 0.354 | R>0: 98.35% | Done: 0.01% | Sigma: 0.498 | Steps: 128614400 | Time: 8735.4s
Seed 9033 | Epoch 790/1220 | Avg R: 0.0225 | Val Loss: 0.0007 | KL: 0.0176 | LinErr: 0.386 | YawErr: 0.160 | |A|: 0.355 | R>0: 98.32% | Done: 0.01% | Sigma: 0.499 | Steps: 129433600 | Time: 8789.6s
Seed 9033 | Epoch 795/1220 | Avg R: 0.0227 | Val Loss: 0.0006 | KL: 0.0155 | LinErr: 0.373 | YawErr: 0.157 | |A|: 0.356 | R>0: 98.41% | Done: 0.01% | Sigma: 0.500 | Steps: 130252800 | Time: 8844.4s
Seed 9033 | Epoch 800/1220 | Avg R: 0.0230 | Val Loss: 0.0006 | KL: 0.0192 | LinErr: 0.357 | YawErr: 0.156 | |A|: 0.351 | R>0: 98.59% | Done: 0.01% | Sigma: 0.503 | Steps: 131072000 | Time: 8899.8s
Seed 9033 | Epoch 805/1220 | Avg R: 0.0215 | Val Loss: 0.0006 | KL: 0.0192 | LinErr: 0.412 | YawErr: 0.160 | |A|: 0.358 | R>0: 98.14% | Done: 0.01% | Sigma: 0.505 | Steps: 131891200 | Time: 8955.6s
Seed 9033 | Epoch 810/1220 | Avg R: 0.0222 | Val Loss: 0.0006 | KL: 0.0192 | LinErr: 0.372 | YawErr: 0.158 | |A|: 0.355 | R>0: 98.35% | Done: 0.01% | Sigma: 0.506 | Steps: 132710400 | Time: 9010.7s
Seed 9033 | Epoch 815/1220 | Avg R: 0.0227 | Val Loss: 0.0006 | KL: 0.0154 | LinErr: 0.345 | YawErr: 0.155 | |A|: 0.354 | R>0: 98.48% | Done: 0.01% | Sigma: 0.507 | Steps: 133529600 | Time: 9066.1s
Seed 9033 | Epoch 820/1220 | Avg R: 0.0229 | Val Loss: 0.0006 | KL: 0.0207 | LinErr: 0.327 | YawErr: 0.155 | |A|: 0.352 | R>0: 98.59% | Done: 0.01% | Sigma: 0.511 | Steps: 134348800 | Time: 9122.2s
Seed 9033 | Epoch 825/1220 | Avg R: 0.0231 | Val Loss: 0.0006 | KL: 0.0142 | LinErr: 0.313 | YawErr: 0.154 | |A|: 0.350 | R>0: 98.58% | Done: 0.01% | Sigma: 0.512 | Steps: 135168000 | Time: 9177.2s
Seed 9033 | Epoch 830/1220 | Avg R: 0.0235 | Val Loss: 0.0005 | KL: 0.0067 | LinErr: 0.298 | YawErr: 0.151 | |A|: 0.347 | R>0: 98.74% | Done: 0.01% | Sigma: 0.513 | Steps: 135987200 | Time: 9233.2s
Seed 9033 | Epoch 835/1220 | Avg R: 0.0237 | Val Loss: 0.0006 | KL: 0.0135 | LinErr: 0.291 | YawErr: 0.151 | |A|: 0.346 | R>0: 98.71% | Done: 0.01% | Sigma: 0.512 | Steps: 136806400 | Time: 9287.5s
Seed 9033 | Epoch 840/1220 | Avg R: 0.0239 | Val Loss: 0.0006 | KL: 0.0200 | LinErr: 0.282 | YawErr: 0.149 | |A|: 0.346 | R>0: 98.86% | Done: 0.01% | Sigma: 0.517 | Steps: 137625600 | Time: 9343.7s
Seed 9033 | Epoch 845/1220 | Avg R: 0.0240 | Val Loss: 0.0006 | KL: 0.0149 | LinErr: 0.276 | YawErr: 0.151 | |A|: 0.345 | R>0: 98.87% | Done: 0.01% | Sigma: 0.517 | Steps: 138444800 | Time: 9398.4s
Seed 9033 | Epoch 850/1220 | Avg R: 0.0242 | Val Loss: 0.0006 | KL: 0.0199 | LinErr: 0.269 | YawErr: 0.146 | |A|: 0.343 | R>0: 99.02% | Done: 0.01% | Sigma: 0.519 | Steps: 139264000 | Time: 9453.7s
Seed 9033 | Epoch 855/1220 | Avg R: 0.0229 | Val Loss: 0.0006 | KL: 0.0206 | LinErr: 0.320 | YawErr: 0.149 | |A|: 0.351 | R>0: 98.75% | Done: 0.01% | Sigma: 0.522 | Steps: 140083200 | Time: 9510.5s
Seed 9033 | Epoch 860/1220 | Avg R: 0.0236 | Val Loss: 0.0006 | KL: 0.0168 | LinErr: 0.292 | YawErr: 0.146 | |A|: 0.350 | R>0: 98.89% | Done: 0.01% | Sigma: 0.523 | Steps: 140902400 | Time: 9565.5s
Seed 9033 | Epoch 865/1220 | Avg R: 0.0239 | Val Loss: 0.0005 | KL: 0.0144 | LinErr: 0.268 | YawErr: 0.145 | |A|: 0.350 | R>0: 98.93% | Done: 0.01% | Sigma: 0.525 | Steps: 141721600 | Time: 9620.6s
Seed 9033 | Epoch 870/1220 | Avg R: 0.0241 | Val Loss: 0.0006 | KL: 0.0148 | LinErr: 0.260 | YawErr: 0.145 | |A|: 0.348 | R>0: 98.95% | Done: 0.01% | Sigma: 0.528 | Steps: 142540800 | Time: 9676.3s
Seed 9033 | Epoch 875/1220 | Avg R: 0.0243 | Val Loss: 0.0006 | KL: 0.0105 | LinErr: 0.241 | YawErr: 0.142 | |A|: 0.347 | R>0: 98.98% | Done: 0.01% | Sigma: 0.529 | Steps: 143360000 | Time: 9732.5s
Seed 9033 | Epoch 880/1220 | Avg R: 0.0246 | Val Loss: 0.0005 | KL: 0.0104 | LinErr: 0.224 | YawErr: 0.140 | |A|: 0.347 | R>0: 99.09% | Done: 0.01% | Sigma: 0.530 | Steps: 144179200 | Time: 9788.8s
Seed 9033 | Epoch 885/1220 | Avg R: 0.0248 | Val Loss: 0.0005 | KL: 0.0169 | LinErr: 0.221 | YawErr: 0.141 | |A|: 0.346 | R>0: 99.20% | Done: 0.01% | Sigma: 0.530 | Steps: 144998400 | Time: 9844.0s
Seed 9033 | Epoch 890/1220 | Avg R: 0.0249 | Val Loss: 0.0006 | KL: 0.0153 | LinErr: 0.213 | YawErr: 0.140 | |A|: 0.346 | R>0: 99.27% | Done: 0.01% | Sigma: 0.531 | Steps: 145817600 | Time: 9899.6s
Seed 9033 | Epoch 895/1220 | Avg R: 0.0251 | Val Loss: 0.0005 | KL: 0.0145 | LinErr: 0.208 | YawErr: 0.140 | |A|: 0.345 | R>0: 99.25% | Done: 0.00% | Sigma: 0.533 | Steps: 146636800 | Time: 9957.3s
Seed 9033 | Epoch 900/1220 | Avg R: 0.0252 | Val Loss: 0.0006 | KL: 0.0173 | LinErr: 0.202 | YawErr: 0.137 | |A|: 0.346 | R>0: 99.19% | Done: 0.00% | Sigma: 0.535 | Steps: 147456000 | Time: 10014.5s
Seed 9033 | Epoch 905/1220 | Avg R: 0.0240 | Val Loss: 0.0006 | KL: 0.0166 | LinErr: 0.237 | YawErr: 0.144 | |A|: 0.352 | R>0: 98.98% | Done: 0.01% | Sigma: 0.536 | Steps: 148275200 | Time: 10069.0s
Seed 9033 | Epoch 910/1220 | Avg R: 0.0246 | Val Loss: 0.0005 | KL: 0.0110 | LinErr: 0.208 | YawErr: 0.141 | |A|: 0.352 | R>0: 99.07% | Done: 0.01% | Sigma: 0.538 | Steps: 149094400 | Time: 10124.4s
Seed 9033 | Epoch 915/1220 | Avg R: 0.0247 | Val Loss: 0.0005 | KL: 0.0220 | LinErr: 0.191 | YawErr: 0.143 | |A|: 0.351 | R>0: 98.95% | Done: 0.01% | Sigma: 0.539 | Steps: 149913600 | Time: 10179.3s
Seed 9033 | Epoch 920/1220 | Avg R: 0.0249 | Val Loss: 0.0006 | KL: 0.0182 | LinErr: 0.187 | YawErr: 0.142 | |A|: 0.349 | R>0: 99.13% | Done: 0.01% | Sigma: 0.542 | Steps: 150732800 | Time: 10234.4s
Seed 9033 | Epoch 925/1220 | Avg R: 0.0250 | Val Loss: 0.0006 | KL: 0.0173 | LinErr: 0.179 | YawErr: 0.141 | |A|: 0.351 | R>0: 99.05% | Done: 0.01% | Sigma: 0.544 | Steps: 151552000 | Time: 10289.2s
Seed 9033 | Epoch 930/1220 | Avg R: 0.0252 | Val Loss: 0.0005 | KL: 0.0191 | LinErr: 0.170 | YawErr: 0.140 | |A|: 0.349 | R>0: 99.05% | Done: 0.01% | Sigma: 0.547 | Steps: 152371200 | Time: 10343.7s
Seed 9033 | Epoch 935/1220 | Avg R: 0.0254 | Val Loss: 0.0006 | KL: 0.0298 | LinErr: 0.173 | YawErr: 0.136 | |A|: 0.350 | R>0: 99.24% | Done: 0.01% | Sigma: 0.548 | Steps: 153190400 | Time: 10398.4s
Seed 9033 | Epoch 940/1220 | Avg R: 0.0255 | Val Loss: 0.0005 | KL: 0.0216 | LinErr: 0.176 | YawErr: 0.135 | |A|: 0.347 | R>0: 99.35% | Done: 0.00% | Sigma: 0.550 | Steps: 154009600 | Time: 10453.5s
Seed 9033 | Epoch 945/1220 | Avg R: 0.0256 | Val Loss: 0.0005 | KL: 0.0220 | LinErr: 0.168 | YawErr: 0.135 | |A|: 0.348 | R>0: 99.23% | Done: 0.00% | Sigma: 0.551 | Steps: 154828800 | Time: 10508.5s
Seed 9033 | Epoch 950/1220 | Avg R: 0.0256 | Val Loss: 0.0005 | KL: 0.0219 | LinErr: 0.166 | YawErr: 0.136 | |A|: 0.347 | R>0: 99.11% | Done: 0.00% | Sigma: 0.554 | Steps: 155648000 | Time: 10564.1s
Seed 9033 | Epoch 955/1220 | Avg R: 0.0248 | Val Loss: 0.0005 | KL: 0.0156 | LinErr: 0.191 | YawErr: 0.138 | |A|: 0.351 | R>0: 99.13% | Done: 0.00% | Sigma: 0.557 | Steps: 156467200 | Time: 10619.5s
Seed 9033 | Epoch 960/1220 | Avg R: 0.0253 | Val Loss: 0.0005 | KL: 0.0164 | LinErr: 0.170 | YawErr: 0.138 | |A|: 0.350 | R>0: 99.12% | Done: 0.01% | Sigma: 0.557 | Steps: 157286400 | Time: 10676.9s
Seed 9033 | Epoch 965/1220 | Avg R: 0.0255 | Val Loss: 0.0005 | KL: 0.0099 | LinErr: 0.161 | YawErr: 0.136 | |A|: 0.352 | R>0: 99.23% | Done: 0.01% | Sigma: 0.558 | Steps: 158105600 | Time: 10731.8s
Seed 9033 | Epoch 970/1220 | Avg R: 0.0256 | Val Loss: 0.0005 | KL: 0.0180 | LinErr: 0.162 | YawErr: 0.135 | |A|: 0.352 | R>0: 99.36% | Done: 0.00% | Sigma: 0.560 | Steps: 158924800 | Time: 10786.7s
Seed 9033 | Epoch 975/1220 | Avg R: 0.0257 | Val Loss: 0.0005 | KL: 0.0218 | LinErr: 0.161 | YawErr: 0.134 | |A|: 0.351 | R>0: 99.30% | Done: 0.00% | Sigma: 0.561 | Steps: 159744000 | Time: 10842.2s
Seed 9033 | Epoch 980/1220 | Avg R: 0.0259 | Val Loss: 0.0004 | KL: 0.0192 | LinErr: 0.149 | YawErr: 0.134 | |A|: 0.352 | R>0: 99.34% | Done: 0.00% | Sigma: 0.562 | Steps: 160563200 | Time: 10896.2s
Seed 9033 | Epoch 985/1220 | Avg R: 0.0259 | Val Loss: 0.0005 | KL: 0.0134 | LinErr: 0.150 | YawErr: 0.134 | |A|: 0.351 | R>0: 99.25% | Done: 0.00% | Sigma: 0.562 | Steps: 161382400 | Time: 10950.5s
Seed 9033 | Epoch 990/1220 | Avg R: 0.0260 | Val Loss: 0.0005 | KL: 0.0149 | LinErr: 0.151 | YawErr: 0.133 | |A|: 0.350 | R>0: 99.28% | Done: 0.01% | Sigma: 0.563 | Steps: 162201600 | Time: 11005.1s
Seed 9033 | Epoch 995/1220 | Avg R: 0.0260 | Val Loss: 0.0005 | KL: 0.0537 | LinErr: 0.145 | YawErr: 0.135 | |A|: 0.348 | R>0: 99.24% | Done: 0.01% | Sigma: 0.564 | Steps: 163020800 | Time: 11059.4s
Seed 9033 | Epoch 1000/1220 | Avg R: 0.0261 | Val Loss: 0.0005 | KL: 0.0189 | LinErr: 0.147 | YawErr: 0.132 | |A|: 0.347 | R>0: 99.33% | Done: 0.00% | Sigma: 0.563 | Steps: 163840000 | Time: 11113.6s
Seed 9033 | Epoch 1005/1220 | Avg R: 0.0253 | Val Loss: 0.0006 | KL: 0.0079 | LinErr: 0.166 | YawErr: 0.135 | |A|: 0.352 | R>0: 99.16% | Done: 0.00% | Sigma: 0.563 | Steps: 164659200 | Time: 11168.0s
Seed 9033 | Epoch 1010/1220 | Avg R: 0.0257 | Val Loss: 0.0005 | KL: 0.0170 | LinErr: 0.154 | YawErr: 0.133 | |A|: 0.352 | R>0: 99.19% | Done: 0.00% | Sigma: 0.565 | Steps: 165478400 | Time: 11222.3s
Seed 9033 | Epoch 1015/1220 | Avg R: 0.0258 | Val Loss: 0.0005 | KL: 0.0172 | LinErr: 0.149 | YawErr: 0.133 | |A|: 0.352 | R>0: 99.14% | Done: 0.00% | Sigma: 0.566 | Steps: 166297600 | Time: 11277.0s
Seed 9033 | Epoch 1020/1220 | Avg R: 0.0259 | Val Loss: 0.0005 | KL: 0.0169 | LinErr: 0.149 | YawErr: 0.132 | |A|: 0.353 | R>0: 99.27% | Done: 0.00% | Sigma: 0.566 | Steps: 167116800 | Time: 11331.3s
Seed 9033 | Epoch 1025/1220 | Avg R: 0.0260 | Val Loss: 0.0005 | KL: 0.0227 | LinErr: 0.148 | YawErr: 0.133 | |A|: 0.350 | R>0: 99.24% | Done: 0.00% | Sigma: 0.567 | Steps: 167936000 | Time: 11385.6s
Seed 9033 | Epoch 1030/1220 | Avg R: 0.0262 | Val Loss: 0.0004 | KL: 0.0166 | LinErr: 0.147 | YawErr: 0.132 | |A|: 0.353 | R>0: 99.35% | Done: 0.00% | Sigma: 0.567 | Steps: 168755200 | Time: 11440.3s
Seed 9033 | Epoch 1035/1220 | Avg R: 0.0263 | Val Loss: 0.0005 | KL: 0.0122 | LinErr: 0.147 | YawErr: 0.131 | |A|: 0.352 | R>0: 99.34% | Done: 0.00% | Sigma: 0.567 | Steps: 169574400 | Time: 11495.1s
Seed 9033 | Epoch 1040/1220 | Avg R: 0.0264 | Val Loss: 0.0005 | KL: 0.0170 | LinErr: 0.146 | YawErr: 0.129 | |A|: 0.351 | R>0: 99.40% | Done: 0.00% | Sigma: 0.569 | Steps: 170393600 | Time: 11550.0s
Seed 9033 | Epoch 1045/1220 | Avg R: 0.0264 | Val Loss: 0.0005 | KL: 0.0142 | LinErr: 0.142 | YawErr: 0.131 | |A|: 0.352 | R>0: 99.32% | Done: 0.00% | Sigma: 0.569 | Steps: 171212800 | Time: 11604.9s
Seed 9033 | Epoch 1050/1220 | Avg R: 0.0265 | Val Loss: 0.0005 | KL: 0.0235 | LinErr: 0.140 | YawErr: 0.129 | |A|: 0.350 | R>0: 99.39% | Done: 0.00% | Sigma: 0.570 | Steps: 172032000 | Time: 11659.7s
Seed 9033 | Epoch 1055/1220 | Avg R: 0.0257 | Val Loss: 0.0004 | KL: 0.0166 | LinErr: 0.159 | YawErr: 0.132 | |A|: 0.356 | R>0: 99.20% | Done: 0.00% | Sigma: 0.570 | Steps: 172851200 | Time: 11713.7s
Seed 9033 | Epoch 1060/1220 | Avg R: 0.0261 | Val Loss: 0.0005 | KL: 0.0161 | LinErr: 0.151 | YawErr: 0.130 | |A|: 0.356 | R>0: 99.28% | Done: 0.00% | Sigma: 0.571 | Steps: 173670400 | Time: 11767.8s
Seed 9033 | Epoch 1065/1220 | Avg R: 0.0262 | Val Loss: 0.0005 | KL: 0.0242 | LinErr: 0.146 | YawErr: 0.129 | |A|: 0.355 | R>0: 99.34% | Done: 0.00% | Sigma: 0.572 | Steps: 174489600 | Time: 11822.3s
Seed 9033 | Epoch 1070/1220 | Avg R: 0.0263 | Val Loss: 0.0005 | KL: 0.0161 | LinErr: 0.147 | YawErr: 0.129 | |A|: 0.356 | R>0: 99.33% | Done: 0.00% | Sigma: 0.573 | Steps: 175308800 | Time: 11876.7s
Seed 9033 | Epoch 1075/1220 | Avg R: 0.0263 | Val Loss: 0.0006 | KL: 0.2186 | LinErr: 0.145 | YawErr: 0.128 | |A|: 0.354 | R>0: 99.32% | Done: 0.00% | Sigma: 0.574 | Steps: 176128000 | Time: 11931.4s
Seed 9033 | Epoch 1080/1220 | Avg R: 0.0264 | Val Loss: 0.0004 | KL: 0.0083 | LinErr: 0.139 | YawErr: 0.129 | |A|: 0.352 | R>0: 99.39% | Done: 0.00% | Sigma: 0.574 | Steps: 176947200 | Time: 11985.3s
Seed 9033 | Epoch 1085/1220 | Avg R: 0.0265 | Val Loss: 0.0005 | KL: 0.0161 | LinErr: 0.140 | YawErr: 0.127 | |A|: 0.353 | R>0: 99.42% | Done: 0.00% | Sigma: 0.574 | Steps: 177766400 | Time: 12039.3s
Seed 9033 | Epoch 1090/1220 | Avg R: 0.0266 | Val Loss: 0.0006 | KL: 0.0122 | LinErr: 0.139 | YawErr: 0.126 | |A|: 0.354 | R>0: 99.43% | Done: 0.00% | Sigma: 0.575 | Steps: 178585600 | Time: 12094.6s
Seed 9033 | Epoch 1095/1220 | Avg R: 0.0267 | Val Loss: 0.0005 | KL: 0.0157 | LinErr: 0.140 | YawErr: 0.128 | |A|: 0.353 | R>0: 99.40% | Done: 0.00% | Sigma: 0.574 | Steps: 179404800 | Time: 12149.1s
Seed 9033 | Epoch 1100/1220 | Avg R: 0.0267 | Val Loss: 0.0005 | KL: 0.0103 | LinErr: 0.140 | YawErr: 0.127 | |A|: 0.352 | R>0: 99.43% | Done: 0.00% | Sigma: 0.574 | Steps: 180224000 | Time: 12203.3s
Seed 9033 | Epoch 1105/1220 | Avg R: 0.0259 | Val Loss: 0.0004 | KL: 0.0180 | LinErr: 0.158 | YawErr: 0.131 | |A|: 0.357 | R>0: 99.21% | Done: 0.00% | Sigma: 0.575 | Steps: 181043200 | Time: 12257.6s
Seed 9033 | Epoch 1110/1220 | Avg R: 0.0263 | Val Loss: 0.0005 | KL: 0.0184 | LinErr: 0.149 | YawErr: 0.128 | |A|: 0.358 | R>0: 99.36% | Done: 0.00% | Sigma: 0.575 | Steps: 181862400 | Time: 12312.2s
Seed 9033 | Epoch 1115/1220 | Avg R: 0.0264 | Val Loss: 0.0004 | KL: 0.0179 | LinErr: 0.145 | YawErr: 0.128 | |A|: 0.357 | R>0: 99.32% | Done: 0.00% | Sigma: 0.576 | Steps: 182681600 | Time: 12366.4s
Seed 9033 | Epoch 1120/1220 | Avg R: 0.0264 | Val Loss: 0.0005 | KL: 0.0140 | LinErr: 0.146 | YawErr: 0.128 | |A|: 0.356 | R>0: 99.31% | Done: 0.00% | Sigma: 0.577 | Steps: 183500800 | Time: 12420.8s
Seed 9033 | Epoch 1125/1220 | Avg R: 0.0265 | Val Loss: 0.0005 | KL: 0.0118 | LinErr: 0.142 | YawErr: 0.128 | |A|: 0.355 | R>0: 99.31% | Done: 0.00% | Sigma: 0.577 | Steps: 184320000 | Time: 12474.7s
Seed 9033 | Epoch 1130/1220 | Avg R: 0.0266 | Val Loss: 0.0004 | KL: 0.0349 | LinErr: 0.138 | YawErr: 0.130 | |A|: 0.354 | R>0: 99.44% | Done: 0.00% | Sigma: 0.577 | Steps: 185139200 | Time: 12528.7s
Seed 9033 | Epoch 1135/1220 | Avg R: 0.0266 | Val Loss: 0.0005 | KL: 0.0110 | LinErr: 0.141 | YawErr: 0.128 | |A|: 0.353 | R>0: 99.45% | Done: 0.00% | Sigma: 0.578 | Steps: 185958400 | Time: 12582.8s
Seed 9033 | Epoch 1140/1220 | Avg R: 0.0266 | Val Loss: 0.0006 | KL: 0.3773 | LinErr: 0.140 | YawErr: 0.131 | |A|: 0.353 | R>0: 99.44% | Done: 0.00% | Sigma: 0.578 | Steps: 186777600 | Time: 12636.3s
Seed 9033 | Epoch 1145/1220 | Avg R: 0.0267 | Val Loss: 0.0005 | KL: 0.0179 | LinErr: 0.140 | YawErr: 0.128 | |A|: 0.353 | R>0: 99.42% | Done: 0.00% | Sigma: 0.577 | Steps: 187596800 | Time: 12690.2s
Seed 9033 | Epoch 1150/1220 | Avg R: 0.0267 | Val Loss: 0.0005 | KL: 0.0200 | LinErr: 0.143 | YawErr: 0.129 | |A|: 0.352 | R>0: 99.41% | Done: 0.00% | Sigma: 0.577 | Steps: 188416000 | Time: 12744.4s
Seed 9033 | Epoch 1155/1220 | Avg R: 0.0260 | Val Loss: 0.0004 | KL: 0.0145 | LinErr: 0.156 | YawErr: 0.131 | |A|: 0.357 | R>0: 99.29% | Done: 0.00% | Sigma: 0.578 | Steps: 189235200 | Time: 12798.8s
Seed 9033 | Epoch 1160/1220 | Avg R: 0.0264 | Val Loss: 0.0004 | KL: 0.0124 | LinErr: 0.148 | YawErr: 0.129 | |A|: 0.356 | R>0: 99.35% | Done: 0.00% | Sigma: 0.580 | Steps: 190054400 | Time: 12853.7s
Seed 9033 | Epoch 1165/1220 | Avg R: 0.0265 | Val Loss: 0.0004 | KL: 0.0181 | LinErr: 0.143 | YawErr: 0.129 | |A|: 0.356 | R>0: 99.38% | Done: 0.00% | Sigma: 0.581 | Steps: 190873600 | Time: 12907.4s
Seed 9033 | Epoch 1170/1220 | Avg R: 0.0266 | Val Loss: 0.0004 | KL: 0.0148 | LinErr: 0.144 | YawErr: 0.128 | |A|: 0.355 | R>0: 99.48% | Done: 0.00% | Sigma: 0.581 | Steps: 191692800 | Time: 12961.8s
Seed 9033 | Epoch 1175/1220 | Avg R: 0.0266 | Val Loss: 0.0005 | KL: 0.0180 | LinErr: 0.141 | YawErr: 0.128 | |A|: 0.354 | R>0: 99.38% | Done: 0.00% | Sigma: 0.582 | Steps: 192512000 | Time: 13016.2s
Seed 9033 | Epoch 1180/1220 | Avg R: 0.0268 | Val Loss: 0.0004 | KL: 0.0130 | LinErr: 0.137 | YawErr: 0.126 | |A|: 0.352 | R>0: 99.43% | Done: 0.00% | Sigma: 0.583 | Steps: 193331200 | Time: 13071.0s
Seed 9033 | Epoch 1185/1220 | Avg R: 0.0268 | Val Loss: 0.0005 | KL: 0.0113 | LinErr: 0.136 | YawErr: 0.127 | |A|: 0.352 | R>0: 99.42% | Done: 0.00% | Sigma: 0.583 | Steps: 194150400 | Time: 13124.9s
Seed 9033 | Epoch 1190/1220 | Avg R: 0.0268 | Val Loss: 0.0005 | KL: 0.0121 | LinErr: 0.141 | YawErr: 0.126 | |A|: 0.350 | R>0: 99.45% | Done: 0.00% | Sigma: 0.584 | Steps: 194969600 | Time: 13179.0s
Seed 9033 | Epoch 1195/1220 | Avg R: 0.0269 | Val Loss: 0.0005 | KL: 0.0132 | LinErr: 0.133 | YawErr: 0.126 | |A|: 0.349 | R>0: 99.45% | Done: 0.00% | Sigma: 0.583 | Steps: 195788800 | Time: 13232.9s
Seed 9033 | Epoch 1200/1220 | Avg R: 0.0269 | Val Loss: 0.0005 | KL: 0.0143 | LinErr: 0.134 | YawErr: 0.126 | |A|: 0.350 | R>0: 99.50% | Done: 0.00% | Sigma: 0.584 | Steps: 196608000 | Time: 13287.1s
Seed 9033 | Epoch 1205/1220 | Avg R: 0.0262 | Val Loss: 0.0005 | KL: 0.0150 | LinErr: 0.150 | YawErr: 0.129 | |A|: 0.356 | R>0: 99.25% | Done: 0.00% | Sigma: 0.584 | Steps: 197427200 | Time: 13341.3s
Seed 9033 | Epoch 1210/1220 | Avg R: 0.0265 | Val Loss: 0.0005 | KL: 0.0321 | LinErr: 0.144 | YawErr: 0.129 | |A|: 0.355 | R>0: 99.37% | Done: 0.00% | Sigma: 0.584 | Steps: 198246400 | Time: 13395.0s
Seed 9033 | Epoch 1215/1220 | Avg R: 0.0266 | Val Loss: 0.0005 | KL: 0.0135 | LinErr: 0.145 | YawErr: 0.128 | |A|: 0.353 | R>0: 99.35% | Done: 0.00% | Sigma: 0.584 | Steps: 199065600 | Time: 13448.8s
Seed 9033 | Epoch 1220/1220 | Avg R: 0.0267 | Val Loss: 0.0004 | KL: 0.0149 | LinErr: 0.142 | YawErr: 0.126 | |A|: 0.354 | R>0: 99.43% | Done: 0.00% | Sigma: 0.584 | Steps: 199884800 | Time: 13502.3s
Saved Checkpoint: checkpoints/ppo_v2/ppo_seed9033.pt

=======================================================
  All 1 Seeds Complete! Total Wall Time: 13509.7s
  Results saved to: checkpoints/ppo_v2/ppo_multi_seed_results.json
=======================================================
