--- Starting Multi-Seed Training for Seeds: [9016] ---

=======================================================
  Training Seed 9016 on Device: cuda
=======================================================
Seed 9016 | Epoch 05/1220 | Avg R: 0.0060 | Val Loss: 0.0014 | KL: 0.0061 | LinErr: 0.901 | YawErr: 0.690 | |A|: 0.116 | R>0: 68.85% | Done: 0.30% | Sigma: 0.377 | Steps: 819200 | Time: 61.3s
Seed 9016 | Epoch 10/1220 | Avg R: 0.0079 | Val Loss: 0.0011 | KL: 0.0092 | LinErr: 0.874 | YawErr: 0.638 | |A|: 0.117 | R>0: 77.64% | Done: 0.32% | Sigma: 0.375 | Steps: 1638400 | Time: 116.8s
Seed 9016 | Epoch 15/1220 | Avg R: 0.0128 | Val Loss: 0.0009 | KL: 0.0076 | LinErr: 0.846 | YawErr: 0.580 | |A|: 0.118 | R>0: 98.35% | Done: 0.02% | Sigma: 0.367 | Steps: 2457600 | Time: 173.2s
Seed 9016 | Epoch 20/1220 | Avg R: 0.0145 | Val Loss: 0.0007 | KL: 0.0080 | LinErr: 0.827 | YawErr: 0.535 | |A|: 0.121 | R>0: 99.50% | Done: 0.00% | Sigma: 0.357 | Steps: 3276800 | Time: 229.2s
Seed 9016 | Epoch 25/1220 | Avg R: 0.0155 | Val Loss: 0.0007 | KL: 0.0091 | LinErr: 0.808 | YawErr: 0.506 | |A|: 0.123 | R>0: 99.75% | Done: 0.00% | Sigma: 0.349 | Steps: 4096000 | Time: 285.8s
Seed 9016 | Epoch 30/1220 | Avg R: 0.0163 | Val Loss: 0.0007 | KL: 0.0098 | LinErr: 0.795 | YawErr: 0.481 | |A|: 0.124 | R>0: 99.83% | Done: 0.00% | Sigma: 0.340 | Steps: 4915200 | Time: 342.3s
Seed 9016 | Epoch 35/1220 | Avg R: 0.0169 | Val Loss: 0.0007 | KL: 0.0110 | LinErr: 0.787 | YawErr: 0.477 | |A|: 0.125 | R>0: 99.84% | Done: 0.00% | Sigma: 0.333 | Steps: 5734400 | Time: 398.9s
Seed 9016 | Epoch 40/1220 | Avg R: 0.0175 | Val Loss: 0.0006 | KL: 0.0112 | LinErr: 0.778 | YawErr: 0.451 | |A|: 0.128 | R>0: 99.86% | Done: 0.00% | Sigma: 0.328 | Steps: 6553600 | Time: 455.2s
Seed 9016 | Epoch 45/1220 | Avg R: 0.0179 | Val Loss: 0.0006 | KL: 0.0118 | LinErr: 0.768 | YawErr: 0.450 | |A|: 0.134 | R>0: 99.83% | Done: 0.00% | Sigma: 0.322 | Steps: 7372800 | Time: 511.6s
Seed 9016 | Epoch 50/1220 | Avg R: 0.0183 | Val Loss: 0.0006 | KL: 0.0127 | LinErr: 0.762 | YawErr: 0.433 | |A|: 0.143 | R>0: 99.84% | Done: 0.00% | Sigma: 0.317 | Steps: 8192000 | Time: 568.4s
Seed 9016 | Epoch 55/1220 | Avg R: 0.0162 | Val Loss: 0.0005 | KL: 0.0136 | LinErr: 0.844 | YawErr: 0.527 | |A|: 0.151 | R>0: 99.49% | Done: 0.00% | Sigma: 0.312 | Steps: 9011200 | Time: 625.5s
Seed 9016 | Epoch 60/1220 | Avg R: 0.0161 | Val Loss: 0.0005 | KL: 0.0144 | LinErr: 0.848 | YawErr: 0.541 | |A|: 0.159 | R>0: 99.50% | Done: 0.00% | Sigma: 0.308 | Steps: 9830400 | Time: 682.6s
Seed 9016 | Epoch 65/1220 | Avg R: 0.0165 | Val Loss: 0.0005 | KL: 0.0150 | LinErr: 0.840 | YawErr: 0.537 | |A|: 0.168 | R>0: 99.60% | Done: 0.00% | Sigma: 0.304 | Steps: 10649600 | Time: 739.9s
Seed 9016 | Epoch 70/1220 | Avg R: 0.0171 | Val Loss: 0.0005 | KL: 0.0152 | LinErr: 0.824 | YawErr: 0.517 | |A|: 0.177 | R>0: 99.59% | Done: 0.00% | Sigma: 0.302 | Steps: 11468800 | Time: 796.4s
Seed 9016 | Epoch 75/1220 | Avg R: 0.0176 | Val Loss: 0.0006 | KL: 0.0159 | LinErr: 0.807 | YawErr: 0.502 | |A|: 0.180 | R>0: 99.57% | Done: 0.00% | Sigma: 0.300 | Steps: 12288000 | Time: 853.2s
Seed 9016 | Epoch 80/1220 | Avg R: 0.0181 | Val Loss: 0.0005 | KL: 0.0155 | LinErr: 0.793 | YawErr: 0.468 | |A|: 0.179 | R>0: 99.56% | Done: 0.00% | Sigma: 0.298 | Steps: 13107200 | Time: 910.7s
Seed 9016 | Epoch 85/1220 | Avg R: 0.0183 | Val Loss: 0.0005 | KL: 0.0151 | LinErr: 0.785 | YawErr: 0.468 | |A|: 0.184 | R>0: 99.49% | Done: 0.00% | Sigma: 0.297 | Steps: 13926400 | Time: 970.3s
Seed 9016 | Epoch 90/1220 | Avg R: 0.0187 | Val Loss: 0.0005 | KL: 0.0157 | LinErr: 0.776 | YawErr: 0.443 | |A|: 0.183 | R>0: 99.60% | Done: 0.00% | Sigma: 0.297 | Steps: 14745600 | Time: 1030.3s
Seed 9016 | Epoch 95/1220 | Avg R: 0.0190 | Val Loss: 0.0006 | KL: 0.0159 | LinErr: 0.765 | YawErr: 0.432 | |A|: 0.191 | R>0: 99.55% | Done: 0.00% | Sigma: 0.296 | Steps: 15564800 | Time: 1087.1s
Seed 9016 | Epoch 100/1220 | Avg R: 0.0191 | Val Loss: 0.0005 | KL: 0.0170 | LinErr: 0.759 | YawErr: 0.435 | |A|: 0.192 | R>0: 99.43% | Done: 0.00% | Sigma: 0.296 | Steps: 16384000 | Time: 1143.8s
Seed 9016 | Epoch 105/1220 | Avg R: 0.0170 | Val Loss: 0.0005 | KL: 0.0174 | LinErr: 0.841 | YawErr: 0.506 | |A|: 0.204 | R>0: 99.08% | Done: 0.00% | Sigma: 0.294 | Steps: 17203200 | Time: 1200.6s
Seed 9016 | Epoch 110/1220 | Avg R: 0.0167 | Val Loss: 0.0005 | KL: 0.0193 | LinErr: 0.845 | YawErr: 0.526 | |A|: 0.214 | R>0: 98.88% | Done: 0.00% | Sigma: 0.294 | Steps: 18022400 | Time: 1257.4s
Seed 9016 | Epoch 115/1220 | Avg R: 0.0170 | Val Loss: 0.0005 | KL: 0.0190 | LinErr: 0.838 | YawErr: 0.528 | |A|: 0.220 | R>0: 98.95% | Done: 0.00% | Sigma: 0.293 | Steps: 18841600 | Time: 1314.3s
Seed 9016 | Epoch 120/1220 | Avg R: 0.0173 | Val Loss: 0.0005 | KL: 0.0186 | LinErr: 0.821 | YawErr: 0.524 | |A|: 0.227 | R>0: 98.77% | Done: 0.00% | Sigma: 0.293 | Steps: 19660800 | Time: 1371.5s
Seed 9016 | Epoch 125/1220 | Avg R: 0.0179 | Val Loss: 0.0005 | KL: 0.0181 | LinErr: 0.803 | YawErr: 0.479 | |A|: 0.235 | R>0: 98.89% | Done: 0.00% | Sigma: 0.294 | Steps: 20480000 | Time: 1428.0s
Seed 9016 | Epoch 130/1220 | Avg R: 0.0180 | Val Loss: 0.0005 | KL: 0.0194 | LinErr: 0.789 | YawErr: 0.469 | |A|: 0.237 | R>0: 98.71% | Done: 0.00% | Sigma: 0.294 | Steps: 21299200 | Time: 1484.8s
Seed 9016 | Epoch 135/1220 | Avg R: 0.0181 | Val Loss: 0.0005 | KL: 0.0192 | LinErr: 0.781 | YawErr: 0.453 | |A|: 0.238 | R>0: 98.65% | Done: 0.01% | Sigma: 0.295 | Steps: 22118400 | Time: 1541.5s
Seed 9016 | Epoch 140/1220 | Avg R: 0.0184 | Val Loss: 0.0006 | KL: 0.0194 | LinErr: 0.777 | YawErr: 0.436 | |A|: 0.240 | R>0: 98.67% | Done: 0.01% | Sigma: 0.295 | Steps: 22937600 | Time: 1598.4s
Seed 9016 | Epoch 145/1220 | Avg R: 0.0187 | Val Loss: 0.0006 | KL: 0.0184 | LinErr: 0.766 | YawErr: 0.433 | |A|: 0.237 | R>0: 98.83% | Done: 0.00% | Sigma: 0.296 | Steps: 23756800 | Time: 1655.1s
Seed 9016 | Epoch 150/1220 | Avg R: 0.0189 | Val Loss: 0.0005 | KL: 0.0176 | LinErr: 0.759 | YawErr: 0.426 | |A|: 0.237 | R>0: 98.91% | Done: 0.00% | Sigma: 0.298 | Steps: 24576000 | Time: 1711.8s
Seed 9016 | Epoch 155/1220 | Avg R: 0.0169 | Val Loss: 0.0004 | KL: 0.0195 | LinErr: 0.834 | YawErr: 0.533 | |A|: 0.250 | R>0: 98.06% | Done: 0.00% | Sigma: 0.298 | Steps: 25395200 | Time: 1768.5s
Seed 9016 | Epoch 160/1220 | Avg R: 0.0168 | Val Loss: 0.0004 | KL: 0.0191 | LinErr: 0.839 | YawErr: 0.504 | |A|: 0.261 | R>0: 98.01% | Done: 0.00% | Sigma: 0.298 | Steps: 26214400 | Time: 1826.0s
Seed 9016 | Epoch 165/1220 | Avg R: 0.0171 | Val Loss: 0.0005 | KL: 0.0207 | LinErr: 0.831 | YawErr: 0.512 | |A|: 0.266 | R>0: 98.07% | Done: 0.00% | Sigma: 0.298 | Steps: 27033600 | Time: 1883.7s
Seed 9016 | Epoch 170/1220 | Avg R: 0.0174 | Val Loss: 0.0005 | KL: 0.0192 | LinErr: 0.820 | YawErr: 0.483 | |A|: 0.271 | R>0: 98.24% | Done: 0.00% | Sigma: 0.298 | Steps: 27852800 | Time: 1940.5s
Seed 9016 | Epoch 175/1220 | Avg R: 0.0179 | Val Loss: 0.0005 | KL: 0.0205 | LinErr: 0.800 | YawErr: 0.460 | |A|: 0.267 | R>0: 98.16% | Done: 0.00% | Sigma: 0.299 | Steps: 28672000 | Time: 1997.1s
Seed 9016 | Epoch 180/1220 | Avg R: 0.0181 | Val Loss: 0.0005 | KL: 0.0211 | LinErr: 0.790 | YawErr: 0.463 | |A|: 0.263 | R>0: 97.99% | Done: 0.00% | Sigma: 0.300 | Steps: 29491200 | Time: 2053.9s
Seed 9016 | Epoch 185/1220 | Avg R: 0.0184 | Val Loss: 0.0005 | KL: 0.0207 | LinErr: 0.781 | YawErr: 0.440 | |A|: 0.273 | R>0: 98.20% | Done: 0.00% | Sigma: 0.301 | Steps: 30310400 | Time: 2110.6s
Seed 9016 | Epoch 190/1220 | Avg R: 0.0187 | Val Loss: 0.0005 | KL: 0.0207 | LinErr: 0.775 | YawErr: 0.411 | |A|: 0.271 | R>0: 98.41% | Done: 0.01% | Sigma: 0.302 | Steps: 31129600 | Time: 2167.3s
Seed 9016 | Epoch 195/1220 | Avg R: 0.0189 | Val Loss: 0.0005 | KL: 0.0208 | LinErr: 0.763 | YawErr: 0.405 | |A|: 0.274 | R>0: 98.47% | Done: 0.00% | Sigma: 0.304 | Steps: 31948800 | Time: 2224.1s
Seed 9016 | Epoch 200/1220 | Avg R: 0.0190 | Val Loss: 0.0005 | KL: 0.0206 | LinErr: 0.755 | YawErr: 0.399 | |A|: 0.278 | R>0: 98.52% | Done: 0.00% | Sigma: 0.304 | Steps: 32768000 | Time: 2280.5s
Seed 9016 | Epoch 205/1220 | Avg R: 0.0169 | Val Loss: 0.0005 | KL: 0.0211 | LinErr: 0.827 | YawErr: 0.519 | |A|: 0.298 | R>0: 96.86% | Done: 0.00% | Sigma: 0.305 | Steps: 33587200 | Time: 2336.8s
Seed 9016 | Epoch 210/1220 | Avg R: 0.0166 | Val Loss: 0.0005 | KL: 0.0190 | LinErr: 0.833 | YawErr: 0.480 | |A|: 0.305 | R>0: 97.27% | Done: 0.01% | Sigma: 0.306 | Steps: 34406400 | Time: 2392.5s
Seed 9016 | Epoch 215/1220 | Avg R: 0.0169 | Val Loss: 0.0005 | KL: 0.0220 | LinErr: 0.827 | YawErr: 0.496 | |A|: 0.306 | R>0: 96.78% | Done: 0.01% | Sigma: 0.307 | Steps: 35225600 | Time: 2449.1s
Seed 9016 | Epoch 220/1220 | Avg R: 0.0173 | Val Loss: 0.0004 | KL: 0.0210 | LinErr: 0.814 | YawErr: 0.471 | |A|: 0.304 | R>0: 97.31% | Done: 0.01% | Sigma: 0.308 | Steps: 36044800 | Time: 2504.9s
Seed 9016 | Epoch 225/1220 | Avg R: 0.0176 | Val Loss: 0.0005 | KL: 0.0178 | LinErr: 0.799 | YawErr: 0.461 | |A|: 0.305 | R>0: 97.13% | Done: 0.01% | Sigma: 0.310 | Steps: 36864000 | Time: 2560.9s
Seed 9016 | Epoch 230/1220 | Avg R: 0.0180 | Val Loss: 0.0005 | KL: 0.0196 | LinErr: 0.787 | YawErr: 0.419 | |A|: 0.309 | R>0: 97.58% | Done: 0.01% | Sigma: 0.312 | Steps: 37683200 | Time: 2616.5s
Seed 9016 | Epoch 235/1220 | Avg R: 0.0184 | Val Loss: 0.0005 | KL: 0.0194 | LinErr: 0.778 | YawErr: 0.413 | |A|: 0.304 | R>0: 97.72% | Done: 0.00% | Sigma: 0.313 | Steps: 38502400 | Time: 2673.6s
Seed 9016 | Epoch 240/1220 | Avg R: 0.0187 | Val Loss: 0.0005 | KL: 0.0213 | LinErr: 0.770 | YawErr: 0.401 | |A|: 0.301 | R>0: 97.72% | Done: 0.00% | Sigma: 0.315 | Steps: 39321600 | Time: 2732.9s
Seed 9016 | Epoch 245/1220 | Avg R: 0.0189 | Val Loss: 0.0005 | KL: 0.0213 | LinErr: 0.759 | YawErr: 0.384 | |A|: 0.303 | R>0: 97.81% | Done: 0.00% | Sigma: 0.316 | Steps: 40140800 | Time: 2789.3s
Seed 9016 | Epoch 250/1220 | Avg R: 0.0191 | Val Loss: 0.0004 | KL: 0.0205 | LinErr: 0.748 | YawErr: 0.370 | |A|: 0.307 | R>0: 97.84% | Done: 0.00% | Sigma: 0.318 | Steps: 40960000 | Time: 2846.2s
Seed 9016 | Epoch 255/1220 | Avg R: 0.0172 | Val Loss: 0.0004 | KL: 0.0225 | LinErr: 0.823 | YawErr: 0.434 | |A|: 0.324 | R>0: 97.08% | Done: 0.01% | Sigma: 0.318 | Steps: 41779200 | Time: 2901.9s
Seed 9016 | Epoch 260/1220 | Avg R: 0.0168 | Val Loss: 0.0005 | KL: 0.0196 | LinErr: 0.828 | YawErr: 0.442 | |A|: 0.332 | R>0: 96.75% | Done: 0.00% | Sigma: 0.319 | Steps: 42598400 | Time: 2958.5s
Seed 9016 | Epoch 265/1220 | Avg R: 0.0169 | Val Loss: 0.0004 | KL: 0.0223 | LinErr: 0.822 | YawErr: 0.459 | |A|: 0.343 | R>0: 96.31% | Done: 0.01% | Sigma: 0.321 | Steps: 43417600 | Time: 3013.9s
Seed 9016 | Epoch 270/1220 | Avg R: 0.0172 | Val Loss: 0.0005 | KL: 0.0217 | LinErr: 0.810 | YawErr: 0.431 | |A|: 0.343 | R>0: 96.32% | Done: 0.00% | Sigma: 0.322 | Steps: 44236800 | Time: 3070.1s
Seed 9016 | Epoch 275/1220 | Avg R: 0.0177 | Val Loss: 0.0005 | KL: 0.0177 | LinErr: 0.794 | YawErr: 0.414 | |A|: 0.337 | R>0: 96.79% | Done: 0.00% | Sigma: 0.324 | Steps: 45056000 | Time: 3126.3s
Seed 9016 | Epoch 280/1220 | Avg R: 0.0180 | Val Loss: 0.0005 | KL: 0.0213 | LinErr: 0.781 | YawErr: 0.401 | |A|: 0.335 | R>0: 96.96% | Done: 0.00% | Sigma: 0.325 | Steps: 45875200 | Time: 3182.4s
Seed 9016 | Epoch 285/1220 | Avg R: 0.0183 | Val Loss: 0.0005 | KL: 0.0202 | LinErr: 0.774 | YawErr: 0.378 | |A|: 0.335 | R>0: 97.05% | Done: 0.01% | Sigma: 0.327 | Steps: 46694400 | Time: 3238.6s
Seed 9016 | Epoch 290/1220 | Avg R: 0.0186 | Val Loss: 0.0005 | KL: 0.0166 | LinErr: 0.766 | YawErr: 0.358 | |A|: 0.335 | R>0: 97.52% | Done: 0.00% | Sigma: 0.329 | Steps: 47513600 | Time: 3294.4s
Seed 9016 | Epoch 295/1220 | Avg R: 0.0189 | Val Loss: 0.0005 | KL: 0.0211 | LinErr: 0.753 | YawErr: 0.346 | |A|: 0.335 | R>0: 97.66% | Done: 0.00% | Sigma: 0.331 | Steps: 48332800 | Time: 3351.2s
Seed 9016 | Epoch 300/1220 | Avg R: 0.0191 | Val Loss: 0.0004 | KL: 0.0208 | LinErr: 0.745 | YawErr: 0.346 | |A|: 0.337 | R>0: 97.50% | Done: 0.00% | Sigma: 0.332 | Steps: 49152000 | Time: 3407.2s
Seed 9016 | Epoch 305/1220 | Avg R: 0.0172 | Val Loss: 0.0004 | KL: 0.0219 | LinErr: 0.821 | YawErr: 0.382 | |A|: 0.355 | R>0: 96.85% | Done: 0.00% | Sigma: 0.334 | Steps: 49971200 | Time: 3462.1s
Seed 9016 | Epoch 310/1220 | Avg R: 0.0168 | Val Loss: 0.0005 | KL: 0.0212 | LinErr: 0.828 | YawErr: 0.395 | |A|: 0.357 | R>0: 96.52% | Done: 0.01% | Sigma: 0.336 | Steps: 50790400 | Time: 3517.7s
Seed 9016 | Epoch 315/1220 | Avg R: 0.0169 | Val Loss: 0.0005 | KL: 0.0219 | LinErr: 0.821 | YawErr: 0.415 | |A|: 0.366 | R>0: 96.04% | Done: 0.00% | Sigma: 0.338 | Steps: 51609600 | Time: 3572.6s
Seed 9016 | Epoch 320/1220 | Avg R: 0.0173 | Val Loss: 0.0004 | KL: 0.0207 | LinErr: 0.806 | YawErr: 0.373 | |A|: 0.364 | R>0: 96.12% | Done: 0.01% | Sigma: 0.341 | Steps: 52428800 | Time: 3629.2s
Seed 9016 | Epoch 325/1220 | Avg R: 0.0176 | Val Loss: 0.0005 | KL: 0.0216 | LinErr: 0.791 | YawErr: 0.363 | |A|: 0.364 | R>0: 95.90% | Done: 0.01% | Sigma: 0.342 | Steps: 53248000 | Time: 3685.0s
Seed 9016 | Epoch 330/1220 | Avg R: 0.0180 | Val Loss: 0.0005 | KL: 0.0189 | LinErr: 0.778 | YawErr: 0.345 | |A|: 0.364 | R>0: 96.45% | Done: 0.01% | Sigma: 0.343 | Steps: 54067200 | Time: 3741.3s
Seed 9016 | Epoch 335/1220 | Avg R: 0.0181 | Val Loss: 0.0005 | KL: 0.0176 | LinErr: 0.774 | YawErr: 0.336 | |A|: 0.365 | R>0: 96.09% | Done: 0.01% | Sigma: 0.345 | Steps: 54886400 | Time: 3796.1s
Seed 9016 | Epoch 340/1220 | Avg R: 0.0184 | Val Loss: 0.0005 | KL: 0.0185 | LinErr: 0.764 | YawErr: 0.323 | |A|: 0.363 | R>0: 96.58% | Done: 0.01% | Sigma: 0.348 | Steps: 55705600 | Time: 3851.9s
Seed 9016 | Epoch 345/1220 | Avg R: 0.0187 | Val Loss: 0.0005 | KL: 0.0205 | LinErr: 0.752 | YawErr: 0.317 | |A|: 0.359 | R>0: 96.84% | Done: 0.01% | Sigma: 0.349 | Steps: 56524800 | Time: 3907.6s
Seed 9016 | Epoch 350/1220 | Avg R: 0.0189 | Val Loss: 0.0005 | KL: 0.0206 | LinErr: 0.744 | YawErr: 0.308 | |A|: 0.360 | R>0: 96.96% | Done: 0.00% | Sigma: 0.350 | Steps: 57344000 | Time: 3963.2s
Seed 9016 | Epoch 355/1220 | Avg R: 0.0173 | Val Loss: 0.0004 | KL: 0.0189 | LinErr: 0.819 | YawErr: 0.313 | |A|: 0.377 | R>0: 96.40% | Done: 0.00% | Sigma: 0.351 | Steps: 58163200 | Time: 4018.3s
Seed 9016 | Epoch 360/1220 | Avg R: 0.0169 | Val Loss: 0.0005 | KL: 0.0186 | LinErr: 0.827 | YawErr: 0.324 | |A|: 0.379 | R>0: 95.69% | Done: 0.01% | Sigma: 0.353 | Steps: 58982400 | Time: 4073.8s
Seed 9016 | Epoch 365/1220 | Avg R: 0.0169 | Val Loss: 0.0005 | KL: 0.0200 | LinErr: 0.818 | YawErr: 0.356 | |A|: 0.382 | R>0: 95.58% | Done: 0.00% | Sigma: 0.355 | Steps: 59801600 | Time: 4128.8s
Seed 9016 | Epoch 370/1220 | Avg R: 0.0173 | Val Loss: 0.0004 | KL: 0.0178 | LinErr: 0.805 | YawErr: 0.335 | |A|: 0.382 | R>0: 95.75% | Done: 0.01% | Sigma: 0.357 | Steps: 60620800 | Time: 4185.2s
Seed 9016 | Epoch 375/1220 | Avg R: 0.0177 | Val Loss: 0.0005 | KL: 0.0222 | LinErr: 0.790 | YawErr: 0.313 | |A|: 0.378 | R>0: 96.34% | Done: 0.00% | Sigma: 0.359 | Steps: 61440000 | Time: 4241.3s
Seed 9016 | Epoch 380/1220 | Avg R: 0.0180 | Val Loss: 0.0005 | KL: 0.0216 | LinErr: 0.775 | YawErr: 0.296 | |A|: 0.379 | R>0: 96.25% | Done: 0.00% | Sigma: 0.360 | Steps: 62259200 | Time: 4297.1s
Seed 9016 | Epoch 385/1220 | Avg R: 0.0182 | Val Loss: 0.0005 | KL: 0.0228 | LinErr: 0.767 | YawErr: 0.295 | |A|: 0.378 | R>0: 96.29% | Done: 0.01% | Sigma: 0.361 | Steps: 63078400 | Time: 4352.8s
Seed 9016 | Epoch 390/1220 | Avg R: 0.0184 | Val Loss: 0.0005 | KL: 0.0183 | LinErr: 0.763 | YawErr: 0.282 | |A|: 0.375 | R>0: 96.91% | Done: 0.00% | Sigma: 0.363 | Steps: 63897600 | Time: 4408.9s
Seed 9016 | Epoch 395/1220 | Avg R: 0.0187 | Val Loss: 0.0005 | KL: 0.0216 | LinErr: 0.751 | YawErr: 0.275 | |A|: 0.378 | R>0: 96.91% | Done: 0.01% | Sigma: 0.367 | Steps: 64716800 | Time: 4465.1s
Seed 9016 | Epoch 400/1220 | Avg R: 0.0188 | Val Loss: 0.0004 | KL: 0.0218 | LinErr: 0.741 | YawErr: 0.275 | |A|: 0.375 | R>0: 96.97% | Done: 0.01% | Sigma: 0.369 | Steps: 65536000 | Time: 4521.5s
Seed 9016 | Epoch 405/1220 | Avg R: 0.0171 | Val Loss: 0.0004 | KL: 0.0184 | LinErr: 0.814 | YawErr: 0.292 | |A|: 0.394 | R>0: 96.00% | Done: 0.00% | Sigma: 0.370 | Steps: 66355200 | Time: 4576.5s
Seed 9016 | Epoch 410/1220 | Avg R: 0.0169 | Val Loss: 0.0004 | KL: 0.0221 | LinErr: 0.821 | YawErr: 0.297 | |A|: 0.389 | R>0: 95.89% | Done: 0.00% | Sigma: 0.372 | Steps: 67174400 | Time: 4632.2s
Seed 9016 | Epoch 415/1220 | Avg R: 0.0169 | Val Loss: 0.0004 | KL: 0.0235 | LinErr: 0.813 | YawErr: 0.304 | |A|: 0.394 | R>0: 95.61% | Done: 0.00% | Sigma: 0.374 | Steps: 67993600 | Time: 4688.0s
Seed 9016 | Epoch 420/1220 | Avg R: 0.0172 | Val Loss: 0.0004 | KL: 0.0233 | LinErr: 0.801 | YawErr: 0.296 | |A|: 0.391 | R>0: 95.76% | Done: 0.00% | Sigma: 0.374 | Steps: 68812800 | Time: 4743.4s
Seed 9016 | Epoch 425/1220 | Avg R: 0.0177 | Val Loss: 0.0005 | KL: 0.0192 | LinErr: 0.790 | YawErr: 0.263 | |A|: 0.392 | R>0: 96.28% | Done: 0.01% | Sigma: 0.376 | Steps: 69632000 | Time: 4798.4s
Seed 9016 | Epoch 430/1220 | Avg R: 0.0180 | Val Loss: 0.0005 | KL: 0.0204 | LinErr: 0.772 | YawErr: 0.267 | |A|: 0.388 | R>0: 96.25% | Done: 0.01% | Sigma: 0.379 | Steps: 70451200 | Time: 4855.6s
Seed 9016 | Epoch 435/1220 | Avg R: 0.0183 | Val Loss: 0.0005 | KL: 0.0176 | LinErr: 0.765 | YawErr: 0.248 | |A|: 0.388 | R>0: 96.58% | Done: 0.00% | Sigma: 0.380 | Steps: 71270400 | Time: 4911.4s
Seed 9016 | Epoch 440/1220 | Avg R: 0.0185 | Val Loss: 0.0005 | KL: 0.0221 | LinErr: 0.759 | YawErr: 0.251 | |A|: 0.385 | R>0: 97.01% | Done: 0.00% | Sigma: 0.381 | Steps: 72089600 | Time: 4966.6s
Seed 9016 | Epoch 445/1220 | Avg R: 0.0185 | Val Loss: 0.0005 | KL: 0.0222 | LinErr: 0.748 | YawErr: 0.254 | |A|: 0.383 | R>0: 96.72% | Done: 0.00% | Sigma: 0.384 | Steps: 72908800 | Time: 5023.9s
Seed 9016 | Epoch 450/1220 | Avg R: 0.0187 | Val Loss: 0.0005 | KL: 0.0180 | LinErr: 0.739 | YawErr: 0.250 | |A|: 0.378 | R>0: 96.89% | Done: 0.01% | Sigma: 0.385 | Steps: 73728000 | Time: 5080.3s
Seed 9016 | Epoch 455/1220 | Avg R: 0.0172 | Val Loss: 0.0004 | KL: 0.0203 | LinErr: 0.808 | YawErr: 0.257 | |A|: 0.393 | R>0: 96.06% | Done: 0.01% | Sigma: 0.386 | Steps: 74547200 | Time: 5136.5s
Seed 9016 | Epoch 460/1220 | Avg R: 0.0170 | Val Loss: 0.0005 | KL: 0.0183 | LinErr: 0.816 | YawErr: 0.260 | |A|: 0.395 | R>0: 96.03% | Done: 0.00% | Sigma: 0.387 | Steps: 75366400 | Time: 5191.6s
Seed 9016 | Epoch 465/1220 | Avg R: 0.0171 | Val Loss: 0.0005 | KL: 0.0181 | LinErr: 0.810 | YawErr: 0.267 | |A|: 0.403 | R>0: 95.68% | Done: 0.01% | Sigma: 0.389 | Steps: 76185600 | Time: 5247.0s
Seed 9016 | Epoch 470/1220 | Avg R: 0.0176 | Val Loss: 0.0004 | KL: 0.0230 | LinErr: 0.795 | YawErr: 0.254 | |A|: 0.402 | R>0: 95.89% | Done: 0.01% | Sigma: 0.392 | Steps: 77004800 | Time: 5303.1s
Seed 9016 | Epoch 475/1220 | Avg R: 0.0178 | Val Loss: 0.0005 | KL: 0.0181 | LinErr: 0.782 | YawErr: 0.248 | |A|: 0.400 | R>0: 96.29% | Done: 0.00% | Sigma: 0.394 | Steps: 77824000 | Time: 5358.6s
Seed 9016 | Epoch 480/1220 | Avg R: 0.0180 | Val Loss: 0.0005 | KL: 0.0226 | LinErr: 0.771 | YawErr: 0.241 | |A|: 0.395 | R>0: 96.40% | Done: 0.01% | Sigma: 0.397 | Steps: 78643200 | Time: 5414.8s
Seed 9016 | Epoch 485/1220 | Avg R: 0.0183 | Val Loss: 0.0005 | KL: 0.0215 | LinErr: 0.762 | YawErr: 0.232 | |A|: 0.392 | R>0: 96.66% | Done: 0.00% | Sigma: 0.398 | Steps: 79462400 | Time: 5470.0s
Seed 9016 | Epoch 490/1220 | Avg R: 0.0185 | Val Loss: 0.0005 | KL: 0.0206 | LinErr: 0.754 | YawErr: 0.231 | |A|: 0.385 | R>0: 96.75% | Done: 0.00% | Sigma: 0.400 | Steps: 80281600 | Time: 5526.0s
Seed 9016 | Epoch 495/1220 | Avg R: 0.0188 | Val Loss: 0.0005 | KL: 0.0216 | LinErr: 0.743 | YawErr: 0.228 | |A|: 0.382 | R>0: 96.75% | Done: 0.00% | Sigma: 0.402 | Steps: 81100800 | Time: 5582.7s
Seed 9016 | Epoch 500/1220 | Avg R: 0.0190 | Val Loss: 0.0005 | KL: 0.0205 | LinErr: 0.734 | YawErr: 0.221 | |A|: 0.381 | R>0: 97.08% | Done: 0.00% | Sigma: 0.403 | Steps: 81920000 | Time: 5639.8s
Seed 9016 | Epoch 505/1220 | Avg R: 0.0174 | Val Loss: 0.0004 | KL: 0.0197 | LinErr: 0.803 | YawErr: 0.232 | |A|: 0.394 | R>0: 96.25% | Done: 0.01% | Sigma: 0.404 | Steps: 82739200 | Time: 5695.2s
Seed 9016 | Epoch 510/1220 | Avg R: 0.0173 | Val Loss: 0.0005 | KL: 0.0177 | LinErr: 0.811 | YawErr: 0.224 | |A|: 0.392 | R>0: 96.31% | Done: 0.00% | Sigma: 0.405 | Steps: 83558400 | Time: 5750.8s
Seed 9016 | Epoch 515/1220 | Avg R: 0.0174 | Val Loss: 0.0004 | KL: 0.0218 | LinErr: 0.802 | YawErr: 0.226 | |A|: 0.399 | R>0: 96.03% | Done: 0.00% | Sigma: 0.406 | Steps: 84377600 | Time: 5806.3s
Seed 9016 | Epoch 520/1220 | Avg R: 0.0176 | Val Loss: 0.0004 | KL: 0.0181 | LinErr: 0.791 | YawErr: 0.229 | |A|: 0.402 | R>0: 96.10% | Done: 0.01% | Sigma: 0.407 | Steps: 85196800 | Time: 5861.4s
Seed 9016 | Epoch 525/1220 | Avg R: 0.0180 | Val Loss: 0.0005 | KL: 0.0192 | LinErr: 0.779 | YawErr: 0.213 | |A|: 0.396 | R>0: 96.22% | Done: 0.00% | Sigma: 0.408 | Steps: 86016000 | Time: 5915.8s
Seed 9016 | Epoch 530/1220 | Avg R: 0.0184 | Val Loss: 0.0005 | KL: 0.0195 | LinErr: 0.762 | YawErr: 0.215 | |A|: 0.399 | R>0: 96.55% | Done: 0.00% | Sigma: 0.410 | Steps: 86835200 | Time: 5971.3s
Seed 9016 | Epoch 535/1220 | Avg R: 0.0185 | Val Loss: 0.0005 | KL: 0.0231 | LinErr: 0.757 | YawErr: 0.206 | |A|: 0.399 | R>0: 96.75% | Done: 0.01% | Sigma: 0.413 | Steps: 87654400 | Time: 6028.5s
Seed 9016 | Epoch 540/1220 | Avg R: 0.0187 | Val Loss: 0.0005 | KL: 0.0213 | LinErr: 0.752 | YawErr: 0.203 | |A|: 0.398 | R>0: 96.92% | Done: 0.01% | Sigma: 0.417 | Steps: 88473600 | Time: 6084.3s
Seed 9016 | Epoch 545/1220 | Avg R: 0.0189 | Val Loss: 0.0005 | KL: 0.0193 | LinErr: 0.741 | YawErr: 0.199 | |A|: 0.398 | R>0: 97.03% | Done: 0.01% | Sigma: 0.420 | Steps: 89292800 | Time: 6139.5s
Seed 9016 | Epoch 550/1220 | Avg R: 0.0190 | Val Loss: 0.0005 | KL: 0.0189 | LinErr: 0.735 | YawErr: 0.194 | |A|: 0.399 | R>0: 97.24% | Done: 0.00% | Sigma: 0.422 | Steps: 90112000 | Time: 6195.2s
Seed 9016 | Epoch 555/1220 | Avg R: 0.0176 | Val Loss: 0.0004 | KL: 0.0223 | LinErr: 0.802 | YawErr: 0.202 | |A|: 0.406 | R>0: 96.43% | Done: 0.01% | Sigma: 0.424 | Steps: 90931200 | Time: 6250.6s
Seed 9016 | Epoch 560/1220 | Avg R: 0.0173 | Val Loss: 0.0005 | KL: 0.0192 | LinErr: 0.810 | YawErr: 0.207 | |A|: 0.411 | R>0: 96.09% | Done: 0.01% | Sigma: 0.426 | Steps: 91750400 | Time: 6305.9s
Seed 9016 | Epoch 565/1220 | Avg R: 0.0175 | Val Loss: 0.0005 | KL: 0.0227 | LinErr: 0.799 | YawErr: 0.209 | |A|: 0.410 | R>0: 96.26% | Done: 0.01% | Sigma: 0.428 | Steps: 92569600 | Time: 6362.2s
Seed 9016 | Epoch 570/1220 | Avg R: 0.0178 | Val Loss: 0.0004 | KL: 0.0221 | LinErr: 0.786 | YawErr: 0.204 | |A|: 0.408 | R>0: 96.47% | Done: 0.00% | Sigma: 0.431 | Steps: 93388800 | Time: 6418.8s
Seed 9016 | Epoch 575/1220 | Avg R: 0.0182 | Val Loss: 0.0005 | KL: 0.0225 | LinErr: 0.769 | YawErr: 0.199 | |A|: 0.402 | R>0: 96.75% | Done: 0.00% | Sigma: 0.432 | Steps: 94208000 | Time: 6474.9s
Seed 9016 | Epoch 580/1220 | Avg R: 0.0185 | Val Loss: 0.0005 | KL: 0.0184 | LinErr: 0.752 | YawErr: 0.194 | |A|: 0.402 | R>0: 96.75% | Done: 0.01% | Sigma: 0.433 | Steps: 95027200 | Time: 6531.3s
Seed 9016 | Epoch 585/1220 | Avg R: 0.0188 | Val Loss: 0.0005 | KL: 0.0165 | LinErr: 0.745 | YawErr: 0.184 | |A|: 0.406 | R>0: 97.09% | Done: 0.01% | Sigma: 0.436 | Steps: 95846400 | Time: 6587.3s
Seed 9016 | Epoch 590/1220 | Avg R: 0.0188 | Val Loss: 0.0006 | KL: 0.0178 | LinErr: 0.736 | YawErr: 0.190 | |A|: 0.406 | R>0: 96.89% | Done: 0.01% | Sigma: 0.439 | Steps: 96665600 | Time: 6643.2s
Seed 9016 | Epoch 595/1220 | Avg R: 0.0190 | Val Loss: 0.0005 | KL: 0.0213 | LinErr: 0.728 | YawErr: 0.189 | |A|: 0.404 | R>0: 97.11% | Done: 0.00% | Sigma: 0.442 | Steps: 97484800 | Time: 6700.3s
Seed 9016 | Epoch 600/1220 | Avg R: 0.0192 | Val Loss: 0.0005 | KL: 0.0215 | LinErr: 0.718 | YawErr: 0.188 | |A|: 0.398 | R>0: 97.40% | Done: 0.00% | Sigma: 0.446 | Steps: 98304000 | Time: 6758.8s
Seed 9016 | Epoch 605/1220 | Avg R: 0.0179 | Val Loss: 0.0005 | KL: 0.0176 | LinErr: 0.777 | YawErr: 0.194 | |A|: 0.408 | R>0: 96.96% | Done: 0.00% | Sigma: 0.448 | Steps: 99123200 | Time: 6814.7s
Seed 9016 | Epoch 610/1220 | Avg R: 0.0175 | Val Loss: 0.0005 | KL: 0.0169 | LinErr: 0.779 | YawErr: 0.199 | |A|: 0.407 | R>0: 96.46% | Done: 0.00% | Sigma: 0.449 | Steps: 99942400 | Time: 6869.4s
Seed 9016 | Epoch 615/1220 | Avg R: 0.0177 | Val Loss: 0.0005 | KL: 0.0218 | LinErr: 0.774 | YawErr: 0.204 | |A|: 0.410 | R>0: 96.37% | Done: 0.01% | Sigma: 0.451 | Steps: 100761600 | Time: 6925.0s
Seed 9016 | Epoch 620/1220 | Avg R: 0.0181 | Val Loss: 0.0005 | KL: 0.0222 | LinErr: 0.755 | YawErr: 0.198 | |A|: 0.406 | R>0: 96.57% | Done: 0.00% | Sigma: 0.455 | Steps: 101580800 | Time: 6981.0s
Seed 9016 | Epoch 625/1220 | Avg R: 0.0183 | Val Loss: 0.0005 | KL: 0.0225 | LinErr: 0.736 | YawErr: 0.197 | |A|: 0.402 | R>0: 96.82% | Done: 0.01% | Sigma: 0.457 | Steps: 102400000 | Time: 7036.6s
Seed 9016 | Epoch 630/1220 | Avg R: 0.0188 | Val Loss: 0.0005 | KL: 0.0229 | LinErr: 0.716 | YawErr: 0.187 | |A|: 0.400 | R>0: 97.19% | Done: 0.01% | Sigma: 0.459 | Steps: 103219200 | Time: 7093.0s
Seed 9016 | Epoch 635/1220 | Avg R: 0.0190 | Val Loss: 0.0006 | KL: 0.0200 | LinErr: 0.707 | YawErr: 0.184 | |A|: 0.399 | R>0: 97.16% | Done: 0.00% | Sigma: 0.462 | Steps: 104038400 | Time: 7149.9s
Seed 9016 | Epoch 640/1220 | Avg R: 0.0192 | Val Loss: 0.0006 | KL: 0.0220 | LinErr: 0.688 | YawErr: 0.181 | |A|: 0.397 | R>0: 97.35% | Done: 0.00% | Sigma: 0.464 | Steps: 104857600 | Time: 7206.1s
Seed 9016 | Epoch 645/1220 | Avg R: 0.0195 | Val Loss: 0.0005 | KL: 0.0226 | LinErr: 0.677 | YawErr: 0.182 | |A|: 0.396 | R>0: 97.35% | Done: 0.01% | Sigma: 0.468 | Steps: 105676800 | Time: 7264.2s
Seed 9016 | Epoch 650/1220 | Avg R: 0.0197 | Val Loss: 0.0005 | KL: 0.0213 | LinErr: 0.667 | YawErr: 0.179 | |A|: 0.395 | R>0: 97.56% | Done: 0.01% | Sigma: 0.472 | Steps: 106496000 | Time: 7323.3s
Seed 9016 | Epoch 655/1220 | Avg R: 0.0184 | Val Loss: 0.0005 | KL: 0.0224 | LinErr: 0.727 | YawErr: 0.190 | |A|: 0.402 | R>0: 97.03% | Done: 0.01% | Sigma: 0.475 | Steps: 107315200 | Time: 7381.8s
Seed 9016 | Epoch 660/1220 | Avg R: 0.0181 | Val Loss: 0.0006 | KL: 0.0222 | LinErr: 0.739 | YawErr: 0.195 | |A|: 0.401 | R>0: 96.89% | Done: 0.01% | Sigma: 0.479 | Steps: 108134400 | Time: 7438.1s
Seed 9016 | Epoch 665/1220 | Avg R: 0.0183 | Val Loss: 0.0006 | KL: 0.0224 | LinErr: 0.723 | YawErr: 0.192 | |A|: 0.405 | R>0: 96.66% | Done: 0.01% | Sigma: 0.481 | Steps: 108953600 | Time: 7493.0s
Seed 9016 | Epoch 670/1220 | Avg R: 0.0186 | Val Loss: 0.0005 | KL: 0.0189 | LinErr: 0.703 | YawErr: 0.188 | |A|: 0.400 | R>0: 96.99% | Done: 0.01% | Sigma: 0.484 | Steps: 109772800 | Time: 7547.9s
Seed 9016 | Epoch 675/1220 | Avg R: 0.0190 | Val Loss: 0.0006 | KL: 0.0157 | LinErr: 0.681 | YawErr: 0.185 | |A|: 0.402 | R>0: 97.10% | Done: 0.00% | Sigma: 0.487 | Steps: 110592000 | Time: 7603.4s
Seed 9016 | Epoch 680/1220 | Avg R: 0.0194 | Val Loss: 0.0005 | KL: 0.0161 | LinErr: 0.661 | YawErr: 0.178 | |A|: 0.398 | R>0: 97.44% | Done: 0.01% | Sigma: 0.488 | Steps: 111411200 | Time: 7660.1s
Seed 9016 | Epoch 685/1220 | Avg R: 0.0197 | Val Loss: 0.0006 | KL: 0.0165 | LinErr: 0.645 | YawErr: 0.175 | |A|: 0.395 | R>0: 97.63% | Done: 0.01% | Sigma: 0.490 | Steps: 112230400 | Time: 7716.7s
Seed 9016 | Epoch 690/1220 | Avg R: 0.0199 | Val Loss: 0.0005 | KL: 0.0151 | LinErr: 0.639 | YawErr: 0.171 | |A|: 0.395 | R>0: 97.81% | Done: 0.00% | Sigma: 0.492 | Steps: 113049600 | Time: 7772.7s
Seed 9016 | Epoch 695/1220 | Avg R: 0.0201 | Val Loss: 0.0006 | KL: 0.0167 | LinErr: 0.625 | YawErr: 0.169 | |A|: 0.394 | R>0: 97.65% | Done: 0.01% | Sigma: 0.493 | Steps: 113868800 | Time: 7829.6s
Seed 9016 | Epoch 700/1220 | Avg R: 0.0203 | Val Loss: 0.0006 | KL: 0.0157 | LinErr: 0.609 | YawErr: 0.167 | |A|: 0.390 | R>0: 97.69% | Done: 0.01% | Sigma: 0.495 | Steps: 114688000 | Time: 7885.9s
Seed 9016 | Epoch 705/1220 | Avg R: 0.0191 | Val Loss: 0.0005 | KL: 0.0170 | LinErr: 0.671 | YawErr: 0.171 | |A|: 0.394 | R>0: 97.38% | Done: 0.01% | Sigma: 0.497 | Steps: 115507200 | Time: 7942.5s
Seed 9016 | Epoch 710/1220 | Avg R: 0.0189 | Val Loss: 0.0005 | KL: 0.0170 | LinErr: 0.674 | YawErr: 0.175 | |A|: 0.396 | R>0: 97.15% | Done: 0.01% | Sigma: 0.499 | Steps: 116326400 | Time: 7999.4s
Seed 9016 | Epoch 715/1220 | Avg R: 0.0192 | Val Loss: 0.0005 | KL: 0.0179 | LinErr: 0.653 | YawErr: 0.177 | |A|: 0.394 | R>0: 97.08% | Done: 0.01% | Sigma: 0.503 | Steps: 117145600 | Time: 8056.0s
Seed 9016 | Epoch 720/1220 | Avg R: 0.0195 | Val Loss: 0.0005 | KL: 0.0163 | LinErr: 0.627 | YawErr: 0.177 | |A|: 0.392 | R>0: 97.13% | Done: 0.02% | Sigma: 0.505 | Steps: 117964800 | Time: 8111.8s
Seed 9016 | Epoch 725/1220 | Avg R: 0.0199 | Val Loss: 0.0006 | KL: 0.0176 | LinErr: 0.612 | YawErr: 0.174 | |A|: 0.391 | R>0: 97.32% | Done: 0.01% | Sigma: 0.509 | Steps: 118784000 | Time: 8168.8s
Seed 9016 | Epoch 730/1220 | Avg R: 0.0203 | Val Loss: 0.0006 | KL: 0.0190 | LinErr: 0.590 | YawErr: 0.171 | |A|: 0.388 | R>0: 97.61% | Done: 0.01% | Sigma: 0.509 | Steps: 119603200 | Time: 8224.8s
Seed 9016 | Epoch 735/1220 | Avg R: 0.0205 | Val Loss: 0.0006 | KL: 0.0173 | LinErr: 0.571 | YawErr: 0.171 | |A|: 0.383 | R>0: 97.64% | Done: 0.01% | Sigma: 0.511 | Steps: 120422400 | Time: 8281.2s
Seed 9016 | Epoch 740/1220 | Avg R: 0.0206 | Val Loss: 0.0006 | KL: 0.0155 | LinErr: 0.564 | YawErr: 0.170 | |A|: 0.382 | R>0: 97.78% | Done: 0.01% | Sigma: 0.514 | Steps: 121241600 | Time: 8337.1s
Seed 9016 | Epoch 745/1220 | Avg R: 0.0209 | Val Loss: 0.0005 | KL: 0.0175 | LinErr: 0.541 | YawErr: 0.168 | |A|: 0.381 | R>0: 97.77% | Done: 0.01% | Sigma: 0.517 | Steps: 122060800 | Time: 8393.9s
Seed 9016 | Epoch 750/1220 | Avg R: 0.0210 | Val Loss: 0.0006 | KL: 0.0188 | LinErr: 0.536 | YawErr: 0.164 | |A|: 0.380 | R>0: 97.77% | Done: 0.01% | Sigma: 0.520 | Steps: 122880000 | Time: 8448.9s
Seed 9016 | Epoch 755/1220 | Avg R: 0.0199 | Val Loss: 0.0006 | KL: 0.0189 | LinErr: 0.591 | YawErr: 0.170 | |A|: 0.386 | R>0: 97.40% | Done: 0.01% | Sigma: 0.521 | Steps: 123699200 | Time: 8502.6s
Seed 9016 | Epoch 760/1220 | Avg R: 0.0195 | Val Loss: 0.0006 | KL: 0.0202 | LinErr: 0.599 | YawErr: 0.177 | |A|: 0.389 | R>0: 97.01% | Done: 0.01% | Sigma: 0.523 | Steps: 124518400 | Time: 8556.6s
Seed 9016 | Epoch 765/1220 | Avg R: 0.0198 | Val Loss: 0.0006 | KL: 0.0171 | LinErr: 0.574 | YawErr: 0.179 | |A|: 0.388 | R>0: 96.94% | Done: 0.02% | Sigma: 0.524 | Steps: 125337600 | Time: 8610.8s
Seed 9016 | Epoch 770/1220 | Avg R: 0.0202 | Val Loss: 0.0006 | KL: 0.0228 | LinErr: 0.554 | YawErr: 0.177 | |A|: 0.389 | R>0: 97.34% | Done: 0.01% | Sigma: 0.526 | Steps: 126156800 | Time: 8665.0s
Seed 9016 | Epoch 775/1220 | Avg R: 0.0204 | Val Loss: 0.0006 | KL: 0.0193 | LinErr: 0.542 | YawErr: 0.173 | |A|: 0.387 | R>0: 97.34% | Done: 0.01% | Sigma: 0.529 | Steps: 126976000 | Time: 8720.3s
Seed 9016 | Epoch 780/1220 | Avg R: 0.0208 | Val Loss: 0.0006 | KL: 0.0183 | LinErr: 0.515 | YawErr: 0.173 | |A|: 0.384 | R>0: 97.50% | Done: 0.01% | Sigma: 0.533 | Steps: 127795200 | Time: 8776.1s
Seed 9016 | Epoch 785/1220 | Avg R: 0.0210 | Val Loss: 0.0006 | KL: 0.0186 | LinErr: 0.502 | YawErr: 0.169 | |A|: 0.381 | R>0: 97.56% | Done: 0.01% | Sigma: 0.536 | Steps: 128614400 | Time: 8831.8s
Seed 9016 | Epoch 790/1220 | Avg R: 0.0212 | Val Loss: 0.0006 | KL: 0.0183 | LinErr: 0.492 | YawErr: 0.169 | |A|: 0.378 | R>0: 97.58% | Done: 0.02% | Sigma: 0.540 | Steps: 129433600 | Time: 8888.3s
Seed 9016 | Epoch 795/1220 | Avg R: 0.0215 | Val Loss: 0.0006 | KL: 0.0125 | LinErr: 0.480 | YawErr: 0.168 | |A|: 0.376 | R>0: 97.66% | Done: 0.01% | Sigma: 0.542 | Steps: 130252800 | Time: 8944.2s
Seed 9016 | Epoch 800/1220 | Avg R: 0.0216 | Val Loss: 0.0006 | KL: 0.0211 | LinErr: 0.470 | YawErr: 0.170 | |A|: 0.375 | R>0: 97.79% | Done: 0.01% | Sigma: 0.542 | Steps: 131072000 | Time: 8998.0s
Seed 9016 | Epoch 805/1220 | Avg R: 0.0205 | Val Loss: 0.0005 | KL: 0.0208 | LinErr: 0.520 | YawErr: 0.171 | |A|: 0.379 | R>0: 97.53% | Done: 0.01% | Sigma: 0.543 | Steps: 131891200 | Time: 9051.6s
Seed 9016 | Epoch 810/1220 | Avg R: 0.0203 | Val Loss: 0.0006 | KL: 0.0141 | LinErr: 0.516 | YawErr: 0.170 | |A|: 0.378 | R>0: 97.35% | Done: 0.01% | Sigma: 0.544 | Steps: 132710400 | Time: 9105.6s
Seed 9016 | Epoch 815/1220 | Avg R: 0.0207 | Val Loss: 0.0006 | KL: 0.0173 | LinErr: 0.490 | YawErr: 0.172 | |A|: 0.382 | R>0: 97.23% | Done: 0.01% | Sigma: 0.545 | Steps: 133529600 | Time: 9159.6s
Seed 9016 | Epoch 820/1220 | Avg R: 0.0210 | Val Loss: 0.0006 | KL: 0.0165 | LinErr: 0.471 | YawErr: 0.172 | |A|: 0.380 | R>0: 97.19% | Done: 0.01% | Sigma: 0.546 | Steps: 134348800 | Time: 9213.7s
Seed 9016 | Epoch 825/1220 | Avg R: 0.0213 | Val Loss: 0.0006 | KL: 0.0177 | LinErr: 0.458 | YawErr: 0.170 | |A|: 0.376 | R>0: 97.55% | Done: 0.02% | Sigma: 0.549 | Steps: 135168000 | Time: 9269.5s
Seed 9016 | Epoch 830/1220 | Avg R: 0.0215 | Val Loss: 0.0006 | KL: 0.0174 | LinErr: 0.436 | YawErr: 0.169 | |A|: 0.376 | R>0: 97.36% | Done: 0.02% | Sigma: 0.550 | Steps: 135987200 | Time: 9323.6s
Seed 9016 | Epoch 835/1220 | Avg R: 0.0217 | Val Loss: 0.0007 | KL: 0.0689 | LinErr: 0.425 | YawErr: 0.170 | |A|: 0.370 | R>0: 97.60% | Done: 0.01% | Sigma: 0.551 | Steps: 136806400 | Time: 9378.5s
Seed 9016 | Epoch 840/1220 | Avg R: 0.0219 | Val Loss: 0.0006 | KL: 0.0143 | LinErr: 0.422 | YawErr: 0.169 | |A|: 0.370 | R>0: 97.67% | Done: 0.01% | Sigma: 0.553 | Steps: 137625600 | Time: 9434.5s
Seed 9016 | Epoch 845/1220 | Avg R: 0.0221 | Val Loss: 0.0006 | KL: 0.0146 | LinErr: 0.417 | YawErr: 0.167 | |A|: 0.370 | R>0: 97.67% | Done: 0.02% | Sigma: 0.553 | Steps: 138444800 | Time: 9489.7s
Seed 9016 | Epoch 850/1220 | Avg R: 0.0223 | Val Loss: 0.0006 | KL: 0.0189 | LinErr: 0.408 | YawErr: 0.165 | |A|: 0.367 | R>0: 97.92% | Done: 0.01% | Sigma: 0.554 | Steps: 139264000 | Time: 9544.0s
Seed 9016 | Epoch 855/1220 | Avg R: 0.0213 | Val Loss: 0.0006 | KL: 0.0464 | LinErr: 0.452 | YawErr: 0.165 | |A|: 0.372 | R>0: 97.59% | Done: 0.02% | Sigma: 0.555 | Steps: 140083200 | Time: 9598.6s
Seed 9016 | Epoch 860/1220 | Avg R: 0.0211 | Val Loss: 0.0006 | KL: 0.0159 | LinErr: 0.450 | YawErr: 0.168 | |A|: 0.372 | R>0: 97.42% | Done: 0.02% | Sigma: 0.555 | Steps: 140902400 | Time: 9654.0s
Seed 9016 | Epoch 865/1220 | Avg R: 0.0215 | Val Loss: 0.0006 | KL: 0.0086 | LinErr: 0.420 | YawErr: 0.167 | |A|: 0.373 | R>0: 97.51% | Done: 0.01% | Sigma: 0.556 | Steps: 141721600 | Time: 9709.3s
Seed 9016 | Epoch 870/1220 | Avg R: 0.0218 | Val Loss: 0.0006 | KL: 0.0189 | LinErr: 0.402 | YawErr: 0.163 | |A|: 0.371 | R>0: 97.58% | Done: 0.02% | Sigma: 0.556 | Steps: 142540800 | Time: 9763.4s
Seed 9016 | Epoch 875/1220 | Avg R: 0.0219 | Val Loss: 0.0007 | KL: 0.0167 | LinErr: 0.395 | YawErr: 0.163 | |A|: 0.369 | R>0: 97.78% | Done: 0.02% | Sigma: 0.556 | Steps: 143360000 | Time: 9817.5s
Seed 9016 | Epoch 880/1220 | Avg R: 0.0223 | Val Loss: 0.0007 | KL: 0.0169 | LinErr: 0.378 | YawErr: 0.164 | |A|: 0.368 | R>0: 97.87% | Done: 0.01% | Sigma: 0.556 | Steps: 144179200 | Time: 9871.7s
Seed 9016 | Epoch 885/1220 | Avg R: 0.0224 | Val Loss: 0.0006 | KL: 0.3405 | LinErr: 0.372 | YawErr: 0.159 | |A|: 0.367 | R>0: 97.95% | Done: 0.01% | Sigma: 0.557 | Steps: 144998400 | Time: 9925.4s
Seed 9016 | Epoch 890/1220 | Avg R: 0.0224 | Val Loss: 0.0006 | KL: 0.0155 | LinErr: 0.368 | YawErr: 0.160 | |A|: 0.366 | R>0: 97.89% | Done: 0.01% | Sigma: 0.556 | Steps: 145817600 | Time: 9980.1s
Seed 9016 | Epoch 895/1220 | Avg R: 0.0226 | Val Loss: 0.0006 | KL: 0.0122 | LinErr: 0.353 | YawErr: 0.157 | |A|: 0.361 | R>0: 98.04% | Done: 0.01% | Sigma: 0.556 | Steps: 146636800 | Time: 10035.2s
Seed 9016 | Epoch 900/1220 | Avg R: 0.0228 | Val Loss: 0.0006 | KL: 0.0083 | LinErr: 0.345 | YawErr: 0.155 | |A|: 0.362 | R>0: 98.06% | Done: 0.02% | Sigma: 0.556 | Steps: 147456000 | Time: 10089.5s
Seed 9016 | Epoch 905/1220 | Avg R: 0.0219 | Val Loss: 0.0005 | KL: 0.0117 | LinErr: 0.390 | YawErr: 0.156 | |A|: 0.367 | R>0: 98.08% | Done: 0.01% | Sigma: 0.557 | Steps: 148275200 | Time: 10143.9s
Seed 9016 | Epoch 910/1220 | Avg R: 0.0218 | Val Loss: 0.0006 | KL: 0.0148 | LinErr: 0.383 | YawErr: 0.159 | |A|: 0.366 | R>0: 97.97% | Done: 0.01% | Sigma: 0.557 | Steps: 149094400 | Time: 10198.3s
Seed 9016 | Epoch 915/1220 | Avg R: 0.0222 | Val Loss: 0.0006 | KL: 0.0177 | LinErr: 0.354 | YawErr: 0.158 | |A|: 0.364 | R>0: 98.12% | Done: 0.01% | Sigma: 0.559 | Steps: 149913600 | Time: 10253.3s
Seed 9016 | Epoch 920/1220 | Avg R: 0.0226 | Val Loss: 0.0005 | KL: 0.0140 | LinErr: 0.331 | YawErr: 0.158 | |A|: 0.365 | R>0: 98.02% | Done: 0.01% | Sigma: 0.559 | Steps: 150732800 | Time: 10307.3s
Seed 9016 | Epoch 925/1220 | Avg R: 0.0227 | Val Loss: 0.0006 | KL: 0.0134 | LinErr: 0.311 | YawErr: 0.160 | |A|: 0.364 | R>0: 98.12% | Done: 0.01% | Sigma: 0.559 | Steps: 151552000 | Time: 10361.4s
Seed 9016 | Epoch 930/1220 | Avg R: 0.0229 | Val Loss: 0.0007 | KL: 0.0138 | LinErr: 0.295 | YawErr: 0.158 | |A|: 0.363 | R>0: 97.96% | Done: 0.02% | Sigma: 0.558 | Steps: 152371200 | Time: 10415.4s
Seed 9016 | Epoch 935/1220 | Avg R: 0.0230 | Val Loss: 0.0006 | KL: 0.0112 | LinErr: 0.295 | YawErr: 0.158 | |A|: 0.362 | R>0: 98.08% | Done: 0.01% | Sigma: 0.558 | Steps: 153190400 | Time: 10468.9s
Seed 9016 | Epoch 940/1220 | Avg R: 0.0230 | Val Loss: 0.0005 | KL: 0.0129 | LinErr: 0.295 | YawErr: 0.158 | |A|: 0.361 | R>0: 98.00% | Done: 0.02% | Sigma: 0.559 | Steps: 154009600 | Time: 10523.4s
Seed 9016 | Epoch 945/1220 | Avg R: 0.0231 | Val Loss: 0.0006 | KL: 0.0102 | LinErr: 0.296 | YawErr: 0.157 | |A|: 0.362 | R>0: 98.08% | Done: 0.02% | Sigma: 0.559 | Steps: 154828800 | Time: 10577.6s
Seed 9016 | Epoch 950/1220 | Avg R: 0.0232 | Val Loss: 0.0007 | KL: 0.0196 | LinErr: 0.290 | YawErr: 0.156 | |A|: 0.360 | R>0: 98.27% | Done: 0.01% | Sigma: 0.558 | Steps: 155648000 | Time: 10631.6s
Seed 9016 | Epoch 955/1220 | Avg R: 0.0224 | Val Loss: 0.0006 | KL: 0.0156 | LinErr: 0.323 | YawErr: 0.157 | |A|: 0.366 | R>0: 98.02% | Done: 0.01% | Sigma: 0.559 | Steps: 156467200 | Time: 10685.4s
Seed 9016 | Epoch 960/1220 | Avg R: 0.0224 | Val Loss: 0.0006 | KL: 0.0130 | LinErr: 0.321 | YawErr: 0.157 | |A|: 0.364 | R>0: 97.94% | Done: 0.01% | Sigma: 0.559 | Steps: 157286400 | Time: 10739.5s
Seed 9016 | Epoch 965/1220 | Avg R: 0.0228 | Val Loss: 0.0006 | KL: 0.0190 | LinErr: 0.291 | YawErr: 0.158 | |A|: 0.362 | R>0: 98.22% | Done: 0.01% | Sigma: 0.559 | Steps: 158105600 | Time: 10793.1s
Seed 9016 | Epoch 970/1220 | Avg R: 0.0230 | Val Loss: 0.0006 | KL: 0.0346 | LinErr: 0.278 | YawErr: 0.158 | |A|: 0.360 | R>0: 98.02% | Done: 0.02% | Sigma: 0.559 | Steps: 158924800 | Time: 10847.0s
Seed 9016 | Epoch 975/1220 | Avg R: 0.0231 | Val Loss: 0.0007 | KL: 0.0153 | LinErr: 0.267 | YawErr: 0.156 | |A|: 0.359 | R>0: 98.24% | Done: 0.01% | Sigma: 0.560 | Steps: 159744000 | Time: 10900.9s
Seed 9016 | Epoch 980/1220 | Avg R: 0.0234 | Val Loss: 0.0007 | KL: 0.0166 | LinErr: 0.261 | YawErr: 0.155 | |A|: 0.358 | R>0: 98.30% | Done: 0.01% | Sigma: 0.560 | Steps: 160563200 | Time: 10954.8s
Seed 9016 | Epoch 985/1220 | Avg R: 0.0235 | Val Loss: 0.0006 | KL: 0.0241 | LinErr: 0.252 | YawErr: 0.155 | |A|: 0.357 | R>0: 98.40% | Done: 0.01% | Sigma: 0.560 | Steps: 161382400 | Time: 11008.6s
Seed 9016 | Epoch 990/1220 | Avg R: 0.0235 | Val Loss: 0.0005 | KL: 0.0116 | LinErr: 0.252 | YawErr: 0.155 | |A|: 0.357 | R>0: 98.49% | Done: 0.01% | Sigma: 0.560 | Steps: 162201600 | Time: 11062.4s
Seed 9016 | Epoch 995/1220 | Avg R: 0.0235 | Val Loss: 0.0006 | KL: 0.0164 | LinErr: 0.251 | YawErr: 0.156 | |A|: 0.356 | R>0: 98.32% | Done: 0.01% | Sigma: 0.560 | Steps: 163020800 | Time: 11116.3s
Seed 9016 | Epoch 1000/1220 | Avg R: 0.0238 | Val Loss: 0.0006 | KL: 0.0136 | LinErr: 0.248 | YawErr: 0.154 | |A|: 0.355 | R>0: 98.62% | Done: 0.01% | Sigma: 0.561 | Steps: 163840000 | Time: 11170.6s
Seed 9016 | Epoch 1005/1220 | Avg R: 0.0231 | Val Loss: 0.0007 | KL: 0.0761 | LinErr: 0.274 | YawErr: 0.155 | |A|: 0.358 | R>0: 98.39% | Done: 0.00% | Sigma: 0.561 | Steps: 164659200 | Time: 11224.6s
Seed 9016 | Epoch 1010/1220 | Avg R: 0.0230 | Val Loss: 0.0006 | KL: 0.0127 | LinErr: 0.278 | YawErr: 0.154 | |A|: 0.357 | R>0: 98.37% | Done: 0.01% | Sigma: 0.561 | Steps: 165478400 | Time: 11279.0s
Seed 9016 | Epoch 1015/1220 | Avg R: 0.0234 | Val Loss: 0.0005 | KL: 0.0142 | LinErr: 0.254 | YawErr: 0.154 | |A|: 0.357 | R>0: 98.55% | Done: 0.01% | Sigma: 0.562 | Steps: 166297600 | Time: 11333.2s
Seed 9016 | Epoch 1020/1220 | Avg R: 0.0236 | Val Loss: 0.0006 | KL: 0.0122 | LinErr: 0.248 | YawErr: 0.151 | |A|: 0.357 | R>0: 98.55% | Done: 0.01% | Sigma: 0.563 | Steps: 167116800 | Time: 11387.6s
Seed 9016 | Epoch 1025/1220 | Avg R: 0.0237 | Val Loss: 0.0006 | KL: 0.0087 | LinErr: 0.241 | YawErr: 0.150 | |A|: 0.355 | R>0: 98.59% | Done: 0.01% | Sigma: 0.563 | Steps: 167936000 | Time: 11442.1s
Seed 9016 | Epoch 1030/1220 | Avg R: 0.0238 | Val Loss: 0.0007 | KL: 0.0104 | LinErr: 0.232 | YawErr: 0.152 | |A|: 0.355 | R>0: 98.50% | Done: 0.01% | Sigma: 0.563 | Steps: 168755200 | Time: 11495.9s
Seed 9016 | Epoch 1035/1220 | Avg R: 0.0240 | Val Loss: 0.0006 | KL: 0.0160 | LinErr: 0.222 | YawErr: 0.150 | |A|: 0.353 | R>0: 98.63% | Done: 0.01% | Sigma: 0.563 | Steps: 169574400 | Time: 11550.0s
Seed 9016 | Epoch 1040/1220 | Avg R: 0.0240 | Val Loss: 0.0005 | KL: 0.0141 | LinErr: 0.215 | YawErr: 0.150 | |A|: 0.353 | R>0: 98.67% | Done: 0.01% | Sigma: 0.563 | Steps: 170393600 | Time: 11603.9s
Seed 9016 | Epoch 1045/1220 | Avg R: 0.0241 | Val Loss: 0.0006 | KL: 0.0123 | LinErr: 0.219 | YawErr: 0.149 | |A|: 0.351 | R>0: 98.66% | Done: 0.01% | Sigma: 0.563 | Steps: 171212800 | Time: 11658.2s
Seed 9016 | Epoch 1050/1220 | Avg R: 0.0242 | Val Loss: 0.0006 | KL: 0.0164 | LinErr: 0.213 | YawErr: 0.148 | |A|: 0.352 | R>0: 98.66% | Done: 0.01% | Sigma: 0.563 | Steps: 172032000 | Time: 11712.2s
Seed 9016 | Epoch 1055/1220 | Avg R: 0.0235 | Val Loss: 0.0005 | KL: 0.0141 | LinErr: 0.243 | YawErr: 0.151 | |A|: 0.354 | R>0: 98.39% | Done: 0.01% | Sigma: 0.562 | Steps: 172851200 | Time: 11766.2s
Seed 9016 | Epoch 1060/1220 | Avg R: 0.0234 | Val Loss: 0.0006 | KL: 0.0183 | LinErr: 0.242 | YawErr: 0.151 | |A|: 0.352 | R>0: 98.43% | Done: 0.01% | Sigma: 0.563 | Steps: 173670400 | Time: 11820.7s
Seed 9016 | Epoch 1065/1220 | Avg R: 0.0237 | Val Loss: 0.0006 | KL: 0.0154 | LinErr: 0.219 | YawErr: 0.150 | |A|: 0.353 | R>0: 98.49% | Done: 0.01% | Sigma: 0.563 | Steps: 174489600 | Time: 11874.5s
Seed 9016 | Epoch 1070/1220 | Avg R: 0.0239 | Val Loss: 0.0005 | KL: 0.0194 | LinErr: 0.215 | YawErr: 0.150 | |A|: 0.354 | R>0: 98.51% | Done: 0.01% | Sigma: 0.563 | Steps: 175308800 | Time: 11928.0s
Seed 9016 | Epoch 1075/1220 | Avg R: 0.0241 | Val Loss: 0.0006 | KL: 0.0200 | LinErr: 0.207 | YawErr: 0.150 | |A|: 0.353 | R>0: 98.72% | Done: 0.01% | Sigma: 0.563 | Steps: 176128000 | Time: 11982.2s
Seed 9016 | Epoch 1080/1220 | Avg R: 0.0243 | Val Loss: 0.0006 | KL: 0.0163 | LinErr: 0.201 | YawErr: 0.149 | |A|: 0.352 | R>0: 98.76% | Done: 0.00% | Sigma: 0.564 | Steps: 176947200 | Time: 12036.2s
Seed 9016 | Epoch 1085/1220 | Avg R: 0.0243 | Val Loss: 0.0006 | KL: 0.0176 | LinErr: 0.196 | YawErr: 0.147 | |A|: 0.351 | R>0: 98.72% | Done: 0.01% | Sigma: 0.564 | Steps: 177766400 | Time: 12090.3s
Seed 9016 | Epoch 1090/1220 | Avg R: 0.0244 | Val Loss: 0.0005 | KL: 0.0139 | LinErr: 0.192 | YawErr: 0.148 | |A|: 0.350 | R>0: 98.86% | Done: 0.00% | Sigma: 0.565 | Steps: 178585600 | Time: 12144.8s
Seed 9016 | Epoch 1095/1220 | Avg R: 0.0244 | Val Loss: 0.0005 | KL: 0.0136 | LinErr: 0.196 | YawErr: 0.146 | |A|: 0.351 | R>0: 98.79% | Done: 0.01% | Sigma: 0.565 | Steps: 179404800 | Time: 12198.6s
Seed 9016 | Epoch 1100/1220 | Avg R: 0.0246 | Val Loss: 0.0006 | KL: 0.0234 | LinErr: 0.193 | YawErr: 0.144 | |A|: 0.350 | R>0: 98.93% | Done: 0.01% | Sigma: 0.565 | Steps: 180224000 | Time: 12252.5s
Seed 9016 | Epoch 1105/1220 | Avg R: 0.0240 | Val Loss: 0.0005 | KL: 0.0149 | LinErr: 0.210 | YawErr: 0.145 | |A|: 0.353 | R>0: 98.66% | Done: 0.01% | Sigma: 0.565 | Steps: 181043200 | Time: 12306.8s
Seed 9016 | Epoch 1110/1220 | Avg R: 0.0239 | Val Loss: 0.0006 | KL: 0.0124 | LinErr: 0.213 | YawErr: 0.146 | |A|: 0.352 | R>0: 98.65% | Done: 0.01% | Sigma: 0.566 | Steps: 181862400 | Time: 12361.0s
Seed 9016 | Epoch 1115/1220 | Avg R: 0.0243 | Val Loss: 0.0006 | KL: 0.0125 | LinErr: 0.190 | YawErr: 0.144 | |A|: 0.351 | R>0: 98.84% | Done: 0.00% | Sigma: 0.566 | Steps: 182681600 | Time: 12415.3s
Seed 9016 | Epoch 1120/1220 | Avg R: 0.0244 | Val Loss: 0.0006 | KL: 0.0111 | LinErr: 0.189 | YawErr: 0.143 | |A|: 0.349 | R>0: 98.72% | Done: 0.01% | Sigma: 0.566 | Steps: 183500800 | Time: 12469.1s
Seed 9016 | Epoch 1125/1220 | Avg R: 0.0246 | Val Loss: 0.0006 | KL: 0.0145 | LinErr: 0.182 | YawErr: 0.142 | |A|: 0.349 | R>0: 98.89% | Done: 0.01% | Sigma: 0.566 | Steps: 184320000 | Time: 12523.0s
Seed 9016 | Epoch 1130/1220 | Avg R: 0.0247 | Val Loss: 0.0006 | KL: 0.0618 | LinErr: 0.180 | YawErr: 0.141 | |A|: 0.349 | R>0: 98.90% | Done: 0.01% | Sigma: 0.566 | Steps: 185139200 | Time: 12577.4s
Seed 9016 | Epoch 1135/1220 | Avg R: 0.0248 | Val Loss: 0.0006 | KL: 0.0145 | LinErr: 0.175 | YawErr: 0.141 | |A|: 0.348 | R>0: 98.92% | Done: 0.01% | Sigma: 0.566 | Steps: 185958400 | Time: 12632.4s
Seed 9016 | Epoch 1140/1220 | Avg R: 0.0248 | Val Loss: 0.0005 | KL: 0.0136 | LinErr: 0.173 | YawErr: 0.142 | |A|: 0.347 | R>0: 98.91% | Done: 0.01% | Sigma: 0.567 | Steps: 186777600 | Time: 12687.0s
Seed 9016 | Epoch 1145/1220 | Avg R: 0.0248 | Val Loss: 0.0005 | KL: 0.0157 | LinErr: 0.174 | YawErr: 0.142 | |A|: 0.347 | R>0: 98.96% | Done: 0.00% | Sigma: 0.567 | Steps: 187596800 | Time: 12741.1s
Seed 9016 | Epoch 1150/1220 | Avg R: 0.0249 | Val Loss: 0.0005 | KL: 0.0128 | LinErr: 0.173 | YawErr: 0.141 | |A|: 0.347 | R>0: 98.97% | Done: 0.00% | Sigma: 0.568 | Steps: 188416000 | Time: 12795.4s
Seed 9016 | Epoch 1155/1220 | Avg R: 0.0244 | Val Loss: 0.0007 | KL: 0.0303 | LinErr: 0.192 | YawErr: 0.142 | |A|: 0.352 | R>0: 98.65% | Done: 0.01% | Sigma: 0.568 | Steps: 189235200 | Time: 12849.8s
Seed 9016 | Epoch 1160/1220 | Avg R: 0.0243 | Val Loss: 0.0006 | KL: 0.0169 | LinErr: 0.191 | YawErr: 0.143 | |A|: 0.353 | R>0: 98.81% | Done: 0.01% | Sigma: 0.568 | Steps: 190054400 | Time: 12904.5s
Seed 9016 | Epoch 1165/1220 | Avg R: 0.0246 | Val Loss: 0.0005 | KL: 0.0162 | LinErr: 0.174 | YawErr: 0.142 | |A|: 0.354 | R>0: 98.85% | Done: 0.00% | Sigma: 0.569 | Steps: 190873600 | Time: 12958.7s
Seed 9016 | Epoch 1170/1220 | Avg R: 0.0247 | Val Loss: 0.0005 | KL: 0.0129 | LinErr: 0.174 | YawErr: 0.141 | |A|: 0.352 | R>0: 98.70% | Done: 0.01% | Sigma: 0.569 | Steps: 191692800 | Time: 13012.6s
Seed 9016 | Epoch 1175/1220 | Avg R: 0.0250 | Val Loss: 0.0005 | KL: 1.7135 | LinErr: 0.165 | YawErr: 0.141 | |A|: 0.349 | R>0: 98.98% | Done: 0.00% | Sigma: 0.569 | Steps: 192512000 | Time: 13066.0s
Seed 9016 | Epoch 1180/1220 | Avg R: 0.0251 | Val Loss: 0.0006 | KL: 0.0216 | LinErr: 0.165 | YawErr: 0.140 | |A|: 0.350 | R>0: 99.00% | Done: 0.00% | Sigma: 0.570 | Steps: 193331200 | Time: 13120.5s
Seed 9016 | Epoch 1185/1220 | Avg R: 0.0251 | Val Loss: 0.0006 | KL: 0.0137 | LinErr: 0.165 | YawErr: 0.139 | |A|: 0.350 | R>0: 98.98% | Done: 0.01% | Sigma: 0.569 | Steps: 194150400 | Time: 13174.5s
Seed 9016 | Epoch 1190/1220 | Avg R: 0.0250 | Val Loss: 0.0005 | KL: 0.1227 | LinErr: 0.165 | YawErr: 0.140 | |A|: 0.350 | R>0: 98.85% | Done: 0.01% | Sigma: 0.569 | Steps: 194969600 | Time: 13228.3s
Seed 9016 | Epoch 1195/1220 | Avg R: 0.0251 | Val Loss: 0.0005 | KL: 0.0128 | LinErr: 0.166 | YawErr: 0.138 | |A|: 0.349 | R>0: 99.04% | Done: 0.00% | Sigma: 0.569 | Steps: 195788800 | Time: 13282.5s
Seed 9016 | Epoch 1200/1220 | Avg R: 0.0251 | Val Loss: 0.0006 | KL: 0.0138 | LinErr: 0.167 | YawErr: 0.139 | |A|: 0.348 | R>0: 98.92% | Done: 0.01% | Sigma: 0.570 | Steps: 196608000 | Time: 13336.3s
Seed 9016 | Epoch 1205/1220 | Avg R: 0.0247 | Val Loss: 0.0005 | KL: 0.0401 | LinErr: 0.180 | YawErr: 0.141 | |A|: 0.350 | R>0: 98.85% | Done: 0.00% | Sigma: 0.570 | Steps: 197427200 | Time: 13390.2s
Seed 9016 | Epoch 1210/1220 | Avg R: 0.0246 | Val Loss: 0.0007 | KL: 0.0133 | LinErr: 0.185 | YawErr: 0.140 | |A|: 0.350 | R>0: 98.89% | Done: 0.00% | Sigma: 0.570 | Steps: 198246400 | Time: 13444.1s
Seed 9016 | Epoch 1215/1220 | Avg R: 0.0249 | Val Loss: 0.0005 | KL: 0.0129 | LinErr: 0.164 | YawErr: 0.139 | |A|: 0.350 | R>0: 98.89% | Done: 0.00% | Sigma: 0.569 | Steps: 199065600 | Time: 13498.4s
Seed 9016 | Epoch 1220/1220 | Avg R: 0.0250 | Val Loss: 0.0005 | KL: 0.0386 | LinErr: 0.165 | YawErr: 0.139 | |A|: 0.350 | R>0: 98.89% | Done: 0.01% | Sigma: 0.569 | Steps: 199884800 | Time: 13552.3s
Saved Checkpoint: checkpoints/ppo_v2/ppo_seed9016.pt

=======================================================
  All 1 Seeds Complete! Total Wall Time: 13559.5s
  Results saved to: checkpoints/ppo_v2/ppo_multi_seed_results.json
=======================================================
