--- Starting Multi-Seed Training for Seeds: [9006] ---

=======================================================
  Training Seed 9006 on Device: cuda
=======================================================
Seed 9006 | Epoch 05/1220 | Avg R: 0.0067 | Val Loss: 0.0015 | KL: 0.0061 | LinErr: 0.907 | YawErr: 0.692 | |A|: 0.115 | R>0: 74.03% | Done: 0.35% | Sigma: 0.373 | Steps: 819200 | Time: 65.3s
Seed 9006 | Epoch 10/1220 | Avg R: 0.0101 | Val Loss: 0.0011 | KL: 0.0077 | LinErr: 0.871 | YawErr: 0.627 | |A|: 0.117 | R>0: 92.76% | Done: 0.07% | Sigma: 0.370 | Steps: 1638400 | Time: 120.7s
Seed 9006 | Epoch 15/1220 | Avg R: 0.0133 | Val Loss: 0.0008 | KL: 0.0076 | LinErr: 0.847 | YawErr: 0.561 | |A|: 0.119 | R>0: 98.95% | Done: 0.01% | Sigma: 0.362 | Steps: 2457600 | Time: 176.4s
Seed 9006 | Epoch 20/1220 | Avg R: 0.0148 | Val Loss: 0.0008 | KL: 0.0088 | LinErr: 0.823 | YawErr: 0.521 | |A|: 0.123 | R>0: 99.55% | Done: 0.00% | Sigma: 0.353 | Steps: 3276800 | Time: 231.9s
Seed 9006 | Epoch 25/1220 | Avg R: 0.0158 | Val Loss: 0.0007 | KL: 0.0091 | LinErr: 0.806 | YawErr: 0.502 | |A|: 0.125 | R>0: 99.75% | Done: 0.00% | Sigma: 0.344 | Steps: 4096000 | Time: 287.8s
Seed 9006 | Epoch 30/1220 | Avg R: 0.0165 | Val Loss: 0.0006 | KL: 0.0095 | LinErr: 0.794 | YawErr: 0.480 | |A|: 0.126 | R>0: 99.79% | Done: 0.00% | Sigma: 0.337 | Steps: 4915200 | Time: 343.8s
Seed 9006 | Epoch 35/1220 | Avg R: 0.0171 | Val Loss: 0.0006 | KL: 0.0102 | LinErr: 0.786 | YawErr: 0.464 | |A|: 0.127 | R>0: 99.82% | Done: 0.00% | Sigma: 0.331 | Steps: 5734400 | Time: 399.7s
Seed 9006 | Epoch 40/1220 | Avg R: 0.0176 | Val Loss: 0.0007 | KL: 0.0107 | LinErr: 0.772 | YawErr: 0.455 | |A|: 0.128 | R>0: 99.85% | Done: 0.00% | Sigma: 0.325 | Steps: 6553600 | Time: 455.6s
Seed 9006 | Epoch 45/1220 | Avg R: 0.0180 | Val Loss: 0.0006 | KL: 0.0119 | LinErr: 0.765 | YawErr: 0.441 | |A|: 0.134 | R>0: 99.84% | Done: 0.00% | Sigma: 0.321 | Steps: 7372800 | Time: 511.3s
Seed 9006 | Epoch 50/1220 | Avg R: 0.0183 | Val Loss: 0.0006 | KL: 0.0122 | LinErr: 0.759 | YawErr: 0.430 | |A|: 0.142 | R>0: 99.85% | Done: 0.00% | Sigma: 0.317 | Steps: 8192000 | Time: 567.8s
Seed 9006 | Epoch 55/1220 | Avg R: 0.0154 | Val Loss: 0.0005 | KL: 0.0137 | LinErr: 0.860 | YawErr: 0.571 | |A|: 0.150 | R>0: 99.54% | Done: 0.01% | Sigma: 0.314 | Steps: 9011200 | Time: 624.8s
Seed 9006 | Epoch 60/1220 | Avg R: 0.0157 | Val Loss: 0.0005 | KL: 0.0148 | LinErr: 0.859 | YawErr: 0.557 | |A|: 0.159 | R>0: 99.62% | Done: 0.00% | Sigma: 0.311 | Steps: 9830400 | Time: 681.3s
Seed 9006 | Epoch 65/1220 | Avg R: 0.0164 | Val Loss: 0.0005 | KL: 0.0151 | LinErr: 0.840 | YawErr: 0.530 | |A|: 0.165 | R>0: 99.61% | Done: 0.01% | Sigma: 0.308 | Steps: 10649600 | Time: 738.1s
Seed 9006 | Epoch 70/1220 | Avg R: 0.0171 | Val Loss: 0.0006 | KL: 0.0152 | LinErr: 0.819 | YawErr: 0.501 | |A|: 0.171 | R>0: 99.68% | Done: 0.00% | Sigma: 0.306 | Steps: 11468800 | Time: 794.3s
Seed 9006 | Epoch 75/1220 | Avg R: 0.0176 | Val Loss: 0.0005 | KL: 0.0148 | LinErr: 0.804 | YawErr: 0.477 | |A|: 0.178 | R>0: 99.71% | Done: 0.00% | Sigma: 0.303 | Steps: 12288000 | Time: 851.7s
Seed 9006 | Epoch 80/1220 | Avg R: 0.0179 | Val Loss: 0.0005 | KL: 0.0153 | LinErr: 0.791 | YawErr: 0.472 | |A|: 0.182 | R>0: 99.77% | Done: 0.00% | Sigma: 0.302 | Steps: 13107200 | Time: 908.5s
Seed 9006 | Epoch 85/1220 | Avg R: 0.0184 | Val Loss: 0.0005 | KL: 0.0165 | LinErr: 0.783 | YawErr: 0.441 | |A|: 0.187 | R>0: 99.66% | Done: 0.00% | Sigma: 0.300 | Steps: 13926400 | Time: 965.4s
Seed 9006 | Epoch 90/1220 | Avg R: 0.0186 | Val Loss: 0.0005 | KL: 0.0152 | LinErr: 0.771 | YawErr: 0.443 | |A|: 0.195 | R>0: 99.64% | Done: 0.00% | Sigma: 0.300 | Steps: 14745600 | Time: 1021.8s
Seed 9006 | Epoch 95/1220 | Avg R: 0.0189 | Val Loss: 0.0005 | KL: 0.0161 | LinErr: 0.762 | YawErr: 0.423 | |A|: 0.199 | R>0: 99.60% | Done: 0.00% | Sigma: 0.299 | Steps: 15564800 | Time: 1078.2s
Seed 9006 | Epoch 100/1220 | Avg R: 0.0190 | Val Loss: 0.0005 | KL: 0.0158 | LinErr: 0.756 | YawErr: 0.422 | |A|: 0.202 | R>0: 99.51% | Done: 0.00% | Sigma: 0.300 | Steps: 16384000 | Time: 1135.1s
Seed 9006 | Epoch 105/1220 | Avg R: 0.0161 | Val Loss: 0.0005 | KL: 0.0163 | LinErr: 0.858 | YawErr: 0.540 | |A|: 0.204 | R>0: 99.01% | Done: 0.00% | Sigma: 0.299 | Steps: 17203200 | Time: 1191.2s
Seed 9006 | Epoch 110/1220 | Avg R: 0.0164 | Val Loss: 0.0005 | KL: 0.0176 | LinErr: 0.856 | YawErr: 0.540 | |A|: 0.213 | R>0: 99.19% | Done: 0.00% | Sigma: 0.297 | Steps: 18022400 | Time: 1248.2s
Seed 9006 | Epoch 115/1220 | Avg R: 0.0169 | Val Loss: 0.0005 | KL: 0.0198 | LinErr: 0.838 | YawErr: 0.522 | |A|: 0.217 | R>0: 99.14% | Done: 0.00% | Sigma: 0.297 | Steps: 18841600 | Time: 1305.0s
Seed 9006 | Epoch 120/1220 | Avg R: 0.0176 | Val Loss: 0.0006 | KL: 0.0182 | LinErr: 0.818 | YawErr: 0.479 | |A|: 0.223 | R>0: 99.21% | Done: 0.00% | Sigma: 0.296 | Steps: 19660800 | Time: 1361.5s
Seed 9006 | Epoch 125/1220 | Avg R: 0.0181 | Val Loss: 0.0005 | KL: 0.0183 | LinErr: 0.799 | YawErr: 0.461 | |A|: 0.231 | R>0: 98.95% | Done: 0.00% | Sigma: 0.296 | Steps: 20480000 | Time: 1417.3s
Seed 9006 | Epoch 130/1220 | Avg R: 0.0183 | Val Loss: 0.0005 | KL: 0.0173 | LinErr: 0.788 | YawErr: 0.444 | |A|: 0.234 | R>0: 98.97% | Done: 0.00% | Sigma: 0.297 | Steps: 21299200 | Time: 1474.5s
Seed 9006 | Epoch 135/1220 | Avg R: 0.0185 | Val Loss: 0.0005 | KL: 0.0178 | LinErr: 0.779 | YawErr: 0.437 | |A|: 0.237 | R>0: 98.95% | Done: 0.00% | Sigma: 0.297 | Steps: 22118400 | Time: 1531.2s
Seed 9006 | Epoch 140/1220 | Avg R: 0.0186 | Val Loss: 0.0005 | KL: 0.0180 | LinErr: 0.768 | YawErr: 0.426 | |A|: 0.240 | R>0: 98.79% | Done: 0.01% | Sigma: 0.298 | Steps: 22937600 | Time: 1587.7s
Seed 9006 | Epoch 145/1220 | Avg R: 0.0188 | Val Loss: 0.0005 | KL: 0.0180 | LinErr: 0.763 | YawErr: 0.444 | |A|: 0.232 | R>0: 98.72% | Done: 0.01% | Sigma: 0.299 | Steps: 23756800 | Time: 1644.2s
Seed 9006 | Epoch 150/1220 | Avg R: 0.0192 | Val Loss: 0.0005 | KL: 0.0172 | LinErr: 0.755 | YawErr: 0.395 | |A|: 0.230 | R>0: 99.12% | Done: 0.00% | Sigma: 0.299 | Steps: 24576000 | Time: 1699.9s
Seed 9006 | Epoch 155/1220 | Avg R: 0.0161 | Val Loss: 0.0005 | KL: 0.0196 | LinErr: 0.850 | YawErr: 0.566 | |A|: 0.243 | R>0: 98.26% | Done: 0.00% | Sigma: 0.299 | Steps: 25395200 | Time: 1756.4s
Seed 9006 | Epoch 160/1220 | Avg R: 0.0165 | Val Loss: 0.0005 | KL: 0.0197 | LinErr: 0.852 | YawErr: 0.512 | |A|: 0.253 | R>0: 98.37% | Done: 0.00% | Sigma: 0.299 | Steps: 26214400 | Time: 1812.8s
Seed 9006 | Epoch 165/1220 | Avg R: 0.0169 | Val Loss: 0.0005 | KL: 0.0191 | LinErr: 0.835 | YawErr: 0.522 | |A|: 0.256 | R>0: 98.28% | Done: 0.00% | Sigma: 0.299 | Steps: 27033600 | Time: 1869.9s
Seed 9006 | Epoch 170/1220 | Avg R: 0.0175 | Val Loss: 0.0005 | KL: 0.0205 | LinErr: 0.812 | YawErr: 0.477 | |A|: 0.257 | R>0: 98.49% | Done: 0.01% | Sigma: 0.299 | Steps: 27852800 | Time: 1926.9s
Seed 9006 | Epoch 175/1220 | Avg R: 0.0177 | Val Loss: 0.0005 | KL: 0.0197 | LinErr: 0.798 | YawErr: 0.481 | |A|: 0.259 | R>0: 98.19% | Done: 0.01% | Sigma: 0.300 | Steps: 28672000 | Time: 1983.3s
Seed 9006 | Epoch 180/1220 | Avg R: 0.0182 | Val Loss: 0.0005 | KL: 0.0182 | LinErr: 0.786 | YawErr: 0.442 | |A|: 0.258 | R>0: 98.49% | Done: 0.00% | Sigma: 0.301 | Steps: 29491200 | Time: 2040.0s
Seed 9006 | Epoch 185/1220 | Avg R: 0.0184 | Val Loss: 0.0004 | KL: 0.0193 | LinErr: 0.780 | YawErr: 0.439 | |A|: 0.255 | R>0: 98.47% | Done: 0.00% | Sigma: 0.301 | Steps: 30310400 | Time: 2096.1s
Seed 9006 | Epoch 190/1220 | Avg R: 0.0186 | Val Loss: 0.0005 | KL: 0.0195 | LinErr: 0.766 | YawErr: 0.428 | |A|: 0.260 | R>0: 98.34% | Done: 0.00% | Sigma: 0.302 | Steps: 31129600 | Time: 2152.0s
Seed 9006 | Epoch 195/1220 | Avg R: 0.0188 | Val Loss: 0.0005 | KL: 0.0200 | LinErr: 0.759 | YawErr: 0.416 | |A|: 0.263 | R>0: 98.19% | Done: 0.00% | Sigma: 0.304 | Steps: 31948800 | Time: 2208.3s
Seed 9006 | Epoch 200/1220 | Avg R: 0.0188 | Val Loss: 0.0004 | KL: 0.0193 | LinErr: 0.754 | YawErr: 0.409 | |A|: 0.261 | R>0: 98.09% | Done: 0.01% | Sigma: 0.304 | Steps: 32768000 | Time: 2263.8s
Seed 9006 | Epoch 205/1220 | Avg R: 0.0161 | Val Loss: 0.0004 | KL: 0.0218 | LinErr: 0.847 | YawErr: 0.535 | |A|: 0.277 | R>0: 96.69% | Done: 0.00% | Sigma: 0.305 | Steps: 33587200 | Time: 2320.5s
Seed 9006 | Epoch 210/1220 | Avg R: 0.0163 | Val Loss: 0.0004 | KL: 0.0212 | LinErr: 0.850 | YawErr: 0.532 | |A|: 0.282 | R>0: 96.83% | Done: 0.01% | Sigma: 0.305 | Steps: 34406400 | Time: 2376.8s
Seed 9006 | Epoch 215/1220 | Avg R: 0.0169 | Val Loss: 0.0005 | KL: 0.0220 | LinErr: 0.834 | YawErr: 0.481 | |A|: 0.289 | R>0: 97.21% | Done: 0.00% | Sigma: 0.306 | Steps: 35225600 | Time: 2432.4s
Seed 9006 | Epoch 220/1220 | Avg R: 0.0174 | Val Loss: 0.0006 | KL: 0.0166 | LinErr: 0.812 | YawErr: 0.465 | |A|: 0.286 | R>0: 97.37% | Done: 0.00% | Sigma: 0.306 | Steps: 36044800 | Time: 2488.2s
Seed 9006 | Epoch 225/1220 | Avg R: 0.0178 | Val Loss: 0.0005 | KL: 0.0174 | LinErr: 0.796 | YawErr: 0.458 | |A|: 0.283 | R>0: 97.60% | Done: 0.00% | Sigma: 0.308 | Steps: 36864000 | Time: 2544.2s
Seed 9006 | Epoch 230/1220 | Avg R: 0.0182 | Val Loss: 0.0004 | KL: 0.0175 | LinErr: 0.784 | YawErr: 0.438 | |A|: 0.285 | R>0: 97.41% | Done: 0.00% | Sigma: 0.309 | Steps: 37683200 | Time: 2598.9s
Seed 9006 | Epoch 235/1220 | Avg R: 0.0183 | Val Loss: 0.0004 | KL: 0.0210 | LinErr: 0.775 | YawErr: 0.425 | |A|: 0.281 | R>0: 97.28% | Done: 0.01% | Sigma: 0.309 | Steps: 38502400 | Time: 2653.8s
Seed 9006 | Epoch 240/1220 | Avg R: 0.0186 | Val Loss: 0.0005 | KL: 0.0212 | LinErr: 0.764 | YawErr: 0.403 | |A|: 0.281 | R>0: 97.69% | Done: 0.00% | Sigma: 0.310 | Steps: 39321600 | Time: 2710.2s
Seed 9006 | Epoch 245/1220 | Avg R: 0.0187 | Val Loss: 0.0005 | KL: 0.0182 | LinErr: 0.760 | YawErr: 0.409 | |A|: 0.285 | R>0: 97.38% | Done: 0.00% | Sigma: 0.311 | Steps: 40140800 | Time: 2764.8s
Seed 9006 | Epoch 250/1220 | Avg R: 0.0190 | Val Loss: 0.0004 | KL: 0.0198 | LinErr: 0.754 | YawErr: 0.379 | |A|: 0.288 | R>0: 97.59% | Done: 0.00% | Sigma: 0.312 | Steps: 40960000 | Time: 2821.5s
Seed 9006 | Epoch 255/1220 | Avg R: 0.0166 | Val Loss: 0.0004 | KL: 0.0211 | LinErr: 0.844 | YawErr: 0.428 | |A|: 0.314 | R>0: 96.81% | Done: 0.00% | Sigma: 0.314 | Steps: 41779200 | Time: 2876.4s
Seed 9006 | Epoch 260/1220 | Avg R: 0.0165 | Val Loss: 0.0004 | KL: 0.0171 | LinErr: 0.842 | YawErr: 0.465 | |A|: 0.319 | R>0: 96.41% | Done: 0.01% | Sigma: 0.315 | Steps: 42598400 | Time: 2931.7s
Seed 9006 | Epoch 265/1220 | Avg R: 0.0169 | Val Loss: 0.0005 | KL: 0.0225 | LinErr: 0.828 | YawErr: 0.462 | |A|: 0.317 | R>0: 96.45% | Done: 0.01% | Sigma: 0.318 | Steps: 43417600 | Time: 2988.3s
Seed 9006 | Epoch 270/1220 | Avg R: 0.0173 | Val Loss: 0.0005 | KL: 0.0196 | LinErr: 0.806 | YawErr: 0.435 | |A|: 0.310 | R>0: 96.70% | Done: 0.01% | Sigma: 0.319 | Steps: 44236800 | Time: 3043.1s
Seed 9006 | Epoch 275/1220 | Avg R: 0.0178 | Val Loss: 0.0005 | KL: 0.0199 | LinErr: 0.794 | YawErr: 0.414 | |A|: 0.310 | R>0: 96.98% | Done: 0.01% | Sigma: 0.320 | Steps: 45056000 | Time: 3098.5s
Seed 9006 | Epoch 280/1220 | Avg R: 0.0182 | Val Loss: 0.0004 | KL: 0.0150 | LinErr: 0.781 | YawErr: 0.392 | |A|: 0.313 | R>0: 97.12% | Done: 0.00% | Sigma: 0.320 | Steps: 45875200 | Time: 3153.6s
Seed 9006 | Epoch 285/1220 | Avg R: 0.0184 | Val Loss: 0.0004 | KL: 0.0177 | LinErr: 0.772 | YawErr: 0.379 | |A|: 0.314 | R>0: 97.12% | Done: 0.01% | Sigma: 0.321 | Steps: 46694400 | Time: 3208.6s
Seed 9006 | Epoch 290/1220 | Avg R: 0.0186 | Val Loss: 0.0005 | KL: 0.0185 | LinErr: 0.758 | YawErr: 0.389 | |A|: 0.308 | R>0: 97.15% | Done: 0.00% | Sigma: 0.322 | Steps: 47513600 | Time: 3263.6s
Seed 9006 | Epoch 295/1220 | Avg R: 0.0189 | Val Loss: 0.0005 | KL: 0.0214 | LinErr: 0.753 | YawErr: 0.369 | |A|: 0.308 | R>0: 97.49% | Done: 0.00% | Sigma: 0.323 | Steps: 48332800 | Time: 3319.7s
Seed 9006 | Epoch 300/1220 | Avg R: 0.0191 | Val Loss: 0.0004 | KL: 0.0184 | LinErr: 0.750 | YawErr: 0.349 | |A|: 0.312 | R>0: 97.64% | Done: 0.00% | Sigma: 0.323 | Steps: 49152000 | Time: 3376.6s
Seed 9006 | Epoch 305/1220 | Avg R: 0.0168 | Val Loss: 0.0004 | KL: 0.0218 | LinErr: 0.839 | YawErr: 0.390 | |A|: 0.331 | R>0: 96.72% | Done: 0.00% | Sigma: 0.324 | Steps: 49971200 | Time: 3433.3s
Seed 9006 | Epoch 310/1220 | Avg R: 0.0168 | Val Loss: 0.0005 | KL: 0.0182 | LinErr: 0.839 | YawErr: 0.417 | |A|: 0.338 | R>0: 96.58% | Done: 0.00% | Sigma: 0.325 | Steps: 50790400 | Time: 3488.9s
Seed 9006 | Epoch 315/1220 | Avg R: 0.0170 | Val Loss: 0.0005 | KL: 0.0206 | LinErr: 0.826 | YawErr: 0.424 | |A|: 0.341 | R>0: 96.40% | Done: 0.00% | Sigma: 0.327 | Steps: 51609600 | Time: 3543.9s
Seed 9006 | Epoch 320/1220 | Avg R: 0.0174 | Val Loss: 0.0005 | KL: 0.0185 | LinErr: 0.806 | YawErr: 0.393 | |A|: 0.340 | R>0: 96.46% | Done: 0.00% | Sigma: 0.329 | Steps: 52428800 | Time: 3599.6s
Seed 9006 | Epoch 325/1220 | Avg R: 0.0178 | Val Loss: 0.0005 | KL: 0.0169 | LinErr: 0.793 | YawErr: 0.376 | |A|: 0.335 | R>0: 96.54% | Done: 0.00% | Sigma: 0.331 | Steps: 53248000 | Time: 3654.7s
Seed 9006 | Epoch 330/1220 | Avg R: 0.0182 | Val Loss: 0.0004 | KL: 0.0202 | LinErr: 0.780 | YawErr: 0.360 | |A|: 0.332 | R>0: 96.79% | Done: 0.00% | Sigma: 0.333 | Steps: 54067200 | Time: 3710.8s
Seed 9006 | Epoch 335/1220 | Avg R: 0.0185 | Val Loss: 0.0005 | KL: 0.0176 | LinErr: 0.771 | YawErr: 0.346 | |A|: 0.332 | R>0: 96.99% | Done: 0.00% | Sigma: 0.333 | Steps: 54886400 | Time: 3764.9s
Seed 9006 | Epoch 340/1220 | Avg R: 0.0186 | Val Loss: 0.0005 | KL: 0.0187 | LinErr: 0.756 | YawErr: 0.353 | |A|: 0.327 | R>0: 96.92% | Done: 0.00% | Sigma: 0.334 | Steps: 55705600 | Time: 3819.3s
Seed 9006 | Epoch 345/1220 | Avg R: 0.0188 | Val Loss: 0.0005 | KL: 0.0208 | LinErr: 0.756 | YawErr: 0.338 | |A|: 0.326 | R>0: 97.33% | Done: 0.01% | Sigma: 0.335 | Steps: 56524800 | Time: 3874.8s
Seed 9006 | Epoch 350/1220 | Avg R: 0.0190 | Val Loss: 0.0004 | KL: 0.0197 | LinErr: 0.748 | YawErr: 0.333 | |A|: 0.325 | R>0: 97.42% | Done: 0.00% | Sigma: 0.336 | Steps: 57344000 | Time: 3930.8s
Seed 9006 | Epoch 355/1220 | Avg R: 0.0169 | Val Loss: 0.0004 | KL: 0.0178 | LinErr: 0.836 | YawErr: 0.362 | |A|: 0.347 | R>0: 96.51% | Done: 0.00% | Sigma: 0.337 | Steps: 58163200 | Time: 3985.5s
Seed 9006 | Epoch 360/1220 | Avg R: 0.0166 | Val Loss: 0.0004 | KL: 0.0215 | LinErr: 0.836 | YawErr: 0.404 | |A|: 0.350 | R>0: 95.97% | Done: 0.00% | Sigma: 0.338 | Steps: 58982400 | Time: 4040.8s
Seed 9006 | Epoch 365/1220 | Avg R: 0.0171 | Val Loss: 0.0005 | KL: 0.0203 | LinErr: 0.822 | YawErr: 0.383 | |A|: 0.356 | R>0: 96.41% | Done: 0.00% | Sigma: 0.341 | Steps: 59801600 | Time: 4095.1s
Seed 9006 | Epoch 370/1220 | Avg R: 0.0173 | Val Loss: 0.0005 | KL: 0.0218 | LinErr: 0.807 | YawErr: 0.373 | |A|: 0.353 | R>0: 96.29% | Done: 0.00% | Sigma: 0.341 | Steps: 60620800 | Time: 4150.3s
Seed 9006 | Epoch 375/1220 | Avg R: 0.0179 | Val Loss: 0.0005 | KL: 0.0197 | LinErr: 0.790 | YawErr: 0.346 | |A|: 0.349 | R>0: 96.68% | Done: 0.00% | Sigma: 0.343 | Steps: 61440000 | Time: 4206.3s
Seed 9006 | Epoch 380/1220 | Avg R: 0.0181 | Val Loss: 0.0004 | KL: 0.0201 | LinErr: 0.780 | YawErr: 0.346 | |A|: 0.347 | R>0: 96.57% | Done: 0.00% | Sigma: 0.345 | Steps: 62259200 | Time: 4261.9s
Seed 9006 | Epoch 385/1220 | Avg R: 0.0185 | Val Loss: 0.0004 | KL: 0.0191 | LinErr: 0.769 | YawErr: 0.314 | |A|: 0.349 | R>0: 96.86% | Done: 0.00% | Sigma: 0.347 | Steps: 63078400 | Time: 4316.1s
Seed 9006 | Epoch 390/1220 | Avg R: 0.0187 | Val Loss: 0.0005 | KL: 0.0206 | LinErr: 0.756 | YawErr: 0.302 | |A|: 0.351 | R>0: 97.07% | Done: 0.00% | Sigma: 0.349 | Steps: 63897600 | Time: 4372.0s
Seed 9006 | Epoch 395/1220 | Avg R: 0.0188 | Val Loss: 0.0005 | KL: 0.0209 | LinErr: 0.753 | YawErr: 0.298 | |A|: 0.348 | R>0: 97.40% | Done: 0.00% | Sigma: 0.351 | Steps: 64716800 | Time: 4427.9s
Seed 9006 | Epoch 400/1220 | Avg R: 0.0189 | Val Loss: 0.0004 | KL: 0.0201 | LinErr: 0.744 | YawErr: 0.293 | |A|: 0.346 | R>0: 97.38% | Done: 0.00% | Sigma: 0.353 | Steps: 65536000 | Time: 4484.6s
Seed 9006 | Epoch 405/1220 | Avg R: 0.0169 | Val Loss: 0.0004 | KL: 0.0216 | LinErr: 0.834 | YawErr: 0.310 | |A|: 0.364 | R>0: 96.49% | Done: 0.00% | Sigma: 0.354 | Steps: 66355200 | Time: 4539.7s
Seed 9006 | Epoch 410/1220 | Avg R: 0.0168 | Val Loss: 0.0004 | KL: 0.0143 | LinErr: 0.834 | YawErr: 0.333 | |A|: 0.368 | R>0: 96.01% | Done: 0.00% | Sigma: 0.355 | Steps: 67174400 | Time: 4594.5s
Seed 9006 | Epoch 415/1220 | Avg R: 0.0171 | Val Loss: 0.0005 | KL: 0.0179 | LinErr: 0.821 | YawErr: 0.337 | |A|: 0.369 | R>0: 96.31% | Done: 0.00% | Sigma: 0.357 | Steps: 67993600 | Time: 4650.3s
Seed 9006 | Epoch 420/1220 | Avg R: 0.0176 | Val Loss: 0.0005 | KL: 0.0190 | LinErr: 0.803 | YawErr: 0.307 | |A|: 0.373 | R>0: 96.47% | Done: 0.00% | Sigma: 0.360 | Steps: 68812800 | Time: 4705.6s
Seed 9006 | Epoch 425/1220 | Avg R: 0.0179 | Val Loss: 0.0005 | KL: 0.0218 | LinErr: 0.788 | YawErr: 0.290 | |A|: 0.369 | R>0: 96.34% | Done: 0.00% | Sigma: 0.362 | Steps: 69632000 | Time: 4761.2s
Seed 9006 | Epoch 430/1220 | Avg R: 0.0182 | Val Loss: 0.0004 | KL: 0.0212 | LinErr: 0.776 | YawErr: 0.277 | |A|: 0.371 | R>0: 96.67% | Done: 0.01% | Sigma: 0.363 | Steps: 70451200 | Time: 4815.7s
Seed 9006 | Epoch 435/1220 | Avg R: 0.0185 | Val Loss: 0.0004 | KL: 0.0211 | LinErr: 0.764 | YawErr: 0.275 | |A|: 0.362 | R>0: 96.70% | Done: 0.00% | Sigma: 0.365 | Steps: 71270400 | Time: 4871.4s
Seed 9006 | Epoch 440/1220 | Avg R: 0.0187 | Val Loss: 0.0005 | KL: 0.0202 | LinErr: 0.753 | YawErr: 0.262 | |A|: 0.359 | R>0: 96.97% | Done: 0.00% | Sigma: 0.367 | Steps: 72089600 | Time: 4926.8s
Seed 9006 | Epoch 445/1220 | Avg R: 0.0189 | Val Loss: 0.0005 | KL: 0.0180 | LinErr: 0.748 | YawErr: 0.257 | |A|: 0.358 | R>0: 96.85% | Done: 0.00% | Sigma: 0.368 | Steps: 72908800 | Time: 4982.3s
Seed 9006 | Epoch 450/1220 | Avg R: 0.0190 | Val Loss: 0.0004 | KL: 0.0204 | LinErr: 0.742 | YawErr: 0.243 | |A|: 0.361 | R>0: 97.16% | Done: 0.00% | Sigma: 0.369 | Steps: 73728000 | Time: 5038.3s
Seed 9006 | Epoch 455/1220 | Avg R: 0.0168 | Val Loss: 0.0004 | KL: 0.0225 | LinErr: 0.829 | YawErr: 0.270 | |A|: 0.380 | R>0: 95.89% | Done: 0.00% | Sigma: 0.370 | Steps: 74547200 | Time: 5092.8s
Seed 9006 | Epoch 460/1220 | Avg R: 0.0168 | Val Loss: 0.0004 | KL: 0.0223 | LinErr: 0.825 | YawErr: 0.284 | |A|: 0.384 | R>0: 95.58% | Done: 0.01% | Sigma: 0.372 | Steps: 75366400 | Time: 5148.0s
Seed 9006 | Epoch 465/1220 | Avg R: 0.0172 | Val Loss: 0.0005 | KL: 0.0206 | LinErr: 0.818 | YawErr: 0.266 | |A|: 0.389 | R>0: 96.17% | Done: 0.01% | Sigma: 0.373 | Steps: 76185600 | Time: 5202.8s
Seed 9006 | Epoch 470/1220 | Avg R: 0.0176 | Val Loss: 0.0005 | KL: 0.0197 | LinErr: 0.798 | YawErr: 0.251 | |A|: 0.383 | R>0: 96.03% | Done: 0.00% | Sigma: 0.376 | Steps: 77004800 | Time: 5259.0s
Seed 9006 | Epoch 475/1220 | Avg R: 0.0180 | Val Loss: 0.0004 | KL: 0.0212 | LinErr: 0.785 | YawErr: 0.248 | |A|: 0.379 | R>0: 96.42% | Done: 0.00% | Sigma: 0.377 | Steps: 77824000 | Time: 5314.5s
Seed 9006 | Epoch 480/1220 | Avg R: 0.0184 | Val Loss: 0.0004 | KL: 0.0206 | LinErr: 0.771 | YawErr: 0.233 | |A|: 0.380 | R>0: 96.68% | Done: 0.00% | Sigma: 0.379 | Steps: 78643200 | Time: 5371.1s
Seed 9006 | Epoch 485/1220 | Avg R: 0.0186 | Val Loss: 0.0004 | KL: 0.0185 | LinErr: 0.764 | YawErr: 0.234 | |A|: 0.375 | R>0: 96.74% | Done: 0.00% | Sigma: 0.381 | Steps: 79462400 | Time: 5427.0s
Seed 9006 | Epoch 490/1220 | Avg R: 0.0188 | Val Loss: 0.0005 | KL: 0.0213 | LinErr: 0.751 | YawErr: 0.236 | |A|: 0.371 | R>0: 96.88% | Done: 0.00% | Sigma: 0.383 | Steps: 80281600 | Time: 5481.3s
Seed 9006 | Epoch 495/1220 | Avg R: 0.0189 | Val Loss: 0.0005 | KL: 0.0214 | LinErr: 0.748 | YawErr: 0.227 | |A|: 0.372 | R>0: 97.10% | Done: 0.00% | Sigma: 0.384 | Steps: 81100800 | Time: 5536.9s
Seed 9006 | Epoch 500/1220 | Avg R: 0.0191 | Val Loss: 0.0004 | KL: 0.0215 | LinErr: 0.741 | YawErr: 0.224 | |A|: 0.378 | R>0: 97.18% | Done: 0.00% | Sigma: 0.386 | Steps: 81920000 | Time: 5592.5s
Seed 9006 | Epoch 505/1220 | Avg R: 0.0171 | Val Loss: 0.0004 | KL: 0.0179 | LinErr: 0.826 | YawErr: 0.245 | |A|: 0.394 | R>0: 95.82% | Done: 0.01% | Sigma: 0.387 | Steps: 82739200 | Time: 5648.1s
Seed 9006 | Epoch 510/1220 | Avg R: 0.0170 | Val Loss: 0.0004 | KL: 0.0212 | LinErr: 0.827 | YawErr: 0.251 | |A|: 0.395 | R>0: 95.93% | Done: 0.01% | Sigma: 0.391 | Steps: 83558400 | Time: 5703.2s
Seed 9006 | Epoch 515/1220 | Avg R: 0.0175 | Val Loss: 0.0004 | KL: 0.0223 | LinErr: 0.813 | YawErr: 0.235 | |A|: 0.389 | R>0: 96.22% | Done: 0.01% | Sigma: 0.391 | Steps: 84377600 | Time: 5758.0s
Seed 9006 | Epoch 520/1220 | Avg R: 0.0178 | Val Loss: 0.0005 | KL: 0.0228 | LinErr: 0.799 | YawErr: 0.229 | |A|: 0.390 | R>0: 96.33% | Done: 0.00% | Sigma: 0.394 | Steps: 85196800 | Time: 5813.3s
Seed 9006 | Epoch 525/1220 | Avg R: 0.0182 | Val Loss: 0.0005 | KL: 0.0187 | LinErr: 0.783 | YawErr: 0.217 | |A|: 0.385 | R>0: 96.73% | Done: 0.00% | Sigma: 0.397 | Steps: 86016000 | Time: 5867.9s
Seed 9006 | Epoch 530/1220 | Avg R: 0.0185 | Val Loss: 0.0004 | KL: 0.0208 | LinErr: 0.770 | YawErr: 0.223 | |A|: 0.381 | R>0: 96.87% | Done: 0.01% | Sigma: 0.399 | Steps: 86835200 | Time: 5923.4s
Seed 9006 | Epoch 535/1220 | Avg R: 0.0187 | Val Loss: 0.0004 | KL: 0.0183 | LinErr: 0.759 | YawErr: 0.215 | |A|: 0.379 | R>0: 96.93% | Done: 0.01% | Sigma: 0.400 | Steps: 87654400 | Time: 5978.7s
Seed 9006 | Epoch 540/1220 | Avg R: 0.0189 | Val Loss: 0.0005 | KL: 0.0172 | LinErr: 0.749 | YawErr: 0.210 | |A|: 0.378 | R>0: 97.35% | Done: 0.00% | Sigma: 0.401 | Steps: 88473600 | Time: 6033.1s
Seed 9006 | Epoch 545/1220 | Avg R: 0.0191 | Val Loss: 0.0005 | KL: 0.0215 | LinErr: 0.741 | YawErr: 0.208 | |A|: 0.374 | R>0: 97.39% | Done: 0.00% | Sigma: 0.402 | Steps: 89292800 | Time: 6088.0s
Seed 9006 | Epoch 550/1220 | Avg R: 0.0192 | Val Loss: 0.0004 | KL: 0.0206 | LinErr: 0.735 | YawErr: 0.201 | |A|: 0.374 | R>0: 97.52% | Done: 0.00% | Sigma: 0.402 | Steps: 90112000 | Time: 6142.9s
Seed 9006 | Epoch 555/1220 | Avg R: 0.0172 | Val Loss: 0.0004 | KL: 0.0226 | LinErr: 0.822 | YawErr: 0.225 | |A|: 0.391 | R>0: 96.08% | Done: 0.01% | Sigma: 0.405 | Steps: 90931200 | Time: 6198.1s
Seed 9006 | Epoch 560/1220 | Avg R: 0.0173 | Val Loss: 0.0004 | KL: 0.0214 | LinErr: 0.821 | YawErr: 0.226 | |A|: 0.391 | R>0: 96.14% | Done: 0.00% | Sigma: 0.406 | Steps: 91750400 | Time: 6253.4s
Seed 9006 | Epoch 565/1220 | Avg R: 0.0176 | Val Loss: 0.0005 | KL: 0.0221 | LinErr: 0.809 | YawErr: 0.223 | |A|: 0.393 | R>0: 96.28% | Done: 0.00% | Sigma: 0.409 | Steps: 92569600 | Time: 6309.9s
Seed 9006 | Epoch 570/1220 | Avg R: 0.0180 | Val Loss: 0.0005 | KL: 0.0232 | LinErr: 0.791 | YawErr: 0.216 | |A|: 0.389 | R>0: 96.52% | Done: 0.00% | Sigma: 0.413 | Steps: 93388800 | Time: 6365.8s
Seed 9006 | Epoch 575/1220 | Avg R: 0.0183 | Val Loss: 0.0005 | KL: 0.0185 | LinErr: 0.780 | YawErr: 0.207 | |A|: 0.385 | R>0: 96.64% | Done: 0.00% | Sigma: 0.415 | Steps: 94208000 | Time: 6420.7s
Seed 9006 | Epoch 580/1220 | Avg R: 0.0186 | Val Loss: 0.0004 | KL: 0.0183 | LinErr: 0.766 | YawErr: 0.204 | |A|: 0.382 | R>0: 96.91% | Done: 0.01% | Sigma: 0.416 | Steps: 95027200 | Time: 6475.2s
Seed 9006 | Epoch 585/1220 | Avg R: 0.0188 | Val Loss: 0.0004 | KL: 0.0224 | LinErr: 0.753 | YawErr: 0.201 | |A|: 0.381 | R>0: 97.05% | Done: 0.01% | Sigma: 0.418 | Steps: 95846400 | Time: 6530.0s
Seed 9006 | Epoch 590/1220 | Avg R: 0.0190 | Val Loss: 0.0005 | KL: 0.0220 | LinErr: 0.740 | YawErr: 0.194 | |A|: 0.381 | R>0: 97.34% | Done: 0.00% | Sigma: 0.422 | Steps: 96665600 | Time: 6586.1s
Seed 9006 | Epoch 595/1220 | Avg R: 0.0191 | Val Loss: 0.0005 | KL: 0.0216 | LinErr: 0.739 | YawErr: 0.189 | |A|: 0.382 | R>0: 97.36% | Done: 0.00% | Sigma: 0.424 | Steps: 97484800 | Time: 6641.7s
Seed 9006 | Epoch 600/1220 | Avg R: 0.0194 | Val Loss: 0.0004 | KL: 0.0173 | LinErr: 0.734 | YawErr: 0.183 | |A|: 0.381 | R>0: 97.44% | Done: 0.00% | Sigma: 0.426 | Steps: 98304000 | Time: 6697.3s
Seed 9006 | Epoch 605/1220 | Avg R: 0.0172 | Val Loss: 0.0005 | KL: 0.0159 | LinErr: 0.808 | YawErr: 0.212 | |A|: 0.390 | R>0: 95.86% | Done: 0.01% | Sigma: 0.426 | Steps: 99123200 | Time: 6752.3s
Seed 9006 | Epoch 610/1220 | Avg R: 0.0174 | Val Loss: 0.0005 | KL: 0.0202 | LinErr: 0.813 | YawErr: 0.203 | |A|: 0.397 | R>0: 96.25% | Done: 0.01% | Sigma: 0.428 | Steps: 99942400 | Time: 6806.3s
Seed 9006 | Epoch 615/1220 | Avg R: 0.0177 | Val Loss: 0.0005 | KL: 0.0271 | LinErr: 0.801 | YawErr: 0.198 | |A|: 0.393 | R>0: 96.47% | Done: 0.00% | Sigma: 0.428 | Steps: 100761600 | Time: 6860.6s
Seed 9006 | Epoch 620/1220 | Avg R: 0.0182 | Val Loss: 0.0005 | KL: 0.0213 | LinErr: 0.782 | YawErr: 0.193 | |A|: 0.391 | R>0: 96.73% | Done: 0.00% | Sigma: 0.430 | Steps: 101580800 | Time: 6915.2s
Seed 9006 | Epoch 625/1220 | Avg R: 0.0185 | Val Loss: 0.0004 | KL: 0.0203 | LinErr: 0.771 | YawErr: 0.190 | |A|: 0.386 | R>0: 97.02% | Done: 0.01% | Sigma: 0.432 | Steps: 102400000 | Time: 6970.7s
Seed 9006 | Epoch 630/1220 | Avg R: 0.0188 | Val Loss: 0.0004 | KL: 0.0188 | LinErr: 0.757 | YawErr: 0.182 | |A|: 0.385 | R>0: 97.26% | Done: 0.01% | Sigma: 0.435 | Steps: 103219200 | Time: 7026.1s
Seed 9006 | Epoch 635/1220 | Avg R: 0.0190 | Val Loss: 0.0004 | KL: 0.0185 | LinErr: 0.746 | YawErr: 0.176 | |A|: 0.385 | R>0: 97.42% | Done: 0.01% | Sigma: 0.437 | Steps: 104038400 | Time: 7081.6s
Seed 9006 | Epoch 640/1220 | Avg R: 0.0190 | Val Loss: 0.0005 | KL: 0.0195 | LinErr: 0.732 | YawErr: 0.175 | |A|: 0.385 | R>0: 97.34% | Done: 0.01% | Sigma: 0.438 | Steps: 104857600 | Time: 7136.6s
Seed 9006 | Epoch 645/1220 | Avg R: 0.0191 | Val Loss: 0.0006 | KL: 0.0142 | LinErr: 0.727 | YawErr: 0.173 | |A|: 0.386 | R>0: 97.55% | Done: 0.01% | Sigma: 0.442 | Steps: 105676800 | Time: 7191.6s
Seed 9006 | Epoch 650/1220 | Avg R: 0.0193 | Val Loss: 0.0005 | KL: 0.0205 | LinErr: 0.718 | YawErr: 0.173 | |A|: 0.388 | R>0: 97.46% | Done: 0.01% | Sigma: 0.444 | Steps: 106496000 | Time: 7246.2s
Seed 9006 | Epoch 655/1220 | Avg R: 0.0174 | Val Loss: 0.0005 | KL: 0.0200 | LinErr: 0.799 | YawErr: 0.192 | |A|: 0.395 | R>0: 96.39% | Done: 0.01% | Sigma: 0.446 | Steps: 107315200 | Time: 7301.8s
Seed 9006 | Epoch 660/1220 | Avg R: 0.0176 | Val Loss: 0.0005 | KL: 0.0224 | LinErr: 0.793 | YawErr: 0.190 | |A|: 0.398 | R>0: 96.63% | Done: 0.00% | Sigma: 0.448 | Steps: 108134400 | Time: 7358.1s
Seed 9006 | Epoch 665/1220 | Avg R: 0.0178 | Val Loss: 0.0005 | KL: 0.0177 | LinErr: 0.783 | YawErr: 0.190 | |A|: 0.398 | R>0: 96.66% | Done: 0.01% | Sigma: 0.451 | Steps: 108953600 | Time: 7413.2s
Seed 9006 | Epoch 670/1220 | Avg R: 0.0183 | Val Loss: 0.0005 | KL: 0.0235 | LinErr: 0.768 | YawErr: 0.185 | |A|: 0.397 | R>0: 97.02% | Done: 0.01% | Sigma: 0.455 | Steps: 109772800 | Time: 7469.4s
Seed 9006 | Epoch 675/1220 | Avg R: 0.0186 | Val Loss: 0.0005 | KL: 0.0192 | LinErr: 0.749 | YawErr: 0.182 | |A|: 0.391 | R>0: 97.19% | Done: 0.00% | Sigma: 0.457 | Steps: 110592000 | Time: 7524.0s
Seed 9006 | Epoch 680/1220 | Avg R: 0.0189 | Val Loss: 0.0005 | KL: 0.0162 | LinErr: 0.737 | YawErr: 0.181 | |A|: 0.394 | R>0: 97.29% | Done: 0.01% | Sigma: 0.460 | Steps: 111411200 | Time: 7578.9s
Seed 9006 | Epoch 685/1220 | Avg R: 0.0191 | Val Loss: 0.0004 | KL: 0.0225 | LinErr: 0.723 | YawErr: 0.179 | |A|: 0.391 | R>0: 97.35% | Done: 0.00% | Sigma: 0.462 | Steps: 112230400 | Time: 7633.7s
Seed 9006 | Epoch 690/1220 | Avg R: 0.0193 | Val Loss: 0.0005 | KL: 0.0223 | LinErr: 0.710 | YawErr: 0.176 | |A|: 0.393 | R>0: 97.43% | Done: 0.01% | Sigma: 0.465 | Steps: 113049600 | Time: 7688.5s
Seed 9006 | Epoch 695/1220 | Avg R: 0.0194 | Val Loss: 0.0005 | KL: 0.0227 | LinErr: 0.705 | YawErr: 0.175 | |A|: 0.393 | R>0: 97.54% | Done: 0.00% | Sigma: 0.466 | Steps: 113868800 | Time: 7743.5s
Seed 9006 | Epoch 700/1220 | Avg R: 0.0196 | Val Loss: 0.0005 | KL: 0.0219 | LinErr: 0.695 | YawErr: 0.174 | |A|: 0.388 | R>0: 97.77% | Done: 0.00% | Sigma: 0.471 | Steps: 114688000 | Time: 7799.0s
Seed 9006 | Epoch 705/1220 | Avg R: 0.0178 | Val Loss: 0.0005 | KL: 0.0227 | LinErr: 0.773 | YawErr: 0.184 | |A|: 0.397 | R>0: 96.82% | Done: 0.00% | Sigma: 0.474 | Steps: 115507200 | Time: 7854.6s
Seed 9006 | Epoch 710/1220 | Avg R: 0.0179 | Val Loss: 0.0005 | KL: 0.0181 | LinErr: 0.768 | YawErr: 0.184 | |A|: 0.398 | R>0: 96.84% | Done: 0.01% | Sigma: 0.477 | Steps: 116326400 | Time: 7909.2s
Seed 9006 | Epoch 715/1220 | Avg R: 0.0182 | Val Loss: 0.0005 | KL: 0.0231 | LinErr: 0.751 | YawErr: 0.181 | |A|: 0.399 | R>0: 97.12% | Done: 0.00% | Sigma: 0.481 | Steps: 117145600 | Time: 7964.8s
Seed 9006 | Epoch 720/1220 | Avg R: 0.0187 | Val Loss: 0.0005 | KL: 0.0132 | LinErr: 0.726 | YawErr: 0.177 | |A|: 0.398 | R>0: 97.33% | Done: 0.00% | Sigma: 0.484 | Steps: 117964800 | Time: 8019.7s
Seed 9006 | Epoch 725/1220 | Avg R: 0.0190 | Val Loss: 0.0005 | KL: 0.0177 | LinErr: 0.705 | YawErr: 0.169 | |A|: 0.392 | R>0: 97.45% | Done: 0.01% | Sigma: 0.485 | Steps: 118784000 | Time: 8073.9s
Seed 9006 | Epoch 730/1220 | Avg R: 0.0194 | Val Loss: 0.0005 | KL: 0.0216 | LinErr: 0.686 | YawErr: 0.170 | |A|: 0.388 | R>0: 97.58% | Done: 0.01% | Sigma: 0.487 | Steps: 119603200 | Time: 8128.7s
Seed 9006 | Epoch 735/1220 | Avg R: 0.0197 | Val Loss: 0.0005 | KL: 0.0221 | LinErr: 0.670 | YawErr: 0.167 | |A|: 0.385 | R>0: 97.78% | Done: 0.01% | Sigma: 0.491 | Steps: 120422400 | Time: 8184.1s
Seed 9006 | Epoch 740/1220 | Avg R: 0.0198 | Val Loss: 0.0006 | KL: 0.0186 | LinErr: 0.652 | YawErr: 0.169 | |A|: 0.382 | R>0: 97.75% | Done: 0.01% | Sigma: 0.493 | Steps: 121241600 | Time: 8238.6s
Seed 9006 | Epoch 745/1220 | Avg R: 0.0199 | Val Loss: 0.0005 | KL: 0.0225 | LinErr: 0.647 | YawErr: 0.167 | |A|: 0.384 | R>0: 97.84% | Done: 0.01% | Sigma: 0.496 | Steps: 122060800 | Time: 8293.6s
Seed 9006 | Epoch 750/1220 | Avg R: 0.0201 | Val Loss: 0.0005 | KL: 0.0186 | LinErr: 0.631 | YawErr: 0.168 | |A|: 0.383 | R>0: 97.99% | Done: 0.00% | Sigma: 0.499 | Steps: 122880000 | Time: 8348.0s
Seed 9006 | Epoch 755/1220 | Avg R: 0.0183 | Val Loss: 0.0006 | KL: 0.0193 | LinErr: 0.714 | YawErr: 0.181 | |A|: 0.393 | R>0: 97.12% | Done: 0.02% | Sigma: 0.502 | Steps: 123699200 | Time: 8402.3s
Seed 9006 | Epoch 760/1220 | Avg R: 0.0185 | Val Loss: 0.0006 | KL: 0.0169 | LinErr: 0.698 | YawErr: 0.174 | |A|: 0.392 | R>0: 97.27% | Done: 0.01% | Sigma: 0.505 | Steps: 124518400 | Time: 8457.1s
Seed 9006 | Epoch 765/1220 | Avg R: 0.0190 | Val Loss: 0.0005 | KL: 0.0244 | LinErr: 0.674 | YawErr: 0.172 | |A|: 0.389 | R>0: 97.46% | Done: 0.01% | Sigma: 0.509 | Steps: 125337600 | Time: 8511.6s
Seed 9006 | Epoch 770/1220 | Avg R: 0.0195 | Val Loss: 0.0005 | KL: 0.0225 | LinErr: 0.654 | YawErr: 0.167 | |A|: 0.387 | R>0: 97.72% | Done: 0.01% | Sigma: 0.513 | Steps: 126156800 | Time: 8568.1s
Seed 9006 | Epoch 775/1220 | Avg R: 0.0198 | Val Loss: 0.0005 | KL: 0.0226 | LinErr: 0.641 | YawErr: 0.164 | |A|: 0.387 | R>0: 97.80% | Done: 0.01% | Sigma: 0.517 | Steps: 126976000 | Time: 8623.5s
Seed 9006 | Epoch 780/1220 | Avg R: 0.0201 | Val Loss: 0.0005 | KL: 0.0231 | LinErr: 0.621 | YawErr: 0.164 | |A|: 0.381 | R>0: 98.07% | Done: 0.01% | Sigma: 0.521 | Steps: 127795200 | Time: 8677.9s
Seed 9006 | Epoch 785/1220 | Avg R: 0.0204 | Val Loss: 0.0005 | KL: 0.0161 | LinErr: 0.607 | YawErr: 0.163 | |A|: 0.377 | R>0: 98.16% | Done: 0.01% | Sigma: 0.523 | Steps: 128614400 | Time: 8732.4s
Seed 9006 | Epoch 790/1220 | Avg R: 0.0204 | Val Loss: 0.0005 | KL: 0.0156 | LinErr: 0.588 | YawErr: 0.163 | |A|: 0.373 | R>0: 98.13% | Done: 0.01% | Sigma: 0.524 | Steps: 129433600 | Time: 8787.1s
Seed 9006 | Epoch 795/1220 | Avg R: 0.0206 | Val Loss: 0.0006 | KL: 0.0165 | LinErr: 0.573 | YawErr: 0.163 | |A|: 0.367 | R>0: 98.07% | Done: 0.01% | Sigma: 0.526 | Steps: 130252800 | Time: 8842.3s
Seed 9006 | Epoch 800/1220 | Avg R: 0.0209 | Val Loss: 0.0005 | KL: 0.0163 | LinErr: 0.555 | YawErr: 0.162 | |A|: 0.365 | R>0: 98.25% | Done: 0.01% | Sigma: 0.527 | Steps: 131072000 | Time: 8897.2s
Seed 9006 | Epoch 805/1220 | Avg R: 0.0192 | Val Loss: 0.0006 | KL: 0.0197 | LinErr: 0.638 | YawErr: 0.170 | |A|: 0.379 | R>0: 97.44% | Done: 0.01% | Sigma: 0.528 | Steps: 131891200 | Time: 8951.1s
Seed 9006 | Epoch 810/1220 | Avg R: 0.0195 | Val Loss: 0.0005 | KL: 0.0238 | LinErr: 0.618 | YawErr: 0.168 | |A|: 0.377 | R>0: 97.63% | Done: 0.01% | Sigma: 0.530 | Steps: 132710400 | Time: 9005.1s
Seed 9006 | Epoch 815/1220 | Avg R: 0.0199 | Val Loss: 0.0006 | KL: 0.0237 | LinErr: 0.589 | YawErr: 0.164 | |A|: 0.374 | R>0: 97.77% | Done: 0.02% | Sigma: 0.532 | Steps: 133529600 | Time: 9059.1s
Seed 9006 | Epoch 820/1220 | Avg R: 0.0204 | Val Loss: 0.0006 | KL: 0.0224 | LinErr: 0.563 | YawErr: 0.165 | |A|: 0.369 | R>0: 98.08% | Done: 0.01% | Sigma: 0.534 | Steps: 134348800 | Time: 9113.4s
Seed 9006 | Epoch 825/1220 | Avg R: 0.0206 | Val Loss: 0.0006 | KL: 0.0135 | LinErr: 0.540 | YawErr: 0.164 | |A|: 0.370 | R>0: 97.99% | Done: 0.01% | Sigma: 0.536 | Steps: 135168000 | Time: 9167.1s
Seed 9006 | Epoch 830/1220 | Avg R: 0.0209 | Val Loss: 0.0005 | KL: 0.0219 | LinErr: 0.516 | YawErr: 0.163 | |A|: 0.364 | R>0: 98.07% | Done: 0.02% | Sigma: 0.536 | Steps: 135987200 | Time: 9220.6s
Seed 9006 | Epoch 835/1220 | Avg R: 0.0213 | Val Loss: 0.0006 | KL: 0.0149 | LinErr: 0.505 | YawErr: 0.161 | |A|: 0.361 | R>0: 98.29% | Done: 0.01% | Sigma: 0.536 | Steps: 136806400 | Time: 9274.2s
Seed 9006 | Epoch 840/1220 | Avg R: 0.0214 | Val Loss: 0.0006 | KL: 0.0154 | LinErr: 0.492 | YawErr: 0.162 | |A|: 0.357 | R>0: 98.39% | Done: 0.01% | Sigma: 0.537 | Steps: 137625600 | Time: 9328.0s
Seed 9006 | Epoch 845/1220 | Avg R: 0.0215 | Val Loss: 0.0006 | KL: 0.0185 | LinErr: 0.482 | YawErr: 0.161 | |A|: 0.356 | R>0: 98.32% | Done: 0.01% | Sigma: 0.539 | Steps: 138444800 | Time: 9382.2s
Seed 9006 | Epoch 850/1220 | Avg R: 0.0217 | Val Loss: 0.0005 | KL: 0.0184 | LinErr: 0.467 | YawErr: 0.162 | |A|: 0.354 | R>0: 98.49% | Done: 0.00% | Sigma: 0.539 | Steps: 139264000 | Time: 9435.9s
Seed 9006 | Epoch 855/1220 | Avg R: 0.0201 | Val Loss: 0.0006 | KL: 0.0560 | LinErr: 0.543 | YawErr: 0.171 | |A|: 0.364 | R>0: 97.79% | Done: 0.01% | Sigma: 0.539 | Steps: 140083200 | Time: 9489.6s
Seed 9006 | Epoch 860/1220 | Avg R: 0.0204 | Val Loss: 0.0006 | KL: 0.0183 | LinErr: 0.519 | YawErr: 0.173 | |A|: 0.365 | R>0: 97.82% | Done: 0.02% | Sigma: 0.539 | Steps: 140902400 | Time: 9542.6s
Seed 9006 | Epoch 865/1220 | Avg R: 0.0207 | Val Loss: 0.0006 | KL: 0.0211 | LinErr: 0.503 | YawErr: 0.166 | |A|: 0.363 | R>0: 98.12% | Done: 0.01% | Sigma: 0.539 | Steps: 141721600 | Time: 9596.3s
Seed 9006 | Epoch 870/1220 | Avg R: 0.0211 | Val Loss: 0.0007 | KL: 0.0240 | LinErr: 0.489 | YawErr: 0.164 | |A|: 0.360 | R>0: 98.27% | Done: 0.01% | Sigma: 0.540 | Steps: 142540800 | Time: 9650.0s
Seed 9006 | Epoch 875/1220 | Avg R: 0.0215 | Val Loss: 0.0006 | KL: 0.0205 | LinErr: 0.476 | YawErr: 0.158 | |A|: 0.360 | R>0: 98.54% | Done: 0.01% | Sigma: 0.541 | Steps: 143360000 | Time: 9703.8s
Seed 9006 | Epoch 880/1220 | Avg R: 0.0217 | Val Loss: 0.0005 | KL: 0.0153 | LinErr: 0.454 | YawErr: 0.160 | |A|: 0.358 | R>0: 98.62% | Done: 0.00% | Sigma: 0.541 | Steps: 144179200 | Time: 9757.5s
Seed 9006 | Epoch 885/1220 | Avg R: 0.0219 | Val Loss: 0.0006 | KL: 0.0177 | LinErr: 0.439 | YawErr: 0.159 | |A|: 0.356 | R>0: 98.54% | Done: 0.01% | Sigma: 0.541 | Steps: 144998400 | Time: 9810.9s
Seed 9006 | Epoch 890/1220 | Avg R: 0.0221 | Val Loss: 0.0006 | KL: 0.0196 | LinErr: 0.421 | YawErr: 0.158 | |A|: 0.354 | R>0: 98.46% | Done: 0.01% | Sigma: 0.541 | Steps: 145817600 | Time: 9864.5s
Seed 9006 | Epoch 895/1220 | Avg R: 0.0222 | Val Loss: 0.0006 | KL: 0.0148 | LinErr: 0.420 | YawErr: 0.157 | |A|: 0.352 | R>0: 98.41% | Done: 0.01% | Sigma: 0.542 | Steps: 146636800 | Time: 9918.2s
Seed 9006 | Epoch 900/1220 | Avg R: 0.0222 | Val Loss: 0.0006 | KL: 0.0142 | LinErr: 0.409 | YawErr: 0.158 | |A|: 0.353 | R>0: 98.19% | Done: 0.01% | Sigma: 0.543 | Steps: 147456000 | Time: 9972.8s
Seed 9006 | Epoch 905/1220 | Avg R: 0.0206 | Val Loss: 0.0006 | KL: 0.0190 | LinErr: 0.494 | YawErr: 0.166 | |A|: 0.361 | R>0: 97.77% | Done: 0.02% | Sigma: 0.544 | Steps: 148275200 | Time: 10026.9s
Seed 9006 | Epoch 910/1220 | Avg R: 0.0211 | Val Loss: 0.0006 | KL: 0.0158 | LinErr: 0.470 | YawErr: 0.163 | |A|: 0.362 | R>0: 97.96% | Done: 0.01% | Sigma: 0.545 | Steps: 149094400 | Time: 10080.5s
Seed 9006 | Epoch 915/1220 | Avg R: 0.0214 | Val Loss: 0.0007 | KL: 0.0155 | LinErr: 0.446 | YawErr: 0.162 | |A|: 0.359 | R>0: 98.12% | Done: 0.01% | Sigma: 0.545 | Steps: 149913600 | Time: 10134.2s
Seed 9006 | Epoch 920/1220 | Avg R: 0.0217 | Val Loss: 0.0007 | KL: 0.0166 | LinErr: 0.424 | YawErr: 0.160 | |A|: 0.358 | R>0: 98.12% | Done: 0.01% | Sigma: 0.546 | Steps: 150732800 | Time: 10187.8s
Seed 9006 | Epoch 925/1220 | Avg R: 0.0219 | Val Loss: 0.0006 | KL: 0.0165 | LinErr: 0.414 | YawErr: 0.158 | |A|: 0.354 | R>0: 98.29% | Done: 0.01% | Sigma: 0.545 | Steps: 151552000 | Time: 10241.5s
Seed 9006 | Epoch 930/1220 | Avg R: 0.0221 | Val Loss: 0.0005 | KL: 0.0160 | LinErr: 0.397 | YawErr: 0.157 | |A|: 0.354 | R>0: 98.29% | Done: 0.01% | Sigma: 0.545 | Steps: 152371200 | Time: 10295.0s
Seed 9006 | Epoch 935/1220 | Avg R: 0.0225 | Val Loss: 0.0006 | KL: 0.0179 | LinErr: 0.377 | YawErr: 0.153 | |A|: 0.350 | R>0: 98.56% | Done: 0.01% | Sigma: 0.546 | Steps: 153190400 | Time: 10348.6s
Seed 9006 | Epoch 940/1220 | Avg R: 0.0226 | Val Loss: 0.0006 | KL: 0.0163 | LinErr: 0.368 | YawErr: 0.154 | |A|: 0.348 | R>0: 98.53% | Done: 0.01% | Sigma: 0.547 | Steps: 154009600 | Time: 10402.5s
Seed 9006 | Epoch 945/1220 | Avg R: 0.0226 | Val Loss: 0.0006 | KL: 0.0137 | LinErr: 0.367 | YawErr: 0.153 | |A|: 0.348 | R>0: 98.56% | Done: 0.01% | Sigma: 0.546 | Steps: 154828800 | Time: 10456.7s
Seed 9006 | Epoch 950/1220 | Avg R: 0.0227 | Val Loss: 0.0005 | KL: 0.0113 | LinErr: 0.359 | YawErr: 0.153 | |A|: 0.346 | R>0: 98.50% | Done: 0.01% | Sigma: 0.546 | Steps: 155648000 | Time: 10512.0s
Seed 9006 | Epoch 955/1220 | Avg R: 0.0215 | Val Loss: 0.0006 | KL: 0.0116 | LinErr: 0.431 | YawErr: 0.157 | |A|: 0.354 | R>0: 98.34% | Done: 0.01% | Sigma: 0.546 | Steps: 156467200 | Time: 10567.2s
Seed 9006 | Epoch 960/1220 | Avg R: 0.0220 | Val Loss: 0.0006 | KL: 0.0092 | LinErr: 0.395 | YawErr: 0.155 | |A|: 0.354 | R>0: 98.41% | Done: 0.01% | Sigma: 0.546 | Steps: 157286400 | Time: 10621.9s
Seed 9006 | Epoch 965/1220 | Avg R: 0.0223 | Val Loss: 0.0006 | KL: 0.0190 | LinErr: 0.364 | YawErr: 0.156 | |A|: 0.352 | R>0: 98.33% | Done: 0.01% | Sigma: 0.546 | Steps: 158105600 | Time: 10675.3s
Seed 9006 | Epoch 970/1220 | Avg R: 0.0226 | Val Loss: 0.0008 | KL: 0.0120 | LinErr: 0.347 | YawErr: 0.154 | |A|: 0.351 | R>0: 98.29% | Done: 0.01% | Sigma: 0.548 | Steps: 158924800 | Time: 10729.9s
Seed 9006 | Epoch 975/1220 | Avg R: 0.0228 | Val Loss: 0.0006 | KL: 0.0157 | LinErr: 0.333 | YawErr: 0.152 | |A|: 0.352 | R>0: 98.46% | Done: 0.01% | Sigma: 0.548 | Steps: 159744000 | Time: 10783.7s
Seed 9006 | Epoch 980/1220 | Avg R: 0.0231 | Val Loss: 0.0006 | KL: 0.0187 | LinErr: 0.321 | YawErr: 0.152 | |A|: 0.351 | R>0: 98.56% | Done: 0.01% | Sigma: 0.549 | Steps: 160563200 | Time: 10838.2s
Seed 9006 | Epoch 985/1220 | Avg R: 0.0234 | Val Loss: 0.0006 | KL: 0.0185 | LinErr: 0.307 | YawErr: 0.152 | |A|: 0.350 | R>0: 98.74% | Done: 0.01% | Sigma: 0.552 | Steps: 161382400 | Time: 10893.6s
Seed 9006 | Epoch 990/1220 | Avg R: 0.0234 | Val Loss: 0.0007 | KL: 0.0142 | LinErr: 0.300 | YawErr: 0.150 | |A|: 0.347 | R>0: 98.63% | Done: 0.01% | Sigma: 0.551 | Steps: 162201600 | Time: 10947.0s
Seed 9006 | Epoch 995/1220 | Avg R: 0.0236 | Val Loss: 0.0007 | KL: 0.0111 | LinErr: 0.292 | YawErr: 0.148 | |A|: 0.347 | R>0: 98.78% | Done: 0.01% | Sigma: 0.552 | Steps: 163020800 | Time: 11001.9s
Seed 9006 | Epoch 1000/1220 | Avg R: 0.0237 | Val Loss: 0.0006 | KL: 0.0154 | LinErr: 0.287 | YawErr: 0.146 | |A|: 0.347 | R>0: 98.80% | Done: 0.01% | Sigma: 0.554 | Steps: 163840000 | Time: 11056.5s
Seed 9006 | Epoch 1005/1220 | Avg R: 0.0225 | Val Loss: 0.0007 | KL: 0.0168 | LinErr: 0.351 | YawErr: 0.151 | |A|: 0.355 | R>0: 98.55% | Done: 0.01% | Sigma: 0.555 | Steps: 164659200 | Time: 11110.9s
Seed 9006 | Epoch 1010/1220 | Avg R: 0.0231 | Val Loss: 0.0006 | KL: 0.0102 | LinErr: 0.308 | YawErr: 0.147 | |A|: 0.351 | R>0: 98.65% | Done: 0.01% | Sigma: 0.555 | Steps: 165478400 | Time: 11166.2s
Seed 9006 | Epoch 1015/1220 | Avg R: 0.0235 | Val Loss: 0.0006 | KL: 0.0133 | LinErr: 0.282 | YawErr: 0.148 | |A|: 0.348 | R>0: 98.83% | Done: 0.01% | Sigma: 0.555 | Steps: 166297600 | Time: 11221.2s
Seed 9006 | Epoch 1020/1220 | Avg R: 0.0238 | Val Loss: 0.0007 | KL: 0.0125 | LinErr: 0.273 | YawErr: 0.146 | |A|: 0.346 | R>0: 98.74% | Done: 0.01% | Sigma: 0.555 | Steps: 167116800 | Time: 11275.0s
Seed 9006 | Epoch 1025/1220 | Avg R: 0.0239 | Val Loss: 0.0006 | KL: 0.0103 | LinErr: 0.264 | YawErr: 0.145 | |A|: 0.346 | R>0: 98.87% | Done: 0.01% | Sigma: 0.555 | Steps: 167936000 | Time: 11329.2s
Seed 9006 | Epoch 1030/1220 | Avg R: 0.0242 | Val Loss: 0.0006 | KL: 0.0130 | LinErr: 0.250 | YawErr: 0.146 | |A|: 0.345 | R>0: 98.97% | Done: 0.01% | Sigma: 0.556 | Steps: 168755200 | Time: 11384.0s
Seed 9006 | Epoch 1035/1220 | Avg R: 0.0243 | Val Loss: 0.0006 | KL: 0.1345 | LinErr: 0.241 | YawErr: 0.144 | |A|: 0.346 | R>0: 98.96% | Done: 0.01% | Sigma: 0.555 | Steps: 169574400 | Time: 11438.6s
Seed 9006 | Epoch 1040/1220 | Avg R: 0.0243 | Val Loss: 0.0006 | KL: 0.0106 | LinErr: 0.239 | YawErr: 0.145 | |A|: 0.346 | R>0: 99.06% | Done: 0.01% | Sigma: 0.555 | Steps: 170393600 | Time: 11492.8s
Seed 9006 | Epoch 1045/1220 | Avg R: 0.0244 | Val Loss: 0.0006 | KL: 0.0164 | LinErr: 0.231 | YawErr: 0.143 | |A|: 0.343 | R>0: 99.01% | Done: 0.01% | Sigma: 0.556 | Steps: 171212800 | Time: 11548.1s
Seed 9006 | Epoch 1050/1220 | Avg R: 0.0245 | Val Loss: 0.0006 | KL: 0.0185 | LinErr: 0.222 | YawErr: 0.143 | |A|: 0.343 | R>0: 98.89% | Done: 0.01% | Sigma: 0.556 | Steps: 172032000 | Time: 11601.7s
Seed 9006 | Epoch 1055/1220 | Avg R: 0.0234 | Val Loss: 0.0006 | KL: 0.0139 | LinErr: 0.272 | YawErr: 0.149 | |A|: 0.349 | R>0: 98.71% | Done: 0.01% | Sigma: 0.556 | Steps: 172851200 | Time: 11655.6s
Seed 9006 | Epoch 1060/1220 | Avg R: 0.0240 | Val Loss: 0.0005 | KL: 0.0138 | LinErr: 0.235 | YawErr: 0.146 | |A|: 0.349 | R>0: 98.76% | Done: 0.01% | Sigma: 0.556 | Steps: 173670400 | Time: 11710.1s
Seed 9006 | Epoch 1065/1220 | Avg R: 0.0243 | Val Loss: 0.0006 | KL: 0.0114 | LinErr: 0.213 | YawErr: 0.146 | |A|: 0.348 | R>0: 98.82% | Done: 0.01% | Sigma: 0.556 | Steps: 174489600 | Time: 11763.9s
Seed 9006 | Epoch 1070/1220 | Avg R: 0.0245 | Val Loss: 0.0006 | KL: 0.0098 | LinErr: 0.209 | YawErr: 0.144 | |A|: 0.347 | R>0: 98.96% | Done: 0.01% | Sigma: 0.556 | Steps: 175308800 | Time: 11818.4s
Seed 9006 | Epoch 1075/1220 | Avg R: 0.0247 | Val Loss: 0.0006 | KL: 0.0112 | LinErr: 0.202 | YawErr: 0.143 | |A|: 0.346 | R>0: 98.98% | Done: 0.01% | Sigma: 0.557 | Steps: 176128000 | Time: 11873.5s
Seed 9006 | Epoch 1080/1220 | Avg R: 0.0249 | Val Loss: 0.0005 | KL: 0.0113 | LinErr: 0.197 | YawErr: 0.142 | |A|: 0.346 | R>0: 98.96% | Done: 0.01% | Sigma: 0.557 | Steps: 176947200 | Time: 11927.7s
Seed 9006 | Epoch 1085/1220 | Avg R: 0.0250 | Val Loss: 0.0006 | KL: 0.0293 | LinErr: 0.190 | YawErr: 0.141 | |A|: 0.344 | R>0: 99.06% | Done: 0.00% | Sigma: 0.557 | Steps: 177766400 | Time: 11981.4s
Seed 9006 | Epoch 1090/1220 | Avg R: 0.0249 | Val Loss: 0.0006 | KL: 0.0305 | LinErr: 0.192 | YawErr: 0.142 | |A|: 0.344 | R>0: 99.02% | Done: 0.01% | Sigma: 0.557 | Steps: 178585600 | Time: 12035.2s
Seed 9006 | Epoch 1095/1220 | Avg R: 0.0251 | Val Loss: 0.0006 | KL: 0.0139 | LinErr: 0.186 | YawErr: 0.140 | |A|: 0.342 | R>0: 99.13% | Done: 0.01% | Sigma: 0.558 | Steps: 179404800 | Time: 12090.2s
Seed 9006 | Epoch 1100/1220 | Avg R: 0.0251 | Val Loss: 0.0005 | KL: 0.0124 | LinErr: 0.180 | YawErr: 0.140 | |A|: 0.341 | R>0: 99.08% | Done: 0.00% | Sigma: 0.558 | Steps: 180224000 | Time: 12144.1s
Seed 9006 | Epoch 1105/1220 | Avg R: 0.0241 | Val Loss: 0.0006 | KL: 0.0089 | LinErr: 0.221 | YawErr: 0.143 | |A|: 0.347 | R>0: 98.94% | Done: 0.01% | Sigma: 0.557 | Steps: 181043200 | Time: 12198.5s
Seed 9006 | Epoch 1110/1220 | Avg R: 0.0246 | Val Loss: 0.0005 | KL: 0.7583 | LinErr: 0.195 | YawErr: 0.142 | |A|: 0.347 | R>0: 98.92% | Done: 0.01% | Sigma: 0.557 | Steps: 181862400 | Time: 12252.0s
Seed 9006 | Epoch 1115/1220 | Avg R: 0.0249 | Val Loss: 0.0005 | KL: 0.0106 | LinErr: 0.181 | YawErr: 0.142 | |A|: 0.346 | R>0: 99.09% | Done: 0.00% | Sigma: 0.557 | Steps: 182681600 | Time: 12306.5s
Seed 9006 | Epoch 1120/1220 | Avg R: 0.0250 | Val Loss: 0.0007 | KL: 0.0140 | LinErr: 0.180 | YawErr: 0.140 | |A|: 0.345 | R>0: 99.04% | Done: 0.01% | Sigma: 0.557 | Steps: 183500800 | Time: 12360.1s
Seed 9006 | Epoch 1125/1220 | Avg R: 0.0252 | Val Loss: 0.0006 | KL: 0.0117 | LinErr: 0.177 | YawErr: 0.139 | |A|: 0.344 | R>0: 99.11% | Done: 0.00% | Sigma: 0.557 | Steps: 184320000 | Time: 12414.0s
Seed 9006 | Epoch 1130/1220 | Avg R: 0.0253 | Val Loss: 0.0005 | KL: 0.0085 | LinErr: 0.175 | YawErr: 0.138 | |A|: 0.344 | R>0: 99.17% | Done: 0.01% | Sigma: 0.557 | Steps: 185139200 | Time: 12468.5s
Seed 9006 | Epoch 1135/1220 | Avg R: 0.0254 | Val Loss: 0.0005 | KL: 0.0145 | LinErr: 0.172 | YawErr: 0.136 | |A|: 0.344 | R>0: 99.27% | Done: 0.00% | Sigma: 0.557 | Steps: 185958400 | Time: 12522.5s
Seed 9006 | Epoch 1140/1220 | Avg R: 0.0254 | Val Loss: 0.0006 | KL: 0.0123 | LinErr: 0.176 | YawErr: 0.137 | |A|: 0.345 | R>0: 99.19% | Done: 0.00% | Sigma: 0.557 | Steps: 186777600 | Time: 12576.4s
Seed 9006 | Epoch 1145/1220 | Avg R: 0.0254 | Val Loss: 0.0006 | KL: 0.0180 | LinErr: 0.173 | YawErr: 0.138 | |A|: 0.345 | R>0: 99.26% | Done: 0.01% | Sigma: 0.557 | Steps: 187596800 | Time: 12629.6s
Seed 9006 | Epoch 1150/1220 | Avg R: 0.0255 | Val Loss: 0.0005 | KL: 0.0240 | LinErr: 0.170 | YawErr: 0.138 | |A|: 0.343 | R>0: 99.24% | Done: 0.01% | Sigma: 0.557 | Steps: 188416000 | Time: 12683.1s
Seed 9006 | Epoch 1155/1220 | Avg R: 0.0246 | Val Loss: 0.0006 | KL: 0.0110 | LinErr: 0.203 | YawErr: 0.142 | |A|: 0.348 | R>0: 99.09% | Done: 0.01% | Sigma: 0.557 | Steps: 189235200 | Time: 12736.8s
Seed 9006 | Epoch 1160/1220 | Avg R: 0.0250 | Val Loss: 0.0006 | KL: 0.0179 | LinErr: 0.176 | YawErr: 0.140 | |A|: 0.348 | R>0: 99.15% | Done: 0.00% | Sigma: 0.557 | Steps: 190054400 | Time: 12790.4s
Seed 9006 | Epoch 1165/1220 | Avg R: 0.0252 | Val Loss: 0.0005 | KL: 0.0157 | LinErr: 0.165 | YawErr: 0.141 | |A|: 0.347 | R>0: 99.18% | Done: 0.00% | Sigma: 0.557 | Steps: 190873600 | Time: 12844.2s
Seed 9006 | Epoch 1170/1220 | Avg R: 0.0254 | Val Loss: 0.0006 | KL: 0.0135 | LinErr: 0.162 | YawErr: 0.140 | |A|: 0.344 | R>0: 99.28% | Done: 0.00% | Sigma: 0.557 | Steps: 191692800 | Time: 12897.8s
Seed 9006 | Epoch 1175/1220 | Avg R: 0.0254 | Val Loss: 0.0007 | KL: 0.0398 | LinErr: 0.162 | YawErr: 0.139 | |A|: 0.343 | R>0: 99.29% | Done: 0.01% | Sigma: 0.557 | Steps: 192512000 | Time: 12951.0s
Seed 9006 | Epoch 1180/1220 | Avg R: 0.0255 | Val Loss: 0.0005 | KL: 0.0355 | LinErr: 0.161 | YawErr: 0.139 | |A|: 0.344 | R>0: 99.20% | Done: 0.00% | Sigma: 0.557 | Steps: 193331200 | Time: 13004.5s
Seed 9006 | Epoch 1185/1220 | Avg R: 0.0256 | Val Loss: 0.0005 | KL: 0.0187 | LinErr: 0.156 | YawErr: 0.137 | |A|: 0.344 | R>0: 99.30% | Done: 0.00% | Sigma: 0.557 | Steps: 194150400 | Time: 13058.2s
Seed 9006 | Epoch 1190/1220 | Avg R: 0.0257 | Val Loss: 0.0005 | KL: 0.0170 | LinErr: 0.152 | YawErr: 0.137 | |A|: 0.343 | R>0: 99.37% | Done: 0.00% | Sigma: 0.557 | Steps: 194969600 | Time: 13111.8s
Seed 9006 | Epoch 1195/1220 | Avg R: 0.0257 | Val Loss: 0.0005 | KL: 0.0164 | LinErr: 0.155 | YawErr: 0.138 | |A|: 0.346 | R>0: 99.34% | Done: 0.00% | Sigma: 0.557 | Steps: 195788800 | Time: 13165.3s
Seed 9006 | Epoch 1200/1220 | Avg R: 0.0258 | Val Loss: 0.0005 | KL: 0.0508 | LinErr: 0.151 | YawErr: 0.136 | |A|: 0.344 | R>0: 99.32% | Done: 0.00% | Sigma: 0.557 | Steps: 196608000 | Time: 13218.8s
Seed 9006 | Epoch 1205/1220 | Avg R: 0.0249 | Val Loss: 0.0005 | KL: 0.0090 | LinErr: 0.182 | YawErr: 0.140 | |A|: 0.349 | R>0: 99.13% | Done: 0.01% | Sigma: 0.558 | Steps: 197427200 | Time: 13273.0s
Seed 9006 | Epoch 1210/1220 | Avg R: 0.0252 | Val Loss: 0.0005 | KL: 0.0199 | LinErr: 0.159 | YawErr: 0.141 | |A|: 0.348 | R>0: 99.14% | Done: 0.01% | Sigma: 0.558 | Steps: 198246400 | Time: 13326.9s
Seed 9006 | Epoch 1215/1220 | Avg R: 0.0255 | Val Loss: 0.0005 | KL: 0.0134 | LinErr: 0.152 | YawErr: 0.138 | |A|: 0.347 | R>0: 99.20% | Done: 0.00% | Sigma: 0.558 | Steps: 199065600 | Time: 13380.8s
Seed 9006 | Epoch 1220/1220 | Avg R: 0.0257 | Val Loss: 0.0007 | KL: 0.0452 | LinErr: 0.153 | YawErr: 0.137 | |A|: 0.345 | R>0: 99.28% | Done: 0.00% | Sigma: 0.558 | Steps: 199884800 | Time: 13434.3s
Saved Checkpoint: checkpoints/ppo_v2/ppo_seed9006.pt

=======================================================
  All 1 Seeds Complete! Total Wall Time: 13446.0s
  Results saved to: checkpoints/ppo_v2/ppo_multi_seed_results.json
=======================================================
