--- Starting Multi-Seed Training for Seeds: [13039] ---

=======================================================
  Training Seed 13039 on Device: cuda
=======================================================
Seed 13039 | Epoch 05/760 | Avg R: 0.0058 | Val Loss: 0.0040 | KL: 0.0105 | LinErr: 0.943 | YawErr: 0.718 | |A|: 0.117 | R>0: 72.33% | Done: 0.00% | Sigma: 0.370 | Steps: 1310720 | Time: 16.6s
Seed 13039 | Epoch 10/760 | Avg R: 0.0045 | Val Loss: 0.0029 | KL: 0.0133 | LinErr: 0.944 | YawErr: 0.765 | |A|: 0.145 | R>0: 58.35% | Done: 0.00% | Sigma: 0.370 | Steps: 2621440 | Time: 25.1s
Seed 13039 | Epoch 15/760 | Avg R: 0.0034 | Val Loss: 0.0034 | KL: 0.0152 | LinErr: 0.979 | YawErr: 0.834 | |A|: 0.202 | R>0: 44.41% | Done: 0.40% | Sigma: 0.370 | Steps: 3932160 | Time: 33.2s
Seed 13039 | Epoch 20/760 | Avg R: 0.0020 | Val Loss: 0.0028 | KL: 0.0175 | LinErr: 1.034 | YawErr: 0.782 | |A|: 0.220 | R>0: 28.27% | Done: 1.55% | Sigma: 0.371 | Steps: 5242880 | Time: 41.9s
Seed 13039 | Epoch 25/760 | Avg R: 0.0016 | Val Loss: 0.0037 | KL: 0.0132 | LinErr: 1.077 | YawErr: 1.152 | |A|: 0.263 | R>0: 23.01% | Done: 2.99% | Sigma: 0.371 | Steps: 6553600 | Time: 50.3s
Seed 13039 | Epoch 30/760 | Avg R: 0.0012 | Val Loss: 0.0041 | KL: 0.0135 | LinErr: 1.045 | YawErr: 0.905 | |A|: 0.341 | R>0: 18.93% | Done: 3.29% | Sigma: 0.371 | Steps: 7864320 | Time: 58.3s
Seed 13039 | Epoch 35/760 | Avg R: 0.0006 | Val Loss: 0.0015 | KL: 0.0129 | LinErr: 1.097 | YawErr: 0.844 | |A|: 0.419 | R>0: 9.40% | Done: 2.53% | Sigma: 0.372 | Steps: 9175040 | Time: 68.0s
Seed 13039 | Epoch 40/760 | Avg R: 0.0008 | Val Loss: 0.0005 | KL: 0.0141 | LinErr: 1.115 | YawErr: 0.762 | |A|: 0.404 | R>0: 13.22% | Done: 4.13% | Sigma: 0.377 | Steps: 10485760 | Time: 79.5s
Seed 13039 | Epoch 45/760 | Avg R: 0.0015 | Val Loss: 0.0003 | KL: 0.0147 | LinErr: 1.085 | YawErr: 0.751 | |A|: 0.363 | R>0: 23.01% | Done: 2.92% | Sigma: 0.382 | Steps: 11796480 | Time: 91.4s
Seed 13039 | Epoch 50/760 | Avg R: 0.0018 | Val Loss: 0.0002 | KL: 0.0146 | LinErr: 1.064 | YawErr: 0.824 | |A|: 0.340 | R>0: 25.77% | Done: 2.88% | Sigma: 0.384 | Steps: 13107200 | Time: 102.8s
Seed 13039 | Epoch 55/760 | Avg R: 0.0022 | Val Loss: 0.0002 | KL: 0.0135 | LinErr: 1.042 | YawErr: 0.898 | |A|: 0.360 | R>0: 30.63% | Done: 2.51% | Sigma: 0.384 | Steps: 14417920 | Time: 112.7s
Seed 13039 | Epoch 60/760 | Avg R: 0.0023 | Val Loss: 0.0003 | KL: 0.0153 | LinErr: 1.036 | YawErr: 0.915 | |A|: 0.385 | R>0: 32.75% | Done: 1.94% | Sigma: 0.383 | Steps: 15728640 | Time: 121.4s
Seed 13039 | Epoch 65/760 | Avg R: 0.0015 | Val Loss: 0.0005 | KL: 0.0129 | LinErr: 1.120 | YawErr: 1.014 | |A|: 0.418 | R>0: 22.14% | Done: 1.71% | Sigma: 0.383 | Steps: 17039360 | Time: 131.9s
Seed 13039 | Epoch 70/760 | Avg R: 0.0011 | Val Loss: 0.0002 | KL: 0.0129 | LinErr: 1.233 | YawErr: 1.130 | |A|: 0.403 | R>0: 16.39% | Done: 3.18% | Sigma: 0.389 | Steps: 18350080 | Time: 143.4s
Seed 13039 | Epoch 75/760 | Avg R: 0.0022 | Val Loss: 0.0001 | KL: 0.0156 | LinErr: 1.152 | YawErr: 0.906 | |A|: 0.353 | R>0: 30.39% | Done: 3.68% | Sigma: 0.394 | Steps: 19660800 | Time: 155.2s
Seed 13039 | Epoch 80/760 | Avg R: 0.0030 | Val Loss: 0.0001 | KL: 0.0153 | LinErr: 1.081 | YawErr: 0.778 | |A|: 0.333 | R>0: 39.54% | Done: 2.03% | Sigma: 0.394 | Steps: 20971520 | Time: 166.1s
Seed 13039 | Epoch 85/760 | Avg R: 0.0032 | Val Loss: 0.0001 | KL: 0.0150 | LinErr: 1.051 | YawErr: 0.730 | |A|: 0.298 | R>0: 41.15% | Done: 1.76% | Sigma: 0.390 | Steps: 22282240 | Time: 175.9s
Seed 13039 | Epoch 90/760 | Avg R: 0.0043 | Val Loss: 0.0001 | KL: 0.0153 | LinErr: 1.020 | YawErr: 0.676 | |A|: 0.272 | R>0: 51.52% | Done: 1.66% | Sigma: 0.381 | Steps: 23592960 | Time: 187.4s
Seed 13039 | Epoch 95/760 | Avg R: 0.0060 | Val Loss: 0.0001 | KL: 0.0164 | LinErr: 0.982 | YawErr: 0.594 | |A|: 0.266 | R>0: 63.66% | Done: 1.50% | Sigma: 0.370 | Steps: 24903680 | Time: 199.3s
Seed 13039 | Epoch 100/760 | Avg R: 0.0086 | Val Loss: 0.0001 | KL: 0.0168 | LinErr: 0.941 | YawErr: 0.465 | |A|: 0.267 | R>0: 76.87% | Done: 1.15% | Sigma: 0.357 | Steps: 26214400 | Time: 210.9s
Seed 13039 | Epoch 105/760 | Avg R: 0.0109 | Val Loss: 0.0001 | KL: 0.0155 | LinErr: 0.914 | YawErr: 0.374 | |A|: 0.273 | R>0: 86.38% | Done: 0.84% | Sigma: 0.341 | Steps: 27525120 | Time: 222.7s
Seed 13039 | Epoch 110/760 | Avg R: 0.0121 | Val Loss: 0.0001 | KL: 0.0157 | LinErr: 0.903 | YawErr: 0.345 | |A|: 0.282 | R>0: 91.47% | Done: 0.53% | Sigma: 0.326 | Steps: 28835840 | Time: 234.2s
Seed 13039 | Epoch 115/760 | Avg R: 0.0125 | Val Loss: 0.0001 | KL: 0.0158 | LinErr: 0.897 | YawErr: 0.360 | |A|: 0.293 | R>0: 93.56% | Done: 0.28% | Sigma: 0.313 | Steps: 30146560 | Time: 246.2s
Seed 13039 | Epoch 120/760 | Avg R: 0.0127 | Val Loss: 0.0001 | KL: 0.0170 | LinErr: 0.893 | YawErr: 0.381 | |A|: 0.300 | R>0: 94.27% | Done: 0.17% | Sigma: 0.301 | Steps: 31457280 | Time: 257.8s
Seed 13039 | Epoch 125/760 | Avg R: 0.0129 | Val Loss: 0.0001 | KL: 0.0183 | LinErr: 0.882 | YawErr: 0.403 | |A|: 0.306 | R>0: 95.34% | Done: 0.12% | Sigma: 0.292 | Steps: 32768000 | Time: 269.8s
Seed 13039 | Epoch 130/760 | Avg R: 0.0129 | Val Loss: 0.0001 | KL: 0.0194 | LinErr: 0.878 | YawErr: 0.434 | |A|: 0.308 | R>0: 95.45% | Done: 0.09% | Sigma: 0.284 | Steps: 34078720 | Time: 281.3s
Seed 13039 | Epoch 135/760 | Avg R: 0.0131 | Val Loss: 0.0001 | KL: 0.0205 | LinErr: 0.877 | YawErr: 0.433 | |A|: 0.309 | R>0: 95.44% | Done: 0.07% | Sigma: 0.278 | Steps: 35389440 | Time: 292.4s
Seed 13039 | Epoch 140/760 | Avg R: 0.0133 | Val Loss: 0.0001 | KL: 0.0212 | LinErr: 0.872 | YawErr: 0.427 | |A|: 0.306 | R>0: 95.44% | Done: 0.04% | Sigma: 0.273 | Steps: 36700160 | Time: 304.5s
Seed 13039 | Epoch 145/760 | Avg R: 0.0137 | Val Loss: 0.0001 | KL: 0.0221 | LinErr: 0.861 | YawErr: 0.396 | |A|: 0.301 | R>0: 96.35% | Done: 0.03% | Sigma: 0.268 | Steps: 38010880 | Time: 316.6s
Seed 13039 | Epoch 150/760 | Avg R: 0.0142 | Val Loss: 0.0001 | KL: 0.0215 | LinErr: 0.852 | YawErr: 0.365 | |A|: 0.295 | R>0: 96.98% | Done: 0.02% | Sigma: 0.265 | Steps: 39321600 | Time: 327.6s
Seed 13039 | Epoch 155/760 | Avg R: 0.0148 | Val Loss: 0.0001 | KL: 0.0186 | LinErr: 0.846 | YawErr: 0.335 | |A|: 0.293 | R>0: 97.57% | Done: 0.01% | Sigma: 0.262 | Steps: 40632320 | Time: 338.2s
Seed 13039 | Epoch 160/760 | Avg R: 0.0154 | Val Loss: 0.0001 | KL: 0.0228 | LinErr: 0.847 | YawErr: 0.281 | |A|: 0.292 | R>0: 97.73% | Done: 0.01% | Sigma: 0.258 | Steps: 41943040 | Time: 349.9s
Seed 13039 | Epoch 165/760 | Avg R: 0.0155 | Val Loss: 0.0001 | KL: 0.0185 | LinErr: 0.841 | YawErr: 0.271 | |A|: 0.291 | R>0: 97.79% | Done: 0.01% | Sigma: 0.256 | Steps: 43253760 | Time: 360.2s
Seed 13039 | Epoch 170/760 | Avg R: 0.0160 | Val Loss: 0.0001 | KL: 0.0220 | LinErr: 0.834 | YawErr: 0.230 | |A|: 0.290 | R>0: 98.41% | Done: 0.01% | Sigma: 0.255 | Steps: 44564480 | Time: 370.2s
Seed 13039 | Epoch 175/760 | Avg R: 0.0162 | Val Loss: 0.0001 | KL: 0.0219 | LinErr: 0.826 | YawErr: 0.213 | |A|: 0.288 | R>0: 98.69% | Done: 0.01% | Sigma: 0.252 | Steps: 45875200 | Time: 380.6s
Seed 13039 | Epoch 180/760 | Avg R: 0.0167 | Val Loss: 0.0001 | KL: 0.0193 | LinErr: 0.817 | YawErr: 0.188 | |A|: 0.285 | R>0: 99.07% | Done: 0.01% | Sigma: 0.251 | Steps: 47185920 | Time: 391.4s
Seed 13039 | Epoch 185/760 | Avg R: 0.0171 | Val Loss: 0.0001 | KL: 0.0221 | LinErr: 0.808 | YawErr: 0.167 | |A|: 0.284 | R>0: 99.28% | Done: 0.01% | Sigma: 0.250 | Steps: 48496640 | Time: 400.5s
Seed 13039 | Epoch 190/760 | Avg R: 0.0174 | Val Loss: 0.0001 | KL: 0.0246 | LinErr: 0.801 | YawErr: 0.156 | |A|: 0.282 | R>0: 99.51% | Done: 0.01% | Sigma: 0.248 | Steps: 49807360 | Time: 409.7s
Seed 13039 | Epoch 195/760 | Avg R: 0.0178 | Val Loss: 0.0002 | KL: 0.0219 | LinErr: 0.786 | YawErr: 0.149 | |A|: 0.283 | R>0: 99.63% | Done: 0.01% | Sigma: 0.247 | Steps: 51118080 | Time: 419.1s
Seed 13039 | Epoch 200/760 | Avg R: 0.0181 | Val Loss: 0.0001 | KL: 0.0242 | LinErr: 0.774 | YawErr: 0.147 | |A|: 0.285 | R>0: 99.72% | Done: 0.00% | Sigma: 0.246 | Steps: 52428800 | Time: 429.2s
Seed 13039 | Epoch 205/760 | Avg R: 0.0181 | Val Loss: 0.0002 | KL: 0.0196 | LinErr: 0.776 | YawErr: 0.142 | |A|: 0.284 | R>0: 99.74% | Done: 0.00% | Sigma: 0.245 | Steps: 53739520 | Time: 437.8s
Seed 13039 | Epoch 210/760 | Avg R: 0.0181 | Val Loss: 0.0002 | KL: 0.0222 | LinErr: 0.778 | YawErr: 0.143 | |A|: 0.286 | R>0: 99.63% | Done: 0.00% | Sigma: 0.245 | Steps: 55050240 | Time: 447.2s
Seed 13039 | Epoch 215/760 | Avg R: 0.0182 | Val Loss: 0.0001 | KL: 0.0194 | LinErr: 0.776 | YawErr: 0.140 | |A|: 0.290 | R>0: 99.30% | Done: 0.02% | Sigma: 0.244 | Steps: 56360960 | Time: 456.6s
Seed 13039 | Epoch 220/760 | Avg R: 0.0181 | Val Loss: 0.0002 | KL: 0.0188 | LinErr: 0.774 | YawErr: 0.140 | |A|: 0.294 | R>0: 98.91% | Done: 0.05% | Sigma: 0.244 | Steps: 57671680 | Time: 465.5s
Seed 13039 | Epoch 225/760 | Avg R: 0.0181 | Val Loss: 0.0001 | KL: 0.0214 | LinErr: 0.773 | YawErr: 0.142 | |A|: 0.298 | R>0: 98.92% | Done: 0.07% | Sigma: 0.244 | Steps: 58982400 | Time: 474.1s
Seed 13039 | Epoch 230/760 | Avg R: 0.0183 | Val Loss: 0.0002 | KL: 0.0206 | LinErr: 0.770 | YawErr: 0.141 | |A|: 0.296 | R>0: 99.09% | Done: 0.06% | Sigma: 0.243 | Steps: 60293120 | Time: 483.5s
Seed 13039 | Epoch 235/760 | Avg R: 0.0185 | Val Loss: 0.0001 | KL: 0.0223 | LinErr: 0.761 | YawErr: 0.138 | |A|: 0.298 | R>0: 99.26% | Done: 0.04% | Sigma: 0.243 | Steps: 61603840 | Time: 493.0s
Seed 13039 | Epoch 240/760 | Avg R: 0.0187 | Val Loss: 0.0002 | KL: 0.0210 | LinErr: 0.751 | YawErr: 0.136 | |A|: 0.298 | R>0: 99.35% | Done: 0.03% | Sigma: 0.243 | Steps: 62914560 | Time: 502.2s
Seed 13039 | Epoch 245/760 | Avg R: 0.0188 | Val Loss: 0.0001 | KL: 0.0184 | LinErr: 0.751 | YawErr: 0.133 | |A|: 0.297 | R>0: 99.47% | Done: 0.03% | Sigma: 0.243 | Steps: 64225280 | Time: 511.4s
Seed 13039 | Epoch 250/760 | Avg R: 0.0190 | Val Loss: 0.0001 | KL: 0.0219 | LinErr: 0.743 | YawErr: 0.130 | |A|: 0.297 | R>0: 99.58% | Done: 0.02% | Sigma: 0.243 | Steps: 65536000 | Time: 520.7s
Seed 13039 | Epoch 255/760 | Avg R: 0.0191 | Val Loss: 0.0001 | KL: 0.0213 | LinErr: 0.736 | YawErr: 0.131 | |A|: 0.301 | R>0: 99.62% | Done: 0.02% | Sigma: 0.243 | Steps: 66846720 | Time: 529.3s
Seed 13039 | Epoch 260/760 | Avg R: 0.0192 | Val Loss: 0.0001 | KL: 0.0236 | LinErr: 0.730 | YawErr: 0.131 | |A|: 0.302 | R>0: 99.66% | Done: 0.01% | Sigma: 0.243 | Steps: 68157440 | Time: 538.4s
Seed 13039 | Epoch 265/760 | Avg R: 0.0194 | Val Loss: 0.0002 | KL: 0.0253 | LinErr: 0.722 | YawErr: 0.129 | |A|: 0.304 | R>0: 99.67% | Done: 0.01% | Sigma: 0.243 | Steps: 69468160 | Time: 547.5s
Seed 13039 | Epoch 270/760 | Avg R: 0.0194 | Val Loss: 0.0001 | KL: 0.0225 | LinErr: 0.717 | YawErr: 0.130 | |A|: 0.305 | R>0: 99.71% | Done: 0.01% | Sigma: 0.243 | Steps: 70778880 | Time: 556.4s
Seed 13039 | Epoch 275/760 | Avg R: 0.0196 | Val Loss: 0.0001 | KL: 0.0205 | LinErr: 0.707 | YawErr: 0.130 | |A|: 0.306 | R>0: 99.67% | Done: 0.01% | Sigma: 0.243 | Steps: 72089600 | Time: 565.7s
Seed 13039 | Epoch 280/760 | Avg R: 0.0197 | Val Loss: 0.0001 | KL: 0.0203 | LinErr: 0.699 | YawErr: 0.131 | |A|: 0.307 | R>0: 99.66% | Done: 0.01% | Sigma: 0.243 | Steps: 73400320 | Time: 574.4s
Seed 13039 | Epoch 285/760 | Avg R: 0.0198 | Val Loss: 0.0002 | KL: 0.0219 | LinErr: 0.691 | YawErr: 0.129 | |A|: 0.310 | R>0: 99.67% | Done: 0.01% | Sigma: 0.243 | Steps: 74711040 | Time: 583.4s
Seed 13039 | Epoch 290/760 | Avg R: 0.0200 | Val Loss: 0.0002 | KL: 0.0237 | LinErr: 0.678 | YawErr: 0.128 | |A|: 0.311 | R>0: 99.66% | Done: 0.00% | Sigma: 0.244 | Steps: 76021760 | Time: 592.7s
Seed 13039 | Epoch 295/760 | Avg R: 0.0201 | Val Loss: 0.0002 | KL: 0.0199 | LinErr: 0.665 | YawErr: 0.130 | |A|: 0.314 | R>0: 99.63% | Done: 0.00% | Sigma: 0.244 | Steps: 77332480 | Time: 601.3s
Seed 13039 | Epoch 300/760 | Avg R: 0.0203 | Val Loss: 0.0002 | KL: 0.0226 | LinErr: 0.655 | YawErr: 0.129 | |A|: 0.316 | R>0: 99.63% | Done: 0.00% | Sigma: 0.245 | Steps: 78643200 | Time: 611.7s
Seed 13039 | Epoch 305/760 | Avg R: 0.0204 | Val Loss: 0.0002 | KL: 0.0227 | LinErr: 0.645 | YawErr: 0.129 | |A|: 0.316 | R>0: 99.61% | Done: 0.01% | Sigma: 0.245 | Steps: 79953920 | Time: 621.3s
Seed 13039 | Epoch 310/760 | Avg R: 0.0205 | Val Loss: 0.0002 | KL: 0.0215 | LinErr: 0.636 | YawErr: 0.129 | |A|: 0.315 | R>0: 99.58% | Done: 0.01% | Sigma: 0.245 | Steps: 81264640 | Time: 630.6s
Seed 13039 | Epoch 315/760 | Avg R: 0.0207 | Val Loss: 0.0002 | KL: 0.0222 | LinErr: 0.624 | YawErr: 0.130 | |A|: 0.315 | R>0: 99.57% | Done: 0.01% | Sigma: 0.246 | Steps: 82575360 | Time: 640.3s
Seed 13039 | Epoch 320/760 | Avg R: 0.0209 | Val Loss: 0.0002 | KL: 0.0248 | LinErr: 0.612 | YawErr: 0.128 | |A|: 0.316 | R>0: 99.54% | Done: 0.01% | Sigma: 0.246 | Steps: 83886080 | Time: 650.5s
Seed 13039 | Epoch 325/760 | Avg R: 0.0210 | Val Loss: 0.0002 | KL: 0.0213 | LinErr: 0.601 | YawErr: 0.128 | |A|: 0.317 | R>0: 99.49% | Done: 0.01% | Sigma: 0.247 | Steps: 85196800 | Time: 659.6s
Seed 13039 | Epoch 330/760 | Avg R: 0.0212 | Val Loss: 0.0002 | KL: 0.0242 | LinErr: 0.591 | YawErr: 0.128 | |A|: 0.317 | R>0: 99.47% | Done: 0.01% | Sigma: 0.247 | Steps: 86507520 | Time: 668.4s
Seed 13039 | Epoch 335/760 | Avg R: 0.0214 | Val Loss: 0.0002 | KL: 0.0197 | LinErr: 0.576 | YawErr: 0.129 | |A|: 0.318 | R>0: 99.49% | Done: 0.01% | Sigma: 0.247 | Steps: 87818240 | Time: 676.9s
Seed 13039 | Epoch 340/760 | Avg R: 0.0216 | Val Loss: 0.0002 | KL: 0.0222 | LinErr: 0.565 | YawErr: 0.131 | |A|: 0.320 | R>0: 99.44% | Done: 0.01% | Sigma: 0.247 | Steps: 89128960 | Time: 685.6s
Seed 13039 | Epoch 345/760 | Avg R: 0.0218 | Val Loss: 0.0002 | KL: 0.0242 | LinErr: 0.552 | YawErr: 0.130 | |A|: 0.320 | R>0: 99.46% | Done: 0.01% | Sigma: 0.248 | Steps: 90439680 | Time: 694.6s
Seed 13039 | Epoch 350/760 | Avg R: 0.0221 | Val Loss: 0.0002 | KL: 0.0218 | LinErr: 0.534 | YawErr: 0.131 | |A|: 0.322 | R>0: 99.47% | Done: 0.01% | Sigma: 0.248 | Steps: 91750400 | Time: 703.2s
Seed 13039 | Epoch 355/760 | Avg R: 0.0223 | Val Loss: 0.0002 | KL: 0.0205 | LinErr: 0.518 | YawErr: 0.131 | |A|: 0.325 | R>0: 99.46% | Done: 0.01% | Sigma: 0.249 | Steps: 93061120 | Time: 711.5s
Seed 13039 | Epoch 360/760 | Avg R: 0.0224 | Val Loss: 0.0002 | KL: 0.0194 | LinErr: 0.504 | YawErr: 0.132 | |A|: 0.327 | R>0: 99.43% | Done: 0.01% | Sigma: 0.249 | Steps: 94371840 | Time: 719.9s
Seed 13039 | Epoch 365/760 | Avg R: 0.0226 | Val Loss: 0.0002 | KL: 0.0227 | LinErr: 0.491 | YawErr: 0.130 | |A|: 0.327 | R>0: 99.36% | Done: 0.00% | Sigma: 0.250 | Steps: 95682560 | Time: 728.6s
Seed 13039 | Epoch 370/760 | Avg R: 0.0227 | Val Loss: 0.0002 | KL: 0.0208 | LinErr: 0.477 | YawErr: 0.129 | |A|: 0.329 | R>0: 99.22% | Done: 0.00% | Sigma: 0.250 | Steps: 96993280 | Time: 736.9s
Seed 13039 | Epoch 375/760 | Avg R: 0.0229 | Val Loss: 0.0002 | KL: 0.0220 | LinErr: 0.460 | YawErr: 0.130 | |A|: 0.330 | R>0: 99.16% | Done: 0.01% | Sigma: 0.251 | Steps: 98304000 | Time: 745.2s
Seed 13039 | Epoch 380/760 | Avg R: 0.0230 | Val Loss: 0.0002 | KL: 0.0202 | LinErr: 0.445 | YawErr: 0.130 | |A|: 0.331 | R>0: 99.02% | Done: 0.01% | Sigma: 0.251 | Steps: 99614720 | Time: 753.9s
Seed 13039 | Epoch 385/760 | Avg R: 0.0232 | Val Loss: 0.0002 | KL: 0.0200 | LinErr: 0.431 | YawErr: 0.130 | |A|: 0.332 | R>0: 98.97% | Done: 0.01% | Sigma: 0.252 | Steps: 100925440 | Time: 762.2s
Seed 13039 | Epoch 390/760 | Avg R: 0.0233 | Val Loss: 0.0002 | KL: 0.0206 | LinErr: 0.418 | YawErr: 0.131 | |A|: 0.334 | R>0: 98.81% | Done: 0.01% | Sigma: 0.253 | Steps: 102236160 | Time: 771.0s
Seed 13039 | Epoch 395/760 | Avg R: 0.0234 | Val Loss: 0.0002 | KL: 0.0228 | LinErr: 0.405 | YawErr: 0.129 | |A|: 0.336 | R>0: 98.68% | Done: 0.01% | Sigma: 0.253 | Steps: 103546880 | Time: 779.3s
Seed 13039 | Epoch 400/760 | Avg R: 0.0236 | Val Loss: 0.0002 | KL: 0.0211 | LinErr: 0.392 | YawErr: 0.129 | |A|: 0.336 | R>0: 98.65% | Done: 0.01% | Sigma: 0.253 | Steps: 104857600 | Time: 787.6s
Seed 13039 | Epoch 405/760 | Avg R: 0.0237 | Val Loss: 0.0002 | KL: 0.0228 | LinErr: 0.381 | YawErr: 0.129 | |A|: 0.339 | R>0: 98.63% | Done: 0.01% | Sigma: 0.254 | Steps: 106168320 | Time: 796.3s
Seed 13039 | Epoch 410/760 | Avg R: 0.0237 | Val Loss: 0.0002 | KL: 0.0223 | LinErr: 0.370 | YawErr: 0.131 | |A|: 0.339 | R>0: 98.59% | Done: 0.01% | Sigma: 0.255 | Steps: 107479040 | Time: 804.5s
Seed 13039 | Epoch 415/760 | Avg R: 0.0239 | Val Loss: 0.0002 | KL: 0.0199 | LinErr: 0.364 | YawErr: 0.131 | |A|: 0.337 | R>0: 98.66% | Done: 0.01% | Sigma: 0.255 | Steps: 108789760 | Time: 812.9s
Seed 13039 | Epoch 420/760 | Avg R: 0.0241 | Val Loss: 0.0002 | KL: 0.0218 | LinErr: 0.358 | YawErr: 0.130 | |A|: 0.338 | R>0: 98.73% | Done: 0.01% | Sigma: 0.256 | Steps: 110100480 | Time: 821.6s
Seed 13039 | Epoch 425/760 | Avg R: 0.0242 | Val Loss: 0.0002 | KL: 0.0210 | LinErr: 0.348 | YawErr: 0.129 | |A|: 0.340 | R>0: 98.85% | Done: 0.01% | Sigma: 0.256 | Steps: 111411200 | Time: 829.8s
Seed 13039 | Epoch 430/760 | Avg R: 0.0243 | Val Loss: 0.0002 | KL: 0.0207 | LinErr: 0.337 | YawErr: 0.129 | |A|: 0.339 | R>0: 98.84% | Done: 0.01% | Sigma: 0.257 | Steps: 112721920 | Time: 838.8s
Seed 13039 | Epoch 435/760 | Avg R: 0.0245 | Val Loss: 0.0002 | KL: 0.0218 | LinErr: 0.326 | YawErr: 0.129 | |A|: 0.339 | R>0: 98.85% | Done: 0.01% | Sigma: 0.258 | Steps: 114032640 | Time: 847.0s
Seed 13039 | Epoch 440/760 | Avg R: 0.0246 | Val Loss: 0.0002 | KL: 0.0203 | LinErr: 0.320 | YawErr: 0.126 | |A|: 0.340 | R>0: 98.80% | Done: 0.01% | Sigma: 0.259 | Steps: 115343360 | Time: 855.6s
Seed 13039 | Epoch 445/760 | Avg R: 0.0248 | Val Loss: 0.0002 | KL: 0.0232 | LinErr: 0.316 | YawErr: 0.125 | |A|: 0.341 | R>0: 98.85% | Done: 0.01% | Sigma: 0.259 | Steps: 116654080 | Time: 864.3s
Seed 13039 | Epoch 450/760 | Avg R: 0.0249 | Val Loss: 0.0002 | KL: 0.0179 | LinErr: 0.305 | YawErr: 0.126 | |A|: 0.342 | R>0: 98.85% | Done: 0.01% | Sigma: 0.260 | Steps: 117964800 | Time: 872.6s
Seed 13039 | Epoch 455/760 | Avg R: 0.0249 | Val Loss: 0.0002 | KL: 0.0191 | LinErr: 0.294 | YawErr: 0.127 | |A|: 0.342 | R>0: 98.79% | Done: 0.01% | Sigma: 0.261 | Steps: 119275520 | Time: 881.3s
Seed 13039 | Epoch 460/760 | Avg R: 0.0251 | Val Loss: 0.0002 | KL: 0.0213 | LinErr: 0.284 | YawErr: 0.128 | |A|: 0.341 | R>0: 98.80% | Done: 0.01% | Sigma: 0.262 | Steps: 120586240 | Time: 889.7s
Seed 13039 | Epoch 465/760 | Avg R: 0.0251 | Val Loss: 0.0002 | KL: 0.0224 | LinErr: 0.280 | YawErr: 0.128 | |A|: 0.341 | R>0: 98.86% | Done: 0.01% | Sigma: 0.263 | Steps: 121896960 | Time: 898.0s
Seed 13039 | Epoch 470/760 | Avg R: 0.0252 | Val Loss: 0.0002 | KL: 0.0221 | LinErr: 0.276 | YawErr: 0.128 | |A|: 0.343 | R>0: 98.89% | Done: 0.01% | Sigma: 0.264 | Steps: 123207680 | Time: 906.7s
Seed 13039 | Epoch 475/760 | Avg R: 0.0252 | Val Loss: 0.0002 | KL: 0.0169 | LinErr: 0.270 | YawErr: 0.128 | |A|: 0.343 | R>0: 98.85% | Done: 0.00% | Sigma: 0.264 | Steps: 124518400 | Time: 915.0s
Seed 13039 | Epoch 480/760 | Avg R: 0.0253 | Val Loss: 0.0002 | KL: 0.0221 | LinErr: 0.264 | YawErr: 0.129 | |A|: 0.345 | R>0: 98.78% | Done: 0.01% | Sigma: 0.265 | Steps: 125829120 | Time: 923.4s
Seed 13039 | Epoch 485/760 | Avg R: 0.0254 | Val Loss: 0.0002 | KL: 0.0228 | LinErr: 0.256 | YawErr: 0.125 | |A|: 0.345 | R>0: 98.70% | Done: 0.01% | Sigma: 0.265 | Steps: 127139840 | Time: 932.0s
Seed 13039 | Epoch 490/760 | Avg R: 0.0255 | Val Loss: 0.0002 | KL: 0.0208 | LinErr: 0.245 | YawErr: 0.126 | |A|: 0.346 | R>0: 98.71% | Done: 0.01% | Sigma: 0.266 | Steps: 128450560 | Time: 940.3s
Seed 13039 | Epoch 495/760 | Avg R: 0.0257 | Val Loss: 0.0002 | KL: 0.0199 | LinErr: 0.237 | YawErr: 0.125 | |A|: 0.345 | R>0: 98.86% | Done: 0.01% | Sigma: 0.267 | Steps: 129761280 | Time: 949.6s
Seed 13039 | Epoch 500/760 | Avg R: 0.0259 | Val Loss: 0.0002 | KL: 0.0189 | LinErr: 0.228 | YawErr: 0.125 | |A|: 0.344 | R>0: 99.00% | Done: 0.01% | Sigma: 0.267 | Steps: 131072000 | Time: 958.0s
Seed 13039 | Epoch 505/760 | Avg R: 0.0259 | Val Loss: 0.0002 | KL: 0.0225 | LinErr: 0.216 | YawErr: 0.125 | |A|: 0.343 | R>0: 99.11% | Done: 0.01% | Sigma: 0.268 | Steps: 132382720 | Time: 966.3s
Seed 13039 | Epoch 510/760 | Avg R: 0.0262 | Val Loss: 0.0002 | KL: 0.0206 | LinErr: 0.201 | YawErr: 0.123 | |A|: 0.343 | R>0: 99.17% | Done: 0.01% | Sigma: 0.269 | Steps: 133693440 | Time: 975.0s
Seed 13039 | Epoch 515/760 | Avg R: 0.0264 | Val Loss: 0.0002 | KL: 0.0192 | LinErr: 0.188 | YawErr: 0.122 | |A|: 0.342 | R>0: 99.21% | Done: 0.01% | Sigma: 0.270 | Steps: 135004160 | Time: 983.4s
Seed 13039 | Epoch 520/760 | Avg R: 0.0266 | Val Loss: 0.0002 | KL: 0.0198 | LinErr: 0.181 | YawErr: 0.124 | |A|: 0.343 | R>0: 99.15% | Done: 0.00% | Sigma: 0.271 | Steps: 136314880 | Time: 991.8s
Seed 13039 | Epoch 525/760 | Avg R: 0.0266 | Val Loss: 0.0002 | KL: 0.0195 | LinErr: 0.177 | YawErr: 0.123 | |A|: 0.343 | R>0: 98.97% | Done: 0.01% | Sigma: 0.273 | Steps: 137625600 | Time: 1001.4s
Seed 13039 | Epoch 530/760 | Avg R: 0.0268 | Val Loss: 0.0002 | KL: 0.0227 | LinErr: 0.177 | YawErr: 0.120 | |A|: 0.342 | R>0: 99.01% | Done: 0.01% | Sigma: 0.273 | Steps: 138936320 | Time: 1009.7s
Seed 13039 | Epoch 535/760 | Avg R: 0.0268 | Val Loss: 0.0002 | KL: 0.0208 | LinErr: 0.173 | YawErr: 0.119 | |A|: 0.343 | R>0: 98.99% | Done: 0.01% | Sigma: 0.274 | Steps: 140247040 | Time: 1018.4s
Seed 13039 | Epoch 540/760 | Avg R: 0.0268 | Val Loss: 0.0002 | KL: 0.0190 | LinErr: 0.170 | YawErr: 0.120 | |A|: 0.343 | R>0: 98.96% | Done: 0.00% | Sigma: 0.275 | Steps: 141557760 | Time: 1026.7s
Seed 13039 | Epoch 545/760 | Avg R: 0.0270 | Val Loss: 0.0002 | KL: 0.0149 | LinErr: 0.165 | YawErr: 0.118 | |A|: 0.344 | R>0: 99.12% | Done: 0.00% | Sigma: 0.276 | Steps: 142868480 | Time: 1035.0s
Seed 13039 | Epoch 550/760 | Avg R: 0.0270 | Val Loss: 0.0002 | KL: 0.0199 | LinErr: 0.162 | YawErr: 0.117 | |A|: 0.343 | R>0: 99.16% | Done: 0.00% | Sigma: 0.277 | Steps: 144179200 | Time: 1043.7s
Seed 13039 | Epoch 555/760 | Avg R: 0.0269 | Val Loss: 0.0002 | KL: 0.0218 | LinErr: 0.160 | YawErr: 0.118 | |A|: 0.341 | R>0: 99.20% | Done: 0.00% | Sigma: 0.278 | Steps: 145489920 | Time: 1052.0s
Seed 13039 | Epoch 560/760 | Avg R: 0.0270 | Val Loss: 0.0002 | KL: 0.0211 | LinErr: 0.159 | YawErr: 0.118 | |A|: 0.341 | R>0: 99.25% | Done: 0.00% | Sigma: 0.278 | Steps: 146800640 | Time: 1060.6s
Seed 13039 | Epoch 565/760 | Avg R: 0.0271 | Val Loss: 0.0002 | KL: 0.0223 | LinErr: 0.158 | YawErr: 0.117 | |A|: 0.341 | R>0: 99.30% | Done: 0.00% | Sigma: 0.279 | Steps: 148111360 | Time: 1069.0s
Seed 13039 | Epoch 570/760 | Avg R: 0.0272 | Val Loss: 0.0002 | KL: 0.0239 | LinErr: 0.157 | YawErr: 0.118 | |A|: 0.344 | R>0: 99.33% | Done: 0.00% | Sigma: 0.280 | Steps: 149422080 | Time: 1077.3s
Seed 13039 | Epoch 575/760 | Avg R: 0.0264 | Val Loss: 0.0002 | KL: 0.0233 | LinErr: 0.190 | YawErr: 0.126 | |A|: 0.342 | R>0: 99.11% | Done: 0.00% | Sigma: 0.281 | Steps: 150732800 | Time: 1086.3s
Seed 13039 | Epoch 580/760 | Avg R: 0.0248 | Val Loss: 0.0002 | KL: 0.0247 | LinErr: 0.254 | YawErr: 0.136 | |A|: 0.337 | R>0: 98.84% | Done: 0.01% | Sigma: 0.283 | Steps: 152043520 | Time: 1095.3s
Seed 13039 | Epoch 585/760 | Avg R: 0.0240 | Val Loss: 0.0002 | KL: 0.0238 | LinErr: 0.289 | YawErr: 0.140 | |A|: 0.337 | R>0: 98.84% | Done: 0.00% | Sigma: 0.284 | Steps: 153354240 | Time: 1103.8s
Seed 13039 | Epoch 590/760 | Avg R: 0.0236 | Val Loss: 0.0002 | KL: 0.0228 | LinErr: 0.303 | YawErr: 0.140 | |A|: 0.339 | R>0: 98.81% | Done: 0.00% | Sigma: 0.286 | Steps: 154664960 | Time: 1113.2s
Seed 13039 | Epoch 595/760 | Avg R: 0.0233 | Val Loss: 0.0002 | KL: 0.0231 | LinErr: 0.313 | YawErr: 0.140 | |A|: 0.341 | R>0: 98.83% | Done: 0.00% | Sigma: 0.287 | Steps: 155975680 | Time: 1122.4s
Seed 13039 | Epoch 600/760 | Avg R: 0.0235 | Val Loss: 0.0002 | KL: 0.0210 | LinErr: 0.303 | YawErr: 0.138 | |A|: 0.344 | R>0: 98.95% | Done: 0.00% | Sigma: 0.289 | Steps: 157286400 | Time: 1132.4s
Seed 13039 | Epoch 605/760 | Avg R: 0.0239 | Val Loss: 0.0002 | KL: 0.0248 | LinErr: 0.276 | YawErr: 0.135 | |A|: 0.348 | R>0: 99.01% | Done: 0.00% | Sigma: 0.290 | Steps: 158597120 | Time: 1141.0s
Seed 13039 | Epoch 610/760 | Avg R: 0.0246 | Val Loss: 0.0002 | KL: 0.0173 | LinErr: 0.244 | YawErr: 0.130 | |A|: 0.351 | R>0: 99.13% | Done: 0.00% | Sigma: 0.290 | Steps: 159907840 | Time: 1149.3s
Seed 13039 | Epoch 615/760 | Avg R: 0.0253 | Val Loss: 0.0002 | KL: 0.0146 | LinErr: 0.211 | YawErr: 0.128 | |A|: 0.352 | R>0: 99.25% | Done: 0.00% | Sigma: 0.291 | Steps: 161218560 | Time: 1158.0s
Seed 13039 | Epoch 620/760 | Avg R: 0.0259 | Val Loss: 0.0002 | KL: 0.0222 | LinErr: 0.184 | YawErr: 0.123 | |A|: 0.354 | R>0: 99.32% | Done: 0.00% | Sigma: 0.291 | Steps: 162529280 | Time: 1166.3s
Seed 13039 | Epoch 625/760 | Avg R: 0.0263 | Val Loss: 0.0002 | KL: 0.0212 | LinErr: 0.167 | YawErr: 0.122 | |A|: 0.354 | R>0: 99.33% | Done: 0.01% | Sigma: 0.292 | Steps: 163840000 | Time: 1174.7s
Seed 13039 | Epoch 630/760 | Avg R: 0.0265 | Val Loss: 0.0001 | KL: 0.0207 | LinErr: 0.157 | YawErr: 0.120 | |A|: 0.355 | R>0: 99.40% | Done: 0.01% | Sigma: 0.292 | Steps: 165150720 | Time: 1183.4s
Seed 13039 | Epoch 635/760 | Avg R: 0.0267 | Val Loss: 0.0001 | KL: 0.0236 | LinErr: 0.151 | YawErr: 0.118 | |A|: 0.356 | R>0: 99.41% | Done: 0.00% | Sigma: 0.293 | Steps: 166461440 | Time: 1191.7s
Seed 13039 | Epoch 640/760 | Avg R: 0.0269 | Val Loss: 0.0002 | KL: 0.0187 | LinErr: 0.148 | YawErr: 0.118 | |A|: 0.354 | R>0: 99.43% | Done: 0.00% | Sigma: 0.294 | Steps: 167772160 | Time: 1200.4s
Seed 13039 | Epoch 645/760 | Avg R: 0.0269 | Val Loss: 0.0002 | KL: 0.0229 | LinErr: 0.144 | YawErr: 0.118 | |A|: 0.354 | R>0: 99.46% | Done: 0.00% | Sigma: 0.295 | Steps: 169082880 | Time: 1208.8s
Seed 13039 | Epoch 650/760 | Avg R: 0.0271 | Val Loss: 0.0001 | KL: 0.0197 | LinErr: 0.141 | YawErr: 0.117 | |A|: 0.355 | R>0: 99.48% | Done: 0.00% | Sigma: 0.296 | Steps: 170393600 | Time: 1217.0s
Seed 13039 | Epoch 655/760 | Avg R: 0.0271 | Val Loss: 0.0001 | KL: 0.0213 | LinErr: 0.139 | YawErr: 0.116 | |A|: 0.353 | R>0: 99.46% | Done: 0.00% | Sigma: 0.296 | Steps: 171704320 | Time: 1225.7s
Seed 13039 | Epoch 660/760 | Avg R: 0.0271 | Val Loss: 0.0001 | KL: 0.0211 | LinErr: 0.138 | YawErr: 0.117 | |A|: 0.353 | R>0: 99.45% | Done: 0.00% | Sigma: 0.297 | Steps: 173015040 | Time: 1234.0s
Seed 13039 | Epoch 665/760 | Avg R: 0.0272 | Val Loss: 0.0001 | KL: 0.0202 | LinErr: 0.138 | YawErr: 0.116 | |A|: 0.352 | R>0: 99.44% | Done: 0.01% | Sigma: 0.298 | Steps: 174325760 | Time: 1242.7s
Seed 13039 | Epoch 670/760 | Avg R: 0.0273 | Val Loss: 0.0001 | KL: 0.0202 | LinErr: 0.136 | YawErr: 0.116 | |A|: 0.351 | R>0: 99.47% | Done: 0.01% | Sigma: 0.298 | Steps: 175636480 | Time: 1251.0s
Seed 13039 | Epoch 675/760 | Avg R: 0.0274 | Val Loss: 0.0001 | KL: 0.0231 | LinErr: 0.135 | YawErr: 0.115 | |A|: 0.353 | R>0: 99.50% | Done: 0.00% | Sigma: 0.299 | Steps: 176947200 | Time: 1259.4s
Seed 13039 | Epoch 680/760 | Avg R: 0.0274 | Val Loss: 0.0001 | KL: 0.0217 | LinErr: 0.131 | YawErr: 0.117 | |A|: 0.352 | R>0: 99.54% | Done: 0.00% | Sigma: 0.300 | Steps: 178257920 | Time: 1268.0s
Seed 13039 | Epoch 685/760 | Avg R: 0.0274 | Val Loss: 0.0001 | KL: 0.0160 | LinErr: 0.132 | YawErr: 0.116 | |A|: 0.353 | R>0: 99.53% | Done: 0.00% | Sigma: 0.301 | Steps: 179568640 | Time: 1276.5s
Seed 13039 | Epoch 690/760 | Avg R: 0.0274 | Val Loss: 0.0001 | KL: 0.0216 | LinErr: 0.130 | YawErr: 0.114 | |A|: 0.352 | R>0: 99.56% | Done: 0.00% | Sigma: 0.302 | Steps: 180879360 | Time: 1285.1s
Seed 13039 | Epoch 695/760 | Avg R: 0.0275 | Val Loss: 0.0002 | KL: 0.0198 | LinErr: 0.131 | YawErr: 0.115 | |A|: 0.351 | R>0: 99.57% | Done: 0.00% | Sigma: 0.302 | Steps: 182190080 | Time: 1294.1s
Seed 13039 | Epoch 700/760 | Avg R: 0.0275 | Val Loss: 0.0002 | KL: 0.0235 | LinErr: 0.131 | YawErr: 0.114 | |A|: 0.350 | R>0: 99.57% | Done: 0.00% | Sigma: 0.303 | Steps: 183500800 | Time: 1302.5s
Seed 13039 | Epoch 705/760 | Avg R: 0.0275 | Val Loss: 0.0001 | KL: 0.0213 | LinErr: 0.131 | YawErr: 0.113 | |A|: 0.350 | R>0: 99.59% | Done: 0.00% | Sigma: 0.304 | Steps: 184811520 | Time: 1311.2s
Seed 13039 | Epoch 710/760 | Avg R: 0.0276 | Val Loss: 0.0002 | KL: 0.0222 | LinErr: 0.133 | YawErr: 0.114 | |A|: 0.348 | R>0: 99.57% | Done: 0.00% | Sigma: 0.305 | Steps: 186122240 | Time: 1319.5s
Seed 13039 | Epoch 715/760 | Avg R: 0.0277 | Val Loss: 0.0001 | KL: 0.0194 | LinErr: 0.133 | YawErr: 0.112 | |A|: 0.348 | R>0: 99.59% | Done: 0.00% | Sigma: 0.305 | Steps: 187432960 | Time: 1327.7s
Seed 13039 | Epoch 720/760 | Avg R: 0.0277 | Val Loss: 0.0001 | KL: 0.0231 | LinErr: 0.132 | YawErr: 0.114 | |A|: 0.349 | R>0: 99.60% | Done: 0.00% | Sigma: 0.306 | Steps: 188743680 | Time: 1336.5s
Seed 13039 | Epoch 725/760 | Avg R: 0.0277 | Val Loss: 0.0001 | KL: 0.0201 | LinErr: 0.134 | YawErr: 0.113 | |A|: 0.350 | R>0: 99.57% | Done: 0.00% | Sigma: 0.307 | Steps: 190054400 | Time: 1344.8s
Seed 13039 | Epoch 730/760 | Avg R: 0.0277 | Val Loss: 0.0002 | KL: 0.0204 | LinErr: 0.135 | YawErr: 0.112 | |A|: 0.352 | R>0: 99.62% | Done: 0.00% | Sigma: 0.307 | Steps: 191365120 | Time: 1353.1s
Seed 13039 | Epoch 735/760 | Avg R: 0.0278 | Val Loss: 0.0001 | KL: 0.0177 | LinErr: 0.132 | YawErr: 0.110 | |A|: 0.352 | R>0: 99.62% | Done: 0.00% | Sigma: 0.308 | Steps: 192675840 | Time: 1361.8s
Seed 13039 | Epoch 740/760 | Avg R: 0.0278 | Val Loss: 0.0001 | KL: 0.0186 | LinErr: 0.131 | YawErr: 0.111 | |A|: 0.350 | R>0: 99.59% | Done: 0.00% | Sigma: 0.309 | Steps: 193986560 | Time: 1370.1s
Seed 13039 | Epoch 745/760 | Avg R: 0.0278 | Val Loss: 0.0001 | KL: 0.0222 | LinErr: 0.131 | YawErr: 0.113 | |A|: 0.349 | R>0: 99.61% | Done: 0.00% | Sigma: 0.310 | Steps: 195297280 | Time: 1378.7s
Seed 13039 | Epoch 750/760 | Avg R: 0.0279 | Val Loss: 0.0001 | KL: 0.0191 | LinErr: 0.130 | YawErr: 0.113 | |A|: 0.348 | R>0: 99.61% | Done: 0.00% | Sigma: 0.310 | Steps: 196608000 | Time: 1387.0s
Seed 13039 | Epoch 755/760 | Avg R: 0.0279 | Val Loss: 0.0001 | KL: 0.0230 | LinErr: 0.130 | YawErr: 0.112 | |A|: 0.348 | R>0: 99.61% | Done: 0.00% | Sigma: 0.311 | Steps: 197918720 | Time: 1395.3s
Seed 13039 | Epoch 760/760 | Avg R: 0.0280 | Val Loss: 0.0001 | KL: 0.0166 | LinErr: 0.133 | YawErr: 0.111 | |A|: 0.350 | R>0: 99.62% | Done: 0.00% | Sigma: 0.312 | Steps: 199229440 | Time: 1403.9s
Saved Checkpoint: checkpoints/ppo_v2/ppo_seed13039.pt

=======================================================
  All 1 Seeds Complete! Total Wall Time: 1411.7s
  Results saved to: checkpoints/ppo_v2/ppo_multi_seed_results.json
=======================================================
