--- Starting Multi-Seed Training for Seeds: [13079] ---

=======================================================
  Training Seed 13079 on Device: cuda
=======================================================
Seed 13079 | Epoch 05/760 | Avg R: 0.0056 | Val Loss: 0.0082 | KL: 0.0149 | LinErr: 0.941 | YawErr: 0.727 | |A|: 0.118 | R>0: 71.10% | Done: 0.00% | Sigma: 0.370 | Steps: 1310720 | Time: 14.9s
Seed 13079 | Epoch 10/760 | Avg R: 0.0043 | Val Loss: 0.0066 | KL: 0.0138 | LinErr: 0.933 | YawErr: 0.791 | |A|: 0.156 | R>0: 56.20% | Done: 0.00% | Sigma: 0.372 | Steps: 2621440 | Time: 23.3s
Seed 13079 | Epoch 15/760 | Avg R: 0.0033 | Val Loss: 0.0093 | KL: 0.0203 | LinErr: 0.954 | YawErr: 0.775 | |A|: 0.204 | R>0: 45.35% | Done: 0.31% | Sigma: 0.374 | Steps: 3932160 | Time: 31.3s
Seed 13079 | Epoch 20/760 | Avg R: 0.0011 | Val Loss: 0.0078 | KL: 0.0185 | LinErr: 0.991 | YawErr: 0.795 | |A|: 0.325 | R>0: 18.50% | Done: 0.81% | Sigma: 0.374 | Steps: 5242880 | Time: 39.7s
Seed 13079 | Epoch 25/760 | Avg R: 0.0004 | Val Loss: 0.0082 | KL: 0.0193 | LinErr: 1.032 | YawErr: 0.839 | |A|: 0.398 | R>0: 6.09% | Done: 1.52% | Sigma: 0.375 | Steps: 6553600 | Time: 47.7s
Seed 13079 | Epoch 30/760 | Avg R: 0.0010 | Val Loss: 0.0014 | KL: 0.0118 | LinErr: 1.060 | YawErr: 0.769 | |A|: 0.344 | R>0: 15.43% | Done: 5.04% | Sigma: 0.381 | Steps: 7864320 | Time: 59.4s
Seed 13079 | Epoch 35/760 | Avg R: 0.0012 | Val Loss: 0.0008 | KL: 0.0129 | LinErr: 1.056 | YawErr: 0.803 | |A|: 0.349 | R>0: 19.28% | Done: 2.67% | Sigma: 0.392 | Steps: 9175040 | Time: 70.9s
Seed 13079 | Epoch 40/760 | Avg R: 0.0009 | Val Loss: 0.0003 | KL: 0.0116 | LinErr: 1.060 | YawErr: 0.819 | |A|: 0.336 | R>0: 14.09% | Done: 1.95% | Sigma: 0.400 | Steps: 10485760 | Time: 81.9s
Seed 13079 | Epoch 45/760 | Avg R: 0.0019 | Val Loss: 0.0009 | KL: 0.0210 | LinErr: 1.025 | YawErr: 0.816 | |A|: 0.237 | R>0: 25.66% | Done: 3.31% | Sigma: 0.401 | Steps: 11796480 | Time: 89.9s
Seed 13079 | Epoch 50/760 | Avg R: 0.0021 | Val Loss: 0.0022 | KL: 0.0217 | LinErr: 1.010 | YawErr: 0.832 | |A|: 0.309 | R>0: 30.83% | Done: 2.31% | Sigma: 0.401 | Steps: 13107200 | Time: 97.8s
Seed 13079 | Epoch 55/760 | Avg R: 0.0009 | Val Loss: 0.0040 | KL: 0.0155 | LinErr: 1.203 | YawErr: 0.863 | |A|: 0.433 | R>0: 13.74% | Done: 2.15% | Sigma: 0.400 | Steps: 14417920 | Time: 106.8s
Seed 13079 | Epoch 60/760 | Avg R: 0.0008 | Val Loss: 0.0009 | KL: 0.0110 | LinErr: 1.207 | YawErr: 0.991 | |A|: 0.420 | R>0: 13.14% | Done: 4.97% | Sigma: 0.404 | Steps: 15728640 | Time: 118.2s
Seed 13079 | Epoch 65/760 | Avg R: 0.0013 | Val Loss: 0.0005 | KL: 0.0139 | LinErr: 1.154 | YawErr: 0.943 | |A|: 0.380 | R>0: 19.71% | Done: 3.59% | Sigma: 0.411 | Steps: 17039360 | Time: 130.0s
Seed 13079 | Epoch 70/760 | Avg R: 0.0018 | Val Loss: 0.0004 | KL: 0.0151 | LinErr: 1.092 | YawErr: 0.815 | |A|: 0.321 | R>0: 25.64% | Done: 3.41% | Sigma: 0.412 | Steps: 18350080 | Time: 138.0s
Seed 13079 | Epoch 75/760 | Avg R: 0.0023 | Val Loss: 0.0003 | KL: 0.0139 | LinErr: 0.993 | YawErr: 0.759 | |A|: 0.265 | R>0: 32.57% | Done: 2.51% | Sigma: 0.410 | Steps: 19660800 | Time: 147.7s
Seed 13079 | Epoch 80/760 | Avg R: 0.0034 | Val Loss: 0.0002 | KL: 0.0154 | LinErr: 0.959 | YawErr: 0.741 | |A|: 0.262 | R>0: 44.42% | Done: 1.73% | Sigma: 0.404 | Steps: 20971520 | Time: 157.8s
Seed 13079 | Epoch 85/760 | Avg R: 0.0041 | Val Loss: 0.0002 | KL: 0.0135 | LinErr: 0.955 | YawErr: 0.666 | |A|: 0.305 | R>0: 54.29% | Done: 1.11% | Sigma: 0.398 | Steps: 22282240 | Time: 168.9s
Seed 13079 | Epoch 90/760 | Avg R: 0.0047 | Val Loss: 0.0001 | KL: 0.0137 | LinErr: 0.945 | YawErr: 0.593 | |A|: 0.331 | R>0: 59.16% | Done: 0.65% | Sigma: 0.389 | Steps: 23592960 | Time: 180.5s
Seed 13079 | Epoch 95/760 | Avg R: 0.0051 | Val Loss: 0.0001 | KL: 0.0129 | LinErr: 0.944 | YawErr: 0.618 | |A|: 0.340 | R>0: 58.86% | Done: 0.63% | Sigma: 0.381 | Steps: 24903680 | Time: 192.3s
Seed 13079 | Epoch 100/760 | Avg R: 0.0058 | Val Loss: 0.0001 | KL: 0.0138 | LinErr: 0.956 | YawErr: 0.648 | |A|: 0.340 | R>0: 59.80% | Done: 1.23% | Sigma: 0.373 | Steps: 26214400 | Time: 203.8s
Seed 13079 | Epoch 105/760 | Avg R: 0.0074 | Val Loss: 0.0001 | KL: 0.0157 | LinErr: 0.952 | YawErr: 0.559 | |A|: 0.333 | R>0: 68.94% | Done: 1.54% | Sigma: 0.363 | Steps: 27525120 | Time: 215.6s
Seed 13079 | Epoch 110/760 | Avg R: 0.0094 | Val Loss: 0.0001 | KL: 0.0150 | LinErr: 0.926 | YawErr: 0.442 | |A|: 0.326 | R>0: 80.26% | Done: 1.14% | Sigma: 0.351 | Steps: 28835840 | Time: 227.1s
Seed 13079 | Epoch 115/760 | Avg R: 0.0111 | Val Loss: 0.0001 | KL: 0.0148 | LinErr: 0.896 | YawErr: 0.367 | |A|: 0.324 | R>0: 88.25% | Done: 0.70% | Sigma: 0.337 | Steps: 30146560 | Time: 239.0s
Seed 13079 | Epoch 120/760 | Avg R: 0.0118 | Val Loss: 0.0001 | KL: 0.0156 | LinErr: 0.883 | YawErr: 0.361 | |A|: 0.325 | R>0: 91.69% | Done: 0.36% | Sigma: 0.324 | Steps: 31457280 | Time: 250.5s
Seed 13079 | Epoch 125/760 | Avg R: 0.0121 | Val Loss: 0.0001 | KL: 0.0169 | LinErr: 0.879 | YawErr: 0.379 | |A|: 0.332 | R>0: 93.21% | Done: 0.20% | Sigma: 0.313 | Steps: 32768000 | Time: 261.8s
Seed 13079 | Epoch 130/760 | Avg R: 0.0124 | Val Loss: 0.0001 | KL: 0.0182 | LinErr: 0.880 | YawErr: 0.382 | |A|: 0.339 | R>0: 94.29% | Done: 0.10% | Sigma: 0.303 | Steps: 34078720 | Time: 273.2s
Seed 13079 | Epoch 135/760 | Avg R: 0.0124 | Val Loss: 0.0001 | KL: 0.0191 | LinErr: 0.876 | YawErr: 0.404 | |A|: 0.343 | R>0: 95.03% | Done: 0.04% | Sigma: 0.294 | Steps: 35389440 | Time: 284.8s
Seed 13079 | Epoch 140/760 | Avg R: 0.0126 | Val Loss: 0.0001 | KL: 0.0208 | LinErr: 0.873 | YawErr: 0.409 | |A|: 0.347 | R>0: 95.67% | Done: 0.02% | Sigma: 0.288 | Steps: 36700160 | Time: 296.8s
Seed 13079 | Epoch 145/760 | Avg R: 0.0125 | Val Loss: 0.0001 | KL: 0.0220 | LinErr: 0.864 | YawErr: 0.457 | |A|: 0.348 | R>0: 95.03% | Done: 0.01% | Sigma: 0.285 | Steps: 38010880 | Time: 306.9s
Seed 13079 | Epoch 150/760 | Avg R: 0.0126 | Val Loss: 0.0001 | KL: 0.0209 | LinErr: 0.859 | YawErr: 0.482 | |A|: 0.347 | R>0: 94.94% | Done: 0.01% | Sigma: 0.282 | Steps: 39321600 | Time: 317.2s
Seed 13079 | Epoch 155/760 | Avg R: 0.0128 | Val Loss: 0.0001 | KL: 0.0176 | LinErr: 0.860 | YawErr: 0.482 | |A|: 0.347 | R>0: 95.35% | Done: 0.00% | Sigma: 0.280 | Steps: 40632320 | Time: 327.0s
Seed 13079 | Epoch 160/760 | Avg R: 0.0134 | Val Loss: 0.0001 | KL: 0.0230 | LinErr: 0.856 | YawErr: 0.420 | |A|: 0.352 | R>0: 96.81% | Done: 0.00% | Sigma: 0.277 | Steps: 41943040 | Time: 337.4s
Seed 13079 | Epoch 165/760 | Avg R: 0.0142 | Val Loss: 0.0001 | KL: 0.0219 | LinErr: 0.851 | YawErr: 0.348 | |A|: 0.359 | R>0: 98.05% | Done: 0.00% | Sigma: 0.273 | Steps: 43253760 | Time: 349.5s
Seed 13079 | Epoch 170/760 | Avg R: 0.0142 | Val Loss: 0.0002 | KL: 0.0214 | LinErr: 0.848 | YawErr: 0.364 | |A|: 0.362 | R>0: 97.85% | Done: 0.00% | Sigma: 0.271 | Steps: 44564480 | Time: 359.0s
Seed 13079 | Epoch 175/760 | Avg R: 0.0142 | Val Loss: 0.0001 | KL: 0.0168 | LinErr: 0.842 | YawErr: 0.401 | |A|: 0.363 | R>0: 97.62% | Done: 0.00% | Sigma: 0.269 | Steps: 45875200 | Time: 368.3s
Seed 13079 | Epoch 180/760 | Avg R: 0.0145 | Val Loss: 0.0001 | KL: 0.0216 | LinErr: 0.842 | YawErr: 0.362 | |A|: 0.364 | R>0: 97.81% | Done: 0.01% | Sigma: 0.267 | Steps: 47185920 | Time: 379.9s
Seed 13079 | Epoch 185/760 | Avg R: 0.0153 | Val Loss: 0.0001 | KL: 0.0226 | LinErr: 0.842 | YawErr: 0.298 | |A|: 0.367 | R>0: 98.43% | Done: 0.01% | Sigma: 0.263 | Steps: 48496640 | Time: 391.0s
Seed 13079 | Epoch 190/760 | Avg R: 0.0155 | Val Loss: 0.0001 | KL: 0.0227 | LinErr: 0.832 | YawErr: 0.313 | |A|: 0.371 | R>0: 98.35% | Done: 0.02% | Sigma: 0.261 | Steps: 49807360 | Time: 402.6s
Seed 13079 | Epoch 195/760 | Avg R: 0.0159 | Val Loss: 0.0001 | KL: 0.0231 | LinErr: 0.825 | YawErr: 0.292 | |A|: 0.373 | R>0: 98.45% | Done: 0.01% | Sigma: 0.259 | Steps: 51118080 | Time: 413.1s
Seed 13079 | Epoch 200/760 | Avg R: 0.0159 | Val Loss: 0.0001 | KL: 0.0184 | LinErr: 0.823 | YawErr: 0.300 | |A|: 0.374 | R>0: 98.28% | Done: 0.01% | Sigma: 0.258 | Steps: 52428800 | Time: 422.2s
Seed 13079 | Epoch 205/760 | Avg R: 0.0159 | Val Loss: 0.0001 | KL: 0.0229 | LinErr: 0.824 | YawErr: 0.313 | |A|: 0.376 | R>0: 98.12% | Done: 0.01% | Sigma: 0.256 | Steps: 53739520 | Time: 433.3s
Seed 13079 | Epoch 210/760 | Avg R: 0.0161 | Val Loss: 0.0001 | KL: 0.0248 | LinErr: 0.821 | YawErr: 0.312 | |A|: 0.376 | R>0: 98.11% | Done: 0.01% | Sigma: 0.255 | Steps: 55050240 | Time: 443.5s
Seed 13079 | Epoch 215/760 | Avg R: 0.0167 | Val Loss: 0.0001 | KL: 0.0242 | LinErr: 0.811 | YawErr: 0.260 | |A|: 0.378 | R>0: 98.55% | Done: 0.01% | Sigma: 0.255 | Steps: 56360960 | Time: 452.7s
Seed 13079 | Epoch 220/760 | Avg R: 0.0167 | Val Loss: 0.0001 | KL: 0.0203 | LinErr: 0.804 | YawErr: 0.276 | |A|: 0.380 | R>0: 98.53% | Done: 0.01% | Sigma: 0.254 | Steps: 57671680 | Time: 461.8s
Seed 13079 | Epoch 225/760 | Avg R: 0.0168 | Val Loss: 0.0001 | KL: 0.0228 | LinErr: 0.804 | YawErr: 0.274 | |A|: 0.385 | R>0: 98.53% | Done: 0.01% | Sigma: 0.254 | Steps: 58982400 | Time: 471.1s
Seed 13079 | Epoch 230/760 | Avg R: 0.0168 | Val Loss: 0.0001 | KL: 0.0199 | LinErr: 0.805 | YawErr: 0.271 | |A|: 0.386 | R>0: 98.56% | Done: 0.01% | Sigma: 0.254 | Steps: 60293120 | Time: 480.1s
Seed 13079 | Epoch 235/760 | Avg R: 0.0169 | Val Loss: 0.0001 | KL: 0.0142 | LinErr: 0.803 | YawErr: 0.272 | |A|: 0.391 | R>0: 98.44% | Done: 0.01% | Sigma: 0.254 | Steps: 61603840 | Time: 488.7s
Seed 13079 | Epoch 240/760 | Avg R: 0.0171 | Val Loss: 0.0001 | KL: 0.0208 | LinErr: 0.800 | YawErr: 0.240 | |A|: 0.397 | R>0: 98.49% | Done: 0.00% | Sigma: 0.253 | Steps: 62914560 | Time: 497.6s
Seed 13079 | Epoch 245/760 | Avg R: 0.0170 | Val Loss: 0.0001 | KL: 0.0235 | LinErr: 0.797 | YawErr: 0.264 | |A|: 0.399 | R>0: 98.44% | Done: 0.01% | Sigma: 0.253 | Steps: 64225280 | Time: 507.3s
Seed 13079 | Epoch 250/760 | Avg R: 0.0170 | Val Loss: 0.0001 | KL: 0.0181 | LinErr: 0.793 | YawErr: 0.273 | |A|: 0.400 | R>0: 98.35% | Done: 0.00% | Sigma: 0.253 | Steps: 65536000 | Time: 516.4s
Seed 13079 | Epoch 255/760 | Avg R: 0.0171 | Val Loss: 0.0001 | KL: 0.0183 | LinErr: 0.788 | YawErr: 0.261 | |A|: 0.403 | R>0: 98.24% | Done: 0.01% | Sigma: 0.253 | Steps: 66846720 | Time: 526.1s
Seed 13079 | Epoch 260/760 | Avg R: 0.0172 | Val Loss: 0.0001 | KL: 0.0211 | LinErr: 0.786 | YawErr: 0.238 | |A|: 0.405 | R>0: 98.13% | Done: 0.01% | Sigma: 0.253 | Steps: 68157440 | Time: 534.7s
Seed 13079 | Epoch 265/760 | Avg R: 0.0171 | Val Loss: 0.0001 | KL: 0.0206 | LinErr: 0.785 | YawErr: 0.241 | |A|: 0.407 | R>0: 97.90% | Done: 0.02% | Sigma: 0.253 | Steps: 69468160 | Time: 543.4s
Seed 13079 | Epoch 270/760 | Avg R: 0.0170 | Val Loss: 0.0002 | KL: 0.0192 | LinErr: 0.785 | YawErr: 0.243 | |A|: 0.407 | R>0: 97.72% | Done: 0.03% | Sigma: 0.254 | Steps: 70778880 | Time: 552.4s
Seed 13079 | Epoch 275/760 | Avg R: 0.0171 | Val Loss: 0.0001 | KL: 0.0240 | LinErr: 0.779 | YawErr: 0.249 | |A|: 0.408 | R>0: 97.65% | Done: 0.03% | Sigma: 0.253 | Steps: 72089600 | Time: 561.0s
Seed 13079 | Epoch 280/760 | Avg R: 0.0170 | Val Loss: 0.0001 | KL: 0.0237 | LinErr: 0.776 | YawErr: 0.256 | |A|: 0.411 | R>0: 97.48% | Done: 0.04% | Sigma: 0.253 | Steps: 73400320 | Time: 570.0s
Seed 13079 | Epoch 285/760 | Avg R: 0.0170 | Val Loss: 0.0001 | KL: 0.0242 | LinErr: 0.780 | YawErr: 0.248 | |A|: 0.409 | R>0: 97.53% | Done: 0.05% | Sigma: 0.255 | Steps: 74711040 | Time: 580.0s
Seed 13079 | Epoch 290/760 | Avg R: 0.0171 | Val Loss: 0.0002 | KL: 0.0207 | LinErr: 0.776 | YawErr: 0.242 | |A|: 0.408 | R>0: 97.63% | Done: 0.04% | Sigma: 0.255 | Steps: 76021760 | Time: 589.2s
Seed 13079 | Epoch 295/760 | Avg R: 0.0173 | Val Loss: 0.0001 | KL: 0.0250 | LinErr: 0.775 | YawErr: 0.218 | |A|: 0.409 | R>0: 97.84% | Done: 0.04% | Sigma: 0.255 | Steps: 77332480 | Time: 598.6s
Seed 13079 | Epoch 300/760 | Avg R: 0.0173 | Val Loss: 0.0001 | KL: 0.0212 | LinErr: 0.776 | YawErr: 0.212 | |A|: 0.410 | R>0: 97.71% | Done: 0.03% | Sigma: 0.256 | Steps: 78643200 | Time: 607.4s
Seed 13079 | Epoch 305/760 | Avg R: 0.0173 | Val Loss: 0.0001 | KL: 0.0209 | LinErr: 0.768 | YawErr: 0.227 | |A|: 0.411 | R>0: 97.67% | Done: 0.03% | Sigma: 0.256 | Steps: 79953920 | Time: 616.0s
Seed 13079 | Epoch 310/760 | Avg R: 0.0173 | Val Loss: 0.0001 | KL: 0.0201 | LinErr: 0.765 | YawErr: 0.231 | |A|: 0.413 | R>0: 97.78% | Done: 0.02% | Sigma: 0.256 | Steps: 81264640 | Time: 625.2s
Seed 13079 | Epoch 315/760 | Avg R: 0.0174 | Val Loss: 0.0001 | KL: 0.0249 | LinErr: 0.762 | YawErr: 0.213 | |A|: 0.411 | R>0: 97.92% | Done: 0.02% | Sigma: 0.257 | Steps: 82575360 | Time: 634.3s
Seed 13079 | Epoch 320/760 | Avg R: 0.0174 | Val Loss: 0.0002 | KL: 0.0193 | LinErr: 0.756 | YawErr: 0.211 | |A|: 0.408 | R>0: 97.95% | Done: 0.01% | Sigma: 0.258 | Steps: 83886080 | Time: 643.1s
Seed 13079 | Epoch 325/760 | Avg R: 0.0175 | Val Loss: 0.0001 | KL: 0.0215 | LinErr: 0.748 | YawErr: 0.222 | |A|: 0.407 | R>0: 98.00% | Done: 0.02% | Sigma: 0.258 | Steps: 85196800 | Time: 652.2s
Seed 13079 | Epoch 330/760 | Avg R: 0.0176 | Val Loss: 0.0001 | KL: 0.0182 | LinErr: 0.744 | YawErr: 0.212 | |A|: 0.405 | R>0: 97.96% | Done: 0.02% | Sigma: 0.259 | Steps: 86507520 | Time: 661.7s
Seed 13079 | Epoch 335/760 | Avg R: 0.0178 | Val Loss: 0.0001 | KL: 0.0238 | LinErr: 0.738 | YawErr: 0.215 | |A|: 0.403 | R>0: 97.91% | Done: 0.02% | Sigma: 0.259 | Steps: 87818240 | Time: 670.8s
Seed 13079 | Epoch 340/760 | Avg R: 0.0179 | Val Loss: 0.0001 | KL: 0.0198 | LinErr: 0.734 | YawErr: 0.215 | |A|: 0.403 | R>0: 98.00% | Done: 0.02% | Sigma: 0.259 | Steps: 89128960 | Time: 679.3s
Seed 13079 | Epoch 345/760 | Avg R: 0.0180 | Val Loss: 0.0001 | KL: 0.0199 | LinErr: 0.731 | YawErr: 0.209 | |A|: 0.403 | R>0: 98.02% | Done: 0.01% | Sigma: 0.260 | Steps: 90439680 | Time: 687.9s
Seed 13079 | Epoch 350/760 | Avg R: 0.0181 | Val Loss: 0.0001 | KL: 0.0223 | LinErr: 0.728 | YawErr: 0.192 | |A|: 0.402 | R>0: 98.05% | Done: 0.01% | Sigma: 0.261 | Steps: 91750400 | Time: 696.9s
Seed 13079 | Epoch 355/760 | Avg R: 0.0183 | Val Loss: 0.0002 | KL: 0.0226 | LinErr: 0.723 | YawErr: 0.191 | |A|: 0.403 | R>0: 98.10% | Done: 0.01% | Sigma: 0.261 | Steps: 93061120 | Time: 705.5s
Seed 13079 | Epoch 360/760 | Avg R: 0.0183 | Val Loss: 0.0002 | KL: 0.0214 | LinErr: 0.718 | YawErr: 0.198 | |A|: 0.401 | R>0: 98.08% | Done: 0.01% | Sigma: 0.262 | Steps: 94371840 | Time: 715.0s
Seed 13079 | Epoch 365/760 | Avg R: 0.0184 | Val Loss: 0.0002 | KL: 0.0224 | LinErr: 0.713 | YawErr: 0.203 | |A|: 0.400 | R>0: 98.09% | Done: 0.01% | Sigma: 0.263 | Steps: 95682560 | Time: 723.7s
Seed 13079 | Epoch 370/760 | Avg R: 0.0186 | Val Loss: 0.0002 | KL: 0.0199 | LinErr: 0.706 | YawErr: 0.205 | |A|: 0.399 | R>0: 98.07% | Done: 0.01% | Sigma: 0.264 | Steps: 96993280 | Time: 732.3s
Seed 13079 | Epoch 375/760 | Avg R: 0.0187 | Val Loss: 0.0002 | KL: 0.0230 | LinErr: 0.697 | YawErr: 0.210 | |A|: 0.397 | R>0: 98.05% | Done: 0.01% | Sigma: 0.265 | Steps: 98304000 | Time: 741.4s
Seed 13079 | Epoch 380/760 | Avg R: 0.0188 | Val Loss: 0.0002 | KL: 0.0207 | LinErr: 0.691 | YawErr: 0.200 | |A|: 0.395 | R>0: 98.08% | Done: 0.01% | Sigma: 0.267 | Steps: 99614720 | Time: 750.6s
Seed 13079 | Epoch 385/760 | Avg R: 0.0188 | Val Loss: 0.0002 | KL: 0.0229 | LinErr: 0.684 | YawErr: 0.196 | |A|: 0.394 | R>0: 98.05% | Done: 0.01% | Sigma: 0.268 | Steps: 100925440 | Time: 759.9s
Seed 13079 | Epoch 390/760 | Avg R: 0.0189 | Val Loss: 0.0002 | KL: 0.0244 | LinErr: 0.676 | YawErr: 0.198 | |A|: 0.391 | R>0: 98.09% | Done: 0.01% | Sigma: 0.269 | Steps: 102236160 | Time: 769.1s
Seed 13079 | Epoch 395/760 | Avg R: 0.0191 | Val Loss: 0.0002 | KL: 0.0180 | LinErr: 0.666 | YawErr: 0.190 | |A|: 0.389 | R>0: 98.08% | Done: 0.01% | Sigma: 0.270 | Steps: 103546880 | Time: 777.7s
Seed 13079 | Epoch 400/760 | Avg R: 0.0193 | Val Loss: 0.0002 | KL: 0.0217 | LinErr: 0.653 | YawErr: 0.196 | |A|: 0.390 | R>0: 98.03% | Done: 0.01% | Sigma: 0.270 | Steps: 104857600 | Time: 786.7s
Seed 13079 | Epoch 405/760 | Avg R: 0.0194 | Val Loss: 0.0002 | KL: 0.0194 | LinErr: 0.640 | YawErr: 0.207 | |A|: 0.390 | R>0: 98.03% | Done: 0.01% | Sigma: 0.271 | Steps: 106168320 | Time: 795.4s
Seed 13079 | Epoch 410/760 | Avg R: 0.0196 | Val Loss: 0.0002 | KL: 0.0217 | LinErr: 0.632 | YawErr: 0.202 | |A|: 0.390 | R>0: 97.99% | Done: 0.01% | Sigma: 0.272 | Steps: 107479040 | Time: 804.0s
Seed 13079 | Epoch 415/760 | Avg R: 0.0198 | Val Loss: 0.0002 | KL: 0.0211 | LinErr: 0.622 | YawErr: 0.200 | |A|: 0.391 | R>0: 98.03% | Done: 0.02% | Sigma: 0.273 | Steps: 108789760 | Time: 813.1s
Seed 13079 | Epoch 420/760 | Avg R: 0.0199 | Val Loss: 0.0002 | KL: 0.0234 | LinErr: 0.614 | YawErr: 0.210 | |A|: 0.391 | R>0: 98.08% | Done: 0.01% | Sigma: 0.273 | Steps: 110100480 | Time: 821.8s
Seed 13079 | Epoch 425/760 | Avg R: 0.0200 | Val Loss: 0.0002 | KL: 0.0239 | LinErr: 0.604 | YawErr: 0.202 | |A|: 0.390 | R>0: 98.07% | Done: 0.01% | Sigma: 0.274 | Steps: 111411200 | Time: 830.6s
Seed 13079 | Epoch 430/760 | Avg R: 0.0202 | Val Loss: 0.0002 | KL: 0.0209 | LinErr: 0.594 | YawErr: 0.187 | |A|: 0.389 | R>0: 98.08% | Done: 0.01% | Sigma: 0.275 | Steps: 112721920 | Time: 839.7s
Seed 13079 | Epoch 435/760 | Avg R: 0.0203 | Val Loss: 0.0002 | KL: 0.0221 | LinErr: 0.585 | YawErr: 0.197 | |A|: 0.386 | R>0: 98.02% | Done: 0.01% | Sigma: 0.276 | Steps: 114032640 | Time: 848.4s
Seed 13079 | Epoch 440/760 | Avg R: 0.0204 | Val Loss: 0.0002 | KL: 0.0211 | LinErr: 0.575 | YawErr: 0.196 | |A|: 0.386 | R>0: 97.94% | Done: 0.01% | Sigma: 0.276 | Steps: 115343360 | Time: 857.4s
Seed 13079 | Epoch 445/760 | Avg R: 0.0204 | Val Loss: 0.0002 | KL: 0.0224 | LinErr: 0.562 | YawErr: 0.202 | |A|: 0.386 | R>0: 97.86% | Done: 0.01% | Sigma: 0.277 | Steps: 116654080 | Time: 866.1s
Seed 13079 | Epoch 450/760 | Avg R: 0.0206 | Val Loss: 0.0002 | KL: 0.0212 | LinErr: 0.549 | YawErr: 0.198 | |A|: 0.385 | R>0: 97.91% | Done: 0.01% | Sigma: 0.278 | Steps: 117964800 | Time: 874.7s
Seed 13079 | Epoch 455/760 | Avg R: 0.0207 | Val Loss: 0.0002 | KL: 0.0229 | LinErr: 0.536 | YawErr: 0.202 | |A|: 0.383 | R>0: 97.89% | Done: 0.01% | Sigma: 0.278 | Steps: 119275520 | Time: 883.7s
Seed 13079 | Epoch 460/760 | Avg R: 0.0209 | Val Loss: 0.0002 | KL: 0.0200 | LinErr: 0.521 | YawErr: 0.198 | |A|: 0.381 | R>0: 98.01% | Done: 0.02% | Sigma: 0.279 | Steps: 120586240 | Time: 892.2s
Seed 13079 | Epoch 465/760 | Avg R: 0.0210 | Val Loss: 0.0002 | KL: 0.0207 | LinErr: 0.505 | YawErr: 0.200 | |A|: 0.376 | R>0: 98.10% | Done: 0.01% | Sigma: 0.280 | Steps: 121896960 | Time: 901.1s
Seed 13079 | Epoch 470/760 | Avg R: 0.0212 | Val Loss: 0.0002 | KL: 0.0206 | LinErr: 0.490 | YawErr: 0.192 | |A|: 0.374 | R>0: 98.17% | Done: 0.01% | Sigma: 0.280 | Steps: 123207680 | Time: 909.6s
Seed 13079 | Epoch 475/760 | Avg R: 0.0214 | Val Loss: 0.0002 | KL: 0.0211 | LinErr: 0.472 | YawErr: 0.184 | |A|: 0.370 | R>0: 98.15% | Done: 0.01% | Sigma: 0.281 | Steps: 124518400 | Time: 918.3s
Seed 13079 | Epoch 480/760 | Avg R: 0.0217 | Val Loss: 0.0002 | KL: 0.0225 | LinErr: 0.455 | YawErr: 0.190 | |A|: 0.369 | R>0: 98.20% | Done: 0.01% | Sigma: 0.281 | Steps: 125829120 | Time: 927.0s
Seed 13079 | Epoch 485/760 | Avg R: 0.0220 | Val Loss: 0.0002 | KL: 0.0231 | LinErr: 0.442 | YawErr: 0.190 | |A|: 0.369 | R>0: 98.22% | Done: 0.01% | Sigma: 0.282 | Steps: 127139840 | Time: 935.6s
Seed 13079 | Epoch 490/760 | Avg R: 0.0222 | Val Loss: 0.0002 | KL: 0.0253 | LinErr: 0.427 | YawErr: 0.184 | |A|: 0.370 | R>0: 98.21% | Done: 0.02% | Sigma: 0.282 | Steps: 128450560 | Time: 944.3s
Seed 13079 | Epoch 495/760 | Avg R: 0.0223 | Val Loss: 0.0003 | KL: 0.0227 | LinErr: 0.411 | YawErr: 0.180 | |A|: 0.373 | R>0: 98.09% | Done: 0.02% | Sigma: 0.283 | Steps: 129761280 | Time: 953.2s
Seed 13079 | Epoch 500/760 | Avg R: 0.0224 | Val Loss: 0.0002 | KL: 0.0232 | LinErr: 0.399 | YawErr: 0.179 | |A|: 0.374 | R>0: 97.97% | Done: 0.02% | Sigma: 0.284 | Steps: 131072000 | Time: 961.8s
Seed 13079 | Epoch 505/760 | Avg R: 0.0225 | Val Loss: 0.0002 | KL: 0.0194 | LinErr: 0.388 | YawErr: 0.187 | |A|: 0.374 | R>0: 97.82% | Done: 0.02% | Sigma: 0.285 | Steps: 132382720 | Time: 970.7s
Seed 13079 | Epoch 510/760 | Avg R: 0.0227 | Val Loss: 0.0002 | KL: 0.0172 | LinErr: 0.380 | YawErr: 0.175 | |A|: 0.374 | R>0: 97.86% | Done: 0.02% | Sigma: 0.285 | Steps: 133693440 | Time: 979.3s
Seed 13079 | Epoch 515/760 | Avg R: 0.0229 | Val Loss: 0.0003 | KL: 0.0210 | LinErr: 0.369 | YawErr: 0.172 | |A|: 0.371 | R>0: 97.93% | Done: 0.02% | Sigma: 0.285 | Steps: 135004160 | Time: 987.8s
Seed 13079 | Epoch 520/760 | Avg R: 0.0231 | Val Loss: 0.0003 | KL: 0.0193 | LinErr: 0.359 | YawErr: 0.165 | |A|: 0.370 | R>0: 98.01% | Done: 0.02% | Sigma: 0.286 | Steps: 136314880 | Time: 996.8s
Seed 13079 | Epoch 525/760 | Avg R: 0.0233 | Val Loss: 0.0002 | KL: 0.0214 | LinErr: 0.350 | YawErr: 0.158 | |A|: 0.370 | R>0: 98.05% | Done: 0.02% | Sigma: 0.286 | Steps: 137625600 | Time: 1005.4s
Seed 13079 | Epoch 530/760 | Avg R: 0.0235 | Val Loss: 0.0002 | KL: 0.0185 | LinErr: 0.344 | YawErr: 0.155 | |A|: 0.371 | R>0: 98.04% | Done: 0.02% | Sigma: 0.287 | Steps: 138936320 | Time: 1013.9s
Seed 13079 | Epoch 535/760 | Avg R: 0.0236 | Val Loss: 0.0002 | KL: 0.0240 | LinErr: 0.335 | YawErr: 0.151 | |A|: 0.370 | R>0: 98.06% | Done: 0.02% | Sigma: 0.288 | Steps: 140247040 | Time: 1022.9s
Seed 13079 | Epoch 540/760 | Avg R: 0.0238 | Val Loss: 0.0002 | KL: 0.0206 | LinErr: 0.324 | YawErr: 0.146 | |A|: 0.369 | R>0: 98.13% | Done: 0.02% | Sigma: 0.288 | Steps: 141557760 | Time: 1031.6s
Seed 13079 | Epoch 545/760 | Avg R: 0.0239 | Val Loss: 0.0002 | KL: 0.0231 | LinErr: 0.315 | YawErr: 0.144 | |A|: 0.370 | R>0: 98.06% | Done: 0.02% | Sigma: 0.289 | Steps: 142868480 | Time: 1040.6s
Seed 13079 | Epoch 550/760 | Avg R: 0.0239 | Val Loss: 0.0002 | KL: 0.0230 | LinErr: 0.306 | YawErr: 0.144 | |A|: 0.370 | R>0: 98.03% | Done: 0.02% | Sigma: 0.290 | Steps: 144179200 | Time: 1049.3s
Seed 13079 | Epoch 555/760 | Avg R: 0.0242 | Val Loss: 0.0002 | KL: 0.0221 | LinErr: 0.297 | YawErr: 0.139 | |A|: 0.373 | R>0: 98.07% | Done: 0.02% | Sigma: 0.290 | Steps: 145489920 | Time: 1058.0s
Seed 13079 | Epoch 560/760 | Avg R: 0.0242 | Val Loss: 0.0002 | KL: 0.0225 | LinErr: 0.285 | YawErr: 0.138 | |A|: 0.372 | R>0: 98.01% | Done: 0.02% | Sigma: 0.291 | Steps: 146800640 | Time: 1067.0s
Seed 13079 | Epoch 565/760 | Avg R: 0.0242 | Val Loss: 0.0002 | KL: 0.0155 | LinErr: 0.280 | YawErr: 0.141 | |A|: 0.370 | R>0: 97.89% | Done: 0.02% | Sigma: 0.292 | Steps: 148111360 | Time: 1075.4s
Seed 13079 | Epoch 570/760 | Avg R: 0.0239 | Val Loss: 0.0003 | KL: 0.0241 | LinErr: 0.290 | YawErr: 0.145 | |A|: 0.366 | R>0: 97.68% | Done: 0.01% | Sigma: 0.293 | Steps: 149422080 | Time: 1084.4s
Seed 13079 | Epoch 575/760 | Avg R: 0.0234 | Val Loss: 0.0002 | KL: 0.0214 | LinErr: 0.303 | YawErr: 0.149 | |A|: 0.362 | R>0: 97.55% | Done: 0.02% | Sigma: 0.294 | Steps: 150732800 | Time: 1093.1s
Seed 13079 | Epoch 580/760 | Avg R: 0.0231 | Val Loss: 0.0002 | KL: 0.0207 | LinErr: 0.313 | YawErr: 0.154 | |A|: 0.359 | R>0: 97.48% | Done: 0.03% | Sigma: 0.295 | Steps: 152043520 | Time: 1101.8s
Seed 13079 | Epoch 585/760 | Avg R: 0.0227 | Val Loss: 0.0002 | KL: 0.0220 | LinErr: 0.319 | YawErr: 0.158 | |A|: 0.356 | R>0: 97.39% | Done: 0.02% | Sigma: 0.295 | Steps: 153354240 | Time: 1110.8s
Seed 13079 | Epoch 590/760 | Avg R: 0.0228 | Val Loss: 0.0002 | KL: 0.0215 | LinErr: 0.312 | YawErr: 0.154 | |A|: 0.354 | R>0: 97.58% | Done: 0.03% | Sigma: 0.297 | Steps: 154664960 | Time: 1120.1s
Seed 13079 | Epoch 595/760 | Avg R: 0.0232 | Val Loss: 0.0003 | KL: 0.0211 | LinErr: 0.293 | YawErr: 0.150 | |A|: 0.355 | R>0: 97.80% | Done: 0.03% | Sigma: 0.298 | Steps: 155975680 | Time: 1128.8s
Seed 13079 | Epoch 600/760 | Avg R: 0.0231 | Val Loss: 0.0002 | KL: 0.0225 | LinErr: 0.294 | YawErr: 0.155 | |A|: 0.353 | R>0: 97.77% | Done: 0.02% | Sigma: 0.298 | Steps: 157286400 | Time: 1137.8s
Seed 13079 | Epoch 605/760 | Avg R: 0.0224 | Val Loss: 0.0002 | KL: 0.0199 | LinErr: 0.325 | YawErr: 0.162 | |A|: 0.350 | R>0: 97.80% | Done: 0.02% | Sigma: 0.300 | Steps: 158597120 | Time: 1147.2s
Seed 13079 | Epoch 610/760 | Avg R: 0.0221 | Val Loss: 0.0002 | KL: 0.0218 | LinErr: 0.338 | YawErr: 0.159 | |A|: 0.351 | R>0: 98.14% | Done: 0.01% | Sigma: 0.301 | Steps: 159907840 | Time: 1156.2s
Seed 13079 | Epoch 615/760 | Avg R: 0.0225 | Val Loss: 0.0002 | KL: 0.0228 | LinErr: 0.316 | YawErr: 0.150 | |A|: 0.356 | R>0: 98.45% | Done: 0.01% | Sigma: 0.302 | Steps: 161218560 | Time: 1165.5s
Seed 13079 | Epoch 620/760 | Avg R: 0.0233 | Val Loss: 0.0002 | KL: 0.0196 | LinErr: 0.279 | YawErr: 0.140 | |A|: 0.359 | R>0: 98.70% | Done: 0.01% | Sigma: 0.303 | Steps: 162529280 | Time: 1174.1s
Seed 13079 | Epoch 625/760 | Avg R: 0.0241 | Val Loss: 0.0002 | KL: 0.0207 | LinErr: 0.240 | YawErr: 0.136 | |A|: 0.360 | R>0: 98.86% | Done: 0.01% | Sigma: 0.303 | Steps: 163840000 | Time: 1183.2s
Seed 13079 | Epoch 630/760 | Avg R: 0.0247 | Val Loss: 0.0002 | KL: 0.0215 | LinErr: 0.211 | YawErr: 0.135 | |A|: 0.361 | R>0: 98.91% | Done: 0.01% | Sigma: 0.303 | Steps: 165150720 | Time: 1191.8s
Seed 13079 | Epoch 635/760 | Avg R: 0.0253 | Val Loss: 0.0002 | KL: 0.0218 | LinErr: 0.189 | YawErr: 0.132 | |A|: 0.359 | R>0: 99.01% | Done: 0.01% | Sigma: 0.304 | Steps: 166461440 | Time: 1200.5s
Seed 13079 | Epoch 640/760 | Avg R: 0.0255 | Val Loss: 0.0002 | KL: 0.0218 | LinErr: 0.176 | YawErr: 0.130 | |A|: 0.359 | R>0: 99.06% | Done: 0.01% | Sigma: 0.305 | Steps: 167772160 | Time: 1209.7s
Seed 13079 | Epoch 645/760 | Avg R: 0.0258 | Val Loss: 0.0002 | KL: 0.0181 | LinErr: 0.167 | YawErr: 0.129 | |A|: 0.358 | R>0: 99.07% | Done: 0.01% | Sigma: 0.305 | Steps: 169082880 | Time: 1218.3s
Seed 13079 | Epoch 650/760 | Avg R: 0.0260 | Val Loss: 0.0002 | KL: 0.0222 | LinErr: 0.160 | YawErr: 0.127 | |A|: 0.360 | R>0: 99.12% | Done: 0.01% | Sigma: 0.306 | Steps: 170393600 | Time: 1227.2s
Seed 13079 | Epoch 655/760 | Avg R: 0.0261 | Val Loss: 0.0002 | KL: 0.0176 | LinErr: 0.155 | YawErr: 0.127 | |A|: 0.359 | R>0: 99.12% | Done: 0.01% | Sigma: 0.307 | Steps: 171704320 | Time: 1235.8s
Seed 13079 | Epoch 660/760 | Avg R: 0.0262 | Val Loss: 0.0002 | KL: 0.0203 | LinErr: 0.153 | YawErr: 0.125 | |A|: 0.359 | R>0: 99.15% | Done: 0.01% | Sigma: 0.307 | Steps: 173015040 | Time: 1244.4s
Seed 13079 | Epoch 665/760 | Avg R: 0.0263 | Val Loss: 0.0002 | KL: 0.0195 | LinErr: 0.150 | YawErr: 0.126 | |A|: 0.359 | R>0: 99.12% | Done: 0.01% | Sigma: 0.307 | Steps: 174325760 | Time: 1253.3s
Seed 13079 | Epoch 670/760 | Avg R: 0.0264 | Val Loss: 0.0002 | KL: 0.0156 | LinErr: 0.150 | YawErr: 0.126 | |A|: 0.357 | R>0: 99.18% | Done: 0.01% | Sigma: 0.308 | Steps: 175636480 | Time: 1261.9s
Seed 13079 | Epoch 675/760 | Avg R: 0.0265 | Val Loss: 0.0002 | KL: 0.0226 | LinErr: 0.149 | YawErr: 0.123 | |A|: 0.360 | R>0: 99.24% | Done: 0.01% | Sigma: 0.309 | Steps: 176947200 | Time: 1270.9s
Seed 13079 | Epoch 680/760 | Avg R: 0.0266 | Val Loss: 0.0002 | KL: 0.0215 | LinErr: 0.146 | YawErr: 0.123 | |A|: 0.359 | R>0: 99.27% | Done: 0.01% | Sigma: 0.310 | Steps: 178257920 | Time: 1279.5s
Seed 13079 | Epoch 685/760 | Avg R: 0.0267 | Val Loss: 0.0002 | KL: 0.0232 | LinErr: 0.144 | YawErr: 0.124 | |A|: 0.358 | R>0: 99.27% | Done: 0.01% | Sigma: 0.311 | Steps: 179568640 | Time: 1288.0s
Seed 13079 | Epoch 690/760 | Avg R: 0.0267 | Val Loss: 0.0002 | KL: 0.0154 | LinErr: 0.141 | YawErr: 0.120 | |A|: 0.357 | R>0: 99.26% | Done: 0.01% | Sigma: 0.311 | Steps: 180879360 | Time: 1296.9s
Seed 13079 | Epoch 695/760 | Avg R: 0.0267 | Val Loss: 0.0002 | KL: 0.0232 | LinErr: 0.140 | YawErr: 0.120 | |A|: 0.355 | R>0: 99.24% | Done: 0.01% | Sigma: 0.312 | Steps: 182190080 | Time: 1305.5s
Seed 13079 | Epoch 700/760 | Avg R: 0.0267 | Val Loss: 0.0002 | KL: 0.0223 | LinErr: 0.137 | YawErr: 0.120 | |A|: 0.357 | R>0: 99.23% | Done: 0.00% | Sigma: 0.313 | Steps: 183500800 | Time: 1314.1s
Seed 13079 | Epoch 705/760 | Avg R: 0.0268 | Val Loss: 0.0002 | KL: 0.0200 | LinErr: 0.136 | YawErr: 0.122 | |A|: 0.356 | R>0: 99.27% | Done: 0.01% | Sigma: 0.313 | Steps: 184811520 | Time: 1323.0s
Seed 13079 | Epoch 710/760 | Avg R: 0.0269 | Val Loss: 0.0002 | KL: 0.0195 | LinErr: 0.135 | YawErr: 0.121 | |A|: 0.356 | R>0: 99.31% | Done: 0.00% | Sigma: 0.314 | Steps: 186122240 | Time: 1331.6s
Seed 13079 | Epoch 715/760 | Avg R: 0.0269 | Val Loss: 0.0002 | KL: 0.0212 | LinErr: 0.133 | YawErr: 0.118 | |A|: 0.356 | R>0: 99.34% | Done: 0.01% | Sigma: 0.315 | Steps: 187432960 | Time: 1340.6s
Seed 13079 | Epoch 720/760 | Avg R: 0.0270 | Val Loss: 0.0002 | KL: 0.0171 | LinErr: 0.132 | YawErr: 0.119 | |A|: 0.356 | R>0: 99.31% | Done: 0.01% | Sigma: 0.316 | Steps: 188743680 | Time: 1349.0s
Seed 13079 | Epoch 725/760 | Avg R: 0.0270 | Val Loss: 0.0001 | KL: 0.0233 | LinErr: 0.130 | YawErr: 0.119 | |A|: 0.357 | R>0: 99.30% | Done: 0.01% | Sigma: 0.317 | Steps: 190054400 | Time: 1357.7s
Seed 13079 | Epoch 730/760 | Avg R: 0.0270 | Val Loss: 0.0002 | KL: 0.0214 | LinErr: 0.130 | YawErr: 0.120 | |A|: 0.357 | R>0: 99.32% | Done: 0.01% | Sigma: 0.317 | Steps: 191365120 | Time: 1368.0s
Seed 13079 | Epoch 735/760 | Avg R: 0.0271 | Val Loss: 0.0002 | KL: 0.0214 | LinErr: 0.131 | YawErr: 0.118 | |A|: 0.358 | R>0: 99.30% | Done: 0.00% | Sigma: 0.318 | Steps: 192675840 | Time: 1377.7s
Seed 13079 | Epoch 740/760 | Avg R: 0.0272 | Val Loss: 0.0002 | KL: 0.0207 | LinErr: 0.129 | YawErr: 0.116 | |A|: 0.358 | R>0: 99.33% | Done: 0.00% | Sigma: 0.319 | Steps: 193986560 | Time: 1387.2s
Seed 13079 | Epoch 745/760 | Avg R: 0.0272 | Val Loss: 0.0002 | KL: 0.0208 | LinErr: 0.131 | YawErr: 0.117 | |A|: 0.358 | R>0: 99.30% | Done: 0.00% | Sigma: 0.319 | Steps: 195297280 | Time: 1396.8s
Seed 13079 | Epoch 750/760 | Avg R: 0.0273 | Val Loss: 0.0002 | KL: 0.0207 | LinErr: 0.131 | YawErr: 0.118 | |A|: 0.356 | R>0: 99.32% | Done: 0.00% | Sigma: 0.320 | Steps: 196608000 | Time: 1405.8s
Seed 13079 | Epoch 755/760 | Avg R: 0.0272 | Val Loss: 0.0002 | KL: 0.0226 | LinErr: 0.129 | YawErr: 0.117 | |A|: 0.358 | R>0: 99.34% | Done: 0.00% | Sigma: 0.321 | Steps: 197918720 | Time: 1415.0s
Seed 13079 | Epoch 760/760 | Avg R: 0.0272 | Val Loss: 0.0002 | KL: 0.0213 | LinErr: 0.130 | YawErr: 0.116 | |A|: 0.356 | R>0: 99.31% | Done: 0.00% | Sigma: 0.321 | Steps: 199229440 | Time: 1424.3s
Saved Checkpoint: checkpoints/ppo_v2/ppo_seed13079.pt

=======================================================
  All 1 Seeds Complete! Total Wall Time: 1431.7s
  Results saved to: checkpoints/ppo_v2/ppo_multi_seed_results.json
=======================================================
