--- Starting Multi-Seed Training for Seeds: [8009] ---

=======================================================
  Training Seed 8009 on Device: cuda
=======================================================
Seed 8009 | Epoch 05/1220 | Avg R: 0.0078 | Val Loss: 0.0022 | KL: 0.0063 | LinErr: 0.907 | YawErr: 0.685 | |A|: 0.113 | R>0: 79.61% | Done: 0.37% | Sigma: 0.370 | Steps: 819200 | Time: 60.2s
Seed 8009 | Epoch 10/1220 | Avg R: 0.0113 | Val Loss: 0.0011 | KL: 0.0071 | LinErr: 0.867 | YawErr: 0.626 | |A|: 0.116 | R>0: 95.21% | Done: 0.10% | Sigma: 0.367 | Steps: 1638400 | Time: 114.4s
Seed 8009 | Epoch 15/1220 | Avg R: 0.0134 | Val Loss: 0.0009 | KL: 0.0073 | LinErr: 0.844 | YawErr: 0.573 | |A|: 0.116 | R>0: 99.18% | Done: 0.01% | Sigma: 0.360 | Steps: 2457600 | Time: 169.3s
Seed 8009 | Epoch 20/1220 | Avg R: 0.0148 | Val Loss: 0.0008 | KL: 0.0079 | LinErr: 0.821 | YawErr: 0.523 | |A|: 0.119 | R>0: 99.70% | Done: 0.00% | Sigma: 0.353 | Steps: 3276800 | Time: 224.4s
Seed 8009 | Epoch 25/1220 | Avg R: 0.0157 | Val Loss: 0.0007 | KL: 0.0088 | LinErr: 0.803 | YawErr: 0.496 | |A|: 0.119 | R>0: 99.85% | Done: 0.00% | Sigma: 0.346 | Steps: 4096000 | Time: 279.7s
Seed 8009 | Epoch 30/1220 | Avg R: 0.0165 | Val Loss: 0.0007 | KL: 0.0094 | LinErr: 0.790 | YawErr: 0.473 | |A|: 0.121 | R>0: 99.88% | Done: 0.00% | Sigma: 0.339 | Steps: 4915200 | Time: 335.3s
Seed 8009 | Epoch 35/1220 | Avg R: 0.0171 | Val Loss: 0.0006 | KL: 0.0103 | LinErr: 0.780 | YawErr: 0.455 | |A|: 0.124 | R>0: 99.91% | Done: 0.00% | Sigma: 0.332 | Steps: 5734400 | Time: 391.4s
Seed 8009 | Epoch 40/1220 | Avg R: 0.0177 | Val Loss: 0.0007 | KL: 0.0107 | LinErr: 0.771 | YawErr: 0.446 | |A|: 0.124 | R>0: 99.93% | Done: 0.00% | Sigma: 0.326 | Steps: 6553600 | Time: 446.9s
Seed 8009 | Epoch 45/1220 | Avg R: 0.0180 | Val Loss: 0.0006 | KL: 0.0116 | LinErr: 0.764 | YawErr: 0.434 | |A|: 0.125 | R>0: 99.92% | Done: 0.00% | Sigma: 0.322 | Steps: 7372800 | Time: 503.2s
Seed 8009 | Epoch 50/1220 | Avg R: 0.0184 | Val Loss: 0.0006 | KL: 0.0119 | LinErr: 0.753 | YawErr: 0.433 | |A|: 0.128 | R>0: 99.90% | Done: 0.00% | Sigma: 0.318 | Steps: 8192000 | Time: 559.7s
Seed 8009 | Epoch 55/1220 | Avg R: 0.0156 | Val Loss: 0.0005 | KL: 0.0135 | LinErr: 0.859 | YawErr: 0.554 | |A|: 0.139 | R>0: 99.55% | Done: 0.00% | Sigma: 0.314 | Steps: 9011200 | Time: 616.3s
Seed 8009 | Epoch 60/1220 | Avg R: 0.0157 | Val Loss: 0.0005 | KL: 0.0139 | LinErr: 0.856 | YawErr: 0.568 | |A|: 0.147 | R>0: 99.63% | Done: 0.00% | Sigma: 0.310 | Steps: 9830400 | Time: 672.9s
Seed 8009 | Epoch 65/1220 | Avg R: 0.0163 | Val Loss: 0.0005 | KL: 0.0147 | LinErr: 0.840 | YawErr: 0.546 | |A|: 0.157 | R>0: 99.45% | Done: 0.01% | Sigma: 0.306 | Steps: 10649600 | Time: 728.7s
Seed 8009 | Epoch 70/1220 | Avg R: 0.0169 | Val Loss: 0.0006 | KL: 0.0160 | LinErr: 0.820 | YawErr: 0.517 | |A|: 0.162 | R>0: 99.57% | Done: 0.00% | Sigma: 0.304 | Steps: 11468800 | Time: 785.4s
Seed 8009 | Epoch 75/1220 | Avg R: 0.0176 | Val Loss: 0.0006 | KL: 0.0152 | LinErr: 0.803 | YawErr: 0.480 | |A|: 0.166 | R>0: 99.63% | Done: 0.00% | Sigma: 0.300 | Steps: 12288000 | Time: 841.6s
Seed 8009 | Epoch 80/1220 | Avg R: 0.0181 | Val Loss: 0.0006 | KL: 0.0154 | LinErr: 0.788 | YawErr: 0.461 | |A|: 0.170 | R>0: 99.72% | Done: 0.00% | Sigma: 0.297 | Steps: 13107200 | Time: 898.2s
Seed 8009 | Epoch 85/1220 | Avg R: 0.0185 | Val Loss: 0.0005 | KL: 0.0154 | LinErr: 0.779 | YawErr: 0.445 | |A|: 0.173 | R>0: 99.72% | Done: 0.00% | Sigma: 0.296 | Steps: 13926400 | Time: 955.0s
Seed 8009 | Epoch 90/1220 | Avg R: 0.0189 | Val Loss: 0.0006 | KL: 0.0154 | LinErr: 0.769 | YawErr: 0.436 | |A|: 0.175 | R>0: 99.69% | Done: 0.00% | Sigma: 0.293 | Steps: 14745600 | Time: 1011.2s
Seed 8009 | Epoch 95/1220 | Avg R: 0.0191 | Val Loss: 0.0005 | KL: 0.0153 | LinErr: 0.761 | YawErr: 0.423 | |A|: 0.181 | R>0: 99.67% | Done: 0.00% | Sigma: 0.292 | Steps: 15564800 | Time: 1067.6s
Seed 8009 | Epoch 100/1220 | Avg R: 0.0191 | Val Loss: 0.0005 | KL: 0.0156 | LinErr: 0.752 | YawErr: 0.430 | |A|: 0.187 | R>0: 99.64% | Done: 0.00% | Sigma: 0.292 | Steps: 16384000 | Time: 1124.2s
Seed 8009 | Epoch 105/1220 | Avg R: 0.0164 | Val Loss: 0.0005 | KL: 0.0168 | LinErr: 0.857 | YawErr: 0.538 | |A|: 0.199 | R>0: 99.09% | Done: 0.00% | Sigma: 0.291 | Steps: 17203200 | Time: 1181.0s
Seed 8009 | Epoch 110/1220 | Avg R: 0.0164 | Val Loss: 0.0005 | KL: 0.0172 | LinErr: 0.853 | YawErr: 0.548 | |A|: 0.211 | R>0: 98.96% | Done: 0.00% | Sigma: 0.291 | Steps: 18022400 | Time: 1237.6s
Seed 8009 | Epoch 115/1220 | Avg R: 0.0168 | Val Loss: 0.0005 | KL: 0.0172 | LinErr: 0.835 | YawErr: 0.527 | |A|: 0.217 | R>0: 99.02% | Done: 0.00% | Sigma: 0.290 | Steps: 18841600 | Time: 1294.0s
Seed 8009 | Epoch 120/1220 | Avg R: 0.0176 | Val Loss: 0.0006 | KL: 0.0195 | LinErr: 0.817 | YawErr: 0.476 | |A|: 0.217 | R>0: 99.15% | Done: 0.00% | Sigma: 0.290 | Steps: 19660800 | Time: 1350.6s
Seed 8009 | Epoch 125/1220 | Avg R: 0.0179 | Val Loss: 0.0005 | KL: 0.0172 | LinErr: 0.799 | YawErr: 0.483 | |A|: 0.221 | R>0: 98.87% | Done: 0.00% | Sigma: 0.291 | Steps: 20480000 | Time: 1407.4s
Seed 8009 | Epoch 130/1220 | Avg R: 0.0182 | Val Loss: 0.0005 | KL: 0.0177 | LinErr: 0.786 | YawErr: 0.475 | |A|: 0.224 | R>0: 98.86% | Done: 0.00% | Sigma: 0.292 | Steps: 21299200 | Time: 1463.9s
Seed 8009 | Epoch 135/1220 | Avg R: 0.0186 | Val Loss: 0.0005 | KL: 0.0177 | LinErr: 0.774 | YawErr: 0.436 | |A|: 0.229 | R>0: 98.86% | Done: 0.00% | Sigma: 0.292 | Steps: 22118400 | Time: 1520.2s
Seed 8009 | Epoch 140/1220 | Avg R: 0.0187 | Val Loss: 0.0006 | KL: 0.0185 | LinErr: 0.766 | YawErr: 0.434 | |A|: 0.242 | R>0: 98.81% | Done: 0.00% | Sigma: 0.293 | Steps: 22937600 | Time: 1575.7s
Seed 8009 | Epoch 145/1220 | Avg R: 0.0189 | Val Loss: 0.0005 | KL: 0.0170 | LinErr: 0.762 | YawErr: 0.403 | |A|: 0.230 | R>0: 99.09% | Done: 0.01% | Sigma: 0.294 | Steps: 23756800 | Time: 1631.5s
Seed 8009 | Epoch 150/1220 | Avg R: 0.0191 | Val Loss: 0.0005 | KL: 0.0177 | LinErr: 0.752 | YawErr: 0.410 | |A|: 0.227 | R>0: 99.12% | Done: 0.01% | Sigma: 0.295 | Steps: 24576000 | Time: 1688.2s
Seed 8009 | Epoch 155/1220 | Avg R: 0.0163 | Val Loss: 0.0005 | KL: 0.0183 | LinErr: 0.853 | YawErr: 0.545 | |A|: 0.244 | R>0: 98.16% | Done: 0.00% | Sigma: 0.294 | Steps: 25395200 | Time: 1744.5s
Seed 8009 | Epoch 160/1220 | Avg R: 0.0165 | Val Loss: 0.0004 | KL: 0.0196 | LinErr: 0.850 | YawErr: 0.518 | |A|: 0.253 | R>0: 98.15% | Done: 0.00% | Sigma: 0.294 | Steps: 26214400 | Time: 1800.8s
Seed 8009 | Epoch 165/1220 | Avg R: 0.0168 | Val Loss: 0.0005 | KL: 0.0206 | LinErr: 0.831 | YawErr: 0.532 | |A|: 0.254 | R>0: 97.91% | Done: 0.00% | Sigma: 0.295 | Steps: 27033600 | Time: 1857.8s
Seed 8009 | Epoch 170/1220 | Avg R: 0.0173 | Val Loss: 0.0006 | KL: 0.0200 | LinErr: 0.816 | YawErr: 0.491 | |A|: 0.253 | R>0: 98.10% | Done: 0.00% | Sigma: 0.295 | Steps: 27852800 | Time: 1914.2s
Seed 8009 | Epoch 175/1220 | Avg R: 0.0176 | Val Loss: 0.0005 | KL: 0.0184 | LinErr: 0.796 | YawErr: 0.481 | |A|: 0.256 | R>0: 98.07% | Done: 0.01% | Sigma: 0.296 | Steps: 28672000 | Time: 1971.6s
Seed 8009 | Epoch 180/1220 | Avg R: 0.0181 | Val Loss: 0.0005 | KL: 0.0204 | LinErr: 0.785 | YawErr: 0.444 | |A|: 0.253 | R>0: 98.12% | Done: 0.01% | Sigma: 0.298 | Steps: 29491200 | Time: 2028.4s
Seed 8009 | Epoch 185/1220 | Avg R: 0.0184 | Val Loss: 0.0005 | KL: 0.0192 | LinErr: 0.777 | YawErr: 0.428 | |A|: 0.246 | R>0: 98.50% | Done: 0.00% | Sigma: 0.299 | Steps: 30310400 | Time: 2086.1s
Seed 8009 | Epoch 190/1220 | Avg R: 0.0186 | Val Loss: 0.0005 | KL: 0.0200 | LinErr: 0.765 | YawErr: 0.436 | |A|: 0.246 | R>0: 98.28% | Done: 0.00% | Sigma: 0.299 | Steps: 31129600 | Time: 2142.6s
Seed 8009 | Epoch 195/1220 | Avg R: 0.0189 | Val Loss: 0.0005 | KL: 0.0199 | LinErr: 0.760 | YawErr: 0.405 | |A|: 0.247 | R>0: 98.34% | Done: 0.00% | Sigma: 0.300 | Steps: 31948800 | Time: 2197.8s
Seed 8009 | Epoch 200/1220 | Avg R: 0.0190 | Val Loss: 0.0005 | KL: 0.0194 | LinErr: 0.748 | YawErr: 0.401 | |A|: 0.249 | R>0: 98.41% | Done: 0.00% | Sigma: 0.302 | Steps: 32768000 | Time: 2254.5s
Seed 8009 | Epoch 205/1220 | Avg R: 0.0166 | Val Loss: 0.0005 | KL: 0.0214 | LinErr: 0.844 | YawErr: 0.476 | |A|: 0.270 | R>0: 97.69% | Done: 0.00% | Sigma: 0.302 | Steps: 33587200 | Time: 2310.3s
Seed 8009 | Epoch 210/1220 | Avg R: 0.0165 | Val Loss: 0.0005 | KL: 0.0210 | LinErr: 0.843 | YawErr: 0.518 | |A|: 0.271 | R>0: 97.44% | Done: 0.00% | Sigma: 0.303 | Steps: 34406400 | Time: 2367.0s
Seed 8009 | Epoch 215/1220 | Avg R: 0.0168 | Val Loss: 0.0005 | KL: 0.0202 | LinErr: 0.829 | YawErr: 0.489 | |A|: 0.272 | R>0: 97.71% | Done: 0.00% | Sigma: 0.303 | Steps: 35225600 | Time: 2423.9s
Seed 8009 | Epoch 220/1220 | Avg R: 0.0172 | Val Loss: 0.0006 | KL: 0.0185 | LinErr: 0.813 | YawErr: 0.468 | |A|: 0.276 | R>0: 97.52% | Done: 0.01% | Sigma: 0.304 | Steps: 36044800 | Time: 2480.2s
Seed 8009 | Epoch 225/1220 | Avg R: 0.0177 | Val Loss: 0.0005 | KL: 0.0207 | LinErr: 0.793 | YawErr: 0.446 | |A|: 0.273 | R>0: 97.71% | Done: 0.00% | Sigma: 0.305 | Steps: 36864000 | Time: 2539.2s
Seed 8009 | Epoch 230/1220 | Avg R: 0.0181 | Val Loss: 0.0005 | KL: 0.0189 | LinErr: 0.782 | YawErr: 0.421 | |A|: 0.273 | R>0: 97.50% | Done: 0.01% | Sigma: 0.306 | Steps: 37683200 | Time: 2598.1s
Seed 8009 | Epoch 235/1220 | Avg R: 0.0184 | Val Loss: 0.0005 | KL: 0.0205 | LinErr: 0.773 | YawErr: 0.403 | |A|: 0.274 | R>0: 97.76% | Done: 0.00% | Sigma: 0.307 | Steps: 38502400 | Time: 2655.9s
Seed 8009 | Epoch 240/1220 | Avg R: 0.0186 | Val Loss: 0.0005 | KL: 0.0216 | LinErr: 0.762 | YawErr: 0.400 | |A|: 0.274 | R>0: 97.68% | Done: 0.00% | Sigma: 0.308 | Steps: 39321600 | Time: 2713.1s
Seed 8009 | Epoch 245/1220 | Avg R: 0.0188 | Val Loss: 0.0004 | KL: 0.0212 | LinErr: 0.756 | YawErr: 0.390 | |A|: 0.270 | R>0: 97.76% | Done: 0.00% | Sigma: 0.310 | Steps: 40140800 | Time: 2769.8s
Seed 8009 | Epoch 250/1220 | Avg R: 0.0189 | Val Loss: 0.0005 | KL: 0.0193 | LinErr: 0.744 | YawErr: 0.384 | |A|: 0.270 | R>0: 97.82% | Done: 0.00% | Sigma: 0.310 | Steps: 40960000 | Time: 2825.5s
Seed 8009 | Epoch 255/1220 | Avg R: 0.0168 | Val Loss: 0.0004 | KL: 0.0213 | LinErr: 0.840 | YawErr: 0.398 | |A|: 0.292 | R>0: 97.25% | Done: 0.00% | Sigma: 0.310 | Steps: 41779200 | Time: 2881.1s
Seed 8009 | Epoch 260/1220 | Avg R: 0.0165 | Val Loss: 0.0005 | KL: 0.0171 | LinErr: 0.839 | YawErr: 0.454 | |A|: 0.298 | R>0: 96.65% | Done: 0.01% | Sigma: 0.311 | Steps: 42598400 | Time: 2935.9s
Seed 8009 | Epoch 265/1220 | Avg R: 0.0167 | Val Loss: 0.0005 | KL: 0.0196 | LinErr: 0.826 | YawErr: 0.463 | |A|: 0.300 | R>0: 96.65% | Done: 0.01% | Sigma: 0.312 | Steps: 43417600 | Time: 2991.9s
Seed 8009 | Epoch 270/1220 | Avg R: 0.0173 | Val Loss: 0.0006 | KL: 0.0183 | LinErr: 0.809 | YawErr: 0.432 | |A|: 0.296 | R>0: 96.84% | Done: 0.00% | Sigma: 0.313 | Steps: 44236800 | Time: 3048.1s
Seed 8009 | Epoch 275/1220 | Avg R: 0.0177 | Val Loss: 0.0005 | KL: 0.0193 | LinErr: 0.791 | YawErr: 0.425 | |A|: 0.297 | R>0: 96.64% | Done: 0.01% | Sigma: 0.314 | Steps: 45056000 | Time: 3104.5s
Seed 8009 | Epoch 280/1220 | Avg R: 0.0181 | Val Loss: 0.0005 | KL: 0.0216 | LinErr: 0.776 | YawErr: 0.388 | |A|: 0.296 | R>0: 97.03% | Done: 0.01% | Sigma: 0.315 | Steps: 45875200 | Time: 3160.3s
Seed 8009 | Epoch 285/1220 | Avg R: 0.0184 | Val Loss: 0.0004 | KL: 0.0215 | LinErr: 0.768 | YawErr: 0.375 | |A|: 0.297 | R>0: 97.00% | Done: 0.00% | Sigma: 0.316 | Steps: 46694400 | Time: 3216.5s
Seed 8009 | Epoch 290/1220 | Avg R: 0.0187 | Val Loss: 0.0005 | KL: 0.0188 | LinErr: 0.758 | YawErr: 0.347 | |A|: 0.299 | R>0: 97.46% | Done: 0.00% | Sigma: 0.317 | Steps: 47513600 | Time: 3275.1s
Seed 8009 | Epoch 295/1220 | Avg R: 0.0186 | Val Loss: 0.0005 | KL: 0.0211 | LinErr: 0.753 | YawErr: 0.357 | |A|: 0.297 | R>0: 97.19% | Done: 0.01% | Sigma: 0.319 | Steps: 48332800 | Time: 3331.3s
Seed 8009 | Epoch 300/1220 | Avg R: 0.0189 | Val Loss: 0.0005 | KL: 0.0216 | LinErr: 0.743 | YawErr: 0.335 | |A|: 0.298 | R>0: 97.48% | Done: 0.00% | Sigma: 0.319 | Steps: 49152000 | Time: 3386.4s
Seed 8009 | Epoch 305/1220 | Avg R: 0.0169 | Val Loss: 0.0004 | KL: 0.0189 | LinErr: 0.836 | YawErr: 0.336 | |A|: 0.329 | R>0: 96.93% | Done: 0.01% | Sigma: 0.320 | Steps: 49971200 | Time: 3441.9s
Seed 8009 | Epoch 310/1220 | Avg R: 0.0166 | Val Loss: 0.0005 | KL: 0.0175 | LinErr: 0.834 | YawErr: 0.389 | |A|: 0.327 | R>0: 96.09% | Done: 0.00% | Sigma: 0.320 | Steps: 50790400 | Time: 3496.2s
Seed 8009 | Epoch 315/1220 | Avg R: 0.0169 | Val Loss: 0.0004 | KL: 0.0219 | LinErr: 0.818 | YawErr: 0.382 | |A|: 0.327 | R>0: 95.99% | Done: 0.01% | Sigma: 0.321 | Steps: 51609600 | Time: 3552.1s
Seed 8009 | Epoch 320/1220 | Avg R: 0.0172 | Val Loss: 0.0005 | KL: 0.0181 | LinErr: 0.803 | YawErr: 0.359 | |A|: 0.329 | R>0: 96.08% | Done: 0.01% | Sigma: 0.323 | Steps: 52428800 | Time: 3606.3s
Seed 8009 | Epoch 325/1220 | Avg R: 0.0177 | Val Loss: 0.0005 | KL: 0.0208 | LinErr: 0.786 | YawErr: 0.336 | |A|: 0.329 | R>0: 96.46% | Done: 0.00% | Sigma: 0.325 | Steps: 53248000 | Time: 3662.0s
Seed 8009 | Epoch 330/1220 | Avg R: 0.0180 | Val Loss: 0.0005 | KL: 0.0181 | LinErr: 0.773 | YawErr: 0.329 | |A|: 0.326 | R>0: 96.88% | Done: 0.00% | Sigma: 0.326 | Steps: 54067200 | Time: 3717.1s
Seed 8009 | Epoch 335/1220 | Avg R: 0.0183 | Val Loss: 0.0005 | KL: 0.0181 | LinErr: 0.765 | YawErr: 0.329 | |A|: 0.323 | R>0: 96.69% | Done: 0.00% | Sigma: 0.327 | Steps: 54886400 | Time: 3772.4s
Seed 8009 | Epoch 340/1220 | Avg R: 0.0185 | Val Loss: 0.0005 | KL: 0.0154 | LinErr: 0.755 | YawErr: 0.322 | |A|: 0.321 | R>0: 96.95% | Done: 0.00% | Sigma: 0.328 | Steps: 55705600 | Time: 3827.3s
Seed 8009 | Epoch 345/1220 | Avg R: 0.0187 | Val Loss: 0.0004 | KL: 0.0220 | LinErr: 0.753 | YawErr: 0.285 | |A|: 0.322 | R>0: 97.19% | Done: 0.00% | Sigma: 0.330 | Steps: 56524800 | Time: 3882.5s
Seed 8009 | Epoch 350/1220 | Avg R: 0.0188 | Val Loss: 0.0005 | KL: 0.0154 | LinErr: 0.743 | YawErr: 0.301 | |A|: 0.318 | R>0: 97.16% | Done: 0.01% | Sigma: 0.332 | Steps: 57344000 | Time: 3937.9s
Seed 8009 | Epoch 355/1220 | Avg R: 0.0169 | Val Loss: 0.0004 | KL: 0.0224 | LinErr: 0.836 | YawErr: 0.298 | |A|: 0.345 | R>0: 96.75% | Done: 0.00% | Sigma: 0.332 | Steps: 58163200 | Time: 3992.6s
Seed 8009 | Epoch 360/1220 | Avg R: 0.0165 | Val Loss: 0.0005 | KL: 0.0196 | LinErr: 0.831 | YawErr: 0.353 | |A|: 0.345 | R>0: 95.73% | Done: 0.00% | Sigma: 0.334 | Steps: 58982400 | Time: 4047.0s
Seed 8009 | Epoch 365/1220 | Avg R: 0.0168 | Val Loss: 0.0004 | KL: 0.0213 | LinErr: 0.818 | YawErr: 0.339 | |A|: 0.337 | R>0: 95.69% | Done: 0.01% | Sigma: 0.335 | Steps: 59801600 | Time: 4102.1s
Seed 8009 | Epoch 370/1220 | Avg R: 0.0173 | Val Loss: 0.0005 | KL: 0.0217 | LinErr: 0.802 | YawErr: 0.327 | |A|: 0.335 | R>0: 95.79% | Done: 0.01% | Sigma: 0.336 | Steps: 60620800 | Time: 4157.7s
Seed 8009 | Epoch 375/1220 | Avg R: 0.0176 | Val Loss: 0.0005 | KL: 0.0186 | LinErr: 0.781 | YawErr: 0.298 | |A|: 0.333 | R>0: 96.06% | Done: 0.01% | Sigma: 0.337 | Steps: 61440000 | Time: 4212.6s
Seed 8009 | Epoch 380/1220 | Avg R: 0.0182 | Val Loss: 0.0005 | KL: 0.0215 | LinErr: 0.771 | YawErr: 0.275 | |A|: 0.337 | R>0: 96.84% | Done: 0.01% | Sigma: 0.338 | Steps: 62259200 | Time: 4267.3s
Seed 8009 | Epoch 385/1220 | Avg R: 0.0183 | Val Loss: 0.0005 | KL: 0.0178 | LinErr: 0.765 | YawErr: 0.285 | |A|: 0.335 | R>0: 96.96% | Done: 0.00% | Sigma: 0.339 | Steps: 63078400 | Time: 4322.2s
Seed 8009 | Epoch 390/1220 | Avg R: 0.0187 | Val Loss: 0.0005 | KL: 0.0209 | LinErr: 0.756 | YawErr: 0.271 | |A|: 0.332 | R>0: 97.15% | Done: 0.00% | Sigma: 0.339 | Steps: 63897600 | Time: 4377.8s
Seed 8009 | Epoch 395/1220 | Avg R: 0.0188 | Val Loss: 0.0004 | KL: 0.0208 | LinErr: 0.751 | YawErr: 0.269 | |A|: 0.329 | R>0: 96.94% | Done: 0.00% | Sigma: 0.340 | Steps: 64716800 | Time: 4433.5s
Seed 8009 | Epoch 400/1220 | Avg R: 0.0189 | Val Loss: 0.0005 | KL: 0.0185 | LinErr: 0.741 | YawErr: 0.266 | |A|: 0.329 | R>0: 97.25% | Done: 0.00% | Sigma: 0.341 | Steps: 65536000 | Time: 4488.9s
Seed 8009 | Epoch 405/1220 | Avg R: 0.0169 | Val Loss: 0.0004 | KL: 0.0220 | LinErr: 0.826 | YawErr: 0.272 | |A|: 0.351 | R>0: 96.20% | Done: 0.01% | Sigma: 0.343 | Steps: 66355200 | Time: 4544.3s
Seed 8009 | Epoch 410/1220 | Avg R: 0.0167 | Val Loss: 0.0004 | KL: 0.0230 | LinErr: 0.831 | YawErr: 0.297 | |A|: 0.351 | R>0: 95.48% | Done: 0.01% | Sigma: 0.343 | Steps: 67174400 | Time: 4599.9s
Seed 8009 | Epoch 415/1220 | Avg R: 0.0171 | Val Loss: 0.0004 | KL: 0.0226 | LinErr: 0.817 | YawErr: 0.295 | |A|: 0.349 | R>0: 95.64% | Done: 0.00% | Sigma: 0.344 | Steps: 67993600 | Time: 4655.2s
Seed 8009 | Epoch 420/1220 | Avg R: 0.0175 | Val Loss: 0.0005 | KL: 0.0186 | LinErr: 0.802 | YawErr: 0.270 | |A|: 0.355 | R>0: 96.23% | Done: 0.00% | Sigma: 0.346 | Steps: 68812800 | Time: 4710.6s
Seed 8009 | Epoch 425/1220 | Avg R: 0.0179 | Val Loss: 0.0004 | KL: 0.0226 | LinErr: 0.779 | YawErr: 0.255 | |A|: 0.350 | R>0: 96.61% | Done: 0.00% | Sigma: 0.347 | Steps: 69632000 | Time: 4766.2s
Seed 8009 | Epoch 430/1220 | Avg R: 0.0182 | Val Loss: 0.0005 | KL: 0.0222 | LinErr: 0.769 | YawErr: 0.261 | |A|: 0.352 | R>0: 96.47% | Done: 0.01% | Sigma: 0.348 | Steps: 70451200 | Time: 4821.2s
Seed 8009 | Epoch 435/1220 | Avg R: 0.0183 | Val Loss: 0.0005 | KL: 0.0204 | LinErr: 0.761 | YawErr: 0.253 | |A|: 0.356 | R>0: 96.75% | Done: 0.01% | Sigma: 0.350 | Steps: 71270400 | Time: 4875.8s
Seed 8009 | Epoch 440/1220 | Avg R: 0.0187 | Val Loss: 0.0005 | KL: 0.0230 | LinErr: 0.750 | YawErr: 0.250 | |A|: 0.350 | R>0: 97.12% | Done: 0.01% | Sigma: 0.352 | Steps: 72089600 | Time: 4931.6s
Seed 8009 | Epoch 445/1220 | Avg R: 0.0187 | Val Loss: 0.0004 | KL: 0.0217 | LinErr: 0.747 | YawErr: 0.252 | |A|: 0.351 | R>0: 96.92% | Done: 0.00% | Sigma: 0.353 | Steps: 72908800 | Time: 4986.8s
Seed 8009 | Epoch 450/1220 | Avg R: 0.0189 | Val Loss: 0.0005 | KL: 0.0217 | LinErr: 0.741 | YawErr: 0.241 | |A|: 0.349 | R>0: 97.12% | Done: 0.01% | Sigma: 0.356 | Steps: 73728000 | Time: 5042.6s
Seed 8009 | Epoch 455/1220 | Avg R: 0.0171 | Val Loss: 0.0004 | KL: 0.0227 | LinErr: 0.822 | YawErr: 0.262 | |A|: 0.361 | R>0: 96.32% | Done: 0.00% | Sigma: 0.357 | Steps: 74547200 | Time: 5098.1s
Seed 8009 | Epoch 460/1220 | Avg R: 0.0169 | Val Loss: 0.0005 | KL: 0.0199 | LinErr: 0.823 | YawErr: 0.278 | |A|: 0.367 | R>0: 95.86% | Done: 0.00% | Sigma: 0.358 | Steps: 75366400 | Time: 5152.6s
Seed 8009 | Epoch 465/1220 | Avg R: 0.0173 | Val Loss: 0.0005 | KL: 0.0216 | LinErr: 0.808 | YawErr: 0.271 | |A|: 0.369 | R>0: 96.11% | Done: 0.00% | Sigma: 0.361 | Steps: 76185600 | Time: 5208.8s
Seed 8009 | Epoch 470/1220 | Avg R: 0.0176 | Val Loss: 0.0005 | KL: 0.0226 | LinErr: 0.796 | YawErr: 0.261 | |A|: 0.369 | R>0: 96.28% | Done: 0.00% | Sigma: 0.363 | Steps: 77004800 | Time: 5264.5s
Seed 8009 | Epoch 475/1220 | Avg R: 0.0181 | Val Loss: 0.0004 | KL: 0.0219 | LinErr: 0.772 | YawErr: 0.249 | |A|: 0.360 | R>0: 96.68% | Done: 0.00% | Sigma: 0.364 | Steps: 77824000 | Time: 5319.9s
Seed 8009 | Epoch 480/1220 | Avg R: 0.0183 | Val Loss: 0.0005 | KL: 0.0228 | LinErr: 0.762 | YawErr: 0.250 | |A|: 0.358 | R>0: 96.72% | Done: 0.01% | Sigma: 0.366 | Steps: 78643200 | Time: 5375.9s
Seed 8009 | Epoch 485/1220 | Avg R: 0.0186 | Val Loss: 0.0005 | KL: 0.0218 | LinErr: 0.762 | YawErr: 0.242 | |A|: 0.360 | R>0: 97.03% | Done: 0.01% | Sigma: 0.367 | Steps: 79462400 | Time: 5430.8s
Seed 8009 | Epoch 490/1220 | Avg R: 0.0189 | Val Loss: 0.0005 | KL: 0.0218 | LinErr: 0.749 | YawErr: 0.228 | |A|: 0.362 | R>0: 97.25% | Done: 0.00% | Sigma: 0.368 | Steps: 80281600 | Time: 5487.0s
Seed 8009 | Epoch 495/1220 | Avg R: 0.0190 | Val Loss: 0.0005 | KL: 0.0165 | LinErr: 0.739 | YawErr: 0.227 | |A|: 0.359 | R>0: 97.13% | Done: 0.00% | Sigma: 0.371 | Steps: 81100800 | Time: 5542.7s
Seed 8009 | Epoch 500/1220 | Avg R: 0.0192 | Val Loss: 0.0005 | KL: 0.0192 | LinErr: 0.729 | YawErr: 0.214 | |A|: 0.358 | R>0: 97.58% | Done: 0.00% | Sigma: 0.373 | Steps: 81920000 | Time: 5597.6s
Seed 8009 | Epoch 505/1220 | Avg R: 0.0174 | Val Loss: 0.0004 | KL: 0.0213 | LinErr: 0.811 | YawErr: 0.224 | |A|: 0.377 | R>0: 96.79% | Done: 0.01% | Sigma: 0.375 | Steps: 82739200 | Time: 5653.2s
Seed 8009 | Epoch 510/1220 | Avg R: 0.0171 | Val Loss: 0.0005 | KL: 0.0229 | LinErr: 0.814 | YawErr: 0.254 | |A|: 0.379 | R>0: 95.78% | Done: 0.00% | Sigma: 0.377 | Steps: 83558400 | Time: 5708.0s
Seed 8009 | Epoch 515/1220 | Avg R: 0.0176 | Val Loss: 0.0005 | KL: 0.0132 | LinErr: 0.799 | YawErr: 0.242 | |A|: 0.380 | R>0: 96.14% | Done: 0.00% | Sigma: 0.379 | Steps: 84377600 | Time: 5763.3s
Seed 8009 | Epoch 520/1220 | Avg R: 0.0178 | Val Loss: 0.0005 | KL: 0.0225 | LinErr: 0.784 | YawErr: 0.231 | |A|: 0.377 | R>0: 96.45% | Done: 0.00% | Sigma: 0.382 | Steps: 85196800 | Time: 5818.5s
Seed 8009 | Epoch 525/1220 | Avg R: 0.0183 | Val Loss: 0.0004 | KL: 0.0222 | LinErr: 0.763 | YawErr: 0.228 | |A|: 0.377 | R>0: 96.80% | Done: 0.01% | Sigma: 0.384 | Steps: 86016000 | Time: 5874.4s
Seed 8009 | Epoch 530/1220 | Avg R: 0.0185 | Val Loss: 0.0005 | KL: 0.0180 | LinErr: 0.752 | YawErr: 0.223 | |A|: 0.374 | R>0: 96.82% | Done: 0.01% | Sigma: 0.385 | Steps: 86835200 | Time: 5929.7s
Seed 8009 | Epoch 535/1220 | Avg R: 0.0188 | Val Loss: 0.0005 | KL: 0.0179 | LinErr: 0.739 | YawErr: 0.214 | |A|: 0.370 | R>0: 97.19% | Done: 0.00% | Sigma: 0.388 | Steps: 87654400 | Time: 5984.6s
Seed 8009 | Epoch 540/1220 | Avg R: 0.0191 | Val Loss: 0.0005 | KL: 0.0186 | LinErr: 0.730 | YawErr: 0.206 | |A|: 0.364 | R>0: 97.43% | Done: 0.00% | Sigma: 0.390 | Steps: 88473600 | Time: 6040.1s
Seed 8009 | Epoch 545/1220 | Avg R: 0.0192 | Val Loss: 0.0005 | KL: 0.0219 | LinErr: 0.722 | YawErr: 0.209 | |A|: 0.365 | R>0: 97.01% | Done: 0.00% | Sigma: 0.392 | Steps: 89292800 | Time: 6096.0s
Seed 8009 | Epoch 550/1220 | Avg R: 0.0194 | Val Loss: 0.0005 | KL: 0.0210 | LinErr: 0.711 | YawErr: 0.207 | |A|: 0.364 | R>0: 97.42% | Done: 0.01% | Sigma: 0.394 | Steps: 90112000 | Time: 6151.8s
Seed 8009 | Epoch 555/1220 | Avg R: 0.0177 | Val Loss: 0.0004 | KL: 0.0223 | LinErr: 0.790 | YawErr: 0.219 | |A|: 0.378 | R>0: 96.68% | Done: 0.00% | Sigma: 0.396 | Steps: 90931200 | Time: 6208.0s
Seed 8009 | Epoch 560/1220 | Avg R: 0.0175 | Val Loss: 0.0005 | KL: 0.0208 | LinErr: 0.787 | YawErr: 0.229 | |A|: 0.382 | R>0: 96.33% | Done: 0.01% | Sigma: 0.397 | Steps: 91750400 | Time: 6263.1s
Seed 8009 | Epoch 565/1220 | Avg R: 0.0180 | Val Loss: 0.0005 | KL: 0.0220 | LinErr: 0.770 | YawErr: 0.218 | |A|: 0.378 | R>0: 96.67% | Done: 0.00% | Sigma: 0.399 | Steps: 92569600 | Time: 6317.9s
Seed 8009 | Epoch 570/1220 | Avg R: 0.0183 | Val Loss: 0.0006 | KL: 0.0232 | LinErr: 0.751 | YawErr: 0.209 | |A|: 0.376 | R>0: 97.06% | Done: 0.00% | Sigma: 0.401 | Steps: 93388800 | Time: 6373.7s
Seed 8009 | Epoch 575/1220 | Avg R: 0.0187 | Val Loss: 0.0005 | KL: 0.0188 | LinErr: 0.724 | YawErr: 0.207 | |A|: 0.369 | R>0: 96.90% | Done: 0.01% | Sigma: 0.403 | Steps: 94208000 | Time: 6428.5s
Seed 8009 | Epoch 580/1220 | Avg R: 0.0191 | Val Loss: 0.0005 | KL: 0.0242 | LinErr: 0.703 | YawErr: 0.197 | |A|: 0.365 | R>0: 97.25% | Done: 0.01% | Sigma: 0.404 | Steps: 95027200 | Time: 6484.1s
Seed 8009 | Epoch 585/1220 | Avg R: 0.0192 | Val Loss: 0.0005 | KL: 0.0173 | LinErr: 0.691 | YawErr: 0.194 | |A|: 0.365 | R>0: 97.36% | Done: 0.01% | Sigma: 0.407 | Steps: 95846400 | Time: 6539.7s
Seed 8009 | Epoch 590/1220 | Avg R: 0.0196 | Val Loss: 0.0005 | KL: 0.0223 | LinErr: 0.675 | YawErr: 0.191 | |A|: 0.368 | R>0: 97.55% | Done: 0.01% | Sigma: 0.409 | Steps: 96665600 | Time: 6594.8s
Seed 8009 | Epoch 595/1220 | Avg R: 0.0197 | Val Loss: 0.0005 | KL: 0.0220 | LinErr: 0.664 | YawErr: 0.190 | |A|: 0.365 | R>0: 97.42% | Done: 0.01% | Sigma: 0.411 | Steps: 97484800 | Time: 6649.6s
Seed 8009 | Epoch 600/1220 | Avg R: 0.0198 | Val Loss: 0.0006 | KL: 0.0179 | LinErr: 0.662 | YawErr: 0.190 | |A|: 0.371 | R>0: 97.58% | Done: 0.01% | Sigma: 0.412 | Steps: 98304000 | Time: 6703.9s
Seed 8009 | Epoch 605/1220 | Avg R: 0.0179 | Val Loss: 0.0005 | KL: 0.0235 | LinErr: 0.747 | YawErr: 0.200 | |A|: 0.389 | R>0: 97.03% | Done: 0.01% | Sigma: 0.414 | Steps: 99123200 | Time: 6759.7s
Seed 8009 | Epoch 610/1220 | Avg R: 0.0180 | Val Loss: 0.0005 | KL: 0.0183 | LinErr: 0.737 | YawErr: 0.206 | |A|: 0.388 | R>0: 96.73% | Done: 0.01% | Sigma: 0.418 | Steps: 99942400 | Time: 6815.5s
Seed 8009 | Epoch 615/1220 | Avg R: 0.0184 | Val Loss: 0.0005 | KL: 0.0231 | LinErr: 0.716 | YawErr: 0.205 | |A|: 0.383 | R>0: 96.85% | Done: 0.01% | Sigma: 0.421 | Steps: 100761600 | Time: 6871.0s
Seed 8009 | Epoch 620/1220 | Avg R: 0.0189 | Val Loss: 0.0006 | KL: 0.0204 | LinErr: 0.693 | YawErr: 0.193 | |A|: 0.380 | R>0: 97.41% | Done: 0.01% | Sigma: 0.424 | Steps: 101580800 | Time: 6926.9s
Seed 8009 | Epoch 625/1220 | Avg R: 0.0192 | Val Loss: 0.0005 | KL: 0.0231 | LinErr: 0.666 | YawErr: 0.194 | |A|: 0.375 | R>0: 97.38% | Done: 0.01% | Sigma: 0.427 | Steps: 102400000 | Time: 6983.8s
Seed 8009 | Epoch 630/1220 | Avg R: 0.0196 | Val Loss: 0.0005 | KL: 0.0233 | LinErr: 0.652 | YawErr: 0.191 | |A|: 0.373 | R>0: 97.54% | Done: 0.01% | Sigma: 0.429 | Steps: 103219200 | Time: 7039.7s
Seed 8009 | Epoch 635/1220 | Avg R: 0.0199 | Val Loss: 0.0006 | KL: 0.0197 | LinErr: 0.636 | YawErr: 0.184 | |A|: 0.370 | R>0: 97.67% | Done: 0.01% | Sigma: 0.430 | Steps: 104038400 | Time: 7095.1s
Seed 8009 | Epoch 640/1220 | Avg R: 0.0200 | Val Loss: 0.0006 | KL: 0.0150 | LinErr: 0.631 | YawErr: 0.183 | |A|: 0.369 | R>0: 97.71% | Done: 0.01% | Sigma: 0.431 | Steps: 104857600 | Time: 7150.3s
Seed 8009 | Epoch 645/1220 | Avg R: 0.0203 | Val Loss: 0.0005 | KL: 0.0190 | LinErr: 0.619 | YawErr: 0.181 | |A|: 0.368 | R>0: 97.91% | Done: 0.01% | Sigma: 0.432 | Steps: 105676800 | Time: 7205.0s
Seed 8009 | Epoch 650/1220 | Avg R: 0.0205 | Val Loss: 0.0005 | KL: 0.0230 | LinErr: 0.610 | YawErr: 0.175 | |A|: 0.367 | R>0: 98.06% | Done: 0.01% | Sigma: 0.434 | Steps: 106496000 | Time: 7260.1s
Seed 8009 | Epoch 655/1220 | Avg R: 0.0187 | Val Loss: 0.0005 | KL: 0.0234 | LinErr: 0.690 | YawErr: 0.186 | |A|: 0.377 | R>0: 97.38% | Done: 0.01% | Sigma: 0.437 | Steps: 107315200 | Time: 7316.0s
Seed 8009 | Epoch 660/1220 | Avg R: 0.0187 | Val Loss: 0.0005 | KL: 0.0231 | LinErr: 0.673 | YawErr: 0.189 | |A|: 0.379 | R>0: 97.08% | Done: 0.01% | Sigma: 0.439 | Steps: 108134400 | Time: 7370.8s
Seed 8009 | Epoch 665/1220 | Avg R: 0.0193 | Val Loss: 0.0005 | KL: 0.0237 | LinErr: 0.650 | YawErr: 0.179 | |A|: 0.374 | R>0: 97.42% | Done: 0.01% | Sigma: 0.441 | Steps: 108953600 | Time: 7426.8s
Seed 8009 | Epoch 670/1220 | Avg R: 0.0197 | Val Loss: 0.0006 | KL: 0.0225 | LinErr: 0.621 | YawErr: 0.178 | |A|: 0.376 | R>0: 97.83% | Done: 0.01% | Sigma: 0.443 | Steps: 109772800 | Time: 7481.7s
Seed 8009 | Epoch 675/1220 | Avg R: 0.0200 | Val Loss: 0.0005 | KL: 0.0208 | LinErr: 0.602 | YawErr: 0.178 | |A|: 0.367 | R>0: 97.78% | Done: 0.01% | Sigma: 0.445 | Steps: 110592000 | Time: 7536.1s
Seed 8009 | Epoch 680/1220 | Avg R: 0.0203 | Val Loss: 0.0005 | KL: 0.0185 | LinErr: 0.584 | YawErr: 0.181 | |A|: 0.368 | R>0: 97.94% | Done: 0.00% | Sigma: 0.447 | Steps: 111411200 | Time: 7591.2s
Seed 8009 | Epoch 685/1220 | Avg R: 0.0208 | Val Loss: 0.0005 | KL: 0.0228 | LinErr: 0.560 | YawErr: 0.174 | |A|: 0.364 | R>0: 98.14% | Done: 0.00% | Sigma: 0.451 | Steps: 112230400 | Time: 7647.5s
Seed 8009 | Epoch 690/1220 | Avg R: 0.0211 | Val Loss: 0.0006 | KL: 0.0206 | LinErr: 0.541 | YawErr: 0.169 | |A|: 0.360 | R>0: 98.33% | Done: 0.00% | Sigma: 0.453 | Steps: 113049600 | Time: 7702.3s
Seed 8009 | Epoch 695/1220 | Avg R: 0.0212 | Val Loss: 0.0005 | KL: 0.0209 | LinErr: 0.531 | YawErr: 0.172 | |A|: 0.353 | R>0: 98.24% | Done: 0.01% | Sigma: 0.454 | Steps: 113868800 | Time: 7756.7s
Seed 8009 | Epoch 700/1220 | Avg R: 0.0214 | Val Loss: 0.0006 | KL: 0.0193 | LinErr: 0.527 | YawErr: 0.165 | |A|: 0.354 | R>0: 98.41% | Done: 0.00% | Sigma: 0.456 | Steps: 114688000 | Time: 7811.4s
Seed 8009 | Epoch 705/1220 | Avg R: 0.0195 | Val Loss: 0.0005 | KL: 0.0237 | LinErr: 0.616 | YawErr: 0.175 | |A|: 0.370 | R>0: 97.79% | Done: 0.00% | Sigma: 0.459 | Steps: 115507200 | Time: 7867.0s
Seed 8009 | Epoch 710/1220 | Avg R: 0.0197 | Val Loss: 0.0005 | KL: 0.0178 | LinErr: 0.593 | YawErr: 0.176 | |A|: 0.371 | R>0: 97.70% | Done: 0.00% | Sigma: 0.461 | Steps: 116326400 | Time: 7922.0s
Seed 8009 | Epoch 715/1220 | Avg R: 0.0201 | Val Loss: 0.0006 | KL: 0.0191 | LinErr: 0.565 | YawErr: 0.176 | |A|: 0.371 | R>0: 97.74% | Done: 0.01% | Sigma: 0.464 | Steps: 117145600 | Time: 7977.4s
Seed 8009 | Epoch 720/1220 | Avg R: 0.0204 | Val Loss: 0.0006 | KL: 0.0187 | LinErr: 0.547 | YawErr: 0.172 | |A|: 0.369 | R>0: 97.90% | Done: 0.01% | Sigma: 0.465 | Steps: 117964800 | Time: 8031.2s
Seed 8009 | Epoch 725/1220 | Avg R: 0.0208 | Val Loss: 0.0005 | KL: 0.0197 | LinErr: 0.522 | YawErr: 0.173 | |A|: 0.368 | R>0: 98.02% | Done: 0.02% | Sigma: 0.465 | Steps: 118784000 | Time: 8085.3s
Seed 8009 | Epoch 730/1220 | Avg R: 0.0209 | Val Loss: 0.0005 | KL: 0.0187 | LinErr: 0.517 | YawErr: 0.173 | |A|: 0.371 | R>0: 98.07% | Done: 0.02% | Sigma: 0.467 | Steps: 119603200 | Time: 8139.5s
Seed 8009 | Epoch 735/1220 | Avg R: 0.0212 | Val Loss: 0.0005 | KL: 0.0215 | LinErr: 0.500 | YawErr: 0.167 | |A|: 0.366 | R>0: 98.41% | Done: 0.01% | Sigma: 0.468 | Steps: 120422400 | Time: 8193.8s
Seed 8009 | Epoch 740/1220 | Avg R: 0.0216 | Val Loss: 0.0006 | KL: 0.0166 | LinErr: 0.491 | YawErr: 0.167 | |A|: 0.365 | R>0: 98.48% | Done: 0.00% | Sigma: 0.469 | Steps: 121241600 | Time: 8248.1s
Seed 8009 | Epoch 745/1220 | Avg R: 0.0217 | Val Loss: 0.0005 | KL: 0.0207 | LinErr: 0.487 | YawErr: 0.168 | |A|: 0.361 | R>0: 98.39% | Done: 0.00% | Sigma: 0.471 | Steps: 122060800 | Time: 8302.0s
Seed 8009 | Epoch 750/1220 | Avg R: 0.0218 | Val Loss: 0.0006 | KL: 0.0202 | LinErr: 0.481 | YawErr: 0.166 | |A|: 0.363 | R>0: 98.65% | Done: 0.00% | Sigma: 0.472 | Steps: 122880000 | Time: 8357.1s
Seed 8009 | Epoch 755/1220 | Avg R: 0.0201 | Val Loss: 0.0005 | KL: 0.0198 | LinErr: 0.551 | YawErr: 0.173 | |A|: 0.367 | R>0: 98.01% | Done: 0.01% | Sigma: 0.474 | Steps: 123699200 | Time: 8411.8s
Seed 8009 | Epoch 760/1220 | Avg R: 0.0203 | Val Loss: 0.0005 | KL: 0.0203 | LinErr: 0.536 | YawErr: 0.176 | |A|: 0.367 | R>0: 97.87% | Done: 0.01% | Sigma: 0.475 | Steps: 124518400 | Time: 8465.9s
Seed 8009 | Epoch 765/1220 | Avg R: 0.0206 | Val Loss: 0.0006 | KL: 0.0201 | LinErr: 0.515 | YawErr: 0.172 | |A|: 0.369 | R>0: 98.03% | Done: 0.01% | Sigma: 0.476 | Steps: 125337600 | Time: 8520.1s
Seed 8009 | Epoch 770/1220 | Avg R: 0.0209 | Val Loss: 0.0006 | KL: 0.0205 | LinErr: 0.500 | YawErr: 0.171 | |A|: 0.366 | R>0: 98.19% | Done: 0.01% | Sigma: 0.476 | Steps: 126156800 | Time: 8574.5s
Seed 8009 | Epoch 775/1220 | Avg R: 0.0212 | Val Loss: 0.0005 | KL: 0.0198 | LinErr: 0.479 | YawErr: 0.166 | |A|: 0.364 | R>0: 98.28% | Done: 0.00% | Sigma: 0.477 | Steps: 126976000 | Time: 8628.2s
Seed 8009 | Epoch 780/1220 | Avg R: 0.0215 | Val Loss: 0.0006 | KL: 0.0191 | LinErr: 0.472 | YawErr: 0.164 | |A|: 0.361 | R>0: 98.38% | Done: 0.01% | Sigma: 0.478 | Steps: 127795200 | Time: 8682.4s
Seed 8009 | Epoch 785/1220 | Avg R: 0.0218 | Val Loss: 0.0005 | KL: 0.0171 | LinErr: 0.460 | YawErr: 0.161 | |A|: 0.360 | R>0: 98.54% | Done: 0.01% | Sigma: 0.479 | Steps: 128614400 | Time: 8736.6s
Seed 8009 | Epoch 790/1220 | Avg R: 0.0220 | Val Loss: 0.0006 | KL: 0.0167 | LinErr: 0.458 | YawErr: 0.162 | |A|: 0.361 | R>0: 98.51% | Done: 0.01% | Sigma: 0.479 | Steps: 129433600 | Time: 8790.7s
Seed 8009 | Epoch 795/1220 | Avg R: 0.0220 | Val Loss: 0.0006 | KL: 0.0190 | LinErr: 0.455 | YawErr: 0.157 | |A|: 0.361 | R>0: 98.74% | Done: 0.01% | Sigma: 0.480 | Steps: 130252800 | Time: 8844.5s
Seed 8009 | Epoch 800/1220 | Avg R: 0.0222 | Val Loss: 0.0006 | KL: 0.0189 | LinErr: 0.447 | YawErr: 0.156 | |A|: 0.362 | R>0: 98.74% | Done: 0.01% | Sigma: 0.481 | Steps: 131072000 | Time: 8898.3s
Seed 8009 | Epoch 805/1220 | Avg R: 0.0206 | Val Loss: 0.0005 | KL: 0.0214 | LinErr: 0.514 | YawErr: 0.162 | |A|: 0.369 | R>0: 98.17% | Done: 0.00% | Sigma: 0.481 | Steps: 131891200 | Time: 8952.5s
Seed 8009 | Epoch 810/1220 | Avg R: 0.0209 | Val Loss: 0.0005 | KL: 0.0200 | LinErr: 0.491 | YawErr: 0.165 | |A|: 0.370 | R>0: 98.20% | Done: 0.00% | Sigma: 0.483 | Steps: 132710400 | Time: 9006.9s
Seed 8009 | Epoch 815/1220 | Avg R: 0.0211 | Val Loss: 0.0006 | KL: 0.0186 | LinErr: 0.482 | YawErr: 0.161 | |A|: 0.365 | R>0: 98.21% | Done: 0.01% | Sigma: 0.484 | Steps: 133529600 | Time: 9061.0s
Seed 8009 | Epoch 820/1220 | Avg R: 0.0215 | Val Loss: 0.0006 | KL: 0.0180 | LinErr: 0.465 | YawErr: 0.161 | |A|: 0.362 | R>0: 98.45% | Done: 0.01% | Sigma: 0.485 | Steps: 134348800 | Time: 9115.0s
Seed 8009 | Epoch 825/1220 | Avg R: 0.0218 | Val Loss: 0.0006 | KL: 0.0180 | LinErr: 0.450 | YawErr: 0.160 | |A|: 0.360 | R>0: 98.60% | Done: 0.01% | Sigma: 0.486 | Steps: 135168000 | Time: 9168.6s
Seed 8009 | Epoch 830/1220 | Avg R: 0.0219 | Val Loss: 0.0005 | KL: 0.0228 | LinErr: 0.449 | YawErr: 0.156 | |A|: 0.361 | R>0: 98.55% | Done: 0.00% | Sigma: 0.487 | Steps: 135987200 | Time: 9222.7s
Seed 8009 | Epoch 835/1220 | Avg R: 0.0222 | Val Loss: 0.0005 | KL: 0.0189 | LinErr: 0.436 | YawErr: 0.154 | |A|: 0.359 | R>0: 98.64% | Done: 0.00% | Sigma: 0.488 | Steps: 136806400 | Time: 9276.7s
Seed 8009 | Epoch 840/1220 | Avg R: 0.0222 | Val Loss: 0.0006 | KL: 0.0204 | LinErr: 0.438 | YawErr: 0.156 | |A|: 0.361 | R>0: 98.64% | Done: 0.00% | Sigma: 0.489 | Steps: 137625600 | Time: 9330.9s
Seed 8009 | Epoch 845/1220 | Avg R: 0.0223 | Val Loss: 0.0006 | KL: 0.0205 | LinErr: 0.434 | YawErr: 0.152 | |A|: 0.361 | R>0: 98.63% | Done: 0.00% | Sigma: 0.490 | Steps: 138444800 | Time: 9384.9s
Seed 8009 | Epoch 850/1220 | Avg R: 0.0224 | Val Loss: 0.0006 | KL: 0.0178 | LinErr: 0.425 | YawErr: 0.154 | |A|: 0.359 | R>0: 98.74% | Done: 0.01% | Sigma: 0.492 | Steps: 139264000 | Time: 9438.6s
Seed 8009 | Epoch 855/1220 | Avg R: 0.0210 | Val Loss: 0.0006 | KL: 0.0207 | LinErr: 0.477 | YawErr: 0.163 | |A|: 0.363 | R>0: 98.25% | Done: 0.01% | Sigma: 0.492 | Steps: 140083200 | Time: 9493.0s
Seed 8009 | Epoch 860/1220 | Avg R: 0.0211 | Val Loss: 0.0005 | KL: 0.0206 | LinErr: 0.459 | YawErr: 0.165 | |A|: 0.363 | R>0: 98.07% | Done: 0.01% | Sigma: 0.493 | Steps: 140902400 | Time: 9547.0s
Seed 8009 | Epoch 865/1220 | Avg R: 0.0214 | Val Loss: 0.0007 | KL: 0.0176 | LinErr: 0.450 | YawErr: 0.159 | |A|: 0.363 | R>0: 98.21% | Done: 0.01% | Sigma: 0.494 | Steps: 141721600 | Time: 9600.9s
Seed 8009 | Epoch 870/1220 | Avg R: 0.0217 | Val Loss: 0.0006 | KL: 0.0208 | LinErr: 0.441 | YawErr: 0.159 | |A|: 0.360 | R>0: 98.39% | Done: 0.01% | Sigma: 0.495 | Steps: 142540800 | Time: 9654.9s
Seed 8009 | Epoch 875/1220 | Avg R: 0.0220 | Val Loss: 0.0006 | KL: 0.0203 | LinErr: 0.425 | YawErr: 0.159 | |A|: 0.359 | R>0: 98.43% | Done: 0.01% | Sigma: 0.496 | Steps: 143360000 | Time: 9709.0s
Seed 8009 | Epoch 880/1220 | Avg R: 0.0221 | Val Loss: 0.0006 | KL: 0.0177 | LinErr: 0.415 | YawErr: 0.158 | |A|: 0.356 | R>0: 98.58% | Done: 0.00% | Sigma: 0.498 | Steps: 144179200 | Time: 9762.6s
Seed 8009 | Epoch 885/1220 | Avg R: 0.0224 | Val Loss: 0.0005 | KL: 0.0215 | LinErr: 0.406 | YawErr: 0.156 | |A|: 0.351 | R>0: 98.75% | Done: 0.00% | Sigma: 0.499 | Steps: 144998400 | Time: 9816.7s
Seed 8009 | Epoch 890/1220 | Avg R: 0.0225 | Val Loss: 0.0006 | KL: 0.0196 | LinErr: 0.403 | YawErr: 0.160 | |A|: 0.350 | R>0: 98.59% | Done: 0.01% | Sigma: 0.500 | Steps: 145817600 | Time: 9870.7s
Seed 8009 | Epoch 895/1220 | Avg R: 0.0226 | Val Loss: 0.0006 | KL: 0.0214 | LinErr: 0.398 | YawErr: 0.157 | |A|: 0.350 | R>0: 98.76% | Done: 0.00% | Sigma: 0.502 | Steps: 146636800 | Time: 9924.6s
Seed 8009 | Epoch 900/1220 | Avg R: 0.0227 | Val Loss: 0.0006 | KL: 0.0209 | LinErr: 0.393 | YawErr: 0.155 | |A|: 0.351 | R>0: 98.65% | Done: 0.01% | Sigma: 0.503 | Steps: 147456000 | Time: 9978.6s
Seed 8009 | Epoch 905/1220 | Avg R: 0.0214 | Val Loss: 0.0006 | KL: 0.0238 | LinErr: 0.447 | YawErr: 0.163 | |A|: 0.359 | R>0: 98.48% | Done: 0.01% | Sigma: 0.505 | Steps: 148275200 | Time: 10032.3s
Seed 8009 | Epoch 910/1220 | Avg R: 0.0216 | Val Loss: 0.0006 | KL: 0.0187 | LinErr: 0.431 | YawErr: 0.163 | |A|: 0.360 | R>0: 98.29% | Done: 0.02% | Sigma: 0.505 | Steps: 149094400 | Time: 10086.1s
Seed 8009 | Epoch 915/1220 | Avg R: 0.0217 | Val Loss: 0.0006 | KL: 0.0179 | LinErr: 0.416 | YawErr: 0.160 | |A|: 0.356 | R>0: 98.33% | Done: 0.01% | Sigma: 0.506 | Steps: 149913600 | Time: 10140.1s
Seed 8009 | Epoch 920/1220 | Avg R: 0.0221 | Val Loss: 0.0006 | KL: 0.0164 | LinErr: 0.400 | YawErr: 0.157 | |A|: 0.355 | R>0: 98.56% | Done: 0.01% | Sigma: 0.508 | Steps: 150732800 | Time: 10193.9s
Seed 8009 | Epoch 925/1220 | Avg R: 0.0225 | Val Loss: 0.0006 | KL: 0.0192 | LinErr: 0.383 | YawErr: 0.154 | |A|: 0.349 | R>0: 98.68% | Done: 0.00% | Sigma: 0.508 | Steps: 151552000 | Time: 10247.9s
Seed 8009 | Epoch 930/1220 | Avg R: 0.0226 | Val Loss: 0.0007 | KL: 0.0172 | LinErr: 0.377 | YawErr: 0.156 | |A|: 0.347 | R>0: 98.69% | Done: 0.01% | Sigma: 0.509 | Steps: 152371200 | Time: 10301.4s
Seed 8009 | Epoch 935/1220 | Avg R: 0.0229 | Val Loss: 0.0006 | KL: 0.0212 | LinErr: 0.372 | YawErr: 0.154 | |A|: 0.346 | R>0: 98.73% | Done: 0.00% | Sigma: 0.510 | Steps: 153190400 | Time: 10355.5s
Seed 8009 | Epoch 940/1220 | Avg R: 0.0230 | Val Loss: 0.0006 | KL: 0.0166 | LinErr: 0.373 | YawErr: 0.154 | |A|: 0.348 | R>0: 98.80% | Done: 0.01% | Sigma: 0.510 | Steps: 154009600 | Time: 10409.4s
Seed 8009 | Epoch 945/1220 | Avg R: 0.0233 | Val Loss: 0.0005 | KL: 0.0172 | LinErr: 0.360 | YawErr: 0.150 | |A|: 0.348 | R>0: 98.95% | Done: 0.00% | Sigma: 0.510 | Steps: 154828800 | Time: 10463.4s
Seed 8009 | Epoch 950/1220 | Avg R: 0.0233 | Val Loss: 0.0006 | KL: 0.0203 | LinErr: 0.348 | YawErr: 0.151 | |A|: 0.346 | R>0: 98.84% | Done: 0.00% | Sigma: 0.511 | Steps: 155648000 | Time: 10517.5s
Seed 8009 | Epoch 955/1220 | Avg R: 0.0222 | Val Loss: 0.0005 | KL: 0.0181 | LinErr: 0.383 | YawErr: 0.155 | |A|: 0.355 | R>0: 98.68% | Done: 0.00% | Sigma: 0.512 | Steps: 156467200 | Time: 10571.3s
Seed 8009 | Epoch 960/1220 | Avg R: 0.0225 | Val Loss: 0.0005 | KL: 0.0136 | LinErr: 0.362 | YawErr: 0.156 | |A|: 0.354 | R>0: 98.61% | Done: 0.00% | Sigma: 0.514 | Steps: 157286400 | Time: 10625.7s
Seed 8009 | Epoch 965/1220 | Avg R: 0.0228 | Val Loss: 0.0007 | KL: 0.0177 | LinErr: 0.346 | YawErr: 0.152 | |A|: 0.351 | R>0: 98.65% | Done: 0.00% | Sigma: 0.516 | Steps: 158105600 | Time: 10680.4s
Seed 8009 | Epoch 970/1220 | Avg R: 0.0232 | Val Loss: 0.0006 | KL: 0.0163 | LinErr: 0.324 | YawErr: 0.153 | |A|: 0.350 | R>0: 98.64% | Done: 0.01% | Sigma: 0.518 | Steps: 158924800 | Time: 10735.5s
Seed 8009 | Epoch 975/1220 | Avg R: 0.0235 | Val Loss: 0.0006 | KL: 0.0203 | LinErr: 0.308 | YawErr: 0.151 | |A|: 0.347 | R>0: 98.89% | Done: 0.01% | Sigma: 0.519 | Steps: 159744000 | Time: 10790.0s
Seed 8009 | Epoch 980/1220 | Avg R: 0.0236 | Val Loss: 0.0006 | KL: 0.0186 | LinErr: 0.299 | YawErr: 0.151 | |A|: 0.347 | R>0: 98.93% | Done: 0.01% | Sigma: 0.520 | Steps: 160563200 | Time: 10844.0s
Seed 8009 | Epoch 985/1220 | Avg R: 0.0239 | Val Loss: 0.0005 | KL: 0.0193 | LinErr: 0.288 | YawErr: 0.146 | |A|: 0.345 | R>0: 99.00% | Done: 0.01% | Sigma: 0.521 | Steps: 161382400 | Time: 10898.1s
Seed 8009 | Epoch 990/1220 | Avg R: 0.0241 | Val Loss: 0.0006 | KL: 0.0161 | LinErr: 0.284 | YawErr: 0.148 | |A|: 0.342 | R>0: 98.94% | Done: 0.01% | Sigma: 0.522 | Steps: 162201600 | Time: 10952.6s
Seed 8009 | Epoch 995/1220 | Avg R: 0.0242 | Val Loss: 0.0006 | KL: 0.0145 | LinErr: 0.273 | YawErr: 0.146 | |A|: 0.341 | R>0: 99.00% | Done: 0.01% | Sigma: 0.525 | Steps: 163020800 | Time: 11007.7s
Seed 8009 | Epoch 1000/1220 | Avg R: 0.0244 | Val Loss: 0.0006 | KL: 0.0163 | LinErr: 0.267 | YawErr: 0.141 | |A|: 0.341 | R>0: 99.13% | Done: 0.01% | Sigma: 0.526 | Steps: 163840000 | Time: 11062.5s
Seed 8009 | Epoch 1005/1220 | Avg R: 0.0234 | Val Loss: 0.0005 | KL: 0.0132 | LinErr: 0.312 | YawErr: 0.147 | |A|: 0.347 | R>0: 98.94% | Done: 0.01% | Sigma: 0.527 | Steps: 164659200 | Time: 11117.0s
Seed 8009 | Epoch 1010/1220 | Avg R: 0.0238 | Val Loss: 0.0005 | KL: 0.0127 | LinErr: 0.285 | YawErr: 0.146 | |A|: 0.349 | R>0: 98.99% | Done: 0.01% | Sigma: 0.528 | Steps: 165478400 | Time: 11170.6s
Seed 8009 | Epoch 1015/1220 | Avg R: 0.0240 | Val Loss: 0.0006 | KL: 0.0219 | LinErr: 0.260 | YawErr: 0.145 | |A|: 0.347 | R>0: 99.03% | Done: 0.00% | Sigma: 0.531 | Steps: 166297600 | Time: 11225.4s
Seed 8009 | Epoch 1020/1220 | Avg R: 0.0244 | Val Loss: 0.0006 | KL: 0.0181 | LinErr: 0.236 | YawErr: 0.145 | |A|: 0.344 | R>0: 99.11% | Done: 0.01% | Sigma: 0.531 | Steps: 167116800 | Time: 11279.2s
Seed 8009 | Epoch 1025/1220 | Avg R: 0.0245 | Val Loss: 0.0007 | KL: 0.0170 | LinErr: 0.224 | YawErr: 0.143 | |A|: 0.342 | R>0: 98.99% | Done: 0.01% | Sigma: 0.532 | Steps: 167936000 | Time: 11333.0s
Seed 8009 | Epoch 1030/1220 | Avg R: 0.0247 | Val Loss: 0.0006 | KL: 0.0189 | LinErr: 0.218 | YawErr: 0.142 | |A|: 0.342 | R>0: 99.13% | Done: 0.01% | Sigma: 0.533 | Steps: 168755200 | Time: 11387.4s
Seed 8009 | Epoch 1035/1220 | Avg R: 0.0249 | Val Loss: 0.0005 | KL: 0.0152 | LinErr: 0.212 | YawErr: 0.140 | |A|: 0.340 | R>0: 99.25% | Done: 0.00% | Sigma: 0.533 | Steps: 169574400 | Time: 11440.9s
Seed 8009 | Epoch 1040/1220 | Avg R: 0.0250 | Val Loss: 0.0006 | KL: 0.0132 | LinErr: 0.201 | YawErr: 0.141 | |A|: 0.341 | R>0: 99.30% | Done: 0.00% | Sigma: 0.533 | Steps: 170393600 | Time: 11494.9s
Seed 8009 | Epoch 1045/1220 | Avg R: 0.0251 | Val Loss: 0.0005 | KL: 0.0179 | LinErr: 0.197 | YawErr: 0.138 | |A|: 0.338 | R>0: 99.21% | Done: 0.01% | Sigma: 0.534 | Steps: 171212800 | Time: 11549.1s
Seed 8009 | Epoch 1050/1220 | Avg R: 0.0253 | Val Loss: 0.0005 | KL: 0.0177 | LinErr: 0.201 | YawErr: 0.137 | |A|: 0.337 | R>0: 99.25% | Done: 0.00% | Sigma: 0.535 | Steps: 172032000 | Time: 11603.3s
Seed 8009 | Epoch 1055/1220 | Avg R: 0.0242 | Val Loss: 0.0005 | KL: 0.0161 | LinErr: 0.235 | YawErr: 0.140 | |A|: 0.344 | R>0: 99.17% | Done: 0.00% | Sigma: 0.535 | Steps: 172851200 | Time: 11657.3s
Seed 8009 | Epoch 1060/1220 | Avg R: 0.0246 | Val Loss: 0.0004 | KL: 0.0189 | LinErr: 0.215 | YawErr: 0.139 | |A|: 0.344 | R>0: 99.11% | Done: 0.01% | Sigma: 0.535 | Steps: 173670400 | Time: 11710.9s
Seed 8009 | Epoch 1065/1220 | Avg R: 0.0249 | Val Loss: 0.0005 | KL: 0.0267 | LinErr: 0.200 | YawErr: 0.139 | |A|: 0.341 | R>0: 99.08% | Done: 0.01% | Sigma: 0.535 | Steps: 174489600 | Time: 11764.8s
Seed 8009 | Epoch 1070/1220 | Avg R: 0.0251 | Val Loss: 0.0005 | KL: 0.0213 | LinErr: 0.190 | YawErr: 0.139 | |A|: 0.341 | R>0: 99.20% | Done: 0.01% | Sigma: 0.536 | Steps: 175308800 | Time: 11819.3s
Seed 8009 | Epoch 1075/1220 | Avg R: 0.0252 | Val Loss: 0.0005 | KL: 0.0198 | LinErr: 0.182 | YawErr: 0.140 | |A|: 0.342 | R>0: 99.28% | Done: 0.00% | Sigma: 0.536 | Steps: 176128000 | Time: 11873.2s
Seed 8009 | Epoch 1080/1220 | Avg R: 0.0253 | Val Loss: 0.0005 | KL: 0.0207 | LinErr: 0.175 | YawErr: 0.139 | |A|: 0.343 | R>0: 99.20% | Done: 0.00% | Sigma: 0.536 | Steps: 176947200 | Time: 11927.0s
Seed 8009 | Epoch 1085/1220 | Avg R: 0.0255 | Val Loss: 0.0005 | KL: 0.0173 | LinErr: 0.177 | YawErr: 0.137 | |A|: 0.343 | R>0: 99.22% | Done: 0.00% | Sigma: 0.536 | Steps: 177766400 | Time: 11981.0s
Seed 8009 | Epoch 1090/1220 | Avg R: 0.0256 | Val Loss: 0.0006 | KL: 0.0459 | LinErr: 0.175 | YawErr: 0.137 | |A|: 0.343 | R>0: 99.27% | Done: 0.01% | Sigma: 0.536 | Steps: 178585600 | Time: 12034.5s
Seed 8009 | Epoch 1095/1220 | Avg R: 0.0256 | Val Loss: 0.0005 | KL: 0.0165 | LinErr: 0.172 | YawErr: 0.135 | |A|: 0.344 | R>0: 99.34% | Done: 0.00% | Sigma: 0.536 | Steps: 179404800 | Time: 12088.5s
Seed 8009 | Epoch 1100/1220 | Avg R: 0.0256 | Val Loss: 0.0005 | KL: 0.0160 | LinErr: 0.175 | YawErr: 0.134 | |A|: 0.341 | R>0: 99.24% | Done: 0.00% | Sigma: 0.536 | Steps: 180224000 | Time: 12142.3s
Seed 8009 | Epoch 1105/1220 | Avg R: 0.0249 | Val Loss: 0.0005 | KL: 0.0462 | LinErr: 0.201 | YawErr: 0.138 | |A|: 0.346 | R>0: 99.11% | Done: 0.00% | Sigma: 0.537 | Steps: 181043200 | Time: 12196.3s
Seed 8009 | Epoch 1110/1220 | Avg R: 0.0251 | Val Loss: 0.0004 | KL: 0.0133 | LinErr: 0.185 | YawErr: 0.137 | |A|: 0.346 | R>0: 99.13% | Done: 0.01% | Sigma: 0.536 | Steps: 181862400 | Time: 12250.5s
Seed 8009 | Epoch 1115/1220 | Avg R: 0.0254 | Val Loss: 0.0006 | KL: 0.0118 | LinErr: 0.172 | YawErr: 0.135 | |A|: 0.345 | R>0: 99.22% | Done: 0.01% | Sigma: 0.537 | Steps: 182681600 | Time: 12304.5s
Seed 8009 | Epoch 1120/1220 | Avg R: 0.0256 | Val Loss: 0.0005 | KL: 0.0144 | LinErr: 0.167 | YawErr: 0.134 | |A|: 0.343 | R>0: 99.20% | Done: 0.00% | Sigma: 0.538 | Steps: 183500800 | Time: 12359.8s
Seed 8009 | Epoch 1125/1220 | Avg R: 0.0257 | Val Loss: 0.0006 | KL: 0.0139 | LinErr: 0.163 | YawErr: 0.133 | |A|: 0.341 | R>0: 99.22% | Done: 0.00% | Sigma: 0.540 | Steps: 184320000 | Time: 12414.2s
Seed 8009 | Epoch 1130/1220 | Avg R: 0.0258 | Val Loss: 0.0005 | KL: 0.0109 | LinErr: 0.159 | YawErr: 0.132 | |A|: 0.341 | R>0: 99.17% | Done: 0.01% | Sigma: 0.541 | Steps: 185139200 | Time: 12468.9s
Seed 8009 | Epoch 1135/1220 | Avg R: 0.0258 | Val Loss: 0.0004 | KL: 0.0575 | LinErr: 0.156 | YawErr: 0.132 | |A|: 0.341 | R>0: 99.27% | Done: 0.00% | Sigma: 0.541 | Steps: 185958400 | Time: 12523.1s
Seed 8009 | Epoch 1140/1220 | Avg R: 0.0261 | Val Loss: 0.0006 | KL: 0.0169 | LinErr: 0.149 | YawErr: 0.131 | |A|: 0.340 | R>0: 99.28% | Done: 0.00% | Sigma: 0.542 | Steps: 186777600 | Time: 12577.2s
Seed 8009 | Epoch 1145/1220 | Avg R: 0.0261 | Val Loss: 0.0005 | KL: 0.0146 | LinErr: 0.148 | YawErr: 0.130 | |A|: 0.340 | R>0: 99.34% | Done: 0.00% | Sigma: 0.542 | Steps: 187596800 | Time: 12631.2s
Seed 8009 | Epoch 1150/1220 | Avg R: 0.0261 | Val Loss: 0.0005 | KL: 0.0137 | LinErr: 0.148 | YawErr: 0.130 | |A|: 0.341 | R>0: 99.30% | Done: 0.00% | Sigma: 0.543 | Steps: 188416000 | Time: 12685.5s
Seed 8009 | Epoch 1155/1220 | Avg R: 0.0254 | Val Loss: 0.0004 | KL: 0.0178 | LinErr: 0.172 | YawErr: 0.133 | |A|: 0.346 | R>0: 99.16% | Done: 0.00% | Sigma: 0.544 | Steps: 189235200 | Time: 12739.7s
Seed 8009 | Epoch 1160/1220 | Avg R: 0.0256 | Val Loss: 0.0004 | KL: 0.0425 | LinErr: 0.156 | YawErr: 0.133 | |A|: 0.346 | R>0: 99.22% | Done: 0.00% | Sigma: 0.544 | Steps: 190054400 | Time: 12793.8s
Seed 8009 | Epoch 1165/1220 | Avg R: 0.0258 | Val Loss: 0.0005 | KL: 0.0207 | LinErr: 0.150 | YawErr: 0.131 | |A|: 0.344 | R>0: 99.30% | Done: 0.00% | Sigma: 0.544 | Steps: 190873600 | Time: 12847.4s
Seed 8009 | Epoch 1170/1220 | Avg R: 0.0260 | Val Loss: 0.0005 | KL: 0.0151 | LinErr: 0.151 | YawErr: 0.131 | |A|: 0.342 | R>0: 99.29% | Done: 0.00% | Sigma: 0.545 | Steps: 191692800 | Time: 12901.8s
Seed 8009 | Epoch 1175/1220 | Avg R: 0.0260 | Val Loss: 0.0005 | KL: 0.0114 | LinErr: 0.149 | YawErr: 0.130 | |A|: 0.342 | R>0: 99.31% | Done: 0.00% | Sigma: 0.545 | Steps: 192512000 | Time: 12955.7s
Seed 8009 | Epoch 1180/1220 | Avg R: 0.0261 | Val Loss: 0.0004 | KL: 0.0118 | LinErr: 0.146 | YawErr: 0.130 | |A|: 0.341 | R>0: 99.27% | Done: 0.00% | Sigma: 0.546 | Steps: 193331200 | Time: 13010.7s
Seed 8009 | Epoch 1185/1220 | Avg R: 0.0262 | Val Loss: 0.0004 | KL: 0.0119 | LinErr: 0.144 | YawErr: 0.131 | |A|: 0.343 | R>0: 99.32% | Done: 0.00% | Sigma: 0.546 | Steps: 194150400 | Time: 13065.7s
Seed 8009 | Epoch 1190/1220 | Avg R: 0.0263 | Val Loss: 0.0005 | KL: 0.0093 | LinErr: 0.141 | YawErr: 0.130 | |A|: 0.343 | R>0: 99.36% | Done: 0.01% | Sigma: 0.546 | Steps: 194969600 | Time: 13119.8s
Seed 8009 | Epoch 1195/1220 | Avg R: 0.0263 | Val Loss: 0.0004 | KL: 0.0143 | LinErr: 0.141 | YawErr: 0.130 | |A|: 0.343 | R>0: 99.33% | Done: 0.01% | Sigma: 0.546 | Steps: 195788800 | Time: 13173.3s
Seed 8009 | Epoch 1200/1220 | Avg R: 0.0263 | Val Loss: 0.0005 | KL: 0.0134 | LinErr: 0.145 | YawErr: 0.129 | |A|: 0.343 | R>0: 99.32% | Done: 0.00% | Sigma: 0.546 | Steps: 196608000 | Time: 13227.1s
Seed 8009 | Epoch 1205/1220 | Avg R: 0.0256 | Val Loss: 0.0005 | KL: 0.0177 | LinErr: 0.162 | YawErr: 0.132 | |A|: 0.349 | R>0: 99.27% | Done: 0.00% | Sigma: 0.547 | Steps: 197427200 | Time: 13281.1s
Seed 8009 | Epoch 1210/1220 | Avg R: 0.0258 | Val Loss: 0.0004 | KL: 0.0179 | LinErr: 0.153 | YawErr: 0.131 | |A|: 0.349 | R>0: 99.22% | Done: 0.00% | Sigma: 0.547 | Steps: 198246400 | Time: 13334.9s
Seed 8009 | Epoch 1215/1220 | Avg R: 0.0260 | Val Loss: 0.0006 | KL: 22.0813 | LinErr: 0.148 | YawErr: 0.131 | |A|: 0.349 | R>0: 99.22% | Done: 0.01% | Sigma: 0.547 | Steps: 199065600 | Time: 13388.9s
Seed 8009 | Epoch 1220/1220 | Avg R: 0.0262 | Val Loss: 0.0005 | KL: 0.0146 | LinErr: 0.146 | YawErr: 0.130 | |A|: 0.347 | R>0: 99.25% | Done: 0.00% | Sigma: 0.547 | Steps: 199884800 | Time: 13443.6s
Saved Checkpoint: checkpoints/ppo_v2/ppo_seed8009.pt

=======================================================
  All 1 Seeds Complete! Total Wall Time: 13452.1s
  Results saved to: checkpoints/ppo_v2/ppo_multi_seed_results.json
=======================================================
